# run_name: basemodel_bloks_warmstart_300
# timestamp: 20260918_151208
# ---- config ----
# warm_started_from: D:\Nourhan\DRL_UAV_Navigation\agents\..\results\blocks_basemodel_v2_nodepth_20260915_125208_ep300.pt
# goal_position: (50, 40, -12)
# start_position: (0, 0, -3)
# randomize_positions: True
# start_jitter_radius: 2.0
# goal_jitter_radius: 5.0
# max_episode_steps: 150
# dt: 0.5
# speed: 2.0
# state_dim: 15
# environment: blocks
# action_dim: 27
# lr: 0.0001
# gamma: 0.99
# buffer_capacity: 1000000
# batch_size: 32
# epsilon_start: 0.2
# epsilon_end: 0.05
# epsilon_decay_steps: 10000
# target_update_freq: 250
# use_double: True
# use_dueling: True
# ----------------
episode,reward,avg10,success_rate10,steps,epsilon,elapsed_min,start_position,goal_position,is_success,is_crash,is_out_of_bounds,is_timeout
1,38.0008,38.0008,0.0,49,0.1997,0.91,(0.06, -1.213, -1.729),(53.085, 38.822, -10.784),False,True,False,False
2,36.7853,37.393,0.0,51,0.199,1.86,(0.435, -1.104, -3.069),(51.053, 36.036, -11.177),False,True,False,False
3,36.1872,36.9911,0.0,50,0.1982,2.79,(-1.05, -0.415, -2.096),(48.263, 40.356, -15.592),False,True,False,False
4,6.7826,29.439,0.0,9,0.1981,3.06,(-0.241, -1.013, -4.138),(52.127, 43.013, -13.871),False,False,True,False
5,5.1252,24.5762,0.0,9,0.1979,3.31,(1.788, -0.789, -3.26),(53.114, 38.837, -13.866),False,False,True,False
6,9.4897,22.0618,0.0,15,0.1977,3.7,(0.102, -0.695, -2.725),(53.103, 40.693, -12.722),False,False,True,False
7,10.1616,20.3618,0.0,11,0.1976,3.98,(1.469, -0.646, -2.954),(45.974, 41.62, -10.399),False,False,True,False
8,41.809,23.0427,0.0,75,0.1964,5.32,(-0.251, -0.542, -4.069),(49.109, 43.024, -13.403),False,True,False,False
9,11.3231,21.7405,0.0,16,0.1962,5.71,(1.162, 0.123, -4.511),(50.325, 42.161, -8.628),False,False,True,False
10,20.3203,21.5985,0.0,24,0.1958,6.21,(-0.651, -1.282, -3.642),(53.84, 39.317, -10.27),False,False,True,False
11,103.8673,28.1851,10.0,107,0.1942,8.1,(-0.891, 1.179, -3.299),(49.331, 40.644, -12.022),True,False,False,False
12,41.9574,28.7023,10.0,150,0.192,10.7,(0.206, 0.982, -3.089),(45.367, 40.862, -11.462),False,False,False,True
13,13.8806,26.4717,10.0,30,0.1915,11.31,(1.226, 0.549, -3.609),(52.032, 38.509, -10.166),False,False,True,False
14,37.7102,29.5644,10.0,53,0.1907,12.31,(-0.008, -0.701, -3.429),(52.405, 39.843, -10.563),False,True,False,False
15,19.3151,30.9834,10.0,24,0.1904,12.81,(1.597, 1.085, -3.162),(49.98, 43.929, -8.912),False,False,True,False
16,24.513,32.4858,10.0,29,0.1899,13.4,(-0.475, 0.758, -2.956),(52.428, 40.788, -9.416),False,False,True,False
17,33.8476,34.8544,10.0,47,0.1892,14.28,(-0.067, 1.618, -2.444),(52.032, 36.299, -11.821),False,True,False,False
18,37.8298,34.4565,10.0,61,0.1883,15.39,(0.752, -1.415, -2.209),(48.141, 41.202, -10.508),False,True,False,False
19,36.8126,37.0054,10.0,49,0.1876,16.31,(1.455, -0.29, -3.826),(47.467, 37.181, -13.166),False,True,False,False
20,34.7721,38.4506,10.0,52,0.1868,17.28,(1.673, -0.526, -2.444),(48.631, 36.103, -13.397),False,True,False,False
# [15:36:41] [greedy-eval @ episode 20] success_rate=0.0% over 5 episodes
21,44.3269,32.4965,0.0,105,0.1852,26.39,(-0.301, -1.826, -2.42),(53.296, 41.818, -10.874),False,True,False,False
22,45.4014,32.8409,0.0,79,0.184,27.81,(0.387, -1.799, -2.9),(53.741, 41.058, -14.945),False,True,False,False
23,36.0031,35.0532,0.0,57,0.1832,28.85,(0.3, 1.201, -2.444),(50.952, 38.402, -14.102),False,True,False,False
24,39.425,35.2247,0.0,88,0.1819,30.42,(1.162, -0.098, -3.294),(49.437, 43.898, -14.887),False,True,False,False
25,39.235,37.2167,0.0,59,0.181,31.51,(1.855, 0.241, -3.254),(47.343, 38.785, -10.9),False,True,False,False
26,43.5225,39.1176,0.0,53,0.1802,32.49,(-1.0, -0.581, -2.962),(45.997, 38.836, -13.868),False,True,False,False
27,34.9423,39.2271,0.0,63,0.1792,33.64,(-0.585, 1.204, -3.392),(50.487, 35.982, -11.039),False,True,False,False
28,43.9795,39.8421,0.0,75,0.1781,34.98,(-0.178, -0.34, -3.73),(49.688, 43.997, -12.288),False,True,False,False
29,36.7043,39.8312,0.0,52,0.1773,35.95,(1.525, -0.94, -3.041),(48.651, 36.201, -11.58),False,True,False,False
30,38.8934,40.2433,0.0,105,0.1758,37.81,(0.772, 1.366, -2.873),(50.132, 39.512, -12.437),False,True,False,False
31,105.9713,46.4078,10.0,86,0.1745,39.31,(0.589, 0.53, -1.913),(47.106, 43.837, -11.364),True,False,False,False
32,42.5688,46.1245,10.0,68,0.1734,40.54,(0.846, -1.456, -2.244),(49.81, 37.263, -12.641),False,True,False,False
33,42.648,46.789,10.0,74,0.1723,41.87,(-0.983, 0.215, -2.912),(48.515, 38.58, -13.046),False,True,False,False
34,108.2024,53.6667,20.0,71,0.1713,43.16,(-1.78, 0.742, -3.48),(49.826, 39.315, -16.543),True,False,False,False
35,46.5477,54.398,20.0,150,0.169,45.77,(-0.881, -0.477, -4.702),(51.687, 44.288, -13.931),False,False,False,True
36,112.8461,61.3304,30.0,67,0.168,46.99,(-1.697, -0.957, -2.676),(53.453, 40.535, -13.152),True,False,False,False
37,109.96,68.8321,40.0,64,0.1671,48.16,(0.22, -1.538, -2.072),(53.35, 38.121, -13.04),True,False,False,False
38,108.4807,75.2823,50.0,74,0.166,49.53,(0.251, 0.786, -3.251),(53.347, 40.927, -8.864),True,False,False,False
39,111.4859,82.7604,60.0,83,0.1647,51.01,(-0.526, -1.297, -2.58),(51.168, 44.511, -13.631),True,False,False,False
40,46.6451,83.5356,60.0,56,0.1639,52.01,(-0.419, -0.836, -1.745),(52.964, 36.972, -11.556),False,True,False,False
# [16:09:38] [greedy-eval @ episode 40] success_rate=40.0% over 5 episodes
41,106.2178,83.5602,60.0,66,0.1629,58.65,(-0.196, 0.577, -2.043),(48.24, 40.864, -13.946),True,False,False,False
42,36.3318,82.9366,60.0,125,0.161,60.83,(1.252, 0.937, -1.974),(48.842, 38.011, -8.952),False,True,False,False
43,105.1397,89.1857,70.0,68,0.16,62.06,(-0.375, -0.123, -4.551),(46.615, 40.504, -11.442),True,False,False,False
44,43.3458,82.7001,60.0,150,0.1577,64.66,(-0.922, 0.316, -2.704),(46.942, 40.345, -9.557),False,False,False,True
45,108.5094,88.8962,70.0,77,0.1566,66.06,(-1.384, -0.288, -4.102),(51.308, 38.991, -11.693),True,False,False,False
46,106.8387,88.2955,70.0,62,0.1556,67.2,(1.258, -0.023, -3.624),(49.767, 40.003, -16.137),True,False,False,False
47,48.6549,82.165,60.0,150,0.1534,69.77,(-0.697, 0.612, -1.484),(50.229, 42.892, -14.105),False,False,False,True
48,110.2488,82.3418,60.0,60,0.1525,70.88,(-0.17, 0.889, -4.517),(53.03, 40.765, -10.298),True,False,False,False
49,48.2188,76.0151,50.0,150,0.1502,73.49,(-0.192, 1.4, -3.765),(52.703, 38.381, -14.191),False,False,False,True
50,101.688,81.5194,60.0,146,0.1481,76.03,(0.64, 0.461, -2.643),(50.332, 42.351, -15.14),True,False,False,False
51,108.1555,81.7131,60.0,65,0.1471,77.21,(1.413, 1.023, -2.419),(51.603, 42.657, -10.168),True,False,False,False
52,93.3158,87.4115,70.0,80,0.1459,78.65,(0.245, 0.448, -2.933),(49.574, 37.868, -8.739),True,True,False,False
53,104.766,87.3742,70.0,72,0.1448,79.92,(0.646, 0.835, -1.935),(48.528, 36.293, -14.412),True,False,False,False
54,109.4988,93.9895,80.0,62,0.1439,81.02,(0.088, -0.293, -2.175),(52.836, 38.573, -13.195),True,False,False,False
55,98.9848,93.037,80.0,128,0.1419,83.25,(1.794, 0.629, -2.574),(49.949, 39.476, -8.122),True,False,False,False
56,110.6538,93.4185,80.0,66,0.141,84.46,(-1.238, -1.011, -3.189),(51.299, 42.219, -13.824),True,False,False,False
57,110.027,99.5557,90.0,64,0.14,85.63,(-0.405, 1.72, -3.625),(53.236, 41.783, -15.239),True,False,False,False
58,103.334,98.8643,90.0,70,0.139,86.89,(-0.112, -0.512, -4.182),(46.418, 39.346, -8.704),True,False,False,False
59,106.243,104.6667,100.0,55,0.1381,87.87,(-0.932, -0.125, -2.323),(49.907, 38.881, -8.396),True,False,False,False
60,107.3612,105.234,100.0,60,0.1372,88.94,(-0.126, -0.664, -2.147),(48.815, 40.355, -16.427),True,False,False,False
# [16:46:19] [greedy-eval @ episode 60] success_rate=100.0% over 5 episodes
61,108.0505,105.2235,100.0,62,0.1363,95.3,(0.051, -1.213, -3.4),(50.502, 40.009, -11.507),True,False,False,False
62,105.1503,106.407,100.0,58,0.1354,96.34,(0.122, -0.055, -2.242),(47.383, 37.815, -15.362),True,False,False,False
63,109.1447,106.8448,100.0,87,0.1341,97.89,(-0.981, -1.438, -3.129),(53.456, 39.733, -12.437),True,False,False,False
64,104.5273,106.3477,100.0,58,0.1332,98.96,(1.317, -0.784, -3.022),(48.191, 38.8, -11.643),True,False,False,False
65,103.2131,106.7705,100.0,73,0.1322,100.29,(0.443, 0.518, -3.457),(48.355, 37.748, -14.763),True,False,False,False
66,95.3086,105.236,100.0,65,0.1312,101.48,(-1.132, -1.138, -3.065),(48.806, 38.113, -8.724),True,True,False,False
67,42.81,98.5143,90.0,54,0.1304,102.47,(-0.218, 0.738, -4.723),(47.695, 37.055, -8.915),False,True,False,False
68,106.439,98.8248,90.0,68,0.1294,103.71,(1.053, 0.031, -2.924),(50.276, 42.3, -7.601),True,False,False,False
69,103.2051,98.521,90.0,71,0.1283,105.0,(-1.568, 0.817, -3.802),(45.373, 39.082, -12.616),True,False,False,False
70,105.6966,98.3545,90.0,70,0.1272,106.29,(-1.094, 0.525, -4.276),(50.411, 37.795, -12.45),True,False,False,False
71,105.6036,98.1098,90.0,58,0.1264,107.36,(-0.615, 1.568, -3.714),(50.4, 37.191, -8.989),True,False,False,False
72,106.5767,98.2525,90.0,60,0.1255,108.5,(-0.246, -0.722, -2.824),(47.748, 40.686, -14.465),True,False,False,False
73,107.2455,98.0625,90.0,59,0.1246,109.6,(-0.047, 1.181, -3.939),(51.551, 38.858, -13.427),True,False,False,False
74,102.5629,97.8661,90.0,55,0.1238,110.61,(0.278, 0.936, -2.752),(47.9, 36.939, -13.774),True,False,False,False
75,105.402,98.085,90.0,69,0.1227,111.83,(0.093, -0.609, -1.919),(48.384, 42.08, -7.844),True,False,False,False
76,108.1891,99.373,90.0,61,0.1218,112.95,(0.784, -0.48, -2.92),(51.489, 39.855, -12.645),True,False,False,False
77,104.7815,105.5702,100.0,55,0.121,113.97,(-1.565, 0.607, -2.96),(46.904, 37.496, -9.06),True,False,False,False
78,105.9771,105.524,100.0,58,0.1201,115.0,(0.836, -0.269, -2.195),(50.961, 35.643, -12.662),True,False,False,False
79,42.6752,99.471,90.0,56,0.1193,116.03,(0.836, 1.161, -2.358),(47.54, 39.397, -7.736),False,True,False,False
80,103.7021,99.2716,90.0,61,0.1184,117.15,(1.863, -0.283, -3.011),(47.322, 40.613, -10.022),True,False,False,False
# [17:14:11] [greedy-eval @ episode 80] success_rate=100.0% over 5 episodes
81,43.6241,93.0736,80.0,49,0.1176,122.94,(0.723, 1.2, -2.285),(51.026, 37.824, -8.7),False,True,False,False
82,104.379,92.8538,80.0,100,0.1161,124.71,(1.508, 0.26, -1.775),(50.95, 35.937, -13.567),True,False,False,False
83,109.6097,93.0903,80.0,62,0.1152,125.83,(-1.14, -0.169, -2.068),(50.143, 43.582, -9.359),True,False,False,False
84,112.3845,94.0724,80.0,56,0.1144,126.88,(-1.1, -0.691, -4.134),(51.916, 42.393, -15.417),True,False,False,False
85,107.5535,94.2876,80.0,66,0.1134,128.08,(0.9, -1.253, -3.02),(48.616, 42.614, -13.702),True,False,False,False
86,105.2353,93.9922,80.0,91,0.112,129.72,(0.591, -0.802, -3.583),(51.932, 38.261, -8.481),True,False,False,False
87,97.4781,93.2619,80.0,57,0.1111,130.78,(-0.916, 0.669, -3.608),(50.661, 37.131, -9.784),True,True,False,False
88,106.6237,93.3265,80.0,54,0.1103,131.78,(0.654, -1.635, -2.233),(48.91, 38.755, -10.743),True,False,False,False
89,107.0655,99.7656,90.0,64,0.1094,132.94,(0.579, 0.963, -2.423),(49.783, 41.432, -16.131),True,False,False,False
90,110.1602,100.4114,90.0,81,0.1082,134.4,(-0.21, -1.645, -2.903),(53.176, 42.081, -10.301),True,False,False,False
91,103.7831,106.4273,100.0,109,0.1065,136.32,(-1.729, 0.114, -3.349),(49.052, 41.71, -10.591),True,False,False,False
92,112.2953,107.2189,100.0,59,0.1056,137.4,(0.49, -1.284, -3.333),(52.777, 42.935, -13.717),True,False,False,False
93,112.2389,107.4818,100.0,60,0.1047,138.5,(-1.339, 0.666, -2.018),(53.674, 42.304, -11.45),True,False,False,False
94,111.69,107.4124,100.0,59,0.1038,139.61,(-0.453, 0.826, -3.518),(51.992, 43.725, -12.933),True,False,False,False
95,108.6909,107.5261,100.0,70,0.1028,140.87,(-0.365, 1.359, -2.33),(54.082, 37.821, -12.456),True,False,False,False
96,104.4488,107.4474,100.0,66,0.1018,142.06,(0.066, 0.489, -3.898),(45.988, 42.118, -12.844),True,False,False,False
97,108.5858,108.5582,100.0,59,0.1009,143.11,(-0.17, 0.684, -1.86),(50.976, 39.38, -9.506),True,False,False,False
98,105.5148,108.4473,100.0,73,0.0998,144.42,(0.327, -1.566, -2.252),(48.29, 40.779, -10.831),True,False,False,False
99,112.367,108.9775,100.0,62,0.0989,145.6,(-0.121, -0.841, -3.186),(52.814, 43.639, -12.013),True,False,False,False
100,109.0716,108.8686,100.0,77,0.0977,146.95,(-0.195, -0.604, -1.962),(50.359, 41.259, -12.447),True,False,False,False
# [17:48:28] [greedy-eval @ episode 100] success_rate=0.0% over 5 episodes
101,104.4506,108.9354,100.0,59,0.0969,157.4,(0.209, -1.295, -3.754),(45.301, 40.467, -10.742),True,False,False,False
102,107.8675,108.4926,100.0,54,0.096,158.41,(0.547, -1.503, -4.015),(48.737, 40.638, -14.559),True,False,False,False
103,44.2775,101.6964,90.0,54,0.0952,159.41,(1.1, 1.203, -2.306),(50.56, 39.094, -8.828),False,True,False,False
104,36.6582,94.1933,80.0,43,0.0946,160.22,(0.561, 0.033, -4.897),(51.188, 36.316, -8.891),False,True,False,False
105,111.015,94.4257,80.0,55,0.0938,161.23,(-0.497, -1.504, -2.774),(50.147, 43.21, -12.115),True,False,False,False
106,106.6546,94.6463,80.0,63,0.0928,162.39,(-1.186, 1.418, -2.525),(49.758, 38.797, -8.177),True,False,False,False
107,107.8141,94.5691,80.0,55,0.092,163.4,(1.48, -0.206, -2.34),(48.295, 44.064, -13.346),True,False,False,False
108,39.1707,87.9347,70.0,43,0.0914,164.22,(0.224, 1.767, -3.259),(49.833, 40.844, -7.22),False,True,False,False
109,105.2102,87.219,70.0,56,0.0905,165.26,(-0.811, 1.41, -3.562),(48.434, 37.133, -14.336),True,False,False,False
110,108.2429,87.1361,70.0,92,0.0891,166.86,(0.197, -0.233, -1.735),(54.048, 38.006, -13.34),True,False,False,False
111,104.1832,87.1094,70.0,56,0.0883,167.9,(0.487, 1.49, -3.959),(48.308, 39.679, -11.778),True,False,False,False
112,103.6962,86.6923,70.0,51,0.0875,168.85,(0.328, 0.447, -3.103),(46.09, 39.048, -13.946),True,False,False,False
113,38.9073,86.1552,70.0,44,0.0869,169.68,(-0.966, 0.347, -2.506),(50.119, 37.255, -10.103),False,True,False,False
114,44.1174,86.9011,70.0,56,0.086,170.74,(-0.81, -0.793, -4.613),(48.787, 36.614, -10.479),False,True,False,False
115,107.3418,86.5338,70.0,49,0.0853,171.65,(0.224, -0.545, -3.864),(46.185, 42.443, -11.396),True,False,False,False
116,107.45,86.6134,70.0,68,0.0843,172.9,(-1.144, -0.226, -4.598),(48.805, 40.659, -13.501),True,False,False,False
117,105.2149,86.3535,70.0,52,0.0835,173.89,(0.006, 1.004, -3.467),(48.89, 37.445, -12.337),True,False,False,False
118,109.2732,93.3637,80.0,52,0.0827,174.85,(0.461, -0.182, -4.921),(50.404, 42.022, -14.685),True,False,False,False
119,104.9321,93.3359,80.0,66,0.0817,176.02,(0.655, -0.109, -1.134),(48.601, 36.319, -13.287),True,False,False,False
120,110.8879,93.6004,80.0,69,0.0807,177.24,(-0.393, 0.565, -1.999),(51.641, 42.475, -14.579),True,False,False,False
# [18:14:13] [greedy-eval @ episode 120] success_rate=100.0% over 5 episodes
121,106.1145,93.7935,80.0,60,0.0798,183.15,(-0.957, -0.884, -2.278),(45.971, 41.249, -9.599),True,False,False,False
122,108.9777,94.3217,80.0,53,0.079,184.13,(0.894, -1.177, -2.692),(51.006, 40.763, -7.192),True,False,False,False
123,108.7724,101.3082,90.0,52,0.0782,185.1,(0.646, -1.35, -1.686),(47.91, 43.172, -13.278),True,False,False,False
124,107.9442,107.6909,100.0,52,0.0774,186.06,(1.845, -0.402, -3.426),(50.27, 42.655, -10.897),True,False,False,False
125,102.3784,107.1945,100.0,110,0.0758,188.0,(-0.892, 1.004, -2.923),(45.6, 38.893, -13.88),True,False,False,False
126,109.0039,107.3499,100.0,62,0.0749,189.13,(0.889, -0.607, -3.016),(53.781, 38.028, -9.895),True,False,False,False
127,105.9017,107.4186,100.0,51,0.0741,190.08,(-0.398, 0.278, -4.798),(47.723, 39.196, -14.211),True,False,False,False
128,106.5525,107.1465,100.0,54,0.0733,191.08,(0.333, 1.027, -3.214),(49.617, 40.554, -12.168),True,False,False,False
129,110.4253,107.6958,100.0,64,0.0723,192.26,(-0.516, -1.421, -4.066),(49.354, 41.69, -13.28),True,False,False,False
130,105.5373,107.1608,100.0,73,0.0712,193.57,(1.093, 0.633, -2.181),(47.798, 40.366, -15.084),True,False,False,False
131,112.2257,107.7719,100.0,56,0.0704,194.58,(0.642, 0.667, -2.37),(54.545, 39.178, -12.59),True,False,False,False
132,105.432,107.4173,100.0,56,0.0695,195.61,(1.449, 0.933, -2.367),(46.404, 43.241, -12.469),True,False,False,False
133,110.258,107.5659,100.0,57,0.0687,196.62,(0.995, -0.479, -1.418),(52.797, 40.368, -10.076),True,False,False,False
134,109.823,107.7538,100.0,61,0.0678,197.75,(-1.099, -0.337, -3.423),(48.432, 44.178, -11.019),True,False,False,False
135,106.7703,108.193,100.0,48,0.0671,198.62,(0.216, 0.062, -2.183),(47.205, 41.424, -10.855),True,False,False,False
136,108.1505,108.1076,100.0,70,0.066,199.89,(0.585, 1.733, -2.803),(53.104, 40.864, -15.595),True,False,False,False
137,106.6652,108.184,100.0,57,0.0651,200.93,(-0.345, -0.397, -4.802),(49.27, 38.119, -13.663),True,False,False,False
138,103.3094,107.8597,100.0,83,0.0639,202.43,(0.715, -0.517, -4.038),(49.187, 36.169, -15.003),True,False,False,False
139,104.86,107.3031,100.0,139,0.0618,204.84,(-0.084, -0.097, -3.426),(50.222, 39.098, -16.723),True,False,False,False
140,107.561,107.5055,100.0,59,0.0609,205.91,(0.736, -0.892, -2.023),(51.107, 36.101, -13.454),True,False,False,False
# [18:43:00] [greedy-eval @ episode 140] success_rate=80.0% over 5 episodes
141,99.4398,106.2269,100.0,62,0.06,211.97,(0.853, -0.118, -2.572),(52.665, 40.724, -9.861),True,True,False,False
142,107.4864,106.4324,100.0,49,0.0593,212.87,(-0.093, 0.617, -3.72),(47.217, 41.231, -12.754),True,False,False,False
143,109.279,106.3345,100.0,53,0.0585,213.85,(-0.524, -1.483, -1.886),(47.985, 41.319, -16.267),True,False,False,False
144,107.5535,106.1075,100.0,56,0.0576,214.9,(-0.802, 0.571, -4.613),(50.207, 38.532, -12.828),True,False,False,False
145,105.9001,106.0205,100.0,49,0.0569,215.82,(1.051, -1.498, -2.458),(46.657, 40.056, -11.491),True,False,False,False
146,110.0196,106.2074,100.0,61,0.056,216.94,(0.982, -1.609, -3.012),(50.764, 42.406, -15.398),True,False,False,False
147,109.5474,106.4956,100.0,87,0.0547,218.5,(-0.278, -1.415, -3.906),(52.654, 41.915, -11.99),True,False,False,False
148,109.5698,107.1217,100.0,51,0.0539,219.45,(0.813, -1.294, -3.406),(50.64, 41.48, -12.999),True,False,False,False
149,106.8252,107.3182,100.0,59,0.053,220.53,(0.015, -1.469, -3.364),(47.391, 42.256, -8.7),True,False,False,False
150,111.8766,107.7497,100.0,66,0.052,221.73,(-0.883, 1.598, -3.4),(54.18, 41.595, -10.553),True,False,False,False
151,106.3809,108.4439,100.0,57,0.0512,222.79,(-0.35, 1.864, -2.46),(51.507, 36.942, -9.441),True,False,False,False
152,42.1284,101.9081,90.0,44,0.0505,223.59,(-0.328, -0.814, -1.515),(47.547, 39.422, -9.03),False,True,False,False
153,111.7342,102.1536,90.0,53,0.05,224.54,(0.168, 0.123, -1.645),(52.332, 43.145, -14.489),True,False,False,False
154,108.3592,102.2341,90.0,69,0.05,225.78,(-0.497, -1.132, -1.699),(52.636, 36.456, -12.1),True,False,False,False
155,107.6745,102.4116,90.0,57,0.05,226.84,(-0.562, 1.386, -4.285),(49.589, 39.928, -13.856),True,False,False,False
156,108.6631,102.2759,90.0,61,0.05,227.95,(-0.293, 0.405, -3.486),(49.108, 43.682, -13.749),True,False,False,False
157,110.9795,102.4191,90.0,52,0.05,228.91,(-1.288, -0.88, -2.58),(47.854, 42.759, -12.824),True,False,False,False
158,104.7866,101.9408,90.0,47,0.05,229.77,(0.994, 0.566, -1.938),(46.364, 38.168, -12.303),True,False,False,False
159,105.9181,101.8501,90.0,50,0.05,230.72,(-0.886, 0.266, -3.964),(48.767, 35.52, -13.242),True,False,False,False
160,45.6761,95.2301,80.0,54,0.05,231.74,(1.274, -0.196, -3.953),(52.827, 36.334, -12.032),False,True,False,False
# [19:08:31] [greedy-eval @ episode 160] success_rate=80.0% over 5 episodes
161,106.4884,95.2408,80.0,52,0.05,237.34,(0.712, 0.778, -3.597),(49.331, 40.134, -16.283),True,False,False,False
162,107.4735,101.7753,90.0,50,0.05,238.29,(0.814, 0.981, -3.851),(49.249, 42.079, -15.524),True,False,False,False
163,98.6226,100.4642,90.0,66,0.05,239.49,(-1.575, -0.939, -2.591),(50.967, 38.91, -9.77),True,True,False,False
164,106.5635,100.2846,90.0,53,0.05,240.49,(0.136, -0.856, -3.052),(47.111, 40.036, -9.47),True,False,False,False
165,106.1306,100.1302,90.0,50,0.05,241.44,(-1.373, 0.517, -4.359),(47.435, 36.575, -14.345),True,False,False,False
166,111.5636,100.4203,90.0,53,0.05,242.39,(-0.26, -1.136, -1.858),(51.932, 41.922, -15.307),True,False,False,False
167,104.9052,99.8128,90.0,66,0.05,243.61,(1.002, -0.421, -3.965),(48.168, 40.119, -14.101),True,False,False,False
168,104.8428,99.8184,90.0,47,0.05,244.49,(1.415, 0.863, -2.314),(48.333, 37.699, -13.011),True,False,False,False
169,105.1948,99.7461,90.0,49,0.05,245.45,(0.703, 0.516, -3.314),(49.46, 37.181, -12.083),True,False,False,False
170,40.6848,99.247,90.0,43,0.05,246.26,(-1.197, -1.057, -2.381),(52.176, 40.674, -7.783),False,True,False,False
171,105.3513,99.1333,90.0,68,0.05,247.5,(-1.357, -0.444, -3.908),(46.25, 39.963, -10.768),True,False,False,False
172,104.9287,98.8788,90.0,67,0.05,248.69,(0.373, -0.839, -1.3),(49.872, 35.408, -13.385),True,False,False,False
173,107.6557,99.7821,90.0,53,0.05,249.69,(-0.843, 0.945, -4.483),(50.545, 37.9, -10.3),True,False,False,False
174,103.7099,99.4967,90.0,51,0.05,250.61,(-0.532, -0.206, -1.693),(46.647, 36.684, -12.864),True,False,False,False
175,109.6183,99.8455,90.0,54,0.05,251.61,(0.047, 0.733, -4.621),(50.757, 43.206, -12.466),True,False,False,False
176,105.4753,99.2367,90.0,51,0.05,252.56,(1.312, -0.595, -3.012),(46.86, 41.121, -10.517),True,False,False,False
177,40.3169,92.7779,80.0,43,0.05,253.37,(-1.128, -1.289, -2.071),(49.291, 36.514, -9.819),False,True,False,False
178,104.0389,92.6975,80.0,48,0.05,254.28,(1.31, 0.662, -3.772),(46.427, 39.673, -14.772),True,False,False,False
179,105.5885,92.7368,80.0,53,0.05,255.23,(-0.443, 0.118, -1.834),(49.238, 36.298, -12.319),True,False,False,False
180,39.3132,92.5997,80.0,43,0.05,256.05,(1.429, 1.049, -3.902),(47.806, 37.018, -9.387),False,True,False,False
# [19:32:54] [greedy-eval @ episode 180] success_rate=60.0% over 5 episodes
181,103.3604,92.4006,80.0,95,0.05,262.44,(1.208, 1.055, -3.32),(48.64, 38.207, -12.162),True,False,False,False
182,37.4478,85.6525,70.0,42,0.05,263.23,(1.348, -0.294, -2.742),(49.526, 36.809, -9.024),False,True,False,False
183,104.6618,85.3531,70.0,69,0.05,264.52,(-0.743, 0.096, -3.008),(49.08, 36.18, -14.385),True,False,False,False
184,111.6031,86.1424,70.0,53,0.05,265.52,(-0.709, -0.877, -3.941),(51.207, 40.257, -8.865),True,False,False,False
185,37.2567,78.9063,60.0,46,0.05,266.4,(-0.481, 0.652, -4.12),(52.887, 36.969, -9.996),False,True,False,False
186,105.2918,78.8879,60.0,47,0.05,267.28,(1.868, -0.306, -2.619),(45.912, 41.11, -12.437),True,False,False,False
187,107.8916,85.6454,70.0,59,0.05,268.34,(0.229, 1.155, -1.773),(49.38, 40.463, -10.037),True,False,False,False
188,47.8521,80.0267,60.0,150,0.05,270.94,(0.65, -1.177, -2.661),(53.018, 39.236, -14.45),False,False,False,True
189,106.5642,80.1243,60.0,49,0.05,271.85,(1.328, -1.359, -2.683),(46.289, 41.943, -12.067),True,False,False,False
190,45.025,80.6955,60.0,47,0.05,272.73,(0.344, -1.154, -1.496),(47.214, 41.425, -9.612),False,True,False,False
191,107.2632,81.0857,60.0,52,0.05,273.7,(0.927, -0.258, -4.744),(51.157, 37.98, -12.803),True,False,False,False
192,40.5104,81.392,60.0,46,0.05,274.57,(-1.451, -0.582, -3.149),(49.799, 37.787, -10.936),False,True,False,False
193,39.325,74.8583,50.0,44,0.05,275.4,(0.969, -0.683, -2.394),(48.949, 38.63, -10.441),False,True,False,False
194,105.6909,74.2671,50.0,125,0.05,277.59,(0.325, -1.763, -2.795),(52.962, 40.376, -11.735),True,False,False,False
195,110.4218,81.5836,60.0,57,0.05,278.64,(-1.93, 0.179, -3.056),(50.751, 40.228, -11.888),True,False,False,False
196,107.4649,81.8009,60.0,71,0.05,279.93,(-0.248, -1.257, -3.628),(49.358, 38.688, -13.966),True,False,False,False
197,44.0469,75.4164,50.0,70,0.05,281.22,(-0.687, 0.813, -4.388),(51.559, 36.639, -13.07),False,True,False,False
198,103.8446,81.0157,60.0,84,0.05,282.75,(-0.583, 0.799, -4.403),(47.777, 39.94, -9.236),True,False,False,False
199,111.2837,81.4876,60.0,50,0.05,283.67,(-0.345, -1.707, -2.244),(48.331, 43.856, -12.923),True,False,False,False
200,38.3898,80.8241,60.0,43,0.05,284.46,(-0.971, 0.452, -1.901),(52.004, 38.305, -8.157),False,True,False,False
# [20:01:01] [greedy-eval @ episode 200] success_rate=60.0% over 5 episodes
201,110.4859,81.1464,60.0,58,0.05,289.93,(-0.698, -1.694, -3.249),(52.988, 36.618, -11.461),True,False,False,False
202,37.8696,80.8823,60.0,45,0.05,290.75,(0.649, -0.152, -1.129),(49.033, 37.333, -8.388),False,True,False,False
203,107.9403,87.7438,70.0,59,0.05,291.84,(-1.693, -0.055, -3.764),(48.587, 38.18, -15.984),True,False,False,False
204,109.0089,88.0756,70.0,56,0.05,292.87,(-1.22, -0.792, -2.296),(49.889, 36.758, -14.721),True,False,False,False
205,106.2585,87.6593,70.0,61,0.05,294.01,(-0.52, 1.094, -4.464),(47.16, 42.139, -15.328),True,False,False,False
206,112.1986,88.1327,70.0,60,0.05,295.12,(-0.823, -1.211, -4.104),(52.027, 42.571, -11.483),True,False,False,False
207,107.094,94.4374,80.0,48,0.05,295.99,(0.607, 0.266, -2.133),(46.999, 41.19, -10.207),True,False,False,False
208,105.5921,94.6121,80.0,52,0.05,296.95,(-0.494, -0.222, -3.478),(47.045, 37.499, -12.852),True,False,False,False
209,107.7534,94.2591,80.0,115,0.05,298.93,(-0.328, -0.806, -1.338),(54.362, 39.571, -12.198),True,False,False,False
210,108.5249,101.2726,90.0,56,0.05,299.97,(0.666, -1.6, -2.518),(51.343, 38.054, -11.609),True,False,False,False
211,108.9195,101.116,90.0,70,0.05,301.23,(-0.386, -0.077, -3.627),(53.769, 37.903, -14.473),True,False,False,False
212,107.4972,108.0787,100.0,57,0.05,302.3,(-0.348, -0.84, -3.252),(49.823, 38.012, -11.953),True,False,False,False
213,109.0603,108.1907,100.0,81,0.05,303.74,(-1.334, 0.677, -1.864),(52.758, 38.203, -14.112),True,False,False,False
214,106.814,107.9712,100.0,54,0.05,304.75,(1.669, -0.417, -3.625),(50.87, 37.821, -13.288),True,False,False,False
215,106.648,108.0102,100.0,80,0.05,306.18,(-1.676, -0.284, -2.156),(50.029, 37.328, -13.888),True,False,False,False
216,108.0264,107.593,100.0,55,0.05,307.19,(-1.102, 0.809, -2.365),(46.784, 42.3, -14.837),True,False,False,False
217,42.2248,101.106,90.0,43,0.05,308.01,(-1.223, -1.245, -2.073),(49.641, 41.485, -8.245),False,True,False,False
218,37.9706,94.3439,80.0,40,0.05,308.76,(1.146, -0.72, -1.591),(49.971, 42.965, -13.117),False,True,False,False
219,105.973,94.1659,80.0,55,0.05,309.77,(-0.195, 0.259, -3.041),(47.667, 38.557, -14.548),True,False,False,False
220,109.1175,94.2251,80.0,57,0.05,310.83,(0.908, -0.61, -4.303),(52.937, 38.635, -12.346),True,False,False,False
# [20:27:30] [greedy-eval @ episode 220] success_rate=60.0% over 5 episodes
221,39.925,87.3257,70.0,41,0.05,316.09,(-1.021, -0.209, -1.757),(45.963, 39.413, -9.556),False,True,False,False
222,42.6557,80.8415,60.0,48,0.05,316.98,(0.464, 0.066, -3.694),(52.393, 39.306, -8.547),False,True,False,False
223,108.5444,80.7899,60.0,64,0.05,318.15,(0.62, 0.201, -4.354),(49.196, 42.574, -14.886),True,False,False,False
224,39.6149,74.07,50.0,43,0.05,318.96,(1.208, -0.485, -2.323),(46.561, 41.847, -14.83),False,True,False,False
225,111.9005,74.5953,50.0,63,0.05,320.11,(-0.629, 1.716, -2.263),(54.005, 42.563, -12.874),True,False,False,False
226,112.7033,75.063,50.0,63,0.05,321.25,(-1.18, 0.827, -2.75),(54.434, 40.951, -12.963),True,False,False,False
227,107.8076,81.6213,60.0,53,0.05,322.24,(1.556, -0.893, -3.209),(50.47, 39.194, -13.884),True,False,False,False
228,36.8802,81.5122,60.0,40,0.05,323.01,(1.872, -0.461, -2.683),(54.042, 39.215, -10.264),False,True,False,False
229,35.8749,74.5024,50.0,40,0.05,323.77,(0.509, -1.399, -3.05),(52.978, 38.26, -9.135),False,True,False,False
230,107.4218,74.3328,50.0,62,0.05,324.91,(-1.33, 0.069, -3.664),(49.972, 37.027, -13.58),True,False,False,False
231,41.9475,74.5351,50.0,46,0.05,325.78,(-0.401, -1.182, -3.352),(51.772, 41.229, -9.115),False,True,False,False
232,109.2492,81.1944,60.0,56,0.05,326.84,(-1.333, 0.11, -4.471),(51.951, 36.371, -14.078),True,False,False,False
233,112.7727,81.6173,60.0,62,0.05,327.99,(-0.869, -0.846, -4.277),(51.173, 43.191, -14.656),True,False,False,False
234,110.2363,88.6794,70.0,65,0.05,329.17,(-0.055, 0.455, -4.734),(54.093, 38.931, -12.716),True,False,False,False
235,108.9537,88.3847,70.0,64,0.05,330.32,(-0.425, -1.033, -2.217),(50.771, 38.46, -13.137),True,False,False,False
236,108.0491,87.9193,70.0,54,0.05,331.32,(-0.045, 0.454, -3.953),(47.269, 42.376, -8.614),True,False,False,False
237,110.3741,88.1759,70.0,55,0.05,332.33,(-1.492, -1.127, -2.888),(50.242, 38.39, -14.644),True,False,False,False
238,110.24,95.5119,80.0,58,0.05,333.37,(-0.475, -0.044, -1.683),(49.861, 43.018, -13.289),True,False,False,False
239,49.879,96.9123,80.0,54,0.05,334.39,(-0.845, -0.518, -3.714),(52.64, 38.123, -9.801),False,True,False,False
240,109.0839,97.0785,80.0,51,0.05,335.34,(0.784, 1.193, -3.065),(49.937, 43.693, -9.947),True,False,False,False
# [20:52:30] [greedy-eval @ episode 240] success_rate=100.0% over 5 episodes
241,105.2116,103.405,90.0,58,0.05,341.42,(-1.506, -0.347, -3.369),(47.226, 36.617, -13.389),True,False,False,False
242,105.2072,103.0008,90.0,56,0.05,342.46,(0.782, 0.334, -2.946),(51.397, 36.136, -13.771),True,False,False,False
243,106.0453,102.328,90.0,57,0.05,343.5,(-1.027, 0.406, -2.929),(50.321, 35.792, -11.5),True,False,False,False
244,105.8667,101.8911,90.0,50,0.05,344.44,(-1.616, 0.684, -3.23),(45.533, 39.968, -10.179),True,False,False,False
245,109.0525,101.9009,90.0,52,0.05,345.4,(0.723, -0.174, -4.286),(52.937, 37.874, -11.229),True,False,False,False
246,109.3058,102.0266,90.0,53,0.05,346.35,(-0.196, -0.602, -2.139),(49.769, 39.865, -15.141),True,False,False,False
247,111.4322,102.1324,90.0,56,0.05,347.36,(-0.081, -0.085, -1.702),(51.262, 43.122, -13.128),True,False,False,False
248,112.6359,102.372,90.0,63,0.05,348.51,(-1.949, -0.158, -2.898),(53.103, 41.676, -8.762),True,False,False,False
249,42.4753,101.6316,90.0,45,0.05,349.33,(-0.036, 0.934, -1.681),(49.152, 43.549, -10.433),False,True,False,False
250,109.3806,101.6613,90.0,57,0.05,350.39,(-0.986, 0.543, -3.641),(52.569, 38.775, -12.521),True,False,False,False
251,107.2518,101.8653,90.0,55,0.05,351.45,(-0.314, -0.642, -2.715),(48.316, 38.449, -13.152),True,False,False,False
252,111.59,102.5036,90.0,59,0.05,352.5,(0.928, 0.338, -2.364),(51.469, 42.305, -13.424),True,False,False,False
253,107.6841,102.6675,90.0,53,0.05,353.51,(-0.75, 0.346, -3.014),(47.73, 39.576, -14.379),True,False,False,False
254,111.4581,103.2266,90.0,58,0.05,354.58,(-1.164, -1.048, -2.839),(50.477, 40.884, -14.093),True,False,False,False
255,105.0951,102.8309,90.0,81,0.05,356.07,(0.231, 0.822, -3.473),(49.5, 40.706, -11.588),True,False,False,False
256,111.5176,103.0521,90.0,55,0.05,357.1,(0.121, -1.02, -3.803),(50.424, 42.151, -16.189),True,False,False,False
257,111.5777,103.0666,90.0,57,0.05,358.12,(-0.327, 0.791, -1.304),(54.168, 39.378, -13.893),True,False,False,False
258,45.2495,96.328,80.0,50,0.05,359.06,(-1.291, -0.126, -3.299),(49.218, 37.58, -8.958),False,True,False,False
259,107.6073,102.8412,90.0,77,0.05,360.41,(0.409, -1.11, -1.804),(52.173, 39.805, -13.233),True,False,False,False
260,108.1988,102.723,90.0,50,0.05,361.35,(-1.805, -0.266, -3.769),(46.661, 39.894, -10.309),True,False,False,False
# [21:17:49] [greedy-eval @ episode 260] success_rate=40.0% over 5 episodes
261,112.3622,103.234,90.0,58,0.05,366.7,(-0.351, -0.651, -2.248),(52.579, 44.054, -12.212),True,False,False,False
262,109.4462,103.0197,90.0,58,0.05,367.77,(-0.606, 1.552, -3.701),(52.545, 40.734, -9.653),True,False,False,False
263,42.7631,96.5276,80.0,49,0.05,368.69,(-1.784, 0.529, -3.609),(50.642, 40.853, -8.028),False,True,False,False
264,106.6183,96.0436,80.0,50,0.05,369.6,(0.708, 0.9, -1.622),(46.162, 40.92, -13.567),True,False,False,False
265,38.8297,89.417,70.0,47,0.05,370.47,(1.302, 0.359, -2.842),(51.866, 40.806, -9.159),False,True,False,False
266,105.4813,88.8134,70.0,51,0.05,371.43,(0.12, 1.745, -2.69),(47.279, 40.516, -10.773),True,False,False,False
267,106.275,88.2831,70.0,56,0.05,372.46,(-1.453, 0.722, -1.981),(50.047, 36.47, -12.258),True,False,False,False
268,105.1559,94.2738,80.0,51,0.05,373.42,(1.271, -0.774, -4.295),(50.254, 35.653, -11.169),True,False,False,False
269,45.7597,88.089,70.0,150,0.05,376.02,(-0.748, 1.627, -2.799),(52.366, 37.972, -13.36),False,False,False,True
270,107.3319,88.0023,70.0,50,0.05,376.96,(-1.928, 0.281, -3.209),(46.617, 38.01, -13.18),True,False,False,False
271,103.3592,87.102,70.0,68,0.05,378.19,(-1.517, 0.034, -3.176),(46.144, 37.176, -12.006),True,False,False,False
272,107.3341,86.8908,70.0,50,0.05,379.1,(0.613, 0.094, -1.524),(47.399, 40.153, -10.76),True,False,False,False
273,106.5157,93.2661,80.0,79,0.05,380.52,(1.515, -0.507, -2.921),(52.965, 38.392, -14.189),True,False,False,False
274,112.0504,93.8093,80.0,58,0.05,381.55,(0.4, 0.441, -2.533),(54.588, 39.273, -10.942),True,False,False,False
275,103.9118,100.3175,90.0,59,0.05,382.63,(1.412, 0.511, -2.161),(45.592, 39.969, -11.558),True,False,False,False
276,38.4476,93.6141,80.0,49,0.05,383.56,(-0.119, 1.466, -4.144),(47.007, 38.506, -8.503),False,True,False,False
277,107.9526,93.7819,80.0,69,0.05,384.81,(0.842, 1.417, -3.272),(52.754, 40.197, -14.585),True,False,False,False
278,111.7664,94.4429,80.0,52,0.05,385.77,(-0.06, -0.55, -3.669),(51.333, 43.615, -11.932),True,False,False,False
279,108.993,100.7663,90.0,65,0.05,386.95,(-1.265, 0.572, -2.83),(51.563, 39.103, -12.808),True,False,False,False
280,110.2435,101.0574,90.0,69,0.05,388.2,(-1.191, -1.403, -2.505),(50.37, 41.776, -10.027),True,False,False,False
# [21:45:00] [greedy-eval @ episode 280] success_rate=60.0% over 5 episodes
281,112.2903,101.9505,90.0,53,0.05,393.83,(-0.035, -1.818, -2.977),(49.458, 43.202, -14.144),True,False,False,False
282,102.0611,101.4232,90.0,77,0.05,395.21,(1.227, -0.486, -1.76),(48.809, 36.184, -10.879),True,False,False,False
283,106.4777,101.4194,90.0,63,0.05,396.37,(1.301, 0.366, -3.6),(50.825, 40.823, -8.56),True,False,False,False
284,113.2876,101.5432,90.0,57,0.05,397.45,(-0.835, 0.103, -3.423),(52.964, 42.657, -14.951),True,False,False,False
285,107.0705,101.859,90.0,52,0.05,398.42,(1.515, 0.265, -3.107),(49.343, 41.664, -10.747),True,False,False,False
286,107.8679,108.8011,100.0,55,0.05,399.43,(-0.328, -1.092, -2.376),(47.792, 38.576, -15.911),True,False,False,False
287,107.2255,108.7284,100.0,57,0.05,400.48,(-1.245, 0.558, -2.195),(46.718, 40.635, -13.888),True,False,False,False
288,109.3809,108.4898,100.0,54,0.05,401.49,(-0.444, -0.811, -3.118),(50.333, 40.464, -8.055),True,False,False,False
289,110.3572,108.6262,100.0,50,0.05,402.43,(-0.411, -1.479, -4.03),(49.083, 41.766, -9.907),True,False,False,False
290,109.9197,108.5938,100.0,57,0.05,403.48,(1.383, 0.844, -2.599),(50.275, 44.469, -11.398),True,False,False,False
291,111.4966,108.5145,100.0,54,0.05,404.49,(-0.461, -1.556, -4.116),(50.642, 41.046, -13.58),True,False,False,False
292,106.6488,108.9732,100.0,56,0.05,405.52,(-1.234, 1.44, -3.184),(51.464, 36.142, -9.565),True,False,False,False
293,111.1772,109.4432,100.0,54,0.05,406.52,(-0.875, 1.214, -3.108),(49.591, 43.844, -13.047),True,False,False,False
294,108.9186,109.0063,100.0,53,0.05,407.51,(1.177, -1.137, -3.788),(51.731, 39.678, -8.988),True,False,False,False
295,103.5491,108.6541,100.0,60,0.05,408.62,(0.412, 1.796, -3.376),(46.526, 40.506, -9.675),True,False,False,False
296,105.4369,108.4111,100.0,57,0.05,409.66,(-1.001, -0.498, -2.323),(46.362, 36.656, -12.762),True,False,False,False
297,110.5899,108.7475,100.0,49,0.05,410.57,(0.991, -1.143, -1.928),(49.373, 41.351, -14.795),True,False,False,False
298,40.3889,101.8483,90.0,47,0.05,411.42,(0.054, -0.55, -1.852),(50.417, 41.546, -7.859),False,True,False,False
299,109.3713,101.7497,90.0,53,0.05,412.43,(1.089, 0.112, -4.651),(53.513, 38.628, -15.099),True,False,False,False
300,108.9219,101.6499,90.0,79,0.05,413.85,(-1.365, 0.021, -3.005),(51.195, 42.973, -10.93),True,False,False,False
# [22:10:30] [greedy-eval @ episode 300] success_rate=80.0% over 5 episodes
# [22:10:30] Training complete. 300 episodes in 418.3 min. Final avg reward (last 10): 101.65. Final success rate (last 10): 90.0%.
