# run_name: block_generlization_depth_v1_450
# timestamp: 20260909_165705
# ---- config ----
# goal_position: (70, 30, -5)
# start_position: (0, 0, -3)
# randomize_positions: True
# start_jitter_radius: 2.0
# goal_jitter_radius: 5.0
# max_episode_steps: 150
# dt: 0.5
# speed: 2.0
# state_dim: 20
# action_dim: 27
# lr: 0.0001
# gamma: 0.99
# buffer_capacity: 1000000
# batch_size: 32
# epsilon_start: 1.0
# epsilon_end: 0.2
# epsilon_decay_steps: 43000
# target_update_freq: 250
# use_double: True
# use_dueling: True
# ----------------
episode,reward,avg10,success_rate10,steps,epsilon,elapsed_min,start_position,goal_position,is_success,is_crash,is_out_of_bounds,is_timeout
1,-14.1778,-14.1778,0.0,150,0.9978,1.63,(0.231, -0.043, -2.181),(69.154, 34.571, -4.424),False,False,False,True
2,-13.3203,-13.7491,0.0,150,0.995,3.23,(-0.311, 0.428, -1.595),(69.369, 28.893, -5.465),False,False,False,True
3,-17.023,-14.8404,0.0,150,0.9922,4.87,(-0.689, -0.2, -4.867),(67.409, 29.391, -6.925),False,False,False,True
4,3.376,-10.2863,0.0,7,0.9921,5.01,(0.168, 1.017, -1.609),(72.813, 27.526, -3.223),False,False,True,False
5,-5.8425,-9.3975,0.0,150,0.9893,6.67,(-1.042, 0.526, -4.508),(69.518, 25.635, -4.952),False,False,False,True
6,-19.1219,-11.0182,0.0,150,0.9865,8.31,(-0.994, 0.18, -2.8),(68.759, 30.972, -2.737),False,False,False,True
7,-19.4236,-12.219,0.0,150,0.9837,9.93,(0.344, -0.075, -3.17),(72.995, 29.05, -2.661),False,False,False,True
8,-25.2627,-13.8495,0.0,150,0.9809,11.57,(-1.737, 0.321, -2.618),(67.317, 31.371, -1.174),False,False,False,True
9,-20.1763,-14.5524,0.0,150,0.9781,13.2,(1.253, -0.421, -2.236),(70.17, 28.639, -4.294),False,False,False,True
10,0.2031,-13.0769,0.0,10,0.9779,13.39,(0.771, -1.109, -2.183),(70.663, 32.637, -1.0),False,False,True,False
11,1.2547,-11.5336,0.0,12,0.9777,13.61,(1.923, -0.078, -3.388),(69.532, 28.987, -6.121),False,False,True,False
12,-27.3838,-12.94,0.0,150,0.9749,15.22,(-0.37, 0.159, -1.069),(68.622, 26.648, -6.201),False,False,False,True
13,-10.4888,-12.2866,0.0,150,0.9721,16.89,(-0.229, 0.855, -3.268),(66.367, 30.098, -8.416),False,False,False,True
14,6.6051,-11.9637,0.0,48,0.9712,17.48,(-1.622, 1.119, -2.981),(68.427, 34.132, -6.589),False,False,True,False
15,-21.0824,-13.4877,0.0,150,0.9684,19.14,(-0.607, 0.588, -3.989),(68.735, 32.149, -4.986),False,False,False,True
16,1.3238,-11.4431,0.0,5,0.9684,19.28,(1.271, 0.223, -2.945),(67.14, 28.708, -6.356),False,False,True,False
17,-7.6927,-10.27,0.0,150,0.9656,20.92,(-0.281, 1.456, -2.353),(67.331, 30.859, -4.206),False,False,False,True
18,-12.8628,-9.03,0.0,150,0.9628,22.56,(0.395, 1.615, -2.759),(67.94, 27.731, -7.481),False,False,False,True
19,-16.1668,-8.6291,0.0,150,0.96,24.17,(0.798, 0.126, -1.808),(73.6, 30.073, -4.259),False,False,False,True
20,11.0634,-7.543,0.0,150,0.9572,25.82,(1.569, 0.9, -3.391),(70.036, 33.024, -8.276),False,False,False,True
# [17:24:19] [greedy-eval @ episode 20] success_rate=0.0% over 5 episodes
21,-12.5994,-8.9284,0.0,150,0.9544,28.83,(-0.52, 1.451, -2.56),(73.861, 31.052, -3.174),False,False,False,True
22,1.4401,-6.046,0.0,7,0.9543,29.0,(-0.757, 0.694, -3.134),(70.011, 32.076, -2.49),False,False,True,False
23,-4.229,-5.4201,0.0,150,0.9515,30.64,(1.442, 0.196, -3.259),(71.243, 28.16, -1.659),False,False,False,True
24,0.0452,-6.0761,0.0,14,0.9512,30.89,(-1.636, -0.022, -3.916),(67.849, 30.659, -1.935),False,False,True,False
25,-10.6386,-5.0317,0.0,150,0.9484,32.52,(0.409, -1.366, -2.059),(67.875, 29.181, -3.174),False,False,False,True
26,-2.6029,-5.4243,0.0,4,0.9484,32.62,(0.746, -0.804, -1.869),(67.26, 33.015, -6.857),False,False,True,False
27,1.1098,-4.5441,0.0,5,0.9483,32.77,(-0.857, 1.616, -3.274),(67.454, 29.22, -2.377),False,False,True,False
28,-0.6445,-3.3223,0.0,11,0.9481,32.99,(-1.215, 1.044, -4.019),(70.303, 28.613, -3.465),False,False,True,False
29,-10.3022,-2.7358,0.0,150,0.9453,34.59,(-0.175, 0.709, -2.435),(68.763, 33.264, -1.576),False,False,False,True
30,0.6868,-3.7735,0.0,4,0.9452,34.72,(1.096, -0.973, -2.016),(70.049, 27.466, -5.93),False,False,True,False
31,-25.7027,-5.0838,0.0,150,0.9424,36.39,(0.705, -0.375, -3.671),(69.917, 33.434, -4.796),False,False,False,True
32,-0.9007,-5.3179,0.0,150,0.9396,37.99,(-0.271, -0.625, -2.121),(69.97, 27.445, -4.154),False,False,False,True
33,-1.7443,-5.0694,0.0,12,0.9394,38.21,(0.103, 1.287, -3.103),(67.35, 29.786, -4.371),False,False,True,False
34,-18.6314,-6.9371,0.0,150,0.9366,39.85,(1.345, -0.494, -1.864),(67.56, 28.74, -1.554),False,False,False,True
35,-10.269,-6.9001,0.0,150,0.9338,41.5,(-0.18, -0.838, -4.117),(71.944, 33.211, -7.536),False,False,False,True
36,-12.1368,-7.8535,0.0,150,0.931,43.11,(-1.02, 0.571, -1.45),(70.94, 27.729, -1.144),False,False,False,True
37,2.1553,-7.749,0.0,150,0.9282,44.75,(1.124, -1.288, -2.72),(70.007, 28.446, -8.141),False,False,False,True
38,1.6245,-7.5221,0.0,150,0.9254,46.36,(-0.273, 0.273, -2.376),(71.112, 27.25, -6.504),False,False,False,True
39,3.0514,-6.1867,0.0,150,0.9226,47.99,(-0.152, 0.094, -3.451),(74.492, 31.498, -4.499),False,False,False,True
40,-6.8523,-6.9406,0.0,150,0.9199,49.62,(1.212, 0.256, -1.672),(67.799, 31.764, -6.195),False,False,False,True
# [17:47:53] [greedy-eval @ episode 40] success_rate=0.0% over 5 episodes
41,-18.2614,-6.1965,0.0,150,0.9171,52.44,(-0.365, -0.844, -3.514),(67.788, 30.199, -4.357),False,False,False,True
42,-12.6285,-7.3692,0.0,63,0.9159,53.19,(-0.333, 1.747, -3.893),(69.567, 32.328, -1.599),False,True,True,False
43,-8.6594,-8.0608,0.0,150,0.9131,54.8,(-0.066, -0.029, -2.666),(69.278, 34.714, -5.367),False,False,False,True
44,-7.9971,-6.9973,0.0,150,0.9103,56.4,(1.066, -0.469, -1.702),(67.838, 33.443, -3.992),False,False,False,True
45,8.0995,-5.1605,0.0,150,0.9075,58.05,(0.947, -1.268, -3.765),(65.611, 28.12, -5.928),False,False,False,True
46,16.1567,-2.3311,0.0,150,0.9047,59.78,(-1.083, -0.682, -1.674),(67.409, 27.993, -4.204),False,False,False,True
47,7.4284,-1.8038,0.0,150,0.9019,62.41,(0.85, -0.165, -3.482),(69.81, 31.114, -1.0),False,False,False,True
48,6.6497,-1.3013,0.0,150,0.8991,65.02,(1.023, -0.763, -3.596),(72.068, 30.335, -6.776),False,False,False,True
49,-8.4944,-2.4559,0.0,150,0.8964,67.6,(0.497, 0.936, -1.507),(65.739, 30.817, -6.987),False,False,False,True
50,2.6921,-1.5014,0.0,150,0.8936,70.21,(-0.224, -1.063, -3.614),(74.179, 28.963, -6.897),False,False,False,True
51,13.2545,1.6502,0.0,150,0.8908,72.81,(0.386, -1.73, -2.4),(70.265, 32.529, -4.676),False,False,False,True
52,-9.4896,1.964,0.0,150,0.888,75.43,(-0.24, -1.462, -4.108),(69.566, 27.318, -1.77),False,False,False,True
53,-0.4144,2.7886,0.0,150,0.8852,78.0,(0.264, 0.154, -1.755),(69.707, 30.563, -7.17),False,False,False,True
54,10.1866,4.6069,0.0,150,0.8824,80.6,(-0.074, -1.607, -2.538),(67.439, 27.803, -7.679),False,False,False,True
55,-7.5197,3.045,0.0,150,0.8796,83.2,(0.072, 0.943, -2.441),(70.7, 29.625, -1.0),False,False,False,True
56,-10.7118,0.3581,0.0,150,0.8768,85.8,(1.169, -0.972, -2.402),(66.867, 28.191, -3.099),False,False,False,True
57,0.5218,-0.3325,0.0,150,0.874,88.37,(-0.935, 0.026, -2.154),(67.776, 30.737, -8.189),False,False,False,True
58,0.1879,-0.9787,0.0,150,0.8712,90.94,(0.169, -0.183, -1.453),(72.844, 26.736, -2.802),False,False,False,True
59,6.0386,0.4746,0.0,150,0.8684,93.53,(-0.052, 0.522, -3.934),(73.264, 32.746, -3.098),False,False,False,True
60,10.5567,1.2611,0.0,150,0.8657,96.1,(0.438, 0.113, -1.92),(65.711, 30.674, -2.632),False,False,False,True
# [18:34:56] [greedy-eval @ episode 60] success_rate=0.0% over 5 episodes
61,11.0672,1.0423,0.0,150,0.8629,100.43,(-0.605, -1.608, -3.57),(74.281, 31.34, -3.188),False,False,False,True
62,0.15,2.0063,0.0,150,0.8601,103.03,(0.108, 1.063, -2.732),(73.737, 28.055, -6.085),False,False,False,True
63,11.5577,3.2035,0.0,150,0.8573,105.63,(-0.522, 0.008, -3.816),(70.769, 28.064, -2.199),False,False,False,True
64,15.9187,3.7767,0.0,150,0.8545,108.2,(-0.254, 0.7, -2.07),(68.88, 33.89, -5.351),False,False,False,True
65,1.4092,4.6696,0.0,150,0.8517,110.8,(0.336, -1.914, -2.753),(65.879, 29.125, -3.299),False,False,False,True
66,-7.7931,4.9615,0.0,150,0.8489,113.4,(-0.258, 0.47, -3.636),(67.209, 28.942, -2.732),False,False,False,True
67,4.5744,5.3667,0.0,150,0.8461,115.97,(0.757, 0.429, -1.827),(68.67, 29.33, -5.355),False,False,False,True
68,-0.8551,5.2624,0.0,150,0.8433,118.58,(0.46, 1.414, -4.058),(73.36, 32.348, -7.786),False,False,False,True
69,25.3441,7.193,0.0,150,0.8405,121.21,(-0.607, -0.495, -3.645),(72.675, 31.639, -3.146),False,False,False,True
70,24.4724,8.5846,0.0,150,0.8377,123.82,(-1.891, -0.299, -2.513),(67.378, 27.061, -4.762),False,False,False,True
71,13.3036,8.8082,0.0,150,0.835,126.42,(-0.932, -1.695, -3.153),(73.274, 31.315, -7.721),False,False,False,True
72,-5.5484,8.2384,0.0,150,0.8322,129.03,(1.445, 0.689, -3.909),(71.61, 29.12, -3.6),False,False,False,True
73,6.4762,7.7302,0.0,150,0.8294,131.63,(-0.97, 1.062, -2.265),(70.504, 31.27, -4.386),False,False,False,True
74,-3.7807,5.7603,0.0,150,0.8266,134.23,(-1.827, 0.151, -2.592),(67.322, 32.129, -2.885),False,False,False,True
75,5.4487,6.1642,0.0,150,0.8238,136.85,(-0.024, 1.525, -3.644),(74.031, 27.661, -6.428),False,False,False,True
76,32.7337,10.2169,0.0,150,0.821,139.44,(0.045, 1.363, -2.879),(68.301, 32.988, -2.246),False,False,False,True
77,0.5567,9.8151,0.0,150,0.8182,142.04,(-1.165, 0.857, -2.148),(70.563, 31.312, -5.637),False,False,False,True
78,15.1606,11.4167,0.0,150,0.8154,144.65,(-1.654, 0.079, -2.801),(72.29, 31.751, -6.883),False,False,False,True
79,-4.7889,8.4034,0.0,146,0.8127,147.19,(0.821, 1.199, -3.711),(66.127, 29.415, -2.238),False,False,True,False
80,15.6596,7.5221,0.0,150,0.8099,149.8,(-0.809, 0.053, -2.811),(68.945, 26.019, -5.175),False,False,False,True
# [19:29:32] [greedy-eval @ episode 80] success_rate=0.0% over 5 episodes
81,15.4805,7.7398,0.0,150,0.8071,155.02,(-1.447, -0.48, -1.917),(73.343, 32.003, -4.6),False,False,False,True
82,-1.6078,8.1339,0.0,147,0.8044,157.57,(0.583, -0.608, -2.8),(72.897, 31.14, -1.477),False,False,True,False
83,2.6591,7.7522,0.0,18,0.8041,157.97,(0.8, 1.199, -3.109),(70.51, 32.34, -1.177),False,False,True,False
84,22.0726,10.3375,0.0,150,0.8013,160.58,(1.382, -1.229, -3.03),(70.319, 31.902, -2.903),False,False,False,True
85,16.4528,11.4379,0.0,150,0.7985,163.18,(1.379, -0.362, -3.193),(73.02, 29.934, -5.875),False,False,False,True
86,22.5487,10.4194,0.0,150,0.7957,165.79,(0.427, 1.198, -3.12),(71.399, 33.905, -5.847),False,False,False,True
87,25.1557,12.8793,0.0,150,0.7929,168.38,(0.9, -0.963, -1.925),(67.126, 32.172, -4.214),False,False,False,True
88,9.751,12.3383,0.0,150,0.7901,170.95,(-0.338, 0.313, -2.041),(69.506, 26.562, -8.194),False,False,False,True
89,5.9674,13.414,0.0,150,0.7873,173.56,(-0.23, 1.321, -3.221),(70.342, 28.113, -8.002),False,False,False,True
90,15.4036,13.3884,0.0,150,0.7845,176.16,(-1.097, -0.844, -2.738),(69.588, 29.032, -4.218),False,False,False,True
91,2.784,12.1187,0.0,150,0.7817,178.73,(-0.837, -0.64, -1.834),(65.88, 32.484, -5.322),False,False,False,True
92,27.1597,14.9955,0.0,150,0.7789,181.35,(0.639, -0.107, -3.065),(71.824, 26.108, -3.917),False,False,False,True
93,21.9054,16.9201,0.0,150,0.7761,183.98,(-0.925, -0.237, -3.608),(70.743, 26.178, -8.044),False,False,False,True
94,16.4789,16.3607,0.0,150,0.7734,186.55,(-0.912, 0.695, -1.777),(70.279, 27.876, -8.824),False,False,False,True
95,15.4622,16.2617,0.0,150,0.7706,189.16,(0.88, -1.493, -3.156),(71.879, 31.524, -6.859),False,False,False,True
96,22.5872,16.2655,0.0,150,0.7678,191.75,(-1.353, -0.152, -1.861),(67.048, 29.261, -4.373),False,False,False,True
97,22.9442,16.0444,0.0,150,0.765,194.37,(-0.875, -0.28, -4.487),(68.508, 30.098, -3.951),False,False,False,True
98,27.2782,17.7971,0.0,150,0.7622,196.97,(0.368, -1.174, -2.556),(68.737, 29.961, -3.492),False,False,False,True
99,35.3723,20.7376,0.0,150,0.7594,199.56,(0.329, 0.362, -3.999),(69.48, 34.626, -3.623),False,False,False,True
100,20.4659,21.2438,0.0,148,0.7567,202.13,(1.595, 0.465, -3.245),(73.742, 27.796, -4.958),False,False,True,False
# [20:21:22] [greedy-eval @ episode 100] success_rate=0.0% over 5 episodes
101,18.5812,22.8235,0.0,150,0.7539,206.87,(-1.096, 0.503, -4.327),(69.543, 27.755, -4.688),False,False,False,True
102,15.071,21.6147,0.0,150,0.7511,209.47,(-1.2, -1.059, -2.711),(72.83, 33.151, -5.408),False,False,False,True
103,27.1173,22.1358,0.0,150,0.7483,212.07,(0.099, 0.473, -2.816),(69.977, 30.537, -4.793),False,False,False,True
104,18.1057,22.2985,0.0,150,0.7455,214.64,(-0.501, 0.793, -1.721),(72.338, 32.819, -4.556),False,False,False,True
105,24.2507,23.1774,0.0,60,0.7444,215.74,(1.822, -0.146, -2.263),(67.152, 29.773, -3.654),False,False,True,False
106,36.1952,24.5382,0.0,150,0.7416,218.34,(0.839, -1.488, -2.454),(73.167, 27.9, -3.315),False,False,False,True
107,1.5688,22.4006,0.0,5,0.7415,218.49,(-0.927, -0.412, -2.229),(67.427, 26.23, -5.144),False,False,True,False
108,26.3114,22.3039,0.0,150,0.7387,221.1,(-0.026, -1.805, -2.695),(69.377, 30.987, -6.326),False,False,False,True
109,1.3366,18.9004,0.0,150,0.7359,223.67,(-0.711, -0.255, -2.597),(72.707, 26.809, -4.989),False,False,False,True
110,20.3827,18.892,0.0,150,0.7331,226.24,(-0.402, 0.672, -1.629),(73.615, 32.535, -3.919),False,False,False,True
111,14.9988,18.5338,0.0,150,0.7303,228.86,(0.742, -0.15, -3.631),(68.718, 32.894, -7.073),False,False,False,True
112,4.4328,17.47,0.0,29,0.7298,229.41,(0.656, 0.85, -1.686),(74.045, 28.524, -7.501),False,False,True,False
113,24.4917,17.2074,0.0,112,0.7277,231.38,(0.491, -1.499, -2.357),(72.68, 32.242, -4.933),False,True,False,False
114,21.5718,17.554,0.0,140,0.7251,233.82,(-0.42, 1.291, -3.834),(70.272, 27.769, -2.719),False,True,False,False
115,-4.6865,14.6603,0.0,10,0.7249,234.09,(0.008, -0.548, -4.898),(70.126, 29.371, -8.133),False,False,True,False
116,14.236,12.4644,0.0,150,0.7221,236.69,(1.481, -0.521, -3.444),(71.659, 32.936, -7.677),False,False,False,True
117,25.4282,14.8503,0.0,150,0.7193,239.3,(1.017, 1.129, -3.156),(72.041, 30.724, -9.074),False,False,False,True
118,24.5817,14.6774,0.0,146,0.7166,241.85,(-0.82, 0.731, -3.777),(73.492, 26.963, -3.829),False,False,True,False
119,26.9167,17.2354,0.0,150,0.7138,244.45,(-0.947, -1.613, -3.295),(67.229, 29.985, -1.154),False,False,False,True
120,22.6356,17.4607,0.0,126,0.7115,246.66,(-0.417, 1.568, -3.662),(70.301, 33.391, -4.722),False,True,False,False
# [21:06:34] [greedy-eval @ episode 120] success_rate=0.0% over 5 episodes
121,8.5903,16.8198,0.0,150,0.7087,252.04,(0.577, 1.502, -2.725),(71.822, 31.873, -7.141),False,False,False,True
122,25.0906,18.8856,0.0,150,0.7059,254.66,(-0.523, -0.519, -3.544),(66.109, 27.294, -4.281),False,False,False,True
123,17.8698,18.2234,0.0,150,0.7031,257.26,(-0.709, 0.069, -4.602),(70.605, 28.644, -7.196),False,False,False,True
124,27.0816,18.7744,0.0,109,0.7011,259.19,(1.302, -0.864, -3.964),(69.818, 32.887, -3.172),False,True,False,False
125,37.6165,23.0047,0.0,150,0.6983,261.76,(-0.16, -0.88, -2.292),(71.165, 26.073, -4.788),False,False,False,True
126,25.9776,24.1789,0.0,150,0.6955,264.38,(-0.062, -0.99, -3.367),(72.1, 29.672, -8.755),False,False,False,True
127,45.4647,26.1825,0.0,150,0.6927,266.99,(0.758, -0.815, -3.711),(73.327, 29.408, -6.366),False,False,False,True
128,28.2421,26.5486,0.0,150,0.6899,269.6,(0.13, -1.909, -2.885),(72.687, 30.29, -3.702),False,False,False,True
129,28.5884,26.7157,0.0,84,0.6884,271.07,(-0.058, -0.085, -2.84),(68.67, 28.318, -7.892),False,True,False,False
130,33.9764,27.8498,0.0,150,0.6856,273.66,(-0.788, -1.034, -1.986),(69.451, 26.202, -4.428),False,False,False,True
131,25.1046,29.5012,0.0,150,0.6828,276.27,(0.513, -1.667, -3.589),(68.617, 30.295, -2.782),False,False,False,True
132,41.873,31.1795,0.0,150,0.68,278.87,(0.291, 0.151, -4.661),(73.674, 30.313, -4.738),False,False,False,True
133,26.2844,32.0209,0.0,150,0.6772,281.44,(-0.258, 0.223, -1.145),(66.619, 31.064, -2.57),False,False,False,True
134,28.5377,32.1665,0.0,86,0.6756,282.98,(0.429, 1.504, -3.825),(71.236, 28.653, -1.387),False,True,False,False
135,42.9084,32.6957,0.0,150,0.6728,285.62,(0.463, -0.553, -3.204),(70.211, 26.375, -5.45),False,False,False,True
136,33.9898,33.497,0.0,150,0.67,288.21,(-0.279, -0.136, -3.553),(71.833, 28.318, -6.551),False,False,False,True
137,24.5683,31.4073,0.0,115,0.6679,290.2,(0.919, -0.644, -1.499),(66.346, 27.85, -5.726),False,True,False,False
138,27.9878,31.3819,0.0,150,0.6651,292.8,(-1.076, 1.299, -3.463),(69.058, 32.628, -1.037),False,False,False,True
139,29.5602,31.4791,0.0,150,0.6623,295.37,(0.777, -0.426, -1.911),(72.854, 28.216, -1.971),False,False,False,True
140,29.7401,31.0554,0.0,150,0.6595,297.98,(0.291, -1.808, -3.378),(70.361, 30.789, -9.571),False,False,False,True
# [22:04:31] [greedy-eval @ episode 140] success_rate=0.0% over 5 episodes
141,41.7411,32.7191,0.0,150,0.6567,309.97,(-0.675, 0.691, -2.346),(74.04, 28.578, -5.325),False,False,False,True
142,38.5,32.3818,0.0,150,0.6539,312.58,(0.477, -1.629, -3.174),(70.612, 30.219, -2.353),False,False,False,True
143,36.6637,33.4197,0.0,150,0.6511,315.19,(-0.646, 0.728, -4.647),(66.931, 32.743, -4.744),False,False,False,True
144,33.4638,33.9123,0.0,150,0.6483,317.76,(0.005, -0.542, -1.208),(69.255, 28.26, -5.378),False,False,False,True
145,31.0787,32.7293,0.0,150,0.6455,320.33,(0.006, -0.743, -1.816),(72.161, 32.894, -4.072),False,False,False,True
146,42.7462,33.605,0.0,150,0.6428,322.96,(0.405, -1.224, -4.384),(74.649, 29.535, -4.672),False,False,False,True
147,44.4809,35.5962,0.0,150,0.64,325.55,(0.672, 1.167, -2.79),(68.964, 27.57, -3.998),False,False,False,True
148,36.9155,36.489,0.0,150,0.6372,328.15,(-0.069, -1.234, -1.987),(72.873, 27.956, -1.536),False,False,False,True
149,44.2512,37.9581,0.0,150,0.6344,330.75,(0.66, 1.603, -3.576),(73.294, 26.766, -5.358),False,False,False,True
150,57.0376,40.6879,0.0,150,0.6316,333.36,(0.335, -0.936, -3.128),(71.888, 27.269, -4.136),False,False,False,True
151,27.1407,39.2278,0.0,150,0.6288,335.96,(-1.019, 1.492, -3.307),(68.594, 30.007, -3.254),False,False,False,True
152,32.7776,38.6556,0.0,150,0.626,338.57,(-0.118, 1.553, -3.821),(70.817, 33.938, -7.233),False,False,False,True
153,51.4147,40.1307,0.0,150,0.6232,341.18,(0.344, -0.594, -3.887),(67.017, 27.75, -7.423),False,False,False,True
154,41.687,40.953,0.0,140,0.6206,343.62,(-0.112, -1.876, -3.443),(71.292, 25.668, -3.69),False,True,False,False
155,49.9687,42.842,0.0,150,0.6178,346.22,(0.827, -0.339, -2.771),(67.308, 29.326, -7.664),False,False,False,True
156,35.3191,42.0993,0.0,150,0.615,348.82,(0.567, 0.564, -4.764),(68.554, 27.87, -2.077),False,False,False,True
157,33.7581,41.027,0.0,150,0.6122,351.43,(0.666, -1.748, -3.554),(69.333, 33.707, -4.672),False,False,False,True
158,50.0534,42.3408,0.0,150,0.6095,354.04,(-0.671, -0.252, -3.82),(68.065, 29.282, -7.54),False,False,False,True
159,48.5772,42.7734,0.0,150,0.6067,356.64,(1.576, 1.066, -3.122),(70.271, 33.935, -6.18),False,False,False,True
160,44.9478,41.5644,0.0,150,0.6039,359.25,(-1.602, -0.789, -2.784),(66.202, 29.67, -2.286),False,False,False,True
# [23:03:45] [greedy-eval @ episode 160] success_rate=0.0% over 5 episodes
161,31.5744,42.0078,0.0,150,0.6011,369.23,(-0.047, 1.117, -2.85),(73.681, 32.71, -4.365),False,False,False,True
162,35.6825,42.2983,0.0,150,0.5983,371.83,(0.714, 1.385, -2.631),(68.539, 28.859, -8.384),False,False,False,True
163,35.4155,40.6984,0.0,139,0.5957,374.26,(0.822, -1.172, -4.266),(67.109, 30.372, -4.574),False,True,False,False
164,45.7498,41.1046,0.0,150,0.5929,376.89,(-0.67, 0.246, -3.112),(73.965, 27.364, -3.548),False,False,False,True
165,51.8565,41.2934,0.0,150,0.5901,379.5,(-0.82, -1.563, -3.564),(70.393, 27.538, -3.774),False,False,False,True
166,37.3584,41.4973,0.0,144,0.5874,382.01,(-0.385, 0.829, -4.545),(70.214, 27.506, -4.386),False,True,False,False
167,19.3185,40.0534,0.0,150,0.5847,384.61,(-0.532, 0.132, -3.734),(72.007, 30.599, -2.025),False,False,False,True
168,44.4153,39.4896,0.0,150,0.5819,387.18,(0.294, 0.227, -1.857),(71.424, 31.617, -4.994),False,False,False,True
169,33.153,37.9472,0.0,150,0.5791,389.79,(0.313, 1.065, -3.71),(70.764, 32.058, -1.0),False,False,False,True
170,35.5256,37.0049,0.0,150,0.5763,392.39,(0.654, 0.572, -2.561),(71.065, 28.863, -4.667),False,False,False,True
171,46.2134,38.4688,0.0,150,0.5735,394.99,(0.973, 0.615, -2.72),(73.735, 28.371, -6.41),False,False,False,True
172,45.6877,39.4694,0.0,150,0.5707,397.59,(0.97, -1.093, -2.639),(69.551, 34.389, -3.741),False,False,False,True
173,46.1974,40.5476,0.0,150,0.5679,400.16,(-0.009, 0.887, -1.321),(73.095, 27.216, -3.555),False,False,False,True
174,57.8675,41.7593,0.0,150,0.5651,402.75,(-0.309, -0.366, -3.241),(69.348, 31.436, -1.0),False,False,False,True
175,0.6797,36.6417,0.0,3,0.5651,402.87,(-0.434, -0.125, -2.179),(69.449, 31.952, -6.966),False,False,True,False
176,60.6156,38.9674,0.0,150,0.5623,405.44,(-0.142, 0.253, -1.435),(72.928, 28.168, -7.846),False,False,False,True
177,43.3157,41.3671,0.0,150,0.5595,408.03,(-0.346, 0.534, -3.853),(68.117, 29.959, -1.915),False,False,False,True
178,55.2391,42.4495,0.0,150,0.5567,410.64,(1.758, 0.417, -2.739),(72.692, 28.941, -3.759),False,False,False,True
179,47.8858,43.9227,0.0,150,0.5539,413.24,(-0.28, 1.465, -2.725),(66.444, 28.034, -6.583),False,False,False,True
180,37.6415,44.1343,0.0,150,0.5511,415.84,(-1.79, -0.03, -3.342),(72.206, 28.603, -1.542),False,False,False,True
# [23:59:55] [greedy-eval @ episode 180] success_rate=0.0% over 5 episodes
181,38.3484,43.3478,0.0,150,0.5483,425.37,(0.543, -0.04, -2.021),(72.205, 31.72, -1.683),False,False,False,True
182,51.827,43.9618,0.0,150,0.5455,427.98,(-0.777, -1.177, -1.938),(68.837, 33.056, -2.152),False,False,False,True
183,55.8631,44.9283,0.0,150,0.5427,430.58,(0.036, -0.521, -4.462),(72.659, 26.536, -4.312),False,False,False,True
184,56.4888,44.7905,0.0,150,0.5399,433.18,(0.185, 0.429, -4.378),(73.466, 29.609, -5.548),False,False,False,True
185,52.7741,49.9999,0.0,150,0.5372,435.78,(-0.323, -0.248, -4.201),(70.726, 31.86, -9.394),False,False,False,True
186,49.0484,48.8432,0.0,150,0.5344,438.38,(-0.114, -1.721, -2.285),(73.691, 28.639, -7.703),False,False,False,True
187,44.1786,48.9295,0.0,143,0.5317,440.87,(-1.584, 0.308, -2.271),(66.876, 29.29, -6.737),False,True,False,False
188,51.4974,48.5553,0.0,150,0.5289,443.44,(0.785, 0.52, -1.849),(66.542, 27.223, -5.067),False,False,False,True
189,43.2708,48.0938,0.0,130,0.5265,445.71,(0.321, -0.764, -4.542),(72.603, 30.937, -1.743),False,True,False,False
190,43.4472,48.6744,0.0,150,0.5237,448.33,(0.518, -1.133, -4.423),(67.461, 28.602, -7.066),False,False,False,True
191,42.745,49.114,0.0,141,0.5211,450.75,(0.057, -0.772, -2.296),(69.286, 34.149, -4.158),False,True,False,False
192,43.9388,48.3252,0.0,115,0.5189,452.78,(-0.68, -1.641, -3.671),(72.054, 30.822, -2.399),False,True,False,False
193,55.9633,48.3352,0.0,150,0.5161,455.38,(-0.34, -0.723, -4.735),(69.671, 33.48, -3.672),False,False,False,True
194,41.3255,46.8189,0.0,150,0.5134,458.0,(0.854, 0.565, -4.676),(67.741, 27.562, -6.135),False,False,False,True
195,109.1835,52.4599,10.0,139,0.5108,460.41,(1.803, -0.112, -2.355),(68.944, 26.375, -4.69),True,False,False,False
196,53.2754,52.8826,10.0,150,0.508,463.04,(0.911, 0.663, -4.011),(71.487, 34.129, -6.496),False,False,False,True
197,51.5006,53.6148,10.0,150,0.5052,465.62,(-0.069, -0.189, -3.419),(65.574, 30.076, -3.736),False,False,False,True
198,39.745,52.4395,10.0,150,0.5024,468.22,(1.277, 0.812, -2.596),(69.406, 32.307, -8.09),False,False,False,True
199,52.1314,53.3256,10.0,150,0.4996,470.82,(1.385, -0.06, -1.76),(72.89, 33.997, -4.275),False,False,False,True
200,53.6345,54.3443,10.0,150,0.4968,473.39,(0.389, 1.063, -1.568),(72.467, 31.328, -5.094),False,False,False,True
# [01:01:38] [greedy-eval @ episode 200] success_rate=0.0% over 5 episodes
201,38.231,53.8929,10.0,104,0.4949,486.34,(1.095, 1.475, -2.25),(68.568, 31.45, -1.0),False,True,False,False
202,50.9468,54.5937,10.0,150,0.4921,488.91,(0.505, 0.39, -2.676),(69.028, 25.706, -5.538),False,False,False,True
203,52.1736,54.2148,10.0,150,0.4893,491.51,(0.945, -0.24, -2.998),(67.897, 32.42, -4.677),False,False,False,True
204,42.8255,54.3648,10.0,150,0.4865,494.12,(0.109, 1.781, -2.851),(69.257, 32.614, -1.978),False,False,False,True
205,35.847,47.0311,0.0,89,0.4849,495.7,(0.436, 0.471, -4.403),(70.18, 28.26, -2.993),False,True,False,False
206,50.6831,46.7719,0.0,150,0.4821,498.3,(1.755, -0.481, -3.314),(70.852, 31.118, -6.344),False,False,False,True
207,54.2118,47.043,0.0,150,0.4793,500.97,(-0.666, 0.377, -3.404),(66.127, 30.652, -4.911),False,False,False,True
208,57.2639,48.7949,0.0,150,0.4765,503.57,(-1.359, -0.411, -1.747),(68.065, 29.233, -5.7),False,False,False,True
209,43.3892,47.9206,0.0,150,0.4737,506.17,(-0.412, -1.587, -3.445),(70.577, 33.661, -2.86),False,False,False,True
210,56.4185,48.199,0.0,150,0.4709,508.77,(-1.028, 0.409, -2.188),(70.433, 26.605, -5.498),False,False,False,True
211,57.8131,50.1573,0.0,150,0.4681,511.34,(1.137, 0.03, -1.558),(72.557, 28.683, -9.068),False,False,False,True
212,28.7383,47.9364,0.0,56,0.4671,512.34,(-0.667, 0.026, -1.861),(71.139, 30.731, -1.0),False,True,False,False
213,57.7674,48.4958,0.0,150,0.4643,514.95,(0.153, 1.019, -3.384),(70.101, 32.569, -7.04),False,False,False,True
214,52.0066,49.4139,0.0,150,0.4615,517.56,(-1.544, -0.064, -3.78),(68.695, 27.034, -6.814),False,False,False,True
215,42.1991,50.0491,0.0,129,0.4591,519.78,(0.108, -1.088, -1.68),(67.861, 26.215, -5.675),False,True,False,False
216,41.0595,49.0867,0.0,106,0.4571,521.62,(-0.669, -0.242, -2.097),(72.536, 27.625, -1.698),False,True,False,False
217,53.9787,49.0634,0.0,150,0.4543,524.22,(1.626, -0.837, -3.127),(71.661, 33.693, -3.388),False,False,False,True
218,42.8797,47.625,0.0,91,0.4526,525.84,(1.54, 0.025, -2.432),(68.328, 26.808, -3.137),False,True,False,False
219,61.5229,49.4384,0.0,150,0.4498,528.43,(0.365, 0.99, -2.711),(72.826, 32.083, -2.581),False,False,False,True
220,27.0264,46.4992,0.0,58,0.4488,529.5,(0.742, 1.707, -3.351),(70.393, 30.482, -1.0),False,True,False,False
# [01:52:23] [greedy-eval @ episode 220] success_rate=0.0% over 5 episodes
221,56.3218,46.35,0.0,150,0.446,537.86,(0.394, -1.24, -2.222),(69.981, 34.306, -6.475),False,False,False,True
222,16.7771,45.1539,0.0,27,0.4455,538.41,(-0.562, -1.114, -3.224),(70.523, 34.183, -5.393),False,False,True,False
223,37.8057,43.1578,0.0,89,0.4438,540.03,(-0.62, 0.519, -3.374),(74.969, 30.379, -5.295),False,True,False,False
224,28.9638,40.8535,0.0,76,0.4424,541.4,(-1.526, 0.557, -3.005),(67.235, 30.754, -2.993),False,True,False,False
225,27.5132,39.3849,0.0,57,0.4413,542.44,(1.246, -0.756, -2.042),(69.257, 26.437, -3.42),False,True,False,False
226,26.931,37.972,0.0,68,0.4401,543.68,(1.249, -0.26, -3.128),(72.328, 31.663, -3.554),False,True,False,False
227,57.5539,38.3295,0.0,150,0.4373,546.25,(0.145, 0.053, -1.923),(72.522, 29.774, -3.209),False,False,False,True
228,50.8389,39.1255,0.0,150,0.4345,548.88,(-0.192, -0.772, -2.96),(68.257, 27.377, -8.017),False,False,False,True
229,52.6005,38.2332,0.0,150,0.4317,551.48,(-1.068, 1.116, -2.234),(72.833, 30.563, -4.583),False,False,False,True
230,51.696,40.7002,0.0,150,0.4289,554.1,(-1.137, 0.573, -4.112),(70.435, 26.458, -2.607),False,False,False,True
231,46.5325,39.7213,0.0,150,0.4261,556.71,(0.198, -0.972, -2.91),(71.369, 33.323, -7.108),False,False,False,True
232,29.8884,41.0324,0.0,56,0.4251,557.74,(-0.262, -0.015, -4.8),(66.749, 27.29, -3.194),False,True,False,False
233,37.618,41.0136,0.0,150,0.4223,560.33,(0.429, 0.327, -3.594),(67.032, 33.092, -6.875),False,False,False,True
234,38.3149,41.9487,0.0,150,0.4195,562.93,(-0.884, 1.078, -2.537),(69.406, 28.703, -8.282),False,False,False,True
235,40.0724,43.2046,0.0,150,0.4167,565.55,(0.742, 0.905, -4.351),(65.625, 28.342, -4.1),False,False,False,True
236,47.9411,45.3056,0.0,150,0.4139,568.13,(0.73, -0.908, -1.567),(66.084, 29.071, -7.816),False,False,False,True
237,44.4368,43.9939,0.0,150,0.4111,570.72,(0.474, 1.015, -2.216),(74.273, 31.682, -3.768),False,False,False,True
238,39.3702,42.8471,0.0,150,0.4083,573.36,(0.044, -0.836, -3.307),(68.199, 26.981, -1.742),False,False,False,True
239,41.4593,41.733,0.0,150,0.4055,575.96,(0.755, -0.65, -2.399),(67.81, 34.322, -6.228),False,False,False,True
240,34.9067,40.054,0.0,150,0.4028,578.56,(-0.168, 1.533, -3.086),(68.286, 31.453, -2.671),False,False,False,True
# [02:42:50] [greedy-eval @ episode 240] success_rate=0.0% over 5 episodes
241,43.9739,39.7982,0.0,150,0.4,588.32,(-0.886, -1.7, -3.039),(68.395, 28.996, -1.0),False,False,False,True
242,38.5289,40.6622,0.0,150,0.3972,590.92,(-0.322, 0.364, -3.612),(69.326, 29.361, -2.564),False,False,False,True
243,39.2403,40.8245,0.0,150,0.3944,593.53,(0.869, -0.911, -3.839),(69.083, 31.744, -1.051),False,False,False,True
244,42.746,41.2676,0.0,150,0.3916,596.13,(-0.158, -0.181, -4.232),(72.359, 33.921, -4.527),False,False,False,True
245,29.26,40.1863,0.0,60,0.3905,597.23,(0.598, -1.874, -3.093),(73.088, 28.002, -3.682),False,True,False,False
246,28.0908,38.2013,0.0,70,0.3892,598.5,(-0.521, 1.38, -2.409),(65.898, 32.016, -4.815),False,True,False,False
247,40.5877,37.8164,0.0,150,0.3864,601.1,(-0.719, -1.399, -3.136),(66.962, 27.105, -4.907),False,False,False,True
248,42.6819,38.1476,0.0,150,0.3836,603.71,(1.388, -0.945, -3.502),(71.744, 29.976, -1.0),False,False,False,True
249,42.956,38.2972,0.0,150,0.3808,606.32,(1.488, -0.617, -3.967),(70.485, 29.959, -6.01),False,False,False,True
250,41.2807,38.9346,0.0,150,0.378,608.92,(1.277, 0.752, -2.793),(70.81, 26.701, -3.475),False,False,False,True
251,36.6368,38.2009,0.0,125,0.3757,611.11,(0.598, 1.055, -3.544),(68.28, 30.109, -7.311),False,True,False,False
252,40.6327,38.4113,0.0,94,0.3739,612.78,(0.536, 1.705, -3.218),(68.364, 28.752, -9.534),False,True,False,False
253,39.7012,38.4574,0.0,123,0.3716,614.97,(-0.68, -0.184, -2.674),(70.426, 31.45, -4.635),False,True,False,False
254,46.3586,38.8187,0.0,150,0.3689,617.57,(0.822, -0.888, -2.887),(71.213, 30.908, -7.567),False,False,False,True
255,40.655,39.9582,0.0,91,0.3672,619.16,(0.676, 0.384, -1.684),(72.093, 26.842, -1.742),False,True,False,False
256,36.6367,40.8127,0.0,111,0.3651,621.1,(0.474, 0.544, -4.745),(69.398, 31.032, -1.0),False,True,False,False
257,40.1153,40.7655,0.0,147,0.3624,623.65,(-0.638, 0.49, -4.481),(66.944, 28.374, -5.26),False,True,False,False
258,39.1827,40.4156,0.0,67,0.3611,624.87,(0.871, 0.831, -3.076),(71.08, 27.351, -1.024),False,True,False,False
259,36.015,39.7215,0.0,113,0.359,626.87,(0.607, -0.614, -4.295),(68.684, 27.102, -2.066),False,True,False,False
260,41.8638,39.7798,0.0,131,0.3566,629.12,(0.833, -0.755, -1.38),(71.923, 29.331, -1.0),False,True,False,False
# [03:32:14] [greedy-eval @ episode 260] success_rate=0.0% over 5 episodes
261,51.4214,41.2582,0.0,150,0.3538,637.71,(-0.417, 1.172, -1.92),(70.284, 29.594, -8.969),False,False,False,True
262,51.3171,42.3267,0.0,150,0.351,640.31,(0.442, 1.389, -2.387),(69.624, 28.528, -5.397),False,False,False,True
263,41.0726,42.4638,0.0,98,0.3492,642.05,(0.864, 1.548, -3.419),(70.254, 26.496, -1.927),False,True,False,False
264,56.0519,43.4331,0.0,150,0.3464,644.65,(1.113, -0.525, -2.921),(72.621, 31.111, -8.808),False,False,False,True
265,1.0867,39.4763,0.0,3,0.3463,644.77,(-0.123, 0.153, -1.912),(70.591, 31.124, -7.619),False,False,True,False
266,2.1887,36.0315,0.0,7,0.3462,644.95,(1.006, 0.369, -1.738),(69.086, 31.104, -6.718),False,False,True,False
267,1.4694,32.1669,0.0,4,0.3461,645.08,(0.715, 0.184, -1.388),(73.015, 30.147, -6.576),False,False,True,False
268,44.3479,32.6834,0.0,119,0.3439,647.17,(-0.629, 0.477, -4.258),(68.827, 30.988, -7.647),False,True,False,False
269,40.8276,33.1647,0.0,147,0.3412,649.74,(-1.087, 0.312, -4.262),(66.748, 33.282, -5.535),False,True,False,False
270,40.3677,33.0151,0.0,97,0.3394,651.46,(0.407, 1.736, -3.012),(71.019, 26.332, -2.866),False,True,False,False
271,45.2238,32.3953,0.0,75,0.338,652.81,(0.353, 1.402, -3.523),(69.955, 34.354, -5.229),False,True,False,False
272,10.2353,28.2872,0.0,16,0.3377,653.18,(1.207, 1.441, -2.38),(70.065, 34.347, -3.901),False,False,True,False
273,48.9756,29.0775,0.0,88,0.336,654.74,(-0.346, -0.377, -4.097),(67.867, 32.235, -7.948),False,True,False,False
274,38.7497,27.3472,0.0,133,0.3336,657.06,(1.157, 0.38, -2.61),(66.37, 28.501, -4.053),False,True,False,False
275,41.741,31.4127,0.0,87,0.3319,658.61,(0.797, -1.272, -2.952),(66.535, 26.751, -5.707),False,True,False,False
276,46.4376,35.8376,0.0,110,0.3299,660.57,(-0.142, 0.731, -3.491),(72.775, 33.771, -4.124),False,True,False,False
277,45.0702,40.1976,0.0,102,0.328,662.34,(-0.159, -0.235, -2.428),(74.335, 27.787, -5.446),False,True,False,False
278,5.3707,36.2999,0.0,11,0.3278,662.59,(-0.225, 1.092, -1.929),(69.7, 26.432, -2.108),False,False,True,False
279,48.2668,37.0438,0.0,99,0.326,664.34,(-0.462, 0.519, -4.253),(70.363, 31.586, -6.584),False,True,False,False
280,46.442,37.6513,0.0,82,0.3244,665.8,(0.63, -1.574, -2.289),(71.21, 28.823, -4.533),False,True,False,False
# [04:08:06] [greedy-eval @ episode 280] success_rate=0.0% over 5 episodes
281,32.0716,36.3361,0.0,52,0.3235,671.95,(-0.503, -1.57, -3.539),(71.261, 31.935, -4.73),False,True,False,False
282,5.4228,35.8548,0.0,10,0.3233,672.18,(-0.318, 0.535, -2.657),(66.094, 32.296, -4.541),False,False,True,False
283,0.1792,30.9752,0.0,3,0.3232,672.32,(0.686, -1.13, -1.889),(68.946, 27.228, -2.714),False,False,True,False
284,4.2068,27.5209,0.0,6,0.3231,672.51,(1.14, 0.415, -1.961),(68.106, 27.11, -3.252),False,False,True,False
285,45.6731,27.9141,0.0,75,0.3217,673.87,(0.695, -0.019, -3.533),(67.785, 31.509, -4.916),False,True,False,False
286,62.6931,29.5396,0.0,150,0.3189,676.47,(-0.059, -0.406, -4.0),(73.191, 33.079, -6.993),False,False,False,True
287,59.8949,31.0221,0.0,150,0.3161,679.07,(-0.206, -1.611, -3.383),(74.193, 30.312, -7.583),False,False,False,True
288,60.5348,36.5385,0.0,150,0.3133,681.72,(-0.529, 0.715, -3.289),(73.17, 26.943, -6.287),False,False,False,True
289,62.0948,37.9213,0.0,150,0.3105,684.32,(-0.349, -0.505, -4.674),(72.128, 30.544, -7.023),False,False,False,True
290,43.4699,37.6241,0.0,112,0.3085,686.29,(-0.714, 0.649, -3.172),(67.92, 28.345, -1.478),False,True,False,False
291,118.3221,46.2492,10.0,127,0.3061,688.51,(-0.903, -1.716, -2.869),(73.186, 29.401, -2.953),True,False,False,False
292,57.2314,51.43,10.0,150,0.3033,691.11,(-0.412, -0.584, -4.682),(67.345, 30.788, -8.848),False,False,False,True
293,57.8802,57.2001,10.0,150,0.3005,693.73,(0.772, -0.756, -4.08),(69.782, 28.602, -8.723),False,False,False,True
294,42.8616,61.0656,10.0,74,0.2991,695.07,(0.826, 1.12, -3.711),(68.311, 29.772, -5.919),False,True,False,False
295,42.2615,60.7244,10.0,93,0.2974,696.73,(-0.594, 0.536, -4.191),(67.548, 29.119, -6.651),False,True,False,False
296,6.8319,55.1383,10.0,11,0.2972,697.05,(0.379, -0.743, -3.224),(69.742, 26.648, -5.247),False,False,True,False
297,60.2299,55.1718,10.0,150,0.2944,699.68,(-0.949, 0.536, -4.176),(72.225, 29.134, -1.171),False,False,False,True
298,41.9318,53.3115,10.0,108,0.2924,701.58,(0.11, 0.634, -4.568),(67.984, 32.546, -3.046),False,True,False,False
299,64.0361,53.5056,10.0,150,0.2896,704.17,(1.083, -1.021, -1.767),(74.191, 31.654, -3.489),False,False,False,True
300,57.457,54.9043,10.0,150,0.2868,706.76,(-1.255, 0.338, -1.483),(70.371, 32.576, -7.06),False,False,False,True
# [04:50:45] [greedy-eval @ episode 300] success_rate=0.0% over 5 episodes
301,47.8998,47.8621,0.0,91,0.2851,715.22,(0.792, 0.685, -1.899),(66.037, 27.992, -7.11),False,True,False,False
302,45.4272,46.6817,0.0,138,0.2826,717.63,(0.605, 1.015, -3.46),(68.768, 30.52, -7.639),False,True,False,False
303,43.4791,45.2416,0.0,77,0.2811,718.98,(-0.928, -0.437, -1.766),(67.088, 29.315, -4.845),False,True,False,False
304,59.0722,46.8626,0.0,150,0.2783,721.57,(0.013, -0.022, -3.473),(67.155, 30.325, -5.357),False,False,False,True
305,47.3143,47.3679,0.0,75,0.2769,722.93,(-0.757, 0.992, -3.752),(68.581, 28.426, -6.344),False,True,False,False
306,60.2876,52.7135,0.0,150,0.2742,725.54,(1.111, 0.479, -3.089),(70.609, 28.582, -9.086),False,False,False,True
307,34.3445,50.125,0.0,49,0.2732,726.46,(-1.52, -1.035, -3.303),(72.167, 28.511, -1.833),False,True,False,False
308,45.0126,50.433,0.0,78,0.2718,727.85,(1.168, 0.992, -2.467),(69.431, 27.554, -5.281),False,True,False,False
309,66.0135,50.6308,0.0,150,0.269,730.46,(-0.229, -1.404, -3.149),(73.891, 31.232, -4.538),False,False,False,True
310,60.871,50.9722,0.0,150,0.2662,733.06,(-1.453, -0.301, -3.481),(72.034, 26.182, -5.858),False,False,False,True
311,59.5423,52.1364,0.0,150,0.2634,735.66,(-0.129, 1.505, -2.448),(70.475, 33.629, -7.141),False,False,False,True
312,44.0229,51.996,0.0,79,0.262,737.05,(1.148, 0.234, -1.691),(68.35, 27.302, -3.181),False,True,False,False
313,113.6821,59.0163,10.0,110,0.2599,738.95,(0.193, -1.117, -1.998),(68.125, 26.64, -6.817),True,False,False,False
314,115.4925,64.6583,20.0,106,0.2579,740.84,(0.636, 0.819, -4.249),(69.482, 29.223, -8.684),True,False,False,False
315,115.8459,71.5115,30.0,138,0.2554,743.24,(-1.461, -0.167, -2.026),(68.572, 32.016, -4.517),True,False,False,False
316,30.2801,68.5107,30.0,55,0.2543,744.25,(-0.267, 1.158, -2.368),(67.453, 29.97, -3.577),False,True,False,False
317,114.1381,76.4901,40.0,135,0.2518,746.57,(0.127, 0.164, -2.559),(70.428, 27.318, -4.585),True,False,False,False
318,56.7936,77.6682,40.0,150,0.249,749.15,(-0.03, -0.108, -2.819),(68.035, 32.943, -1.516),False,False,False,True
319,113.6896,82.4358,50.0,95,0.2473,750.83,(0.037, 1.575, -3.429),(67.488, 29.387, -5.423),True,False,False,False
320,117.3802,88.0867,60.0,147,0.2445,753.4,(0.187, 1.075, -4.08),(73.251, 32.667, -3.824),True,False,False,False
# [05:35:56] [greedy-eval @ episode 320] success_rate=40.0% over 5 episodes
321,115.1706,93.6496,70.0,115,0.2424,760.83,(1.4, -0.169, -2.507),(72.039, 28.261, -3.948),True,False,False,False
322,115.0577,100.753,80.0,138,0.2398,763.23,(-1.218, -1.05, -3.357),(67.748, 31.758, -8.744),True,False,False,False
323,60.1994,95.4048,70.0,150,0.237,765.83,(0.407, 0.161, -4.667),(71.947, 27.508, -3.025),False,False,False,True
324,65.8638,90.4419,60.0,150,0.2343,768.43,(0.358, 1.173, -1.947),(73.764, 29.456, -8.181),False,False,False,True
325,63.8084,85.2381,50.0,150,0.2315,771.02,(-1.002, 0.863, -2.12),(72.617, 32.362, -7.384),False,False,False,True
326,112.7188,93.482,60.0,136,0.2289,773.36,(0.303, -0.195, -1.204),(68.043, 31.447, -7.302),True,False,False,False
327,29.2613,84.9943,50.0,57,0.2279,774.41,(0.331, 0.825, -2.495),(71.828, 28.995, -2.486),False,True,False,False
328,62.4368,85.5587,50.0,150,0.2251,777.04,(0.933, -0.086, -3.605),(73.493, 28.33, -5.603),False,False,False,True
329,116.7628,85.866,50.0,110,0.223,778.97,(1.239, 1.161, -2.794),(71.876, 28.5, -8.711),True,False,False,False
330,40.636,78.1916,40.0,72,0.2217,780.28,(-1.257, 0.847, -2.96),(66.789, 30.189, -1.548),False,True,False,False
331,30.0393,69.6784,30.0,54,0.2207,781.28,(-0.909, 1.431, -3.565),(71.84, 31.189, -1.781),False,True,False,False
332,48.3836,63.011,20.0,86,0.2191,782.81,(-0.662, 0.147, -4.603),(70.486, 34.22, -3.357),False,True,False,False
333,62.0718,63.1983,20.0,150,0.2163,785.41,(-1.638, -0.622, -2.137),(70.486, 31.607, -7.259),False,False,False,True
334,60.4587,62.6578,20.0,150,0.2135,787.99,(0.592, -0.397, -2.101),(70.996, 34.432, -4.623),False,False,False,True
335,60.3071,62.3076,20.0,150,0.2107,790.6,(1.674, 0.16, -4.025),(71.926, 33.341, -4.749),False,False,False,True
336,60.9673,57.1325,10.0,150,0.2079,793.19,(0.661, -0.995, -1.932),(72.163, 32.946, -5.929),False,False,False,True
337,60.1317,60.2195,10.0,150,0.2051,795.81,(-0.876, -0.841, -3.94),(70.818, 33.563, -2.571),False,False,False,True
338,57.8833,59.7642,10.0,150,0.2023,798.42,(0.03, -1.433, -4.179),(66.42, 32.068, -3.607),False,False,False,True
339,31.5632,51.2442,0.0,45,0.2015,799.29,(-0.295, -0.98, -3.642),(69.26, 25.315, -4.578),False,True,False,False
340,116.1282,58.7934,10.0,115,0.2,801.3,(-1.466, -0.716, -2.361),(67.931, 26.079, -3.926),True,False,False,False
# [06:28:30] [greedy-eval @ episode 340] success_rate=20.0% over 5 episodes
341,29.6098,58.7505,10.0,46,0.2,812.27,(0.367, -0.474, -3.025),(69.954, 26.548, -1.572),False,True,False,False
342,45.547,58.4668,10.0,85,0.2,813.79,(1.213, -1.204, -2.841),(71.74, 28.639, -1.654),False,True,False,False
343,29.3887,55.1985,10.0,41,0.2,814.57,(1.347, 0.624, -2.19),(73.513, 30.169, -1.885),False,True,False,False
344,62.618,55.4144,10.0,150,0.2,817.14,(0.566, 0.904, -1.314),(72.796, 31.607, -1.868),False,False,False,True
345,61.6062,55.5443,10.0,150,0.2,819.76,(-0.889, -0.747, -4.577),(71.598, 30.942, -7.018),False,False,False,True
346,58.8839,55.336,10.0,150,0.2,822.38,(0.86, -0.743, -3.895),(68.112, 30.871, -7.582),False,False,False,True
347,59.8139,55.3042,10.0,150,0.2,825.0,(-0.744, 0.407, -3.006),(67.987, 32.505, -2.512),False,False,False,True
348,27.6453,52.2804,10.0,50,0.2,825.94,(1.0, 1.655, -3.475),(66.08, 28.943, -3.644),False,True,False,False
349,61.6303,55.2871,10.0,150,0.2,828.54,(-1.239, -0.844, -2.745),(66.979, 29.883, -8.016),False,False,False,True
350,29.7577,46.6501,0.0,48,0.2,829.43,(1.38, -0.352, -1.856),(67.674, 31.906, -4.048),False,True,False,False
351,117.5997,55.4491,10.0,148,0.2,831.97,(-0.159, 0.251, -2.677),(70.991, 32.572, -8.798),True,False,False,False
352,32.6844,54.1628,10.0,51,0.2,832.93,(-1.271, -0.615, -3.572),(71.826, 30.617, -1.12),False,True,False,False
353,115.8414,62.8081,20.0,107,0.2,834.8,(-0.484, -0.135, -3.693),(67.463, 30.063, -8.69),True,False,False,False
354,31.3772,59.684,20.0,57,0.2,835.87,(0.155, -1.146, -3.762),(72.201, 32.801, -3.261),False,True,False,False
355,48.6455,58.3879,20.0,69,0.2,837.12,(-1.168, 0.515, -2.929),(71.182, 34.089, -3.252),False,True,False,False
356,45.333,57.0328,20.0,69,0.2,838.37,(-1.562, 1.18, -3.103),(68.634, 30.802, -3.684),False,True,False,False
357,64.0216,57.4536,20.0,150,0.2,840.97,(-0.049, -0.177, -4.479),(73.58, 28.647, -5.354),False,False,False,True
358,31.6549,57.8546,20.0,65,0.2,842.15,(0.56, -0.854, -3.031),(70.198, 28.64, -1.554),False,True,False,False
359,35.3219,55.2237,20.0,60,0.2,843.26,(-1.743, 0.697, -2.998),(72.438, 27.983, -3.875),False,True,False,False
360,46.6225,56.9102,20.0,83,0.2,844.75,(-0.511, 0.57, -4.028),(67.552, 32.624, -2.734),False,True,False,False
# [07:09:30] [greedy-eval @ episode 360] success_rate=0.0% over 5 episodes
361,121.4866,57.2989,20.0,100,0.2,854.15,(-0.508, -1.096, -1.835),(72.749, 30.346, -8.609),True,False,False,False
362,64.5996,60.4904,20.0,150,0.2,856.77,(-0.192, 1.243, -4.302),(68.788, 34.376, -5.772),False,False,False,True
363,31.1533,52.0216,10.0,52,0.2,857.7,(0.105, 0.269, -2.708),(68.912, 32.082, -1.841),False,True,False,False
364,119.5324,60.8371,20.0,98,0.2,859.44,(-1.333, -1.085, -2.723),(67.965, 32.673, -7.047),True,False,False,False
365,121.9286,68.1655,30.0,142,0.2,861.91,(-0.865, -1.028, -3.35),(73.195, 30.198, -5.032),True,False,False,False
366,32.3622,66.8684,30.0,52,0.2,862.88,(-1.586, 0.803, -3.139),(66.13, 31.168, -3.205),False,True,False,False
367,117.6606,72.2323,40.0,148,0.2,865.42,(0.563, -0.866, -1.82),(70.314, 33.412, -4.734),True,False,False,False
368,115.5534,80.6221,50.0,140,0.2,867.82,(-0.837, 0.12, -2.351),(70.585, 30.881, -7.316),True,False,False,False
369,114.545,88.5444,60.0,137,0.2,870.22,(-0.126, 0.799, -2.86),(69.313, 31.416, -3.306),True,False,False,False
370,36.2836,87.5105,60.0,54,0.2,871.21,(-1.248, -0.72, -2.548),(68.338, 33.611, -7.046),False,True,False,False
371,38.7321,79.2351,50.0,60,0.2,872.32,(-1.552, -0.589, -3.631),(72.145, 27.544, -4.728),False,True,False,False
372,31.8814,75.9632,50.0,50,0.2,873.26,(1.0, 0.671, -3.64),(66.268, 31.531, -4.553),False,True,False,False
373,31.7451,76.0224,50.0,53,0.2,874.24,(0.39, 1.234, -2.306),(71.463, 26.017, -2.416),False,True,False,False
374,116.7062,75.7398,50.0,130,0.2,876.5,(0.752, 0.262, -4.552),(69.729, 34.51, -5.124),True,False,False,False
375,32.1808,66.765,40.0,58,0.2,877.56,(-1.047, 0.968, -1.985),(67.523, 30.396, -3.978),False,True,False,False
376,32.138,66.7426,40.0,44,0.2,878.39,(-0.894, -0.915, -1.978),(73.112, 32.453, -7.455),False,True,False,False
377,33.2134,58.2979,30.0,55,0.2,879.41,(-0.876, -1.397, -3.262),(74.333, 28.583, -5.08),False,True,False,False
378,30.6183,49.8044,20.0,51,0.2,880.37,(0.027, 0.565, -3.035),(68.205, 27.158, -4.221),False,True,False,False
379,34.5745,41.8073,10.0,53,0.2,881.35,(-0.582, -1.007, -2.477),(69.783, 26.299, -2.238),False,True,False,False
380,30.497,41.2287,10.0,49,0.2,882.25,(0.056, -0.437, -4.073),(73.173, 29.876, -2.216),False,True,False,False
# [07:45:28] [greedy-eval @ episode 380] success_rate=0.0% over 5 episodes
381,113.6319,48.7187,20.0,101,0.2,890.15,(0.568, 0.604, -2.951),(66.317, 31.193, -5.075),True,False,False,False
382,41.7544,49.706,20.0,64,0.2,891.34,(-0.726, 0.658, -4.118),(67.079, 28.516, -2.081),False,True,False,False
383,32.8239,49.8139,20.0,58,0.2,892.41,(-1.508, 0.043, -2.203),(67.025, 28.593, -4.385),False,True,False,False
384,117.3488,49.8781,20.0,136,0.2,894.78,(1.5, -1.025, -2.901),(71.23, 31.341, -5.428),True,False,False,False
385,31.1317,49.7732,20.0,53,0.2,895.76,(-1.272, 1.155, -3.433),(72.621, 29.131, -2.11),False,True,False,False
386,30.5925,49.6186,20.0,54,0.2,896.77,(0.337, -1.551, -4.094),(68.851, 25.755, -4.636),False,True,False,False
387,120.3928,58.3366,30.0,106,0.2,898.63,(-0.173, -0.097, -3.89),(72.395, 32.773, -5.876),True,False,False,False
388,117.3412,67.0089,40.0,128,0.2,900.87,(0.521, 1.641, -3.13),(71.781, 33.272, -4.965),True,False,False,False
389,65.5271,70.1041,40.0,150,0.2,903.47,(-1.01, 0.871, -1.682),(72.116, 26.401, -6.958),False,False,False,True
390,113.5443,78.4088,50.0,85,0.2,904.97,(0.858, -0.751, -2.286),(65.544, 29.729, -7.069),True,False,False,False
391,119.1408,78.9597,50.0,92,0.2,906.63,(-0.585, 0.607, -3.915),(71.519, 27.612, -5.462),True,False,False,False
392,109.6405,85.7483,60.0,146,0.2,909.17,(1.006, 1.066, -3.832),(66.476, 31.689, -3.521),True,False,False,False
393,29.774,85.4434,60.0,58,0.2,910.21,(0.624, 0.385, -1.487),(65.768, 30.003, -6.062),False,True,False,False
394,29.9036,76.6988,50.0,54,0.2,911.17,(-0.225, 0.462, -1.996),(71.23, 30.506, -2.369),False,True,False,False
395,29.6733,76.553,50.0,57,0.2,912.23,(-0.59, 1.177, -3.759),(73.431, 28.249, -7.511),False,True,False,False
396,119.4569,85.4394,60.0,100,0.2,914.01,(1.211, -0.541, -3.959),(73.858, 28.948, -2.255),True,False,False,False
397,61.0536,79.5055,50.0,150,0.2,916.58,(-0.651, -0.352, -1.574),(71.446, 30.477, -1.0),False,False,False,True
398,115.8613,79.3575,50.0,107,0.2,918.44,(-0.499, -0.429, -2.283),(68.855, 30.773, -3.826),True,False,False,False
399,116.0733,84.4122,60.0,84,0.2,919.94,(-0.456, -0.383, -4.401),(67.498, 27.31, -8.073),True,False,False,False
400,114.7647,84.5342,60.0,138,0.2,922.34,(1.342, -0.002, -2.97),(71.063, 29.534, -6.103),True,False,False,False
# [08:23:57] [greedy-eval @ episode 400] success_rate=20.0% over 5 episodes
401,29.5115,75.5713,50.0,48,0.2,927.76,(1.139, -0.012, -4.051),(66.748, 31.401, -4.429),False,True,False,False
402,30.948,67.702,40.0,54,0.2,928.76,(0.924, 0.662, -3.082),(69.983, 28.15, -3.795),False,True,False,False
403,49.4411,69.6687,40.0,70,0.2,930.03,(-0.706, -1.112, -3.455),(65.558, 28.504, -4.068),False,True,False,False
404,115.1658,78.195,50.0,81,0.2,931.48,(1.872, -0.426, -3.293),(67.373, 32.493, -4.199),True,False,False,False
405,117.6983,86.9975,60.0,147,0.2,934.0,(0.589, 0.881, -2.078),(73.747, 30.296, -6.976),True,False,False,False
406,121.7146,87.2232,60.0,92,0.2,935.65,(-1.032, -0.455, -4.046),(70.403, 34.018, -5.708),True,False,False,False
407,119.1939,93.0373,70.0,91,0.2,937.27,(0.085, 1.948, -2.861),(70.298, 33.962, -4.789),True,False,False,False
408,116.682,93.1193,70.0,95,0.2,938.97,(-0.152, 0.987, -3.473),(70.327, 26.142, -5.697),True,False,False,False
409,112.6119,92.7732,70.0,122,0.2,941.13,(0.917, 0.667, -4.519),(69.631, 26.287, -5.19),True,False,False,False
410,117.7478,93.0715,70.0,92,0.2,942.77,(1.241, -1.359, -2.996),(69.719, 30.809, -9.886),True,False,False,False
411,113.1077,101.4311,80.0,146,0.2,945.3,(-0.576, 1.308, -2.559),(68.205, 31.771, -3.555),True,False,False,False
412,61.3121,104.4675,80.0,150,0.2,947.9,(0.671, -0.103, -4.398),(71.495, 27.098, -4.023),False,False,False,True
413,59.6384,105.4872,80.0,150,0.2,950.5,(1.281, -0.967, -2.681),(70.871, 33.617, -7.518),False,False,False,True
414,47.6713,98.7378,70.0,77,0.2,951.88,(-0.028, 0.587, -4.9),(69.105, 27.579, -2.578),False,True,False,False
415,115.4292,98.5109,70.0,84,0.2,953.41,(0.854, 0.085, -3.85),(67.326, 29.706, -3.257),True,False,False,False
416,114.88,97.8274,70.0,87,0.2,954.96,(1.579, 0.206, -3.083),(67.728, 30.878, -8.915),True,False,False,False
417,119.3853,97.8466,70.0,130,0.2,957.24,(-1.429, -0.254, -3.942),(71.572, 31.432, -4.378),True,False,False,False
418,121.3973,98.3181,70.0,87,0.2,958.78,(-0.409, -1.593, -2.624),(72.759, 30.922, -4.032),True,False,False,False
419,115.668,98.6237,70.0,100,0.2,960.54,(-0.199, 0.112, -3.478),(68.918, 29.663, -6.191),True,False,False,False
420,113.4327,98.1922,70.0,73,0.2,961.86,(1.585, 0.252, -2.813),(66.133, 31.343, -6.38),True,False,False,False
# [09:05:35] [greedy-eval @ episode 420] success_rate=60.0% over 5 episodes
421,8.2483,87.7063,60.0,11,0.2,968.75,(-0.672, -1.631, -3.06),(67.232, 27.407, -5.771),False,False,True,False
422,11.5074,82.7258,60.0,16,0.2,969.13,(-0.699, -0.844, -3.85),(69.16, 30.76, -3.285),False,False,True,False
423,118.5494,88.6169,70.0,103,0.2,970.96,(-0.948, 1.351, -3.864),(70.571, 30.396, -5.16),True,False,False,False
424,113.3288,95.1826,80.0,138,0.2,973.36,(0.993, -1.696, -3.04),(69.126, 29.931, -9.644),True,False,False,False
425,118.55,95.4947,80.0,101,0.2,975.15,(-1.444, 0.242, -3.124),(69.879, 29.427, -6.25),True,False,False,False
426,121.6053,96.1673,80.0,108,0.2,977.06,(-1.565, 0.669, -4.011),(73.182, 32.651, -5.784),True,False,False,False
427,114.3066,95.6594,80.0,119,0.2,979.14,(0.94, -0.806, -2.313),(68.683, 30.848, -4.457),True,False,False,False
428,119.353,95.455,80.0,100,0.2,980.9,(-0.249, 0.855, -2.711),(71.073, 32.575, -1.883),True,False,False,False
429,59.2213,89.8103,70.0,150,0.2,983.54,(0.821, -0.204, -3.33),(66.446, 32.206, -7.151),False,False,False,True
430,119.148,90.3818,70.0,100,0.2,985.28,(0.301, 0.789, -1.724),(70.908, 33.584, -6.584),True,False,False,False
431,117.7594,101.3329,80.0,85,0.2,986.8,(1.443, -0.457, -3.212),(71.612, 26.824, -2.623),True,False,False,False
432,113.8745,111.5696,90.0,109,0.2,988.71,(-0.262, 0.417, -4.807),(67.288, 30.197, -5.813),True,False,False,False
433,117.8796,111.5027,90.0,104,0.2,990.57,(0.944, -0.461, -3.795),(71.823, 30.18, -4.953),True,False,False,False
434,119.2414,112.0939,90.0,95,0.2,992.25,(-0.859, -1.026, -3.129),(70.103, 28.637, -8.619),True,False,False,False
435,61.1763,106.3565,80.0,150,0.2,994.87,(-0.82, 0.127, -2.97),(69.461, 26.99, -3.489),False,False,False,True
436,118.641,106.0601,80.0,88,0.2,996.48,(-0.503, -0.683, -3.329),(68.12, 32.177, -8.453),True,False,False,False
437,113.7845,106.0079,80.0,97,0.2,998.21,(0.295, 0.782, -2.965),(67.989, 28.372, -4.139),True,False,False,False
438,118.3121,105.9038,80.0,91,0.2,999.83,(0.704, -1.733, -3.082),(70.441, 31.575, -7.729),True,False,False,False
439,122.5629,112.238,90.0,83,0.2,1001.31,(-1.428, -0.699, -2.679),(72.419, 30.862, -1.185),True,False,False,False
440,60.5021,106.3734,80.0,135,0.2,1003.66,(0.32, -1.818, -2.25),(68.391, 30.383, -1.516),False,False,True,False
# [09:46:41] [greedy-eval @ episode 440] success_rate=80.0% over 5 episodes
441,116.0421,106.2016,80.0,107,0.2,1011.46,(0.469, 1.382, -3.9),(70.934, 27.745, -8.801),True,False,False,False
442,119.9196,106.8061,80.0,84,0.2,1012.97,(1.276, 0.032, -3.651),(71.588, 33.16, -5.929),True,False,False,False
443,48.7664,99.8948,70.0,71,0.2,1014.24,(-0.391, -1.23, -1.896),(68.853, 30.506, -1.855),False,True,False,False
444,122.4667,100.2174,70.0,105,0.2,1016.1,(-0.864, -0.869, -3.117),(74.588, 28.943, -6.63),True,False,False,False
445,64.3126,100.531,70.0,150,0.2,1018.69,(-0.05, 0.259, -2.953),(70.822, 30.956, -1.0),False,False,False,True
446,48.7173,93.5386,60.0,70,0.2,1019.96,(-0.982, -0.143, -3.153),(68.952, 25.863, -5.85),False,True,False,False
447,31.6351,85.3237,50.0,50,0.2,1020.92,(-1.031, -0.337, -4.346),(72.1, 31.181, -1.312),False,True,False,False
448,48.6585,78.3583,40.0,79,0.2,1022.34,(-1.183, -0.858, -3.945),(66.673, 28.273, -3.311),False,True,False,False
449,44.223,70.5243,30.0,70,0.2,1023.62,(1.054, 0.789, -4.125),(70.745, 25.921, -2.551),False,True,False,False
450,57.6464,70.2388,30.0,150,0.2,1026.19,(-0.626, -0.439, -2.206),(67.758, 31.355, -1.889),False,False,False,True
# [10:03:19] Training complete. 450 episodes in 1026.2 min. Final avg reward (last 10): 70.24. Final success rate (last 10): 30.0%.
