# run_name: blocks_basemodel_v2_nodepth
# timestamp: 20260915_125208
# ---- config ----
# goal_position: (20, 30, -5)
# start_position: (0, 0, -3)
# randomize_positions: True
# start_jitter_radius: 2.0
# goal_jitter_radius: 5.0
# max_episode_steps: 150
# dt: 0.5
# speed: 2.0
# state_dim: 15
# action_dim: 27
# lr: 0.0001
# gamma: 0.99
# buffer_capacity: 1000000
# batch_size: 32
# epsilon_start: 1.0
# epsilon_end: 0.2
# epsilon_decay_steps: 43000
# target_update_freq: 250
# use_double: True
# use_dueling: True
# ----------------
episode,reward,avg10,success_rate10,steps,epsilon,elapsed_min,start_position,goal_position,is_success,is_crash,is_out_of_bounds,is_timeout
1,-24.8089,-24.8089,0.0,150,0.9978,2.61,(-1.365, 0.484, -3.977),(20.535, 30.947, -9.121),False,False,False,True
2,-24.5097,-24.6593,0.0,150,0.995,5.23,(-0.217, 0.985, -4.635),(21.771, 29.169, -8.338),False,False,False,True
3,-9.0084,-19.4423,0.0,150,0.9922,7.84,(0.938, -1.583, -3.681),(20.994, 34.168, -4.846),False,False,False,True
4,-31.3609,-22.422,0.0,150,0.9894,10.45,(-0.388, 1.846, -3.51),(20.389, 28.458, -7.0),False,False,False,True
5,-1.6668,-18.2709,0.0,8,0.9893,10.68,(-1.382, 0.978, -2.326),(18.633, 29.423, -2.474),False,False,True,False
6,-14.0558,-17.5684,0.0,150,0.9865,13.29,(-1.454, -0.82, -4.051),(24.356, 31.494, -3.076),False,False,False,True
7,-0.8646,-15.1822,0.0,4,0.9864,13.42,(0.138, 0.331, -2.345),(22.573, 30.787, -5.881),False,False,True,False
8,-10.5816,-14.6071,0.0,150,0.9836,16.03,(1.427, -0.996, -3.007),(24.354, 27.96, -6.241),False,False,False,True
9,-38.6696,-17.2807,0.0,150,0.9808,18.63,(1.19, -0.694, -3.069),(21.308, 30.156, -7.346),False,False,False,True
10,-3.0614,-15.8588,0.0,4,0.9807,18.79,(-1.214, -0.67, -2.019),(16.348, 27.508, -7.267),False,False,True,False
11,-4.2089,-13.7988,0.0,12,0.9805,19.09,(0.34, -1.643, -2.178),(19.172, 26.558, -2.777),False,False,True,False
12,-27.2667,-14.0745,0.0,150,0.9777,21.68,(0.449, 0.195, -3.925),(20.153, 27.007, -2.364),False,False,False,True
13,-13.8425,-14.5579,0.0,150,0.9749,24.25,(-0.328, 0.812, -1.459),(24.475, 30.589, -5.527),False,False,False,True
14,-10.8909,-12.5109,0.0,150,0.9721,26.87,(0.145, 1.301, -4.27),(22.806, 29.172, -7.297),False,False,False,True
15,-16.3109,-13.9753,0.0,150,0.9694,29.47,(-1.043, 1.154, -2.801),(21.337, 30.08, -1.981),False,False,False,True
16,-2.4433,-12.814,0.0,44,0.9685,30.3,(1.158, -1.098, -2.359),(22.425, 31.639, -4.574),False,False,True,False
17,0.7422,-12.6534,0.0,4,0.9685,30.43,(0.851, 0.603, -2.121),(19.567, 31.295, -1.631),False,False,True,False
18,-15.4309,-13.1383,0.0,150,0.9657,33.04,(0.316, 1.612, -2.898),(19.761, 30.207, -4.939),False,False,False,True
19,-7.8293,-10.0543,0.0,150,0.9629,35.64,(0.355, -1.612, -2.024),(22.796, 28.262, -6.867),False,False,False,True
20,-28.7495,-12.6231,0.0,150,0.9601,38.25,(0.733, -0.417, -4.34),(18.779, 31.649, -5.257),False,False,False,True
# [13:31:56] [greedy-eval @ episode 20] success_rate=0.0% over 5 episodes
21,-9.3718,-13.1394,0.0,150,0.9573,42.38,(-1.114, 0.337, -4.421),(20.648, 30.72, -3.52),False,False,False,True
22,-20.0794,-12.4206,0.0,150,0.9545,44.99,(-1.159, 1.318, -3.706),(17.084, 27.143, -5.383),False,False,False,True
23,-24.9079,-13.5272,0.0,150,0.9517,47.59,(-1.533, 0.889, -3.105),(18.576, 27.878, -2.595),False,False,False,True
24,0.0714,-12.4309,0.0,150,0.9489,50.19,(-0.249, -0.447, -4.785),(21.663, 31.051, -6.618),False,False,False,True
25,-8.0755,-11.6074,0.0,150,0.9461,52.79,(0.109, 0.473, -4.078),(22.892, 30.392, -1.977),False,False,False,True
26,-15.8304,-12.9461,0.0,150,0.9433,55.4,(-0.024, 1.575, -3.684),(15.503, 30.72, -5.285),False,False,False,True
27,-13.1121,-14.3315,0.0,150,0.9406,57.97,(0.227, 0.519, -2.378),(18.038, 26.431, -2.947),False,False,False,True
28,-28.7582,-15.6643,0.0,116,0.9384,60.0,(-0.046, 0.248, -4.848),(18.394, 26.389, -7.988),False,False,True,False
29,-3.943,-15.2756,0.0,150,0.9356,62.62,(-0.953, -0.715, -4.379),(22.398, 28.242, -6.242),False,False,False,True
30,-4.9103,-12.8917,0.0,150,0.9328,65.21,(-0.187, -0.117, -3.671),(19.762, 33.052, -7.983),False,False,False,True
31,-16.6925,-13.6238,0.0,150,0.93,67.82,(-0.303, 0.783, -2.933),(20.191, 30.264, -9.314),False,False,False,True
32,-12.9257,-12.9084,0.0,150,0.9272,70.42,(-0.294, 1.521, -2.577),(22.569, 29.662, -5.509),False,False,False,True
33,-7.1502,-11.1327,0.0,150,0.9244,73.04,(-0.358, 1.226, -3.986),(18.583, 30.135, -3.048),False,False,False,True
34,-17.0243,-12.8422,0.0,150,0.9217,75.65,(-0.621, 0.102, -3.324),(19.208, 26.226, -2.753),False,False,False,True
35,-12.6245,-13.2971,0.0,150,0.9189,78.26,(-0.12, 0.886, -4.771),(15.964, 30.129, -2.709),False,False,False,True
36,0.3882,-11.6753,0.0,3,0.9188,78.41,(1.217, 1.217, -2.667),(23.342, 28.126, -8.065),False,False,True,False
37,-19.1213,-12.2762,0.0,150,0.916,81.01,(0.754, 0.66, -2.961),(20.399, 33.44, -5.637),False,False,False,True
38,-12.0873,-10.6091,0.0,150,0.9132,83.61,(-1.364, 0.078, -2.178),(20.31, 28.794, -7.498),False,False,False,True
39,5.6221,-9.6526,0.0,150,0.9104,86.2,(0.198, 0.485, -3.809),(23.874, 27.471, -5.856),False,False,False,True
40,-20.045,-11.1661,0.0,150,0.9076,88.81,(-0.397, -0.838, -3.144),(22.072, 33.041, -3.089),False,False,False,True
# [14:24:17] [greedy-eval @ episode 40] success_rate=0.0% over 5 episodes
41,1.2979,-9.367,0.0,150,0.9049,94.71,(-1.613, 0.9, -2.864),(20.111, 27.682, -2.611),False,False,False,True
42,2.1412,-7.8603,0.0,150,0.9021,97.31,(0.306, -0.497, -4.386),(22.373, 29.717, -6.142),False,False,False,True
43,-18.8381,-9.0291,0.0,150,0.8993,99.93,(-0.978, -0.959, -4.125),(21.079, 27.48, -6.163),False,False,False,True
44,14.9801,-5.8287,0.0,150,0.8965,102.5,(0.254, 0.966, -1.935),(22.242, 29.821, -8.815),False,False,False,True
45,-16.2058,-6.1868,0.0,150,0.8937,105.1,(0.745, 0.256, -4.56),(18.01, 29.991, -8.509),False,False,False,True
46,1.3546,-6.0902,0.0,150,0.8909,107.7,(0.585, 1.102, -2.852),(15.325, 30.086, -5.541),False,False,False,True
47,-12.9974,-5.4778,0.0,150,0.8881,110.27,(-0.24, -0.575, -1.522),(16.461, 26.85, -4.316),False,False,False,True
48,-14.1341,-5.6824,0.0,150,0.8853,112.87,(-0.671, 1.559, -2.047),(21.581, 32.234, -5.678),False,False,False,True
49,-9.239,-7.1686,0.0,150,0.8825,115.44,(-0.388, 0.91, -1.559),(17.013, 29.498, -8.643),False,False,False,True
50,-13.4365,-6.5077,0.0,150,0.8797,118.05,(-0.1, -1.18, -3.238),(21.853, 28.928, -1.0),False,False,False,True
51,-12.6201,-7.8995,0.0,150,0.8769,120.65,(0.45, 1.481, -3.336),(17.577, 32.475, -3.531),False,False,False,True
52,-11.2667,-9.2403,0.0,150,0.8742,123.26,(1.177, 0.627, -3.47),(16.029, 29.664, -2.806),False,False,False,True
53,75.9542,0.2389,10.0,120,0.8719,125.35,(0.254, -1.555, -2.251),(21.508, 30.752, -2.497),True,False,False,False
54,-23.2392,-3.583,10.0,150,0.8691,127.96,(-0.715, -0.941, -3.439),(20.762, 30.003, -5.571),False,False,False,True
55,-8.6357,-2.826,10.0,150,0.8663,130.58,(-0.794, 0.08, -2.765),(16.795, 28.458, -2.553),False,False,False,True
56,8.0752,-2.1539,10.0,150,0.8636,133.18,(0.486, 0.757, -2.949),(20.804, 33.306, -3.758),False,False,False,True
57,2.7683,-0.5774,10.0,150,0.8608,135.77,(-0.071, -1.501, -1.749),(17.054, 27.008, -5.29),False,False,False,True
58,-10.5766,-0.2216,10.0,150,0.858,138.34,(-0.733, 0.58, -2.155),(19.146, 27.595, -2.913),False,False,False,True
59,-13.8339,-0.6811,10.0,150,0.8552,140.95,(1.078, -1.366, -2.956),(22.59, 32.822, -4.482),False,False,False,True
60,0.3495,0.6975,10.0,150,0.8524,143.56,(1.251, 0.46, -3.741),(22.675, 29.376, -4.611),False,False,False,True
# [15:27:00] [greedy-eval @ episode 60] success_rate=0.0% over 5 episodes
61,8.083,2.7678,10.0,150,0.8496,157.45,(0.032, 1.161, -4.081),(19.43, 31.021, -4.239),False,False,False,True
62,6.1453,4.509,10.0,150,0.8468,160.08,(0.898, 0.361, -3.837),(21.033, 28.173, -5.147),False,False,False,True
63,2.6015,-2.8263,0.0,150,0.844,162.69,(-1.589, -0.537, -4.026),(19.075, 34.242, -2.586),False,False,False,True
64,-3.6647,-0.8688,0.0,150,0.8412,165.29,(-1.522, 0.58, -2.86),(20.238, 30.867, -1.0),False,False,False,True
65,-8.0165,-0.8069,0.0,150,0.8384,167.91,(-0.639, -0.862, -3.71),(22.131, 30.269, -4.311),False,False,False,True
66,4.8148,-1.1329,0.0,150,0.8356,170.52,(1.451, 0.839, -3.295),(16.589, 27.88, -5.378),False,False,False,True
67,5.7585,-0.8339,0.0,150,0.8329,173.12,(-1.644, -0.835, -2.252),(16.927, 28.959, -5.584),False,False,False,True
68,4.4458,0.6683,0.0,150,0.8301,175.72,(-0.256, 1.016, -2.868),(19.201, 26.25, -7.693),False,False,False,True
69,-1.0907,1.9426,0.0,150,0.8273,178.29,(-0.888, 0.327, -2.118),(24.648, 31.208, -5.55),False,False,False,True
70,17.8769,3.6954,0.0,150,0.8245,180.89,(-1.403, 0.36, -2.78),(21.924, 29.986, -5.051),False,False,False,True
71,8.221,3.7092,0.0,150,0.8217,183.46,(-0.857, 0.187, -2.413),(19.453, 32.719, -6.052),False,False,False,True
72,-9.5016,2.1445,0.0,150,0.8189,186.06,(-1.356, -0.906, -2.523),(15.34, 29.184, -5.236),False,False,False,True
73,5.5149,2.4358,0.0,150,0.8161,188.67,(-0.136, 1.749, -2.652),(19.083, 27.586, -2.122),False,False,False,True
74,-5.4935,2.253,0.0,150,0.8133,191.27,(-0.159, -1.153, -2.938),(21.17, 33.292, -5.886),False,False,False,True
75,5.5787,3.6125,0.0,150,0.8105,193.86,(0.726, 1.066, -1.839),(19.676, 28.603, -1.008),False,False,False,True
76,17.7162,4.9026,0.0,150,0.8077,196.47,(0.446, 1.663, -2.969),(24.299, 30.578, -3.916),False,False,False,True
77,-1.0077,4.226,0.0,150,0.8049,199.07,(0.302, -1.387, -3.074),(19.03, 30.403, -4.275),False,False,False,True
78,-0.1252,3.7689,0.0,150,0.8022,201.64,(0.531, 0.034, -1.109),(18.096, 30.451, -1.625),False,False,False,True
79,-5.3349,3.3445,0.0,150,0.7994,204.24,(0.133, -0.872, -2.533),(24.222, 28.457, -6.849),False,False,False,True
80,2.4418,1.801,0.0,150,0.7966,206.84,(1.323, -0.003, -1.655),(23.814, 30.167, -2.152),False,False,False,True
# [16:24:16] [greedy-eval @ episode 80] success_rate=60.0% over 5 episodes
81,7.19,1.6979,0.0,150,0.7938,214.67,(0.892, 0.397, -2.157),(21.528, 29.225, -8.49),False,False,False,True
82,0.566,2.7046,0.0,150,0.791,217.27,(-0.404, 0.035, -3.874),(20.167, 27.186, -8.006),False,False,False,True
83,10.9832,3.2515,0.0,150,0.7882,219.86,(-0.946, -0.926, -1.709),(20.191, 34.356, -4.968),False,False,False,True
84,9.4941,4.7502,0.0,150,0.7854,222.46,(-0.16, 0.94, -2.693),(22.49, 33.343, -2.344),False,False,False,True
85,12.0812,5.4005,0.0,150,0.7826,225.03,(0.02, 0.291, -1.938),(19.828, 33.323, -6.128),False,False,False,True
86,6.942,4.323,0.0,150,0.7798,227.63,(1.693, -0.461, -2.745),(20.287, 27.855, -2.948),False,False,False,True
87,12.5056,5.6744,0.0,126,0.7775,229.85,(0.872, 0.487, -3.389),(16.122, 30.736, -5.563),False,False,True,False
88,-5.2221,5.1647,0.0,150,0.7747,232.45,(-1.843, 0.275, -3.146),(17.433, 29.832, -1.675),False,False,False,True
89,3.7817,6.0763,0.0,150,0.7719,235.06,(0.171, 1.282, -3.545),(19.497, 27.587, -5.139),False,False,False,True
90,18.4212,7.6743,0.0,150,0.7691,237.67,(-1.259, -1.063, -2.858),(17.621, 28.163, -8.115),False,False,False,True
91,9.3462,7.8899,0.0,150,0.7663,240.26,(0.001, -0.547, -3.69),(19.848, 30.524, -9.489),False,False,False,True
92,16.0843,9.4417,0.0,150,0.7635,242.86,(-0.03, 1.502, -2.123),(23.949, 30.743, -3.597),False,False,False,True
93,4.8451,8.8279,0.0,150,0.7607,245.47,(-0.027, 1.81, -2.462),(21.786, 30.843, -8.945),False,False,False,True
94,4.6291,8.3414,0.0,150,0.758,248.04,(-0.164, 1.144, -1.977),(19.589, 27.789, -6.566),False,False,False,True
95,0.1068,7.144,0.0,24,0.7575,248.5,(0.696, -0.404, -1.809),(16.975, 33.877, -5.737),False,False,True,False
96,5.3182,6.9816,0.0,150,0.7547,251.13,(0.154, 1.016, -4.3),(16.725, 26.405, -4.653),False,False,False,True
97,11.3257,6.8636,0.0,150,0.7519,253.75,(0.89, 1.187, -4.107),(19.937, 31.536, -4.386),False,False,False,True
98,11.6883,8.5547,0.0,53,0.7509,254.74,(0.776, 0.353, -4.109),(15.47, 28.666, -5.998),False,False,True,False
99,18.7924,10.0557,0.0,150,0.7481,257.31,(0.562, -0.009, -1.102),(19.515, 31.707, -9.26),False,False,False,True
100,6.7045,8.8841,0.0,150,0.7454,259.91,(1.078, 0.023, -2.418),(19.962, 29.647, -9.523),False,False,False,True
# [17:13:27] [greedy-eval @ episode 100] success_rate=0.0% over 5 episodes
101,71.6176,15.1112,10.0,129,0.743,263.53,(-1.547, 0.907, -3.81),(21.247, 27.004, -3.923),True,False,False,False
102,23.386,15.8414,10.0,150,0.7402,266.14,(0.275, -1.687, -2.532),(24.188, 30.476, -7.503),False,False,False,True
103,11.247,16.4816,10.0,150,0.7374,268.76,(-0.493, 1.282, -3.921),(20.823, 28.916, -3.897),False,False,False,True
104,19.0593,17.9246,10.0,150,0.7346,271.38,(0.991, 0.293, -3.929),(21.059, 33.975, -7.034),False,False,False,True
105,13.0541,19.2193,10.0,117,0.7324,273.43,(-1.215, -0.318, -3.077),(23.817, 29.007, -5.257),False,False,True,False
106,5.2403,19.2115,10.0,150,0.7296,276.03,(0.843, 0.854, -2.395),(20.771, 31.503, -7.406),False,False,False,True
107,16.6032,19.7393,10.0,150,0.7268,278.62,(1.334, -0.046, -1.918),(16.836, 28.742, -1.698),False,False,False,True
108,-1.5927,18.4112,10.0,3,0.7268,278.77,(-1.492, 0.018, -2.004),(19.984, 31.775, -1.0),False,False,True,False
109,2.0448,16.7364,10.0,12,0.7265,279.08,(0.082, -0.774, -3.93),(22.751, 27.908, -3.161),False,False,True,False
110,9.9411,17.0601,10.0,150,0.7238,281.67,(-0.739, 1.009, -2.066),(19.303, 27.135, -7.639),False,False,False,True
111,18.1372,11.712,0.0,150,0.721,284.27,(1.287, 0.293, -2.948),(19.938, 33.947, -6.075),False,False,False,True
112,19.8458,11.358,0.0,150,0.7182,286.84,(-0.731, -0.607, -1.803),(19.667, 34.735, -3.874),False,False,False,True
113,1.6203,10.3953,0.0,5,0.7181,286.99,(-0.402, -0.497, -1.913),(18.235, 30.818, -9.123),False,False,True,False
114,16.5659,10.146,0.0,150,0.7153,289.59,(0.443, -1.321, -2.251),(16.404, 31.009, -5.627),False,False,False,True
115,15.6629,10.4069,0.0,150,0.7125,292.19,(0.083, -0.377, -3.993),(17.413, 33.582, -5.475),False,False,False,True
116,20.023,11.8851,0.0,55,0.7115,293.23,(-0.023, 0.937, -4.077),(16.762, 29.263, -2.109),False,False,True,False
117,9.1607,11.1409,0.0,150,0.7087,295.8,(-0.459, 1.101, -1.703),(23.402, 30.423, -6.202),False,False,False,True
118,11.2767,12.4278,0.0,150,0.7059,298.37,(-0.487, -0.555, -2.288),(18.049, 31.423, -6.87),False,False,False,True
119,11.2814,13.3515,0.0,150,0.7031,300.97,(-1.282, 0.963, -2.245),(18.389, 33.29, -8.381),False,False,False,True
120,79.1596,20.2733,10.0,96,0.7013,302.64,(0.694, -0.741, -1.35),(20.603, 32.89, -4.378),True,False,False,False
# [17:59:28] [greedy-eval @ episode 120] success_rate=40.0% over 5 episodes
121,13.4952,19.8091,10.0,150,0.6985,309.91,(-0.029, 0.917, -2.85),(18.127, 32.408, -8.077),False,False,False,True
122,17.8783,19.6124,10.0,150,0.6957,312.5,(-0.547, -0.468, -4.774),(20.997, 26.217, -3.707),False,False,False,True
123,68.6943,26.3198,20.0,141,0.6931,314.96,(-0.519, 1.422, -3.555),(18.487, 27.24, -5.593),True,False,False,False
124,25.8982,27.253,20.0,150,0.6903,317.57,(0.677, -1.328, -3.773),(23.818, 31.968, -3.337),False,False,False,True
125,12.7225,26.959,20.0,28,0.6898,318.13,(0.299, -0.235, -4.812),(18.171, 32.593, -4.026),False,False,True,False
126,11.4405,26.1007,20.0,150,0.687,320.74,(-1.442, 0.213, -3.121),(24.265, 31.204, -5.622),False,False,False,True
127,73.2671,32.5114,30.0,110,0.685,322.68,(1.605, 0.112, -3.479),(23.441, 26.795, -6.659),True,False,False,False
128,-4.1799,30.9657,30.0,34,0.6843,323.34,(0.648, 1.393, -1.768),(18.773, 33.129, -2.318),False,False,True,False
129,76.3892,37.4765,40.0,119,0.6821,325.42,(-1.06, -0.415, -2.541),(16.506, 32.751, -3.803),True,False,False,False
130,1.5173,29.7123,30.0,150,0.6793,328.02,(1.256, 0.189, -1.703),(21.289, 28.905, -8.351),False,False,False,True
131,23.4151,30.7043,30.0,150,0.6765,330.62,(1.809, -0.481, -2.756),(22.879, 32.514, -2.122),False,False,False,True
132,23.1082,31.2273,30.0,150,0.6737,333.22,(0.11, -0.332, -4.009),(23.536, 29.94, -8.255),False,False,False,True
133,76.9456,32.0524,30.0,128,0.6714,335.45,(-0.875, 0.063, -4.699),(24.233, 29.401, -5.862),True,False,False,False
134,76.4017,37.1027,40.0,124,0.6691,337.62,(-1.675, 0.307, -3.152),(23.231, 30.265, -4.598),True,False,False,False
135,17.0298,37.5335,40.0,150,0.6663,340.2,(0.494, -0.658, -1.211),(20.168, 32.762, -3.271),False,False,False,True
136,70.912,43.4806,50.0,113,0.6642,342.2,(1.19, -0.114, -4.535),(19.2, 26.806, -6.518),True,False,False,False
137,73.3347,43.4874,50.0,98,0.6623,343.93,(-1.255, -0.189, -2.826),(20.378, 25.056, -4.856),True,False,False,False
138,18.0975,45.7151,50.0,150,0.6596,346.53,(0.098, -1.261, -2.867),(23.255, 27.933, -6.407),False,False,False,True
139,73.9065,45.4668,50.0,114,0.6574,348.55,(-0.451, -0.629, -3.669),(18.959, 27.977, -1.493),True,False,False,False
140,22.007,47.5158,50.0,150,0.6546,351.15,(-0.147, -1.236, -2.872),(17.634, 33.032, -3.113),False,False,False,True
# [18:46:24] [greedy-eval @ episode 140] success_rate=100.0% over 5 episodes
141,73.7378,52.5481,60.0,131,0.6522,356.51,(-0.162, 1.903, -2.756),(22.87, 31.066, -4.399),True,False,False,False
142,75.0152,57.7388,70.0,115,0.6501,358.52,(-0.779, -1.43, -2.745),(19.297, 28.126, -5.693),True,False,False,False
143,74.9618,57.5404,70.0,83,0.6485,359.98,(-0.463, 0.782, -2.077),(20.403, 26.144, -6.853),True,False,False,False
144,11.9792,51.0982,60.0,19,0.6482,360.39,(-0.611, 0.669, -2.531),(23.682, 33.01, -5.774),False,False,True,False
145,78.7827,57.2734,70.0,71,0.6468,361.69,(0.646, -0.576, -3.968),(20.98, 28.722, -7.576),True,False,False,False
146,23.143,52.4965,60.0,150,0.6441,364.3,(0.044, 1.546, -3.864),(21.199, 34.492, -6.255),False,False,False,True
147,21.546,47.3177,50.0,150,0.6413,366.91,(1.275, -0.647, -3.972),(20.804, 33.251, -2.527),False,False,False,True
148,76.0975,53.1177,60.0,99,0.6394,368.63,(-1.023, 0.123, -2.077),(23.783, 27.289, -5.678),True,False,False,False
149,79.6619,53.6932,60.0,64,0.6382,369.79,(0.671, 0.02, -3.985),(23.396, 28.485, -3.907),True,False,False,False
150,67.998,58.2923,70.0,150,0.6354,372.39,(-0.571, 0.816, -2.409),(17.804, 26.709, -6.601),True,False,False,True
151,82.4009,59.1586,70.0,97,0.6336,374.11,(-0.515, -1.421, -2.919),(24.575, 31.489, -5.797),True,False,False,False
152,79.2547,59.5826,70.0,85,0.6321,375.63,(-0.888, 0.464, -3.247),(22.944, 30.472, -4.126),True,False,False,False
153,19.3239,54.0188,60.0,150,0.6293,378.25,(-0.358, -1.099, -3.939),(22.536, 31.558, -6.835),False,False,False,True
154,18.523,54.6732,60.0,150,0.6265,380.83,(-0.464, -0.919, -1.346),(19.152, 30.298, -3.914),False,False,False,True
155,11.2549,47.9204,50.0,150,0.6237,383.45,(-0.414, -0.921, -4.458),(17.611, 31.688, -1.827),False,False,False,True
156,13.5395,46.96,50.0,150,0.6209,386.05,(-0.112, 0.664, -4.086),(17.671, 27.954, -8.684),False,False,False,True
157,17.676,46.573,50.0,150,0.6181,388.62,(0.041, 0.658, -1.159),(17.832, 29.611, -3.729),False,False,False,True
158,18.5623,40.8195,40.0,150,0.6153,391.23,(1.267, 1.277, -3.239),(22.204, 32.561, -5.189),False,False,False,True
159,77.2675,40.5801,40.0,100,0.6135,392.99,(-1.158, -0.673, -2.459),(22.183, 27.272, -7.027),True,False,False,False
160,72.0366,40.9839,40.0,149,0.6107,395.58,(-0.275, -1.567, -3.263),(18.407, 29.035, -1.0),True,False,False,False
# [19:34:35] [greedy-eval @ episode 160] success_rate=80.0% over 5 episodes
161,79.547,40.6985,40.0,74,0.6093,403.75,(-0.398, 1.251, -3.508),(21.344, 30.881, -7.327),True,False,False,False
162,21.1012,34.8832,30.0,150,0.6065,406.35,(0.294, 0.541, -4.802),(23.178, 33.253, -5.76),False,False,False,True
163,74.4592,40.3967,40.0,80,0.605,407.79,(1.857, 0.004, -2.561),(21.427, 26.301, -5.702),True,False,False,False
164,19.907,40.5351,40.0,150,0.6022,410.4,(1.516, 0.154, -2.912),(16.03, 30.921, -2.911),False,False,False,True
165,17.7006,41.1797,40.0,150,0.5994,412.97,(0.988, -0.535, -1.647),(19.474, 30.307, -2.054),False,False,False,True
166,74.9879,47.3245,50.0,149,0.5967,415.57,(-0.763, 0.951, -3.898),(21.796, 33.668, -5.057),True,False,False,False
167,73.3308,52.89,60.0,102,0.5948,417.39,(0.968, 1.025, -4.399),(16.05, 30.861, -5.687),True,False,False,False
168,76.7464,58.7084,70.0,54,0.5938,418.39,(1.529, 0.06, -3.619),(18.089, 28.233, -5.421),True,False,False,False
169,75.7421,58.5559,70.0,144,0.5911,420.89,(0.473, 0.007, -4.823),(19.717, 32.732, -7.278),True,False,False,False
170,18.415,53.1937,60.0,150,0.5883,423.52,(-0.826, -0.184, -3.847),(23.985, 28.975, -7.494),False,False,False,True
171,69.747,52.2137,60.0,110,0.5863,425.46,(1.5, 0.692, -3.971),(18.747, 26.353, -4.511),True,False,False,False
172,15.1977,51.6234,60.0,150,0.5835,428.03,(0.388, -0.868, -1.446),(18.666, 26.347, -7.393),False,False,False,True
173,72.7613,51.4536,60.0,145,0.5808,430.55,(-1.659, -0.225, -3.464),(21.977, 27.997, -4.814),True,False,False,False
174,16.7301,51.1359,60.0,150,0.578,433.16,(0.34, 0.974, -3.388),(16.438, 30.577, -1.59),False,False,False,True
175,73.4769,56.7135,70.0,97,0.5762,434.88,(1.42, 0.58, -3.554),(23.563, 27.083, -4.026),True,False,False,False
176,73.6307,56.5778,70.0,138,0.5736,437.32,(-0.24, -0.833, -3.468),(22.606, 28.539, -1.271),True,False,False,False
177,18.0105,51.0458,60.0,150,0.5708,439.93,(1.9, -0.003, -3.312),(15.868, 28.79, -6.196),False,False,False,True
178,18.7012,45.2412,50.0,150,0.568,442.57,(-0.742, -0.319, -3.02),(23.415, 27.351, -5.41),False,False,False,True
179,25.1311,40.1801,40.0,150,0.5652,445.18,(0.065, -1.291, -3.093),(21.104, 33.258, -1.813),False,False,False,True
180,20.5452,40.3932,40.0,150,0.5624,447.78,(-0.173, 0.685, -4.32),(21.298, 34.271, -6.223),False,False,False,True
# [20:24:11] [greedy-eval @ episode 180] success_rate=0.0% over 5 episodes
181,18.898,35.3083,30.0,150,0.5596,454.61,(-1.139, 0.299, -2.689),(19.864, 26.01, -7.724),False,False,False,True
182,19.4865,35.7372,30.0,107,0.5577,456.5,(-0.492, 0.674, -2.936),(23.041, 26.561, -4.287),False,False,True,False
183,72.4391,35.7049,30.0,137,0.5551,458.9,(0.88, -0.987, -3.651),(22.661, 26.687, -6.206),True,False,False,False
184,76.9621,41.7281,40.0,55,0.5541,459.93,(-0.459, 0.642, -3.92),(16.898, 29.572, -1.525),True,False,False,False
185,75.2643,41.9069,40.0,84,0.5525,461.42,(-0.485, 0.117, -3.473),(20.018, 27.032, -3.609),True,False,False,False
186,76.9774,42.2416,40.0,66,0.5513,462.62,(-0.839, -0.628, -2.975),(16.422, 28.992, -6.564),True,False,False,False
187,73.9291,47.8334,50.0,93,0.5496,464.27,(0.01, -1.235, -3.301),(16.088, 27.852, -3.651),True,False,False,False
188,18.8338,47.8467,50.0,105,0.5476,466.13,(-0.621, 0.849, -3.121),(22.501, 29.753, -8.256),False,False,True,False
189,82.0018,53.5337,60.0,80,0.5461,467.56,(-0.381, 0.156, -4.339),(20.128, 34.865, -6.085),True,False,False,False
190,8.5536,52.3346,60.0,22,0.5457,468.01,(0.372, -0.527, -3.991),(22.216, 29.69, -5.958),False,False,True,False
191,17.8156,52.2263,60.0,150,0.5429,470.62,(1.819, 0.627, -2.663),(21.068, 32.159, -8.238),False,False,False,True
192,81.5232,58.43,70.0,77,0.5415,472.0,(-0.59, 1.333, -2.721),(20.822, 34.56, -6.726),True,False,False,False
193,26.4981,53.8359,60.0,68,0.5402,473.2,(-1.109, 0.273, -1.461),(18.629, 33.78, -5.061),False,False,True,False
194,13.798,47.5195,50.0,104,0.5383,475.03,(0.657, 0.729, -2.471),(17.679, 28.487, -3.12),False,False,True,False
195,18.0135,41.7944,40.0,99,0.5364,476.79,(-0.865, 0.185, -4.584),(15.972, 30.582, -6.58),False,False,True,False
196,15.8181,35.6785,30.0,150,0.5337,479.39,(-1.187, -0.492, -3.127),(18.413, 28.039, -7.706),False,False,False,True
197,80.0768,36.2933,30.0,86,0.5321,480.93,(1.498, -0.761, -3.763),(18.199, 34.303, -4.715),True,False,False,False
198,20.9338,36.5033,30.0,42,0.5313,481.75,(1.129, 0.037, -4.44),(24.175, 27.612, -3.679),False,False,True,False
199,21.6086,30.4639,20.0,70,0.53,483.01,(-0.556, 0.053, -3.763),(16.482, 30.311, -3.469),False,False,True,False
200,22.6753,31.8761,20.0,61,0.5288,484.15,(0.582, -0.044, -2.893),(20.536, 31.811, -6.112),False,False,True,False
# [20:58:36] [greedy-eval @ episode 200] success_rate=0.0% over 5 episodes
201,19.5268,32.0472,20.0,87,0.5272,487.98,(1.072, -0.94, -2.753),(18.514, 26.619, -5.9),False,False,True,False
202,8.3323,24.7281,10.0,32,0.5266,488.64,(-0.8, 0.549, -4.271),(18.443, 26.944, -3.021),False,False,True,False
203,80.0388,30.0822,20.0,80,0.5251,490.11,(-0.737, -0.233, -3.249),(20.398, 31.198, -6.953),True,False,False,False
204,12.0559,29.908,20.0,16,0.5248,490.49,(-1.03, 0.107, -3.634),(23.451, 29.167, -4.22),False,False,True,False
205,77.5093,35.8576,30.0,77,0.5234,491.84,(-0.81, 0.201, -2.224),(21.107, 27.989, -9.237),True,False,False,False
206,19.7822,36.254,30.0,53,0.5224,492.83,(0.408, -1.261, -3.83),(22.077, 27.791, -6.569),False,False,True,False
207,23.2321,30.5695,20.0,43,0.5216,493.65,(-1.547, -1.009, -2.514),(23.55, 31.632, -3.999),False,False,True,False
208,14.9423,29.9704,20.0,44,0.5208,494.49,(1.343, -1.117, -2.709),(23.059, 32.166, -3.362),False,False,True,False
209,14.5301,29.2625,20.0,52,0.5198,495.42,(-1.005, -0.198, -1.499),(19.473, 27.436, -1.432),False,False,True,False
210,19.7818,28.9732,20.0,41,0.5191,496.21,(0.578, -1.546, -3.517),(15.835, 27.82, -4.767),False,False,True,False
211,23.0289,29.3234,20.0,67,0.5178,497.42,(0.189, -1.63, -3.456),(20.437, 26.381, -2.387),False,False,True,False
212,20.1312,30.5033,20.0,53,0.5168,498.4,(0.935, 1.338, -2.401),(16.56, 32.93, -5.223),False,False,True,False
213,17.67,24.2664,10.0,67,0.5156,499.63,(-0.369, 0.993, -3.481),(18.423, 26.698, -5.905),False,False,True,False
214,4.205,23.4813,10.0,10,0.5154,499.9,(0.113, 1.437, -2.639),(22.994, 31.557, -2.673),False,False,True,False
215,18.8631,17.6167,0.0,65,0.5142,501.08,(-1.257, 1.12, -2.23),(19.706, 25.909, -5.972),False,False,True,False
216,9.7861,16.6171,0.0,39,0.5135,501.85,(0.152, 0.916, -4.044),(20.078, 28.929, -1.483),False,False,True,False
217,17.0834,16.0022,0.0,36,0.5128,502.55,(0.914, -1.023, -3.502),(23.987, 27.997, -3.032),False,False,True,False
218,24.1172,16.9197,0.0,77,0.5114,503.93,(0.588, -1.153, -2.144),(16.673, 31.262, -4.987),False,False,True,False
219,19.9539,17.4621,0.0,39,0.5106,504.68,(1.459, 0.4, -3.428),(23.094, 29.608, -6.612),False,False,True,False
220,8.9201,16.3759,0.0,25,0.5102,505.22,(-0.695, -0.249, -3.385),(21.515, 32.53, -5.532),False,False,True,False
# [21:19:45] [greedy-eval @ episode 220] success_rate=0.0% over 5 episodes
221,22.7249,16.3455,0.0,73,0.5088,508.89,(-1.698, -0.042, -3.11),(17.239, 26.456, -4.035),False,False,True,False
222,16.3996,15.9723,0.0,44,0.508,509.72,(-0.875, 0.988, -2.816),(18.49, 32.071, -5.53),False,False,True,False
223,18.4323,16.0486,0.0,56,0.507,510.74,(-0.73, 0.985, -2.143),(18.802, 26.372, -4.735),False,False,True,False
224,13.6675,16.9948,0.0,37,0.5063,511.43,(1.025, 0.554, -1.439),(20.795, 30.625, -4.655),False,False,True,False
225,18.5626,16.9648,0.0,30,0.5057,512.05,(0.068, 0.696, -3.465),(18.068, 31.052, -1.691),False,False,True,False
226,22.0825,18.1944,0.0,60,0.5046,513.16,(-0.29, -1.059, -3.929),(18.436, 30.243, -4.823),False,False,True,False
227,16.2635,18.1124,0.0,99,0.5028,514.91,(-0.485, -1.721, -2.184),(17.194, 30.252, -7.78),False,False,True,False
228,18.3587,17.5366,0.0,96,0.501,516.61,(0.116, -1.451, -3.213),(22.302, 31.514, -9.143),False,False,True,False
229,13.1262,16.8538,0.0,43,0.5002,517.42,(-0.106, 0.445, -3.964),(18.556, 30.772, -1.0),False,False,True,False
230,18.6218,17.824,0.0,55,0.4991,518.41,(0.363, 0.19, -1.269),(20.386, 27.724, -4.917),False,False,True,False
231,21.4737,17.6988,0.0,80,0.4977,519.84,(1.139, 0.406, -2.315),(23.034, 31.951, -3.815),False,False,True,False
232,80.2227,24.0811,10.0,109,0.4956,521.77,(-0.484, -0.818, -4.4),(22.562, 31.693, -8.133),True,False,False,False
233,18.7943,24.1173,10.0,67,0.4944,523.03,(0.175, 0.851, -3.467),(19.543, 26.011, -4.398),False,False,True,False
234,18.4593,24.5965,10.0,150,0.4916,525.6,(-0.295, -1.075, -1.887),(19.323, 33.918, -6.685),False,False,False,True
235,19.5785,24.6981,10.0,101,0.4897,527.39,(0.483, -1.629, -3.936),(16.865, 27.722, -3.842),False,False,True,False
236,22.7226,24.7621,10.0,114,0.4876,529.39,(0.173, -1.136, -2.459),(19.446, 31.34, -4.143),False,False,True,False
237,24.2405,25.5598,10.0,113,0.4855,531.4,(0.196, -0.914, -3.766),(19.043, 33.255, -2.47),False,False,True,False
238,80.3518,31.7591,20.0,74,0.4841,532.76,(-0.338, -0.98, -4.364),(22.151, 29.184, -8.784),True,False,False,False
239,20.0124,32.4478,20.0,150,0.4813,535.36,(-0.026, 0.011, -4.831),(24.051, 31.291, -7.213),False,False,False,True
240,76.6195,38.2475,30.0,48,0.4804,536.26,(-1.717, 0.747, -3.335),(16.087, 27.083, -4.682),True,False,False,False
# [21:55:03] [greedy-eval @ episode 240] success_rate=0.0% over 5 episodes
241,20.31,38.1312,30.0,105,0.4785,544.74,(0.383, -1.131, -3.832),(17.141, 27.505, -5.075),False,False,True,False
242,20.7698,32.1859,20.0,107,0.4765,546.62,(-1.222, -0.081, -1.624),(20.309, 30.969, -4.424),False,False,True,False
243,77.8356,38.09,30.0,84,0.4749,548.13,(-0.729, -0.315, -3.778),(22.518, 27.789, -4.442),True,False,False,False
244,19.9693,38.241,30.0,150,0.4721,550.74,(-1.681, 0.606, -2.934),(20.783, 30.045, -9.097),False,False,False,True
245,76.9641,43.9796,40.0,74,0.4708,552.07,(-0.764, 1.686, -2.991),(22.302, 27.302, -5.255),True,False,False,False
246,23.1218,44.0195,40.0,150,0.468,554.69,(-1.071, 1.137, -4.235),(22.79, 29.996, -7.084),False,False,False,True
247,21.5516,43.7506,40.0,150,0.4652,557.3,(-1.376, 1.128, -2.789),(24.415, 29.889, -5.504),False,False,False,True
248,76.004,43.3158,40.0,120,0.4629,559.37,(0.205, 1.1, -1.583),(23.908, 28.214, -4.69),True,False,False,False
249,23.5184,43.6664,40.0,150,0.4601,561.97,(1.707, -0.409, -2.599),(24.369, 29.68, -6.893),False,False,False,True
250,76.3404,43.6385,40.0,109,0.4581,563.89,(1.189, 0.292, -2.414),(20.733, 30.097, -1.0),True,False,False,False
251,81.5066,49.7582,50.0,60,0.457,565.01,(-0.36, -0.884, -3.478),(20.178, 29.991, -2.584),True,False,False,False
252,75.2208,55.2033,60.0,118,0.4548,567.08,(1.348, -0.076, -3.43),(17.076, 32.938, -2.618),True,False,False,False
253,71.9479,54.6145,60.0,150,0.452,569.65,(-0.301, -0.26, -1.415),(23.647, 27.631, -4.817),True,False,False,True
254,77.678,60.3854,70.0,82,0.4505,571.11,(-0.885, -1.001, -1.86),(20.558, 28.733, -1.383),True,False,False,False
255,76.2518,60.3141,70.0,138,0.4479,573.53,(0.398, -1.146, -4.583),(18.827, 32.391, -2.276),True,False,False,False
256,23.976,60.3996,70.0,150,0.4451,576.15,(-0.246, -1.106, -4.229),(18.164, 31.432, -9.346),False,False,False,True
257,78.2356,66.068,80.0,50,0.4442,577.09,(-0.682, -0.404, -2.785),(15.758, 28.399, -5.605),True,False,False,False
258,75.9536,66.0629,80.0,124,0.4419,579.26,(0.34, -1.663, -2.004),(21.494, 28.262, -3.397),True,False,False,False
259,79.2078,71.6319,90.0,67,0.4407,580.48,(1.561, -0.947, -2.976),(19.36, 29.942, -8.527),True,False,False,False
260,74.9692,71.4947,90.0,127,0.4383,582.69,(0.422, -1.018, -2.565),(19.208, 29.437, -2.936),True,False,False,False
# [22:38:40] [greedy-eval @ episode 260] success_rate=100.0% over 5 episodes
261,20.9351,65.4376,80.0,150,0.4355,589.06,(-0.519, -0.763, -1.497),(23.415, 29.598, -1.698),False,False,False,True
262,80.0305,65.9186,80.0,73,0.4341,590.35,(0.147, 0.241, -1.888),(24.353, 29.136, -4.321),True,False,False,False
263,82.4791,66.9717,80.0,58,0.4331,591.42,(0.387, 1.3, -3.805),(22.773, 33.906, -6.427),True,False,False,False
264,81.0367,67.3075,80.0,87,0.4314,592.97,(-0.65, 0.022, -3.829),(21.087, 32.991, -3.105),True,False,False,False
265,79.1449,67.5969,80.0,86,0.4298,594.5,(0.355, -1.398, -3.036),(19.813, 29.18, -9.11),True,False,False,False
266,79.4197,73.1412,90.0,80,0.4284,595.91,(0.775, -0.389, -1.548),(20.585, 30.921, -9.458),True,False,False,False
267,24.6039,67.778,80.0,150,0.4256,598.51,(0.954, -1.171, -2.583),(23.321, 31.716, -7.404),False,False,False,True
268,79.4743,68.1301,80.0,77,0.4241,599.89,(1.056, -1.151, -2.227),(23.104, 28.754, -2.684),True,False,False,False
269,77.9734,68.0067,80.0,121,0.4219,602.01,(-1.47, 0.146, -3.388),(22.018, 30.417, -5.447),True,False,False,False
270,80.8496,68.5947,80.0,86,0.4203,603.54,(-0.858, -0.691, -3.053),(24.08, 29.638, -3.213),True,False,False,False
271,74.7277,73.974,90.0,75,0.4189,604.86,(0.33, -0.939, -1.985),(16.645, 27.385, -6.294),True,False,False,False
272,24.1371,68.3846,80.0,150,0.4161,607.47,(-1.432, -0.973, -2.716),(19.657, 33.375, -1.395),False,False,False,True
273,80.8606,68.2228,80.0,53,0.4151,608.45,(-0.362, 1.309, -3.504),(22.397, 30.405, -8.945),True,False,False,False
274,81.8373,68.3029,80.0,55,0.4141,609.48,(1.327, 0.124, -3.76),(22.217, 32.469, -7.402),True,False,False,False
275,77.8633,68.1747,80.0,90,0.4124,611.08,(0.523, -1.344, -3.691),(21.61, 28.32, -4.681),True,False,False,False
276,78.7745,68.1102,80.0,89,0.4108,612.64,(0.035, -1.087, -1.668),(24.412, 28.372, -3.713),True,False,False,False
277,77.4599,73.3958,90.0,44,0.4099,613.47,(1.25, -0.469, -3.404),(19.752, 26.935, -3.644),True,False,False,False
278,80.7169,73.52,90.0,108,0.4079,615.39,(-1.512, 0.603, -4.125),(21.177, 34.175, -5.222),True,False,False,False
279,75.243,73.247,90.0,85,0.4063,616.87,(0.727, -0.551, -1.983),(18.022, 27.819, -5.433),True,False,False,False
280,80.6688,73.2289,90.0,71,0.405,618.17,(0.025, -1.063, -4.163),(20.397, 31.083, -6.691),True,False,False,False
# [23:14:07] [greedy-eval @ episode 280] success_rate=80.0% over 5 episodes
281,83.7696,74.1331,90.0,71,0.4037,623.21,(-0.832, -0.916, -1.892),(23.03, 32.75, -4.13),True,False,False,False
282,82.7645,79.9958,100.0,52,0.4027,624.18,(-1.959, 0.024, -2.822),(22.018, 29.545, -6.864),True,False,False,False
283,75.9801,79.5078,100.0,62,0.4016,625.32,(1.174, -0.737, -3.171),(16.605, 27.571, -6.927),True,False,False,False
284,2.5923,71.5833,90.0,5,0.4015,625.5,(1.693, 0.773, -2.667),(15.454, 30.476, -4.85),False,False,True,False
285,76.2374,71.4207,90.0,55,0.4005,626.52,(1.943, 0.367, -3.298),(18.906, 28.448, -2.812),True,False,False,False
286,76.9484,71.2381,90.0,132,0.398,628.82,(-0.273, 1.133, -3.028),(21.202, 33.449, -3.881),True,False,False,False
287,83.6733,71.8594,90.0,59,0.3969,629.9,(-1.202, 0.042, -2.738),(23.398, 30.761, -6.458),True,False,False,False
288,79.547,71.7424,90.0,73,0.3956,631.22,(-1.082, -0.506, -2.73),(22.266, 28.124, -6.082),True,False,False,False
289,76.1657,71.8347,90.0,76,0.3941,632.58,(0.274, -1.481, -2.514),(16.097, 27.951, -2.856),True,False,False,False
290,72.8806,71.0559,90.0,73,0.3928,633.89,(1.572, 0.422, -1.852),(17.862, 26.311, -2.87),True,False,False,False
291,83.7932,71.0583,90.0,57,0.3917,634.95,(-1.594, -0.292, -4.028),(19.823, 32.999, -7.412),True,False,False,False
292,3.992,63.181,80.0,5,0.3916,635.13,(-0.31, 1.491, -2.656),(17.331, 26.858, -2.98),False,False,True,False
293,79.1068,63.4937,80.0,53,0.3906,636.11,(-0.428, 1.169, -2.612),(17.405, 31.625, -5.22),True,False,False,False
294,22.6008,65.4945,80.0,116,0.3885,638.15,(-1.497, 0.079, -2.94),(15.904, 31.455, -3.79),False,False,True,False
295,83.7776,66.2485,80.0,36,0.3878,638.85,(1.133, -1.441, -2.294),(22.462, 30.399, -3.601),True,False,False,False
296,73.456,65.8993,80.0,130,0.3854,641.12,(-1.838, 0.418, -3.569),(18.007, 28.095, -7.83),True,False,False,False
297,82.9415,65.8261,80.0,67,0.3841,642.34,(1.364, -0.673, -3.122),(21.269, 34.128, -6.878),True,False,False,False
298,26.6644,60.5379,70.0,61,0.383,643.47,(-0.15, 1.343, -3.907),(22.634, 28.537, -2.101),False,False,True,False
299,80.9501,61.0163,70.0,79,0.3815,644.86,(0.937, -0.345, -1.289),(20.354, 32.795, -5.543),True,False,False,False
300,8.3224,54.5605,60.0,11,0.3813,645.14,(1.217, 0.518, -2.853),(20.52, 27.535, -1.589),False,False,True,False
# [23:39:52] [greedy-eval @ episode 300] success_rate=60.0% over 5 episodes
# [23:39:52] Training complete. 300 episodes in 647.7 min. Final avg reward (last 10): 54.56. Final success rate (last 10): 60.0%.
