# run_name: blocks_lstmrunv1_300
# timestamp: 20260915_141748
# ---- config ----
# architecture: D3RQN
# environment: blocks
# goal_position: (30.0, 0.0, -3.0)
# start_position: (0, 0, -3)
# randomize_positions: True
# start_jitter_radius: 2.0
# goal_jitter_radius: 5.0
# max_episode_steps: 150
# dt: 0.5
# speed: 2.0
# state_dim: 15
# action_dim: 27
# lr: 0.0001
# gamma: 0.99
# buffer_capacity: 5000
# batch_size: 32
# seq_len: 20
# epsilon_start: 1.0
# epsilon_end: 0.2
# epsilon_decay_steps: 24000
# target_update_freq: 250
# use_double: True
# ----------------
episode,reward,avg10,success_rate10,steps,epsilon,elapsed_min,start_position,goal_position,is_success,is_crash,is_out_of_bounds,is_timeout
1,-3.3885,-3.3885,0.0,13,1.0,0.3,(-0.069, 0.246, -3.529),(31.227, 0.555, -3.234),False,False,True,False
2,-19.7513,-11.5699,0.0,150,1.0,2.91,(0.887, -0.27, -3.05),(31.589, -0.177, -5.988),False,False,False,True
3,-20.6069,-14.5822,0.0,150,1.0,5.51,(-0.361, -0.13, -4.591),(29.249, 0.658, -5.141),False,False,False,True
4,-31.7795,-18.8815,0.0,150,1.0,8.11,(1.279, -1.475, -3.047),(33.194, 2.309, -3.343),False,False,False,True
5,-29.9467,-21.0946,0.0,150,1.0,10.72,(-0.151, 1.798, -3.777),(26.439, 2.502, -1.0),False,False,False,True
6,-39.7245,-24.1996,0.0,150,1.0,13.33,(-1.153, 0.32, -1.492),(27.367, -3.48, -5.143),False,False,False,True
7,-32.7322,-25.4185,0.0,150,1.0,15.97,(0.855, 0.006, -4.307),(30.266, 0.69, -1.0),False,False,False,True
8,-8.9153,-23.3556,0.0,21,1.0,16.4,(0.937, 0.028, -2.342),(27.196, 2.851, -3.969),False,False,True,False
9,-41.1496,-25.3327,0.0,150,1.0,19.03,(-0.628, 0.826, -4.267),(26.707, 1.456, -3.803),False,False,False,True
10,2.3729,-22.5622,0.0,24,1.0,19.53,(0.361, -1.62, -3.55),(31.296, 0.081, -5.779),False,False,True,False
11,-23.2499,-24.5483,0.0,150,1.0,22.14,(-1.666, -0.025, -2.614),(30.252, 1.797, -6.614),False,False,False,True
12,-8.0604,-23.3792,0.0,150,1.0,24.75,(-1.548, 0.812, -2.932),(27.48, 0.933, -4.801),False,False,False,True
13,-19.5993,-23.2785,0.0,150,1.0,27.36,(-0.67, -0.273, -2.648),(34.243, -1.897, -4.622),False,False,False,True
14,-28.9609,-22.9966,0.0,150,1.0,29.96,(0.427, -0.539, -4.154),(32.425, 1.784, -1.075),False,False,False,True
15,-16.8654,-21.6885,0.0,150,1.0,32.53,(0.147, 0.291, -1.321),(32.694, 3.678, -3.991),False,False,False,True
16,-50.2899,-22.745,0.0,150,1.0,35.1,(-0.306, -0.056, -2.77),(31.641, 3.865, -3.659),False,False,False,True
17,-37.9416,-23.2659,0.0,150,1.0,37.73,(0.013, -0.943, -3.56),(33.476, -0.196, -1.0),False,False,False,True
18,-18.8256,-24.257,0.0,150,1.0,40.33,(-1.114, -1.231, -2.448),(32.391, 1.713, -5.075),False,False,False,True
19,-1.9847,-20.3405,0.0,150,1.0,42.93,(0.723, 0.774, -3.085),(32.128, 1.634, -1.0),False,False,False,True
20,-26.1895,-23.1967,0.0,150,1.0,45.53,(-1.206, 1.124, -2.317),(30.815, -0.361, -7.779),False,False,False,True
# [15:16:20] [greedy-eval @ episode 20] success_rate=0.0% over 5 episodes
21,-34.7779,-24.3495,0.0,150,1.0,61.1,(-0.754, 0.136, -3.816),(30.152, -3.117, -2.841),False,False,False,True
22,-2.5181,-23.7953,0.0,12,1.0,61.41,(-1.444, 0.647, -3.604),(31.342, -2.374, -1.302),False,False,True,False
23,-34.0698,-25.2424,0.0,150,1.0,63.98,(0.092, -0.807, -1.802),(25.893, 2.445, -2.216),False,False,False,True
24,-16.214,-23.9677,0.0,150,1.0,66.58,(-0.822, 0.559, -2.708),(25.48, 1.074, -3.03),False,False,False,True
25,-41.6358,-26.4447,0.0,144,1.0,69.08,(-0.813, 1.099, -3.099),(28.752, 3.268, -6.396),False,False,True,False
26,-29.4402,-24.3597,0.0,150,1.0,71.68,(-1.306, 1.054, -2.868),(28.834, -0.284, -3.787),False,False,False,True
27,1.5863,-20.407,0.0,28,1.0,72.22,(-0.064, -0.282, -2.075),(31.956, 1.623, -6.84),False,False,True,False
28,-43.9023,-22.9146,0.0,123,1.0,74.34,(-0.479, 0.467, -2.237),(30.141, -1.58, -2.854),False,False,True,False
29,-11.5502,-23.8712,0.0,150,1.0,76.95,(-0.494, -1.263, -3.902),(31.054, 2.03, -6.942),False,False,False,True
30,0.545,-21.1977,0.0,13,1.0,77.3,(-0.256, -0.678, -2.721),(31.943, -1.727, -7.242),False,False,True,False
31,-1.4986,-17.8698,0.0,12,1.0,77.59,(-1.047, 0.823, -1.897),(32.722, 1.601, -4.909),False,False,True,False
32,-14.3023,-19.0482,0.0,150,1.0,80.18,(0.01, -0.321, -4.186),(30.896, 4.212, -2.499),False,False,False,True
33,-25.031,-18.1443,0.0,150,0.995,82.8,(-1.376, -0.195, -1.87),(29.831, 4.488, -1.566),False,False,False,True
34,-0.9094,-16.6139,0.0,11,0.9946,83.09,(-1.485, 0.542, -2.989),(33.128, 3.113, -2.329),False,False,True,False
35,-22.8901,-14.7393,0.0,150,0.9896,85.68,(-0.084, -0.07, -3.831),(27.74, -0.421, -2.038),False,False,False,True
36,-23.1198,-14.1073,0.0,150,0.9846,88.29,(0.648, 1.298, -3.699),(27.971, 0.17, -1.0),False,False,False,True
37,-20.5288,-16.3188,0.0,150,0.9796,90.88,(0.472, -0.283, -3.694),(28.875, -0.928, -3.884),False,False,False,True
38,-5.1674,-12.4453,0.0,70,0.9773,92.16,(-1.158, 0.697, -3.869),(32.225, -3.83, -3.478),False,False,True,False
39,-27.5418,-14.0444,0.0,150,0.9723,94.78,(-1.371, -0.162, -4.419),(27.185, 2.13, -3.314),False,False,False,True
40,-10.4162,-15.1406,0.0,150,0.9673,97.43,(0.694, 0.307, -3.028),(31.305, -3.083, -5.144),False,False,False,True
# [15:58:31] [greedy-eval @ episode 40] success_rate=0.0% over 5 episodes
41,-33.7201,-18.3627,0.0,150,0.9623,103.3,(-1.642, -0.395, -2.729),(29.087, 1.168, -1.0),False,False,False,True
42,-31.7611,-20.1086,0.0,150,0.9573,105.92,(-1.416, 0.5, -2.463),(27.553, -1.354, -1.0),False,False,False,True
43,-8.9432,-18.4998,0.0,150,0.9523,108.49,(0.095, 0.608, -1.782),(30.009, 3.952, -5.765),False,False,False,True
44,-19.1724,-20.3261,0.0,150,0.9473,111.12,(-0.247, 0.787, -3.987),(28.592, -4.45, -2.023),False,False,False,True
45,2.1907,-17.818,0.0,19,0.9467,111.52,(-0.385, 0.092, -3.421),(31.224, -3.905, -5.266),False,False,True,False
46,-17.7127,-17.2773,0.0,150,0.9417,114.14,(-0.527, 1.306, -3.75),(27.431, -1.638, -3.747),False,False,False,True
47,-3.1715,-15.5416,0.0,4,0.9415,114.3,(-0.757, -1.104, -2.806),(32.44, -0.498, -6.316),False,False,True,False
48,-11.0594,-16.1308,0.0,150,0.9365,116.9,(1.273, -0.357, -1.698),(29.673, 3.343, -4.828),False,False,False,True
49,-31.9785,-16.5744,0.0,150,0.9315,119.51,(0.533, 1.332, -2.105),(32.507, -0.789, -3.302),False,False,False,True
50,-13.5575,-16.8886,0.0,150,0.9265,122.11,(-0.532, -0.298, -2.668),(26.85, -0.286, -1.366),False,False,False,True
51,-0.8027,-13.5968,0.0,23,0.9258,122.63,(0.934, -0.617, -4.627),(33.599, -1.248, -6.11),False,False,True,False
52,-4.5253,-10.8733,0.0,150,0.9208,125.24,(0.308, 0.909, -2.411),(30.444, -1.158, -1.0),False,False,False,True
53,-12.9597,-11.2749,0.0,150,0.9158,127.86,(-0.414, -0.61, -3.999),(34.132, 0.052, -4.464),False,False,False,True
54,12.2199,-8.1357,0.0,150,0.9108,130.46,(-0.246, 0.019, -2.82),(30.474, 1.035, -1.0),False,False,False,True
55,-22.3656,-10.5913,0.0,150,0.9058,133.09,(1.365, -0.914, -3.023),(32.654, -0.217, -1.0),False,False,False,True
56,-4.5667,-9.2767,0.0,150,0.9008,135.72,(-1.793, -0.503, -3.581),(30.343, -2.856, -2.603),False,False,False,True
57,-14.0694,-10.3665,0.0,150,0.8958,138.35,(-0.229, 0.854, -2.501),(31.968, 4.398, -2.573),False,False,False,True
58,-12.6764,-10.5282,0.0,150,0.8908,140.94,(-0.216, 0.522, -2.074),(31.764, -4.331, -2.432),False,False,False,True
59,-8.9947,-8.2298,0.0,150,0.8858,143.56,(0.18, -0.121, -3.793),(31.326, 3.216, -1.49),False,False,False,True
60,-10.5038,-7.9244,0.0,150,0.8808,146.22,(0.745, -0.721, -4.317),(28.397, 3.333, -1.0),False,False,False,True
# [16:47:39] [greedy-eval @ episode 60] success_rate=0.0% over 5 episodes
61,4.4673,-7.3974,0.0,150,0.8758,152.43,(-0.187, 1.182, -3.2),(32.735, 1.953, -1.0),False,False,False,True
62,-1.3863,-7.0835,0.0,150,0.8708,155.04,(1.522, -0.028, -4.014),(27.991, -1.177, -7.355),False,False,False,True
63,5.2296,-5.2646,0.0,17,0.8702,155.42,(-1.458, 0.728, -2.396),(25.536, -1.613, -2.709),False,False,True,False
64,-6.5476,-7.1414,0.0,150,0.8652,158.06,(0.046, 1.31, -3.678),(29.955, 1.317, -1.0),False,False,False,True
65,-19.8703,-6.8918,0.0,150,0.8602,160.67,(1.114, 0.153, -2.427),(30.09, -0.35, -5.234),False,False,False,True
66,1.0827,-6.3269,0.0,150,0.8552,163.29,(1.3, 1.43, -3.313),(30.758, -3.15, -5.975),False,False,False,True
67,-9.3498,-5.8549,0.0,150,0.8502,165.9,(0.545, 0.605, -4.633),(29.795, -0.824, -3.434),False,False,False,True
68,-25.3091,-7.1182,0.0,150,0.8452,168.52,(0.916, 1.714, -2.935),(26.482, 0.903, -4.689),False,False,False,True
69,-10.1365,-7.2324,0.0,150,0.8402,171.16,(-0.862, -1.301, -3.977),(27.557, 1.38, -5.022),False,False,False,True
70,1.7014,-6.0119,0.0,150,0.8352,173.77,(-0.588, 1.005, -2.845),(31.813, -3.481, -4.262),False,False,False,True
71,-5.7186,-7.0305,0.0,150,0.8302,176.35,(-0.613, 0.693, -1.995),(28.332, 0.462, -1.0),False,False,False,True
72,12.6617,-5.6257,0.0,150,0.8252,178.96,(-1.829, -0.538, -2.595),(31.348, -0.767, -6.313),False,False,False,True
73,-7.4832,-6.8969,0.0,150,0.8202,181.57,(1.67, 0.9, -3.476),(25.538, 1.931, -2.593),False,False,False,True
74,-18.704,-8.1126,0.0,150,0.8152,184.18,(1.202, 0.589, -3.056),(29.627, 1.339, -3.718),False,False,False,True
75,4.6928,-5.6563,0.0,150,0.8102,186.81,(1.287, 0.828, -4.235),(26.784, 0.57, -1.0),False,False,False,True
76,8.3818,-4.9264,0.0,150,0.8052,189.42,(-1.103, -1.178, -3.232),(30.059, 2.248, -6.466),False,False,False,True
77,-6.6959,-4.661,0.0,150,0.8002,192.05,(0.866, 0.121, -3.051),(34.59, -1.286, -1.724),False,False,False,True
78,3.4152,-1.7885,0.0,150,0.7952,194.66,(1.091, -0.663, -3.386),(31.006, -3.864, -1.212),False,False,False,True
79,0.6387,-0.711,0.0,150,0.7902,197.29,(0.344, 1.028, -3.23),(30.604, 0.16, -1.0),False,False,False,True
80,3.0121,-0.58,0.0,150,0.7852,199.92,(0.516, 1.106, -2.491),(26.885, 0.112, -2.815),False,False,False,True
# [17:50:47] [greedy-eval @ episode 80] success_rate=0.0% over 5 episodes
81,-0.1412,-0.0222,0.0,150,0.7802,215.57,(0.542, -0.237, -4.113),(26.037, -2.13, -4.461),False,False,False,True
82,5.5049,-0.7379,0.0,150,0.7752,218.22,(0.684, 1.081, -4.137),(29.137, -0.405, -6.68),False,False,False,True
83,12.9042,1.3008,0.0,150,0.7702,220.84,(-1.524, 1.016, -2.266),(31.092, 0.719, -2.762),False,False,False,True
84,9.8008,4.1513,0.0,150,0.7652,223.47,(-1.409, -0.496, -3.707),(26.629, 0.187, -1.0),False,False,False,True
85,7.5722,4.4393,0.0,150,0.7602,226.09,(-0.42, -1.294, -4.113),(29.77, -3.577, -2.132),False,False,False,True
86,-5.4825,3.0529,0.0,150,0.7552,228.69,(0.042, -0.383, -3.394),(28.869, -0.174, -1.0),False,False,False,True
87,4.3094,4.1534,0.0,150,0.7502,231.31,(1.057, 0.663, -4.027),(32.679, -1.413, -4.666),False,False,False,True
88,-4.1922,3.3926,0.0,150,0.7452,233.89,(0.222, 0.716, -1.884),(31.115, 2.235, -2.88),False,False,False,True
89,2.7323,3.602,0.0,150,0.7402,236.49,(-0.347, 1.091, -2.508),(29.254, 3.243, -5.583),False,False,False,True
90,4.2485,3.7256,0.0,150,0.7352,239.08,(-0.353, -1.122, -1.909),(27.718, -0.581, -3.918),False,False,False,True
91,-2.4758,3.4922,0.0,150,0.7302,241.68,(-0.293, 1.386, -2.003),(28.178, -0.334, -1.0),False,False,False,True
92,2.5203,3.1937,0.0,9,0.7299,241.9,(0.176, 0.196, -2.617),(32.153, -0.906, -3.517),False,False,True,False
93,7.7645,2.6797,0.0,150,0.7249,244.51,(-1.169, -0.94, -3.488),(32.688, -2.567, -1.0),False,False,False,True
94,-3.8663,1.313,0.0,150,0.7199,247.14,(0.961, -0.455, -4.46),(29.865, -0.769, -4.413),False,False,False,True
95,2.3024,0.7861,0.0,150,0.7149,249.75,(1.342, -0.769, -3.129),(28.103, 2.268, -5.932),False,False,False,True
96,0.9881,1.4331,0.0,150,0.7099,252.3,(0.09, 0.271, -4.972),(26.941, 0.29, -1.0),False,False,False,True
97,0.6094,1.0631,0.0,150,0.7049,254.92,(-0.862, -0.585, -3.253),(26.838, -3.683, -3.614),False,False,False,True
98,0.5803,1.5404,0.0,150,0.6999,257.54,(-1.528, -0.78, -3.203),(27.335, -2.723, -4.844),False,False,False,True
99,0.7776,1.3449,0.0,150,0.6949,260.14,(0.263, 0.092, -4.788),(30.542, -2.054, -1.0),False,False,False,True
100,-4.8605,0.434,0.0,150,0.6899,262.74,(0.879, -1.126, -1.936),(30.175, -3.376, -1.0),False,False,False,True
# [18:53:35] [greedy-eval @ episode 100] success_rate=0.0% over 5 episodes
101,4.034,1.085,0.0,150,0.6849,278.35,(-0.46, 1.668, -3.144),(33.557, -0.991, -1.842),False,False,False,True
102,-1.8983,0.6431,0.0,150,0.6799,280.97,(1.868, 0.444, -2.614),(30.46, 1.612, -5.268),False,False,False,True
103,-3.7452,-0.5078,0.0,150,0.6749,283.57,(-0.987, 0.8, -2.35),(30.388, 3.379, -1.035),False,False,False,True
104,-0.3761,-0.1588,0.0,150,0.6699,286.15,(0.454, -0.337, -1.274),(29.115, -0.722, -2.317),False,False,False,True
105,-0.3586,-0.4249,0.0,150,0.6649,288.78,(1.108, -1.097, -4.134),(32.753, -1.72, -1.0),False,False,False,True
106,2.3801,-0.2857,0.0,150,0.6599,291.38,(-0.38, 1.13, -2.719),(28.033, -1.828, -1.296),False,False,False,True
107,-2.7344,-0.6201,0.0,150,0.6549,293.96,(-0.431, 0.425, -2.418),(32.351, 1.579, -1.0),False,False,False,True
108,-1.8221,-0.8604,0.0,150,0.6499,296.56,(-0.46, 0.073, -2.918),(32.572, -1.394, -6.966),False,False,False,True
109,-3.0228,-1.2404,0.0,150,0.6449,299.19,(0.781, -0.922, -4.406),(27.194, -0.103, -5.128),False,False,False,True
110,-5.531,-1.3075,0.0,150,0.6399,301.79,(1.418, -0.01, -2.769),(31.243, 1.407, -5.373),False,False,False,True
111,3.5482,-1.356,0.0,14,0.6394,302.14,(-1.669, 0.269, -4.025),(30.856, -4.391, -2.846),False,False,True,False
112,-1.8078,-1.347,0.0,150,0.6344,304.73,(0.68, 0.852, -2.234),(27.822, 0.02, -1.251),False,False,False,True
113,-1.4285,-1.1153,0.0,150,0.6294,307.36,(0.109, 1.231, -4.398),(32.19, 3.098, -3.778),False,False,False,True
114,0.7029,-1.0074,0.0,150,0.6244,309.97,(-0.583, -1.832, -2.701),(27.668, 1.463, -6.913),False,False,False,True
115,-7.0455,-1.6761,0.0,150,0.6194,312.57,(-0.053, -0.056, -3.066),(31.766, 1.449, -5.665),False,False,False,True
116,-9.4179,-2.8559,0.0,150,0.6144,315.14,(-0.494, 0.76, -1.763),(31.674, -0.451, -5.737),False,False,False,True
117,-3.826,-2.9651,0.0,150,0.6094,317.76,(-1.035, 1.536, -2.534),(31.884, 0.383, -1.232),False,False,False,True
118,-2.5253,-3.0354,0.0,150,0.6044,320.38,(-0.397, 1.492, -4.235),(33.891, -1.042, -1.654),False,False,False,True
119,-3.8031,-3.1134,0.0,150,0.5994,322.96,(0.618, 0.629, -1.688),(29.122, 0.212, -5.981),False,False,False,True
120,-5.0029,-3.0606,0.0,150,0.5944,325.57,(-1.643, 0.513, -2.654),(29.85, -0.192, -4.144),False,False,False,True
# [19:56:27] [greedy-eval @ episode 120] success_rate=0.0% over 5 episodes
121,-9.7017,-4.3856,0.0,150,0.5894,341.23,(-0.37, 0.661, -4.475),(26.45, -3.03, -3.777),False,False,False,True
122,-3.4013,-4.5449,0.0,150,0.5844,343.86,(-0.336, 0.561, -3.094),(34.208, -2.523, -3.407),False,False,False,True
123,-9.6983,-5.3719,0.0,150,0.5794,346.46,(0.825, -0.548, -2.877),(32.55, 0.449, -1.0),False,False,False,True
124,4.1062,-5.0316,0.0,11,0.5791,346.76,(1.21, -0.575, -4.36),(32.557, -1.358, -6.534),False,False,True,False
125,1.2971,-4.1973,0.0,150,0.5741,349.37,(-1.682, 0.717, -2.747),(29.482, 1.518, -3.47),False,False,False,True
126,-5.4086,-3.7964,0.0,150,0.5691,351.95,(0.698, -0.238, -2.105),(32.075, 1.335, -1.0),False,False,False,True
127,-0.7419,-3.488,0.0,150,0.5641,354.57,(0.525, 1.403, -4.038),(31.987, 2.805, -2.836),False,False,False,True
128,-5.8998,-3.8254,0.0,150,0.5591,357.18,(-0.25, 1.884, -2.84),(28.182, -3.317, -3.978),False,False,False,True
129,-3.4844,-3.7936,0.0,150,0.5541,359.78,(-0.482, 0.721, -2.533),(32.678, -0.152, -2.043),False,False,False,True
130,-10.4067,-4.334,0.0,150,0.5491,362.4,(1.577, -0.057, -3.0),(31.158, 0.289, -1.0),False,False,False,True
131,-4.2617,-3.79,0.0,150,0.5441,365.02,(-0.183, 1.154, -3.575),(28.079, 2.558, -3.906),False,False,False,True
132,-5.0558,-3.9554,0.0,150,0.5391,367.63,(-1.46, 1.201, -2.628),(32.016, 0.785, -3.963),False,False,False,True
133,1.7536,-2.8102,0.0,48,0.5375,368.52,(0.148, -1.329, -2.564),(28.136, -2.142, -1.0),False,False,True,False
134,-4.924,-3.7132,0.0,150,0.5325,371.13,(-0.633, 1.391, -3.128),(33.279, -0.305, -4.38),False,False,False,True
135,-6.7265,-4.5156,0.0,150,0.5275,373.73,(-0.985, 0.433, -2.361),(31.668, 2.73, -5.883),False,False,False,True
136,-5.546,-4.5293,0.0,150,0.5225,376.36,(-0.192, 0.879, -3.095),(31.814, 0.414, -1.0),False,False,False,True
137,4.6888,-3.9863,0.0,150,0.5175,378.99,(-0.073, 1.282, -4.124),(29.483, 1.431, -7.717),False,False,False,True
138,-11.2333,-4.5196,0.0,150,0.5125,381.61,(0.856, 0.023, -4.288),(30.391, -2.367, -1.0),False,False,False,True
139,1.3302,-4.0381,0.0,32,0.5114,382.25,(0.487, -1.434, -4.105),(27.478, -1.281, -1.0),False,False,True,False
140,-8.4774,-3.8452,0.0,150,0.5064,384.87,(-1.083, 1.174, -3.767),(29.635, -2.673, -3.631),False,False,False,True
# [20:55:46] [greedy-eval @ episode 140] success_rate=0.0% over 5 episodes
141,-8.088,-4.2278,0.0,150,0.5014,400.57,(-1.135, 0.322, -4.548),(31.34, 4.332, -3.352),False,False,False,True
142,-0.8389,-3.8061,0.0,14,0.5009,400.89,(1.329, -0.516, -1.911),(26.745, -0.641, -2.797),False,False,True,False
143,-1.9174,-4.1732,0.0,4,0.5008,401.06,(-1.524, -1.158, -2.676),(28.557, 3.574, -5.224),False,False,True,False
144,-10.2209,-4.7029,0.0,150,0.4958,403.68,(0.434, 1.161, -4.291),(29.132, 1.59, -1.0),False,False,False,True
145,5.1656,-3.5137,0.0,150,0.4908,406.29,(-0.875, 1.443, -2.389),(26.679, 1.16, -3.127),False,False,False,True
146,1.9412,-2.765,0.0,5,0.4906,406.47,(1.645, -0.466, -1.998),(26.431, -2.678, -1.0),False,False,True,False
147,-11.2622,-4.3601,0.0,150,0.4856,409.07,(-1.037, -0.439, -2.74),(26.454, -1.47, -4.356),False,False,False,True
148,-9.5825,-4.195,0.0,127,0.4814,411.26,(-0.325, 0.026, -1.572),(32.473, -2.909, -1.0),False,False,True,False
149,-2.1328,-4.5413,0.0,18,0.4808,411.67,(0.224, 1.675, -3.289),(27.0, -1.812, -1.354),False,False,True,False
150,-5.392,-4.2328,0.0,81,0.4781,413.09,(0.431, -0.865, -2.158),(25.708, 2.124, -4.329),False,False,True,False
151,-0.9622,-3.5202,0.0,15,0.4776,413.44,(-1.067, -1.05, -3.382),(30.368, 0.408, -6.258),False,False,True,False
152,-5.2919,-3.9655,0.0,81,0.4749,414.89,(-0.465, 1.429, -3.561),(28.981, -3.045, -4.608),False,False,True,False
153,-11.9633,-4.9701,0.0,150,0.4699,417.52,(-0.803, -1.02, -3.771),(27.844, -0.977, -1.0),False,False,False,True
154,-1.1531,-4.0633,0.0,29,0.4689,418.1,(-0.946, 0.945, -2.433),(32.431, 2.03, -5.685),False,False,True,False
155,-2.1843,-4.7983,0.0,37,0.4677,418.79,(0.655, 0.897, -2.029),(30.015, 1.352, -5.261),False,False,True,False
156,-14.0593,-6.3984,0.0,150,0.4627,421.4,(1.364, -0.467, -3.888),(32.156, -3.303, -2.911),False,False,False,True
157,1.7121,-5.1009,0.0,7,0.4625,421.59,(-0.385, -0.704, -1.251),(25.553, 1.269, -4.037),False,False,True,False
158,-6.2308,-4.7658,0.0,19,0.4618,422.02,(1.313, -0.528, -3.97),(30.016, -4.105, -3.387),False,False,True,False
159,-9.5236,-5.5048,0.0,150,0.4568,424.59,(-0.326, 0.649, -1.515),(30.289, 3.551, -3.616),False,False,False,True
160,-3.6359,-5.3292,0.0,36,0.4556,425.31,(0.735, -0.901, -3.916),(28.197, 0.877, -1.683),False,False,True,False
# [21:36:11] [greedy-eval @ episode 160] success_rate=0.0% over 5 episodes
161,-3.1777,-5.5508,0.0,17,0.4551,438.72,(1.025, -0.491, -2.784),(26.878, -3.723, -3.493),False,False,True,False
162,-8.5803,-5.8796,0.0,112,0.4513,440.71,(1.042, 0.49, -4.357),(32.374, 3.911, -4.133),False,False,True,False
163,-15.112,-6.1945,0.0,150,0.4463,443.32,(1.678, -0.563, -3.628),(30.834, -1.119, -4.947),False,False,False,True
164,-8.845,-6.9637,0.0,150,0.4413,445.95,(-0.333, 1.233, -4.474),(29.771, -1.654, -5.72),False,False,False,True
165,-2.106,-6.9559,0.0,28,0.4404,446.53,(-0.304, -0.71, -3.792),(32.611, -0.034, -2.729),False,False,True,False
166,-13.7044,-6.9204,0.0,150,0.4354,449.14,(0.909, 0.626, -3.19),(32.341, 2.528, -3.338),False,False,False,True
167,-13.2097,-8.4125,0.0,150,0.4304,451.74,(1.436, 0.092, -2.007),(32.023, -0.294, -1.0),False,False,False,True
168,-1.1655,-7.906,0.0,29,0.4294,452.32,(-1.165, -0.282, -2.432),(30.407, -3.013, -5.961),False,False,True,False
169,-2.0795,-7.1616,0.0,39,0.4281,453.07,(0.57, 1.345, -2.259),(33.864, 3.138, -3.043),False,False,True,False
170,-11.1056,-7.9086,0.0,150,0.4231,455.68,(-0.287, -0.913, -3.036),(27.547, -2.344, -2.635),False,False,False,True
171,-1.4708,-7.7379,0.0,44,0.4217,456.48,(0.486, -0.262, -1.865),(31.416, 0.712, -5.234),False,False,True,False
172,-2.8154,-7.1614,0.0,73,0.4192,457.81,(-1.312, 0.393, -2.834),(31.152, -1.293, -2.549),False,False,True,False
173,-2.7573,-5.9259,0.0,39,0.4179,458.55,(0.443, 1.118, -2.169),(31.336, -1.716, -1.0),False,False,True,False
174,-4.654,-5.5068,0.0,70,0.4156,459.82,(-1.287, 0.931, -2.485),(28.124, 3.071, -1.0),False,False,True,False
175,-6.2173,-5.918,0.0,21,0.4149,460.28,(-1.036, 1.508, -3.707),(28.798, -3.283, -4.587),False,False,True,False
176,-1.6065,-4.7082,0.0,40,0.4136,461.04,(-0.889, 1.299, -2.669),(31.997, 1.998, -4.726),False,False,True,False
177,-6.8099,-4.0682,0.0,150,0.4086,463.62,(-0.884, 0.031, -1.947),(32.712, 2.233, -4.671),False,False,False,True
178,-1.1801,-4.0696,0.0,18,0.408,463.98,(1.097, -0.333, -1.544),(32.461, 0.77, -4.133),False,False,True,False
179,0.8514,-3.7766,0.0,34,0.4068,464.65,(-1.105, 0.676, -2.983),(31.27, -3.28, -1.0),False,False,True,False
180,-3.1042,-2.9764,0.0,31,0.4058,465.26,(0.774, -0.921, -2.552),(29.185, -0.309, -3.461),False,False,True,False
# [22:15:06] [greedy-eval @ episode 180] success_rate=0.0% over 5 episodes
181,2.6003,-2.5693,0.0,33,0.4047,477.93,(-0.198, 0.716, -3.218),(33.745, -0.953, -4.861),False,False,True,False
182,-2.8599,-2.5738,0.0,50,0.403,478.89,(-0.087, 0.596, -2.856),(29.723, -1.019, -1.0),False,False,True,False
183,-2.1246,-2.5105,0.0,13,0.4026,479.18,(0.534, 1.008, -1.858),(27.055, 2.005, -1.0),False,False,True,False
184,-7.3783,-2.7829,0.0,84,0.3998,480.69,(1.078, -0.956, -3.901),(27.529, -2.345, -3.904),False,False,True,False
185,-1.2317,-2.2844,0.0,12,0.3994,480.99,(1.894, -0.088, -2.507),(31.729, -3.509, -1.767),False,False,True,False
186,6.5862,-1.4651,0.0,150,0.3944,483.59,(0.24, 0.66, -4.739),(31.234, -0.089, -5.573),False,False,False,True
187,-0.487,-0.8328,0.0,20,0.3937,484.04,(0.829, 0.567, -3.746),(29.379, -1.852, -2.047),False,False,True,False
188,11.1331,0.3985,0.0,59,0.3918,485.14,(-0.235, 1.631, -2.081),(26.334, -1.766, -4.216),False,False,True,False
189,3.2912,0.6425,0.0,150,0.3868,487.74,(1.049, -0.53, -1.493),(30.767, 1.103, -2.226),False,False,False,True
190,1.1452,1.0675,0.0,60,0.3848,488.87,(-0.548, 1.499, -4.092),(32.963, -2.198, -4.849),False,False,True,False
191,-9.3168,-0.1243,0.0,150,0.3798,491.49,(0.484, -0.228, -3.781),(33.305, 0.297, -3.967),False,False,True,True
192,-4.2253,-0.2608,0.0,76,0.3772,492.86,(-0.673, -1.321, -2.385),(28.418, -2.256, -1.195),False,False,True,False
193,-8.8287,-0.9312,0.0,125,0.3731,495.09,(1.376, 1.369, -3.182),(30.576, -2.613, -1.0),False,False,True,False
194,-21.4857,-2.3419,0.0,150,0.3681,497.72,(-1.733, 0.093, -3.262),(29.013, 1.728, -4.859),False,False,False,True
195,-10.7107,-3.2898,0.0,150,0.3631,500.35,(-1.877, -0.59, -2.956),(31.88, 2.581, -3.937),False,False,False,True
196,-13.4064,-5.2891,0.0,150,0.3581,502.98,(0.512, 0.688, -3.712),(26.209, -2.521, -4.931),False,False,False,True
197,-14.4412,-6.6845,0.0,150,0.3531,505.59,(1.253, 1.331, -2.403),(27.189, 0.749, -4.133),False,False,False,True
198,-10.3916,-8.837,0.0,129,0.3488,507.86,(-0.502, 0.791, -4.662),(27.344, 0.553, -2.787),False,False,True,False
199,-3.4532,-9.5114,0.0,9,0.3485,508.12,(0.731, -1.544, -3.721),(31.134, -3.661, -1.561),False,False,True,False
200,-7.9181,-10.4178,0.0,93,0.3454,509.77,(0.192, 0.216, -3.1),(32.967, 0.951, -1.0),False,False,True,False
# [23:00:44] [greedy-eval @ episode 200] success_rate=0.0% over 5 episodes
201,-25.0341,-11.9895,0.0,150,0.3404,525.53,(-0.496, 0.436, -1.538),(27.785, 0.523, -2.842),False,False,False,True
202,-25.9313,-14.1601,0.0,150,0.3354,528.11,(-0.615, 0.431, -1.778),(30.873, -2.379, -1.0),False,False,False,True
203,-18.9459,-15.1718,0.0,150,0.3304,530.72,(-1.081, -0.642, -2.279),(34.13, -0.105, -1.0),False,False,False,True
204,-1.9313,-13.2164,0.0,57,0.3285,531.78,(1.401, -0.755, -3.845),(30.467, 1.548, -7.394),False,False,True,False
205,-16.2087,-13.7662,0.0,150,0.3235,534.43,(-0.812, -0.61, -3.06),(29.777, -1.485, -6.704),False,False,False,True
206,-19.7886,-14.4044,0.0,150,0.3185,537.05,(0.273, -0.471, -1.186),(27.785, -0.009, -5.372),False,False,False,True
207,-9.2616,-13.8864,0.0,32,0.3174,537.7,(1.124, 0.34, -2.858),(25.819, 0.313, -4.773),False,False,True,False
208,-11.0635,-13.9536,0.0,150,0.3124,540.42,(0.431, -0.742, -2.212),(32.056, 1.939, -6.026),False,False,False,True
209,-9.2865,-14.537,0.0,150,0.3074,543.16,(-0.021, -0.966, -4.599),(30.586, 1.691, -4.459),False,False,False,True
210,-9.9102,-14.7362,0.0,150,0.3024,545.85,(1.746, -0.336, -2.949),(29.15, 1.643, -4.991),False,False,False,True
211,-1.4285,-12.3756,0.0,5,0.3022,546.03,(-1.181, -1.264, -2.298),(29.926, 1.822, -1.938),False,False,True,False
212,-14.917,-11.2742,0.0,150,0.2972,548.66,(-1.531, -0.831, -3.086),(30.859, -4.173, -3.311),False,False,False,True
213,-15.6321,-10.9428,0.0,150,0.2922,551.27,(1.073, 0.98, -2.729),(25.821, -1.647, -1.523),False,False,False,True
214,12.6844,-9.4812,0.0,137,0.2877,553.63,(-0.785, 0.24, -1.777),(31.808, -1.347, -3.647),False,False,True,False
215,18.1175,-6.0486,0.0,62,0.2856,554.77,(0.593, 1.124, -3.625),(32.721, -2.966, -2.454),False,False,True,False
216,-8.7681,-4.9466,0.0,150,0.2806,557.38,(1.188, -0.586, -2.839),(34.452, 1.8, -2.606),False,False,False,True
217,-0.5066,-4.0711,0.0,15,0.2801,557.73,(0.665, -0.094, -3.696),(31.348, 0.231, -7.316),False,False,True,False
218,-11.7644,-4.1411,0.0,95,0.2769,559.39,(-0.037, -0.668, -2.41),(30.038, -0.495, -6.355),False,False,True,False
219,-0.2241,-3.2349,0.0,14,0.2765,559.71,(-0.151, 0.425, -2.836),(31.101, 3.078, -4.321),False,False,True,False
220,-15.3845,-3.7823,0.0,150,0.2715,562.31,(-1.604, 0.12, -2.105),(31.149, 0.188, -4.785),False,False,False,True
# [23:45:57] [greedy-eval @ episode 220] success_rate=0.0% over 5 episodes
221,18.1312,-1.8264,0.0,59,0.2695,569.23,(-0.949, -0.173, -4.274),(31.466, 0.545, -1.0),False,False,True,False
222,16.7868,1.344,0.0,63,0.2674,570.4,(-0.289, -1.023, -4.216),(32.684, -3.721, -1.031),False,False,True,False
223,2.5161,3.1589,0.0,8,0.2671,570.63,(-0.33, 1.269, -2.72),(31.77, 2.265, -3.311),False,False,True,False
224,11.386,3.029,0.0,150,0.2621,573.24,(-1.488, -0.106, -2.928),(26.489, -1.96, -5.116),False,False,False,True
225,16.3915,2.8564,0.0,41,0.2608,574.01,(1.35, -0.195, -1.62),(29.746, 2.485, -1.0),False,False,True,False
226,10.7198,4.8052,0.0,150,0.2558,576.62,(1.297, 1.031, -1.925),(28.434, -0.985, -5.894),False,False,False,True
227,6.6627,5.5221,0.0,150,0.2508,579.24,(0.629, -0.911, -3.546),(27.485, 3.321, -2.917),False,False,False,True
228,14.5615,8.1547,0.0,150,0.2458,581.84,(0.968, -0.181, -2.456),(33.754, -1.048, -2.69),False,False,False,True
229,13.8666,9.5638,0.0,150,0.2408,584.46,(-0.926, 1.029, -3.741),(32.831, 2.253, -2.026),False,False,False,True
230,14.0416,12.5064,0.0,150,0.2358,587.07,(1.027, -0.534, -2.407),(31.365, -0.981, -7.394),False,False,False,True
231,-11.8136,9.5119,0.0,150,0.2308,589.71,(0.232, -0.886, -3.797),(28.366, 0.002, -6.608),False,False,False,True
232,18.5009,9.6833,0.0,150,0.2258,592.32,(0.144, 0.573, -3.293),(33.477, -0.797, -1.737),False,False,False,True
233,8.2946,10.2611,0.0,150,0.2208,594.9,(-0.498, 0.891, -1.983),(27.575, -2.917, -1.814),False,False,False,True
234,5.5803,9.6806,0.0,150,0.2158,597.54,(0.052, -0.696, -2.808),(25.866, 1.273, -1.0),False,False,False,True
235,-1.9219,7.8492,0.0,12,0.2154,597.86,(0.038, -0.985, -3.506),(26.422, 0.132, -2.072),False,False,True,False
236,19.4594,8.7232,0.0,150,0.2104,600.47,(0.57, 0.502, -4.374),(33.279, -3.317, -2.579),False,False,False,True
237,9.3886,8.9958,0.0,150,0.2054,603.11,(-0.234, 0.799, -3.709),(26.538, -1.16, -4.845),False,False,False,True
238,18.8962,9.4293,0.0,150,0.2004,605.71,(-0.173, 0.101, -3.889),(31.523, -1.007, -4.61),False,False,False,True
239,11.7357,9.2162,0.0,150,0.2,608.32,(1.763, -0.078, -2.19),(29.588, -3.608, -1.0),False,False,False,True
240,13.5927,9.1713,0.0,150,0.2,610.9,(-0.844, 0.11, -2.24),(27.181, -1.631, -5.906),False,False,False,True
# [00:41:44] [greedy-eval @ episode 240] success_rate=0.0% over 5 episodes
241,17.1171,12.0644,0.0,150,0.2,626.51,(0.378, -1.827, -2.879),(30.984, 2.631, -4.489),False,False,False,True
242,12.7807,11.4923,0.0,150,0.2,629.08,(0.323, 0.058, -1.471),(26.387, 0.89, -1.721),False,False,False,True
243,18.7755,12.5404,0.0,150,0.2,631.68,(-0.258, 0.408, -4.21),(33.731, 1.478, -4.549),False,False,False,True
244,13.2705,13.3095,0.0,150,0.2,634.31,(-0.138, 1.156, -3.705),(28.749, 1.624, -4.701),False,False,False,True
245,15.3409,15.0357,0.0,150,0.2,636.91,(-0.968, 1.121, -2.62),(29.663, -0.708, -5.673),False,False,False,True
246,21.5251,15.2423,0.0,150,0.2,639.53,(-1.773, -0.055, -2.615),(33.385, -0.222, -3.974),False,False,False,True
247,10.7783,15.3813,0.0,150,0.2,642.1,(-0.473, 0.686, -1.431),(29.619, 1.659, -7.172),False,False,False,True
248,17.4173,15.2334,0.0,112,0.2,644.07,(-0.031, -0.386, -4.288),(31.036, -3.867, -1.807),False,False,True,False
249,10.7474,15.1346,0.0,150,0.2,646.67,(-0.127, 1.378, -2.873),(30.839, 3.298, -5.939),False,False,False,True
250,11.3896,14.9143,0.0,150,0.2,649.29,(-0.87, 1.142, -4.019),(30.764, 3.945, -3.301),False,False,False,True
251,12.1623,14.4188,0.0,150,0.2,651.9,(0.279, -1.623, -2.432),(29.713, -0.165, -4.835),False,False,False,True
252,15.032,14.6439,0.0,150,0.2,654.48,(0.498, 1.012, -1.85),(29.584, -1.474, -7.474),False,False,False,True
253,0.0148,12.7678,0.0,150,0.2,657.09,(1.14, -1.205, -3.338),(28.235, -1.012, -3.106),False,False,False,True
254,7.1966,12.1604,0.0,150,0.2,659.7,(-0.954, -0.696, -3.048),(27.916, 3.487, -4.778),False,False,False,True
255,5.3695,11.1633,0.0,150,0.2,662.31,(-0.652, 1.537, -2.995),(29.541, -2.405, -5.31),False,False,False,True
256,7.02,9.7128,0.0,150,0.2,664.93,(0.083, 1.8, -2.514),(33.982, 0.532, -3.151),False,False,False,True
257,5.6705,9.202,0.0,9,0.2,665.18,(0.9, -1.361, -2.958),(33.452, 1.54, -1.0),False,False,True,False
258,13.1339,8.7737,0.0,150,0.2,667.75,(0.095, 0.718, -1.722),(33.608, 1.772, -1.0),False,False,False,True
259,12.0937,8.9083,0.0,150,0.2,670.4,(-0.808, -0.319, -3.52),(27.768, 2.508, -5.366),False,False,False,True
260,9.241,8.6934,0.0,150,0.2,673.01,(-0.016, 1.393, -3.786),(26.573, -0.214, -6.076),False,False,False,True
# [01:43:56] [greedy-eval @ episode 260] success_rate=0.0% over 5 episodes
261,10.9843,8.5756,0.0,123,0.2,688.21,(-0.845, 0.698, -1.838),(29.933, -2.616, -1.0),False,False,True,False
262,11.9442,8.2669,0.0,112,0.2,690.17,(0.451, 0.409, -3.73),(33.542, -0.334, -1.515),False,False,True,False
263,16.4789,9.9133,0.0,59,0.2,691.26,(0.043, -0.743, -4.323),(29.896, -4.367, -1.291),False,False,True,False
264,18.8516,11.0788,0.0,137,0.2,693.62,(-0.774, 0.665, -1.351),(31.166, -2.438, -3.745),False,False,True,False
265,14.9612,12.0379,0.0,148,0.2,696.2,(-0.965, 1.13, -3.29),(27.03, -1.707, -1.0),False,False,True,False
266,16.75,13.0109,0.0,150,0.2,698.83,(-0.775, -0.466, -4.025),(29.19, 0.054, -1.0),False,False,False,True
267,17.2404,14.1679,0.0,102,0.2,700.63,(0.158, -0.282, -4.515),(26.497, 0.48, -1.0),False,False,True,False
268,18.1867,14.6732,0.0,127,0.2,702.82,(-0.765, 0.232, -2.515),(30.672, -3.086, -1.0),False,False,True,False
269,7.1639,14.1802,0.0,150,0.2,705.43,(-1.242, -1.191, -2.605),(28.658, 1.586, -4.659),False,False,False,True
270,68.8625,20.1424,10.0,126,0.2,707.63,(-0.668, 1.367, -2.391),(26.276, -1.344, -3.382),True,False,False,False
271,70.515,26.0954,20.0,65,0.2,708.82,(1.769, -0.032, -3.171),(27.884, -1.924, -1.381),True,False,False,False
272,4.7568,25.3767,20.0,150,0.2,711.43,(1.362, 0.387, -2.366),(29.806, 2.565, -1.0),False,False,False,True
273,75.1002,31.2388,30.0,68,0.2,712.64,(0.259, 0.546, -2.269),(30.467, -3.214, -1.0),True,False,False,False
274,17.3951,31.0932,30.0,102,0.2,714.45,(1.412, 0.988, -2.374),(32.114, -0.306, -1.034),False,False,True,False
275,7.4379,30.3409,30.0,150,0.2,717.06,(-1.378, -0.12, -3.851),(29.898, 2.149, -7.376),False,False,False,True
276,4.8133,29.1472,30.0,150,0.2,719.66,(1.21, -0.114, -1.955),(29.396, -0.788, -5.743),False,False,False,True
277,4.6686,27.89,30.0,150,0.2,722.24,(-0.595, -0.638, -1.898),(31.173, -0.345, -6.419),False,False,False,True
278,5.3417,26.6055,30.0,150,0.2,724.82,(0.087, 0.396, -1.864),(27.464, 3.173, -2.462),False,False,False,True
279,1.2148,26.0106,30.0,150,0.2,727.4,(-0.734, 0.285, -2.229),(28.922, -1.93, -5.916),False,False,False,True
280,-1.5478,18.9696,20.0,150,0.2,730.01,(-0.982, 1.35, -3.533),(29.525, -1.63, -7.618),False,False,False,True
# [02:38:43] [greedy-eval @ episode 280] success_rate=0.0% over 5 episodes
281,14.2455,13.3426,10.0,150,0.2,743.49,(-1.344, 0.125, -2.958),(30.863, -2.009, -1.0),False,False,False,True
282,2.1616,13.0831,10.0,150,0.2,746.14,(0.819, 0.19, -3.34),(31.246, 2.404, -5.743),False,False,False,True
283,71.7906,12.7521,10.0,139,0.2,748.56,(1.105, -0.765, -2.777),(30.599, 3.878, -3.736),True,False,False,False
284,10.1002,12.0227,10.0,150,0.2,751.19,(-0.082, -1.188, -3.921),(34.834, 0.851, -2.058),False,False,False,True
285,2.1633,11.4952,10.0,63,0.2,752.31,(-0.791, 0.68, -2.07),(26.844, -1.271, -3.677),False,False,True,False
286,1.812,11.1951,10.0,52,0.2,753.28,(-0.491, 1.09, -2.986),(25.917, -2.024, -4.736),False,False,True,False
287,4.1694,11.1451,10.0,18,0.2,753.69,(-1.175, 0.296, -4.33),(32.744, 3.516, -4.276),False,False,True,False
288,-1.6149,10.4495,10.0,150,0.2,756.32,(-0.436, -1.201, -4.122),(30.11, 2.273, -4.874),False,False,False,True
289,1.5212,10.4801,10.0,38,0.2,757.06,(1.324, -1.315, -3.718),(32.463, 1.769, -2.292),False,False,True,False
290,7.9924,11.4341,10.0,28,0.2,757.63,(0.253, -1.545, -1.988),(30.744, -2.539, -1.0),False,False,True,False
291,7.0484,10.7144,10.0,30,0.2,758.23,(-1.409, 0.052, -3.109),(30.374, -0.41, -3.751),False,False,True,False
292,8.9678,11.395,10.0,35,0.2,758.91,(-0.551, -1.103, -2.017),(32.266, -3.059, -4.019),False,False,True,False
293,0.1692,4.2329,0.0,57,0.2,759.96,(-0.973, 1.091, -2.429),(30.521, 1.339, -1.0),False,False,True,False
294,0.8396,3.3068,0.0,21,0.2,760.38,(0.682, 0.614, -1.427),(25.428, -1.105, -3.261),False,False,True,False
295,5.1631,3.6068,0.0,32,0.2,760.98,(-0.709, 0.012, -1.216),(32.264, 2.67, -4.255),False,False,True,False
296,-5.5751,2.8681,0.0,150,0.2,763.63,(-0.608, 0.548, -3.322),(31.079, 3.248, -4.47),False,False,False,True
297,-18.4337,0.6078,0.0,150,0.2,766.24,(-0.218, -1.227, -2.514),(32.333, 1.166, -7.207),False,False,False,True
298,-7.3108,0.0382,0.0,150,0.2,768.84,(-0.079, -0.566, -4.086),(27.506, -0.664, -5.226),False,False,False,True
299,-5.5791,-0.6718,0.0,134,0.2,771.19,(-0.539, -0.245, -3.123),(29.821, -2.378, -4.969),False,False,True,False
300,3.106,-1.1605,0.0,5,0.2,771.37,(1.917, 0.383, -3.0),(29.428, 4.603, -2.799),False,False,True,False
# [03:14:05] [greedy-eval @ episode 300] success_rate=0.0% over 5 episodes
# [03:14:05] Training complete. 300 episodes in 776.2 min. Final avg reward (last 10): -1.16. Final success rate (last 10): 0.0%.
