# run_name: blocks_generlization_epslion05
# timestamp: 20260908_192538
# ---- config ----
# goal_position: (70, 30, -5)
# start_position: (0, 0, -3)
# randomize_positions: True
# start_jitter_radius: 1.0
# goal_jitter_radius: 3.0
# max_episode_steps: 150
# dt: 0.5
# speed: 2.0
# state_dim: 15
# action_dim: 27
# lr: 0.0001
# gamma: 0.99
# buffer_capacity: 1000000
# batch_size: 32
# epsilon_start: 1.0
# epsilon_end: 0.05
# epsilon_decay_steps: 24000
# target_update_freq: 250
# use_double: True
# use_dueling: True
# ----------------
episode,reward,avg10,success_rate10,steps,epsilon,elapsed_min,start_position,goal_position,is_success,is_crash,is_out_of_bounds,is_timeout
1,-5.8893,-5.8893,0.0,150,0.9953,2.62,(0.699, -1.009, -4.072),(74.341, 31.579, -3.895),False,False,False,True
2,-19.8195,-12.8544,0.0,150,0.9894,5.25,(0.88, -1.091, -4.259),(69.758, 34.389, -6.758),False,False,False,True
3,-1.4163,-9.0417,0.0,12,0.9889,5.54,(1.278, 0.112, -1.984),(74.228, 32.085, -4.702),False,False,True,False
4,-16.2195,-10.8361,0.0,150,0.9829,8.15,(0.465, -0.766, -2.968),(71.686, 31.935, -7.332),False,False,False,True
5,-10.1917,-10.7072,0.0,150,0.977,10.75,(0.424, -1.215, -2.559),(69.928, 25.015, -5.241),False,False,False,True
6,-32.7144,-14.3751,0.0,150,0.9711,13.36,(1.884, 0.185, -2.593),(72.206, 26.36, -5.818),False,False,False,True
7,-36.2749,-17.5036,0.0,150,0.9651,15.97,(-0.528, -1.547, -2.302),(68.746, 27.211, -7.475),False,False,False,True
8,-15.9951,-17.3151,0.0,150,0.9592,18.6,(0.932, -0.647, -3.957),(67.991, 33.108, -3.526),False,False,False,True
9,-5.1365,-15.9619,0.0,150,0.9533,21.22,(0.876, 0.129, -4.125),(65.827, 28.049, -4.144),False,False,False,True
10,1.7102,-14.1947,0.0,150,0.9473,23.86,(0.213, -1.006, -3.961),(72.202, 28.096, -3.184),False,False,False,True
11,0.1877,-13.587,0.0,3,0.9472,24.0,(1.06, -0.788, -1.907),(70.193, 31.777, -5.153),False,False,True,False
12,3.6966,-11.2354,0.0,150,0.9413,26.61,(-1.248, -0.125, -3.446),(67.075, 31.306, -7.231),False,False,False,True
13,-3.1972,-11.4135,0.0,150,0.9353,29.21,(0.066, -1.625, -2.715),(66.66, 28.239, -7.609),False,False,False,True
14,0.2002,-9.7715,0.0,11,0.9349,29.5,(-1.441, -0.701, -2.877),(72.621, 33.154, -6.423),False,False,True,False
15,-8.8309,-9.6354,0.0,150,0.9289,32.1,(-0.119, 0.084, -4.767),(67.347, 28.783, -2.73),False,False,False,True
16,-5.7804,-6.942,0.0,150,0.923,34.72,(-1.593, 1.041, -3.256),(73.329, 31.824, -6.293),False,False,False,True
17,8.757,-2.4388,0.0,150,0.9171,37.34,(0.739, -1.116, -4.302),(69.829, 26.633, -6.441),False,False,False,True
18,11.3085,0.2915,0.0,150,0.9111,39.88,(-1.352, -0.933, -3.415),(67.465, 26.622, -7.203),False,False,False,True
19,-1.0623,0.6989,0.0,5,0.9109,40.05,(-1.127, -0.271, -2.264),(74.015, 27.996, -5.926),False,False,True,False
20,1.9171,0.7196,0.0,18,0.9102,40.45,(0.016, -0.017, -4.437),(71.659, 32.155, -1.537),False,False,True,False
# [20:08:45] [greedy-eval @ episode 20] success_rate=0.0% over 5 episodes
21,-3.9409,0.3068,0.0,150,0.9043,45.7,(0.572, -1.437, -3.621),(70.912, 30.523, -4.503),False,False,False,True
22,18.9701,1.8341,0.0,150,0.8983,48.32,(1.416, 0.863, -4.089),(67.284, 30.889, -1.508),False,False,False,True
23,-11.442,1.0097,0.0,150,0.8924,50.93,(1.142, -0.611, -3.707),(71.119, 26.531, -3.898),False,False,False,True
24,5.36,1.5256,0.0,30,0.8912,51.5,(0.3, -0.263, -1.392),(73.127, 29.963, -5.14),False,False,True,False
25,-13.5371,1.055,0.0,150,0.8853,54.1,(-1.416, 0.119, -1.766),(67.52, 32.205, -1.868),False,False,False,True
26,0.4648,1.6795,0.0,3,0.8852,54.24,(-0.675, 1.131, -1.551),(72.047, 30.815, -6.452),False,False,True,False
27,-11.9295,-0.3891,0.0,150,0.8792,56.87,(-1.129, 0.011, -4.453),(67.763, 27.903, -1.999),False,False,False,True
28,-10.7776,-2.5977,0.0,150,0.8733,59.52,(0.365, 0.622, -2.943),(69.853, 31.819, -8.919),False,False,False,True
29,10.9687,-1.3946,0.0,150,0.8674,62.12,(0.091, 0.453, -4.307),(73.514, 32.038, -6.68),False,False,False,True
30,0.0599,-1.5803,0.0,150,0.8614,64.73,(-1.242, 0.871, -2.424),(69.545, 27.176, -7.096),False,False,False,True
31,29.8685,1.8006,0.0,145,0.8557,67.25,(1.319, -0.09, -3.341),(69.818, 29.968, -1.0),False,True,False,False
32,11.5021,1.0538,0.0,150,0.8497,69.89,(-0.926, -0.293, -4.045),(68.649, 31.086, -7.371),False,False,False,True
33,-3.4038,1.8576,0.0,150,0.8438,72.47,(0.855, -0.098, -1.953),(72.606, 31.091, -1.0),False,False,False,True
34,5.705,1.8921,0.0,150,0.8379,75.08,(-0.019, -1.549, -3.4),(73.359, 32.192, -7.092),False,False,False,True
35,21.5223,5.398,0.0,150,0.8319,77.68,(0.09, 1.438, -2.222),(68.292, 32.956, -2.554),False,False,False,True
36,7.5585,6.1074,0.0,150,0.826,80.29,(1.415, 0.59, -2.131),(70.517, 28.303, -7.015),False,False,False,True
37,-3.5545,6.9449,0.0,26,0.825,80.81,(0.409, -0.234, -3.844),(72.581, 29.826, -9.072),False,False,True,False
38,5.3049,8.5532,0.0,150,0.819,83.39,(-0.1, -0.069, -1.838),(70.585, 27.561, -5.028),False,False,False,True
39,15.7591,9.0322,0.0,150,0.8131,85.99,(1.374, -0.089, -1.874),(67.286, 33.686, -4.62),False,False,False,True
40,25.7595,11.6022,0.0,150,0.8072,88.6,(-0.954, -0.424, -2.618),(73.132, 30.052, -8.287),False,False,False,True
# [20:58:18] [greedy-eval @ episode 40] success_rate=0.0% over 5 episodes
41,15.863,10.2016,0.0,150,0.8012,95.2,(0.272, -0.795, -2.341),(69.131, 32.629, -8.202),False,False,False,True
42,30.2673,12.0781,0.0,150,0.7953,97.82,(1.58, -0.605, -3.706),(72.803, 30.176, -1.072),False,False,False,True
43,6.6564,13.0841,0.0,150,0.7893,100.39,(1.071, -0.146, -1.904),(71.795, 32.486, -3.332),False,False,False,True
44,-3.1514,12.1985,0.0,150,0.7834,103.01,(-0.23, -1.906, -2.501),(70.204, 27.966, -4.836),False,False,False,True
45,29.9538,13.0417,0.0,150,0.7775,105.6,(1.283, -0.424, -1.936),(70.005, 27.794, -8.83),False,False,False,True
46,17.7895,14.0648,0.0,150,0.7715,108.18,(-0.082, -0.699, -2.35),(67.704, 29.754, -8.911),False,False,False,True
47,23.6309,16.7833,0.0,150,0.7656,110.79,(0.288, -0.303, -4.731),(66.84, 30.54, -5.103),False,False,False,True
48,26.664,18.9192,0.0,150,0.7597,113.39,(0.933, -0.871, -1.495),(67.473, 31.764, -7.837),False,False,False,True
49,25.0595,19.8492,0.0,150,0.7537,115.98,(-0.453, 0.031, -3.41),(67.745, 28.61, -7.401),False,False,False,True
50,25.4446,19.8178,0.0,150,0.7478,118.56,(-0.252, -0.241, -1.389),(65.415, 30.531, -3.432),False,False,False,True
51,18.5207,20.0835,0.0,150,0.7418,121.17,(-0.853, -0.279, -4.477),(67.518, 26.138, -6.504),False,False,False,True
52,19.2487,18.9817,0.0,150,0.7359,123.78,(1.566, -0.349, -2.53),(68.282, 28.127, -8.842),False,False,False,True
53,43.6523,22.6812,0.0,150,0.73,126.41,(-0.908, 0.294, -4.085),(66.621, 28.624, -8.4),False,False,False,True
54,28.8054,25.8769,0.0,150,0.724,129.02,(0.734, 1.208, -2.192),(69.004, 26.392, -4.857),False,False,False,True
55,20.4389,24.9254,0.0,142,0.7184,131.51,(0.722, -1.035, -4.464),(67.956, 26.105, -2.972),False,True,False,False
56,17.926,24.9391,0.0,150,0.7125,134.16,(0.04, 0.727, -2.735),(70.5, 30.939, -5.008),False,False,False,True
57,33.7066,25.9467,0.0,150,0.7065,136.79,(0.871, 0.356, -4.259),(68.149, 29.131, -3.836),False,False,False,True
58,17.1692,24.9972,0.0,150,0.7006,139.4,(1.312, -0.615, -2.089),(70.982, 29.4, -5.104),False,False,False,True
59,27.4332,25.2346,0.0,150,0.6947,142.0,(-0.847, -1.163, -2.312),(69.537, 27.908, -1.704),False,True,False,True
60,3.1594,23.006,0.0,7,0.6944,142.21,(0.279, 1.789, -2.197),(71.401, 33.064, -6.266),False,False,True,False
# [21:51:53] [greedy-eval @ episode 60] success_rate=0.0% over 5 episodes
61,28.4265,23.9966,0.0,109,0.6901,148.13,(-0.873, 1.171, -2.226),(67.047, 31.234, -2.281),False,True,False,False
62,2.6017,22.3319,0.0,9,0.6897,148.38,(-0.915, 0.803, -3.349),(66.266, 29.337, -2.916),False,False,True,False
63,36.6759,21.6343,0.0,144,0.684,150.85,(0.311, -0.261, -1.731),(68.174, 33.286, -7.754),False,True,False,False
64,24.8452,21.2383,0.0,149,0.6781,153.45,(0.496, -0.251, -3.118),(66.414, 29.134, -2.034),False,True,False,False
65,51.5625,24.3506,0.0,150,0.6722,156.06,(0.38, 1.763, -2.466),(70.063, 27.679, -8.693),False,False,False,True
66,45.3882,27.0968,0.0,150,0.6662,158.66,(-0.697, 0.219, -4.127),(67.261, 28.746, -3.846),False,False,False,True
67,37.95,27.5212,0.0,150,0.6603,161.28,(0.745, -0.663, -2.977),(68.975, 34.089, -4.948),False,False,False,True
68,34.8107,29.2853,0.0,150,0.6544,163.85,(-0.612, 0.636, -1.393),(73.074, 30.263, -3.184),False,False,False,True
69,25.9224,29.1342,0.0,145,0.6486,166.37,(-1.166, 0.377, -2.813),(68.499, 30.061, -1.857),False,True,False,False
70,43.6754,33.1858,0.0,150,0.6427,168.95,(-0.574, -0.053, -2.287),(73.276, 28.567, -7.024),False,False,False,True
71,39.6706,34.3103,0.0,150,0.6367,171.56,(-1.271, -0.314, -3.185),(70.781, 33.095, -2.941),False,False,False,True
72,0.6549,34.1156,0.0,8,0.6364,171.79,(0.934, -0.722, -2.924),(71.571, 29.544, -5.827),False,False,True,False
73,29.0717,33.3552,0.0,150,0.6305,174.37,(-0.065, 0.783, -2.506),(68.896, 27.547, -1.363),False,False,False,True
74,21.6704,33.0377,0.0,150,0.6246,176.98,(-1.644, -0.975, -3.386),(74.056, 30.184, -4.362),False,False,False,True
75,52.9819,33.1796,0.0,150,0.6186,179.58,(-1.043, 0.18, -2.658),(70.282, 32.889, -5.716),False,False,False,True
76,44.5096,33.0918,0.0,150,0.6127,182.19,(0.198, -0.591, -4.792),(74.177, 31.47, -6.677),False,False,False,True
77,46.9553,33.9923,0.0,150,0.6067,184.81,(-0.65, 0.385, -3.963),(71.175, 32.965, -6.537),False,False,False,True
78,53.3933,35.8505,0.0,150,0.6008,187.44,(-0.158, -1.013, -4.509),(73.537, 30.461, -5.259),False,False,False,True
79,51.4223,38.4005,0.0,150,0.5949,190.05,(-0.263, -1.835, -2.551),(68.961, 32.677, -9.008),False,False,False,True
80,43.3744,38.3704,0.0,150,0.5889,192.66,(-0.06, -1.217, -3.291),(69.676, 33.673, -2.195),False,False,False,True
# [22:44:11] [greedy-eval @ episode 80] success_rate=0.0% over 5 episodes
81,39.9357,38.3969,0.0,150,0.583,201.12,(-1.433, -1.329, -2.738),(66.783, 30.138, -1.383),False,False,False,True
82,49.6319,43.2946,0.0,150,0.5771,203.73,(0.021, 1.896, -3.196),(68.028, 27.233, -8.619),False,False,False,True
83,38.6035,44.2478,0.0,150,0.5711,206.34,(-0.263, -0.764, -4.537),(71.952, 28.478, -1.738),False,False,False,True
84,29.3838,45.0192,0.0,150,0.5652,208.94,(0.125, -1.543, -1.981),(72.006, 30.526, -6.884),False,False,False,True
85,50.1339,44.7344,0.0,150,0.5592,211.55,(1.682, 0.295, -2.01),(66.004, 28.35, -6.524),False,False,False,True
86,44.4021,44.7236,0.0,150,0.5533,214.18,(-0.827, 0.545, -3.783),(66.635, 29.718, -3.591),False,False,False,True
87,45.5412,44.5822,0.0,150,0.5474,216.78,(0.398, -0.086, -4.642),(68.44, 33.109, -4.053),False,False,False,True
88,33.0513,42.548,0.0,150,0.5414,219.39,(-1.024, 0.999, -3.472),(69.296, 26.09, -3.373),False,False,False,True
89,48.7828,42.2841,0.0,150,0.5355,222.0,(-1.603, -0.773, -2.95),(69.597, 28.088, -6.479),False,False,False,True
90,26.6101,40.6076,0.0,102,0.5315,223.8,(-0.023, -0.547, -4.27),(67.906, 29.801, -1.0),False,True,False,False
91,44.9698,41.111,0.0,150,0.5255,226.42,(0.989, 0.456, -3.564),(72.479, 28.642, -5.684),False,False,False,True
92,45.0006,40.6479,0.0,150,0.5196,229.03,(-1.397, -0.473, -2.869),(65.204, 28.791, -4.957),False,False,False,True
93,44.965,41.2841,0.0,150,0.5136,231.63,(0.494, 0.996, -2.162),(70.644, 33.604, -7.364),False,False,False,True
94,42.7798,42.6237,0.0,150,0.5077,234.24,(0.148, 0.788, -4.517),(66.842, 32.748, -3.854),False,False,False,True
95,31.5872,40.769,0.0,79,0.5046,235.66,(-1.716, -0.439, -2.158),(66.61, 33.272, -5.115),False,True,False,False
96,42.0403,40.5328,0.0,150,0.4986,238.26,(0.191, -1.435, -1.735),(72.792, 31.124, -2.756),False,False,False,True
97,47.7369,40.7524,0.0,150,0.4927,240.83,(-0.459, -0.976, -1.584),(68.572, 28.442, -8.488),False,False,False,True
98,51.9705,42.6443,0.0,150,0.4868,243.44,(0.129, 1.756, -2.906),(72.881, 28.851, -5.784),False,False,False,True
99,46.3639,42.4024,0.0,150,0.4808,246.02,(-0.752, 0.32, -1.941),(65.984, 28.442, -4.959),False,False,False,True
100,52.6495,45.0063,0.0,150,0.4749,248.65,(1.17, -0.27, -4.361),(67.069, 31.56, -3.036),False,False,False,True
# [23:47:16] [greedy-eval @ episode 100] success_rate=0.0% over 5 episodes
101,47.9391,45.3033,0.0,150,0.4689,264.17,(0.372, -0.318, -1.28),(68.793, 27.593, -4.71),False,False,False,True
102,43.5266,45.1559,0.0,150,0.463,266.79,(1.744, 0.144, -3.879),(70.056, 32.005, -1.0),False,False,False,True
103,42.11,44.8704,0.0,79,0.4599,268.2,(1.086, -0.608, -2.308),(65.517, 29.707, -5.8),False,True,False,False
104,49.0308,45.4955,0.0,150,0.4539,270.81,(0.423, 1.415, -2.062),(72.996, 27.95, -6.538),False,False,False,True
105,54.5566,47.7924,0.0,150,0.448,273.42,(1.074, 1.287, -3.318),(72.517, 32.73, -2.14),False,False,False,True
106,54.2827,49.0167,0.0,150,0.4421,276.01,(0.032, 0.369, -3.032),(73.206, 33.533, -3.703),False,False,False,True
107,37.0081,47.9438,0.0,150,0.4361,278.64,(0.969, 0.329, -3.991),(71.738, 29.828, -1.0),False,False,False,True
108,50.8587,47.8326,0.0,150,0.4302,281.25,(-0.027, 1.594, -1.795),(72.787, 31.11, -2.034),False,False,False,True
109,52.0998,48.4062,0.0,150,0.4243,283.88,(-0.605, -0.282, -3.163),(68.6, 29.566, -7.508),False,False,False,True
110,57.631,48.9043,0.0,115,0.4197,285.89,(1.271, -0.351, -1.542),(69.649, 29.106, -4.699),False,False,True,False
111,44.0132,48.5118,0.0,150,0.4138,288.51,(-1.421, -0.282, -3.133),(69.583, 31.477, -6.064),False,False,False,True
112,43.6141,48.5205,0.0,150,0.4078,291.12,(0.895, 0.458, -3.158),(67.707, 31.796, -3.098),False,False,False,True
113,53.8158,49.6911,0.0,150,0.4019,293.74,(-1.027, -0.066, -3.435),(69.048, 32.595, -5.052),False,False,False,True
114,44.8785,49.2758,0.0,150,0.396,296.32,(-0.774, 0.081, -1.282),(66.979, 26.741, -5.188),False,False,False,True
115,45.5104,48.3712,0.0,150,0.39,298.92,(0.176, -1.193, -1.955),(67.626, 33.558, -3.159),False,False,False,True
116,56.1087,48.5538,0.0,150,0.3841,301.52,(-0.769, 1.019, -2.226),(70.446, 28.585, -1.626),False,False,False,True
117,56.6205,50.5151,0.0,150,0.3781,304.15,(0.661, -0.89, -3.766),(70.52, 31.01, -7.137),False,False,False,True
118,8.6326,46.2924,0.0,14,0.3776,304.47,(1.068, -0.619, -2.064),(68.715, 31.532, -4.362),False,False,True,False
119,52.0666,46.2891,0.0,150,0.3717,307.1,(0.196, -0.676, -3.508),(71.002, 31.056, -3.809),False,False,False,True
120,34.8049,44.0065,0.0,150,0.3657,309.72,(-1.041, -0.849, -4.2),(68.641, 28.783, -7.682),False,False,False,True
# [00:43:48] [greedy-eval @ episode 120] success_rate=20.0% over 5 episodes
121,45.129,44.1181,0.0,150,0.3598,320.7,(0.269, -0.106, -2.246),(68.081, 29.611, -6.081),False,False,False,True
122,52.9434,45.051,0.0,150,0.3538,323.31,(-0.975, -0.831, -3.28),(68.842, 26.619, -5.35),False,False,False,True
123,48.8889,44.5584,0.0,150,0.3479,325.92,(-0.707, 0.096, -4.389),(73.086, 29.673, -4.543),False,False,False,True
124,58.1376,45.8843,0.0,150,0.342,328.5,(0.701, -0.334, -1.643),(70.47, 25.91, -3.729),False,False,False,True
125,53.2335,46.6566,0.0,150,0.336,331.11,(1.409, 0.994, -3.047),(71.295, 30.919, -9.428),False,False,False,True
126,56.1105,46.6568,0.0,150,0.3301,333.72,(-0.644, 1.791, -3.398),(68.623, 27.714, -3.472),False,False,False,True
127,55.9756,46.5923,0.0,150,0.3242,336.36,(-0.503, 0.423, -2.699),(66.546, 32.657, -5.783),False,False,False,True
128,56.3365,51.3626,0.0,150,0.3182,338.98,(-1.07, -0.263, -3.239),(73.978, 28.492, -2.949),False,False,False,True
129,54.5196,51.6079,0.0,150,0.3123,341.58,(-1.353, 0.228, -1.97),(67.668, 30.352, -8.71),False,False,False,True
130,41.2787,52.2553,0.0,82,0.309,343.05,(0.736, -1.629, -2.698),(66.102, 30.762, -2.78),False,True,False,False
131,54.545,53.1969,0.0,150,0.3031,345.66,(-0.273, 1.605, -3.165),(70.9, 26.275, -4.015),False,False,False,True
132,42.7531,52.1779,0.0,85,0.2997,347.2,(1.186, -0.133, -3.965),(72.459, 27.671, -4.187),False,True,False,False
133,44.378,51.7268,0.0,135,0.2944,349.57,(-0.856, -0.914, -3.981),(70.902, 27.61, -1.729),False,True,False,False
134,53.5021,51.2633,0.0,150,0.2884,352.15,(0.445, 0.143, -1.495),(72.705, 29.068, -2.521),False,False,False,True
135,55.0349,51.4434,0.0,150,0.2825,354.75,(-1.115, -0.453, -1.871),(72.433, 28.453, -3.079),False,False,False,True
136,57.9759,51.6299,0.0,150,0.2766,357.38,(-1.075, -0.315, -4.345),(71.025, 28.569, -6.737),False,False,False,True
137,58.3097,51.8634,0.0,150,0.2706,360.0,(0.39, -1.425, -4.01),(71.26, 28.056, -7.434),False,False,False,True
138,60.6114,52.2908,0.0,150,0.2647,362.58,(0.174, 0.015, -1.053),(70.939, 29.04, -9.445),False,False,False,True
139,57.3473,52.5736,0.0,150,0.2588,365.18,(-0.45, -1.54, -2.139),(71.712, 29.757, -4.641),False,False,False,True
140,49.8117,53.4269,0.0,150,0.2528,367.79,(1.242, -1.237, -2.158),(67.715, 28.62, -4.37),False,False,False,True
# [01:46:30] [greedy-eval @ episode 140] success_rate=0.0% over 5 episodes
141,49.9138,52.9638,0.0,150,0.2469,383.45,(1.383, 0.442, -4.104),(65.955, 28.488, -5.25),False,False,False,True
142,48.1885,53.5073,0.0,150,0.2409,386.05,(0.277, 1.123, -2.113),(74.091, 29.536, -2.579),False,False,False,True
143,56.7397,54.7435,0.0,150,0.235,388.67,(0.333, 1.678, -3.951),(67.245, 32.321, -7.181),False,False,False,True
144,43.5089,53.7442,0.0,70,0.2322,389.94,(1.535, -0.598, -3.521),(72.33, 28.337, -4.299),False,True,False,False
145,49.6982,53.2105,0.0,150,0.2263,392.58,(0.819, -0.348, -3.327),(73.601, 27.819, -3.417),False,False,False,True
146,48.4345,52.2564,0.0,150,0.2204,395.16,(0.705, 0.373, -1.951),(72.659, 32.389, -3.759),False,False,False,True
147,48.6913,51.2945,0.0,150,0.2144,397.81,(0.743, -0.015, -2.907),(66.281, 29.149, -6.356),False,False,False,True
148,60.3064,51.264,0.0,150,0.2085,400.41,(-1.374, 0.531, -2.833),(67.841, 31.074, -5.212),False,False,False,True
149,45.0361,50.0329,0.0,150,0.2026,403.04,(1.082, -0.655, -3.899),(66.917, 27.797, -2.968),False,False,False,True
150,50.1203,50.0638,0.0,150,0.1966,405.66,(-1.009, -0.279, -3.485),(69.981, 32.947, -4.815),False,False,False,True
151,52.4946,50.3219,0.0,150,0.1907,408.24,(-0.275, 0.341, -1.65),(73.194, 33.518, -3.707),False,False,False,True
152,43.0285,49.8059,0.0,85,0.1873,409.73,(0.272, 0.291, -1.756),(69.79, 25.641, -6.006),False,True,False,False
153,43.3944,48.4713,0.0,135,0.182,412.06,(0.383, 0.332, -1.969),(65.792, 29.863, -4.278),False,True,False,False
154,54.1758,49.538,0.0,150,0.176,414.68,(0.682, 0.488, -2.897),(73.294, 29.848, -7.507),False,False,False,True
155,47.962,49.3644,0.0,150,0.1701,417.29,(1.584, 0.334, -3.93),(67.485, 29.561, -6.101),False,False,False,True
156,46.49,49.1699,0.0,150,0.1642,419.9,(-0.245, 1.552, -2.042),(67.164, 28.869, -3.942),False,False,False,True
157,47.4031,49.0411,0.0,150,0.1582,422.48,(0.734, -0.711, -1.992),(71.223, 28.017, -3.105),False,False,False,True
158,51.4974,48.1602,0.0,150,0.1523,425.05,(0.866, 0.745, -1.612),(73.098, 30.5, -5.306),False,False,False,True
159,54.8925,49.1459,0.0,150,0.1463,427.66,(-1.24, -0.641, -2.704),(71.239, 28.555, -6.225),False,False,False,True
160,62.6935,50.4032,0.0,150,0.1404,430.27,(1.912, 0.256, -3.013),(73.768, 33.028, -5.239),False,False,False,True
# [02:49:02] [greedy-eval @ episode 160] success_rate=0.0% over 5 episodes
161,-5.7251,44.5812,0.0,56,0.1382,444.39,(-1.0, 0.571, -2.578),(69.282, 30.615, -8.008),False,False,True,False
162,47.718,45.0502,0.0,87,0.1347,445.94,(-1.105, 1.16, -1.887),(68.793, 30.615, -6.751),False,True,False,False
163,42.8258,44.9933,0.0,66,0.1321,447.14,(0.43, 1.35, -2.948),(69.815, 33.737, -3.495),False,True,False,False
164,46.7377,44.2495,0.0,75,0.1292,448.5,(0.676, -0.963, -3.474),(67.643, 26.086, -6.751),False,True,False,False
165,50.1071,44.464,0.0,150,0.1232,451.1,(0.173, 1.536, -1.795),(67.842, 31.746, -3.768),False,False,False,True
166,47.7697,44.592,0.0,150,0.1173,453.71,(-0.318, -0.164, -4.912),(71.982, 27.185, -3.009),False,False,False,True
167,49.0739,44.7591,0.0,150,0.1114,456.32,(-1.653, -0.278, -2.354),(67.307, 29.677, -1.807),False,False,False,True
168,59.522,45.5615,0.0,150,0.1054,458.92,(-0.315, 1.053, -2.518),(69.668, 28.056, -7.876),False,False,False,True
169,53.56,45.4283,0.0,150,0.0995,461.53,(0.786, -1.276, -3.087),(68.561, 28.012, -2.664),False,False,False,True
170,52.386,44.3975,0.0,150,0.0935,464.14,(0.294, -1.326, -3.441),(68.244, 33.75, -5.971),False,False,False,True
171,45.8058,49.5506,0.0,150,0.0876,466.75,(1.708, -0.106, -2.506),(72.476, 26.563, -3.031),False,False,False,True
172,62.0606,50.9849,0.0,150,0.0817,469.35,(-0.426, 0.106, -3.493),(70.332, 33.493, -7.994),False,False,False,True
173,48.6574,51.568,0.0,97,0.0778,471.04,(0.711, 0.127, -2.043),(68.839, 29.391, -5.483),False,True,False,False
174,46.5699,51.5513,0.0,121,0.073,473.19,(0.944, 0.193, -4.033),(65.527, 31.155, -3.911),False,True,False,False
175,62.6664,52.8072,0.0,150,0.0671,475.8,(1.519, -0.779, -3.987),(68.95, 34.281, -5.495),False,False,False,True
176,47.1086,52.7411,0.0,105,0.0629,477.66,(0.279, -0.859, -2.982),(70.459, 32.311, -1.0),False,True,False,False
177,47.0156,52.5352,0.0,100,0.059,479.44,(-0.449, -1.682, -3.778),(67.087, 28.78, -2.223),False,True,False,False
178,45.5174,51.1348,0.0,119,0.0543,481.5,(-1.083, -0.051, -1.842),(70.593, 28.037, -7.825),False,True,False,False
179,44.3923,50.218,0.0,76,0.0513,482.84,(-0.023, -0.203, -1.688),(70.358, 25.81, -2.344),False,True,False,False
180,30.6367,48.0431,0.0,46,0.05,483.7,(-0.576, -0.511, -4.331),(66.598, 28.479, -3.701),False,True,False,False
# [03:37:15] [greedy-eval @ episode 180] success_rate=0.0% over 5 episodes
181,50.6434,48.5268,0.0,150,0.05,494.17,(0.3, -0.003, -4.963),(68.925, 27.212, -6.12),False,False,False,True
182,57.7428,48.095,0.0,150,0.05,496.8,(0.771, -0.816, -4.062),(69.605, 27.808, -8.37),False,False,False,True
183,33.9441,46.6237,0.0,42,0.05,497.63,(-0.816, -0.037, -3.599),(69.445, 34.324, -3.256),False,True,False,False
184,42.2029,46.187,0.0,139,0.05,500.04,(-0.132, -0.234, -3.366),(69.373, 27.049, -2.156),False,True,False,False
185,44.1944,44.3398,0.0,128,0.05,502.25,(0.542, -0.203, -1.527),(69.667, 33.148, -4.33),False,True,False,False
186,26.9262,42.3216,0.0,32,0.05,502.86,(0.958, -0.14, -1.942),(69.16, 28.061, -2.362),False,False,True,False
187,39.0714,41.5272,0.0,41,0.05,503.65,(-1.029, -0.409, -3.535),(72.692, 31.886, -8.176),False,False,True,False
188,60.611,43.0365,0.0,150,0.05,506.26,(1.513, -0.798, -2.264),(69.767, 29.689, -8.336),False,False,False,True
189,31.0666,41.7039,0.0,48,0.05,507.15,(-0.395, 0.247, -3.898),(66.675, 27.718, -3.945),False,True,False,False
190,48.0084,43.4411,0.0,75,0.05,508.47,(0.041, -0.683, -1.653),(66.19, 28.508, -7.662),False,True,False,False
191,113.8364,49.7604,10.0,138,0.05,510.88,(0.134, 0.119, -4.265),(66.101, 31.79, -4.956),True,False,False,False
192,45.0383,48.49,10.0,81,0.05,512.3,(-0.493, -0.129, -2.524),(69.669, 25.12, -6.029),False,True,False,False
193,59.4127,51.0368,10.0,150,0.05,514.91,(1.07, -0.266, -3.175),(68.62, 34.394, -4.406),False,False,False,True
194,61.8464,53.0012,10.0,150,0.05,517.51,(0.096, -0.246, -4.947),(73.681, 31.48, -2.359),False,False,False,True
195,55.2012,54.1019,10.0,150,0.05,520.14,(-0.899, 0.567, -3.613),(70.437, 28.943, -8.875),False,False,False,True
196,43.7319,55.7824,10.0,122,0.05,522.28,(-0.88, 1.191, -3.489),(70.042, 25.684, -4.662),False,True,False,False
197,30.9705,54.9723,10.0,44,0.05,523.09,(0.119, -0.531, -2.346),(69.129, 26.644, -5.756),False,True,False,False
198,32.4264,52.1539,10.0,44,0.05,523.91,(0.229, 0.215, -3.746),(67.932, 32.211, -8.071),False,True,False,False
199,53.6648,54.4137,10.0,150,0.05,526.53,(1.516, 0.077, -3.709),(71.206, 29.501, -7.744),False,False,False,True
200,52.1927,54.8321,10.0,150,0.05,529.14,(1.312, 0.586, -3.204),(67.85, 27.538, -8.534),False,False,False,True
# [04:24:00] [greedy-eval @ episode 200] success_rate=0.0% over 5 episodes
201,56.9054,49.139,0.0,150,0.05,540.89,(0.031, 0.453, -2.159),(70.976, 29.15, -8.167),False,False,False,True
202,58.7681,50.512,0.0,150,0.05,543.47,(-0.718, -0.049, -1.589),(73.209, 28.858, -3.864),False,False,False,True
203,63.437,50.9144,0.0,150,0.05,546.11,(0.208, 0.843, -3.552),(71.452, 34.324, -3.593),False,False,False,True
204,55.5728,50.2871,0.0,150,0.05,548.74,(1.182, -0.037, -3.873),(73.997, 27.196, -6.039),False,False,False,True
205,62.9749,51.0645,0.0,150,0.05,551.34,(-0.743, 0.508, -2.492),(72.302, 29.165, -4.772),False,False,False,True
206,29.4758,49.6388,0.0,48,0.05,552.25,(0.509, 1.094, -3.333),(71.715, 26.605, -3.832),False,True,False,False
207,29.5467,49.4965,0.0,57,0.05,553.29,(0.493, -0.462, -4.328),(73.972, 28.213, -2.794),False,True,False,False
208,64.4477,52.6986,0.0,150,0.05,555.87,(0.792, -0.012, -1.898),(70.389, 34.451, -6.757),False,False,False,True
209,61.5574,53.4878,0.0,150,0.05,558.48,(-1.367, -0.849, -2.978),(71.522, 29.862, -2.574),False,False,False,True
210,56.5679,53.9254,0.0,150,0.05,561.09,(1.328, -0.834, -1.932),(74.236, 28.655, -5.086),False,False,False,True
211,30.894,51.3242,0.0,45,0.05,561.95,(0.779, -1.01, -3.488),(68.982, 27.233, -3.261),False,True,False,False
212,43.7292,49.8203,0.0,70,0.05,563.22,(0.343, 0.721, -4.149),(68.747, 29.54, -3.078),False,True,False,False
213,62.1099,49.6876,0.0,150,0.05,565.84,(0.16, -1.533, -3.712),(72.938, 28.354, -5.414),False,False,False,True
214,63.4206,50.4724,0.0,150,0.05,568.46,(-0.841, 1.411, -3.911),(70.981, 32.475, -3.291),False,False,False,True
215,60.9894,50.2739,0.0,150,0.05,571.06,(-0.243, 0.116, -4.193),(68.851, 25.71, -2.932),False,False,False,True
216,120.5757,59.3839,10.0,125,0.05,573.26,(-1.214, 0.704, -3.982),(73.084, 30.731, -5.36),True,False,False,False
217,118.8364,68.3128,20.0,77,0.05,574.65,(-0.27, 1.688, -2.681),(69.072, 32.785, -7.857),True,False,False,False
218,57.2385,67.5919,20.0,150,0.05,577.25,(1.134, -0.515, -2.176),(68.782, 29.403, -1.0),False,False,False,True
219,116.2028,73.0565,30.0,102,0.05,579.08,(0.219, 0.936, -3.687),(70.075, 33.044, -3.759),True,False,False,False
220,30.9004,70.4897,30.0,43,0.05,579.89,(0.003, 1.336, -1.689),(70.29, 28.886, -7.074),False,True,False,False
# [05:16:09] [greedy-eval @ episode 220] success_rate=60.0% over 5 episodes
221,48.3697,72.2373,30.0,64,0.05,591.62,(1.072, -0.397, -2.298),(72.478, 30.476, -3.866),False,True,False,False
222,116.5901,79.5234,40.0,102,0.05,593.42,(1.074, -0.909, -2.617),(71.285, 28.65, -8.083),True,False,False,False
223,57.3885,79.0512,40.0,150,0.05,596.03,(-0.027, 1.03, -3.01),(67.476, 29.228, -5.007),False,False,False,True
224,118.2473,84.5339,50.0,104,0.05,597.88,(-0.077, 0.848, -2.87),(71.487, 30.286, -5.956),True,False,False,False
225,66.0591,85.0409,50.0,150,0.05,600.47,(-1.371, -0.219, -1.808),(72.827, 30.095, -7.041),False,False,False,True
226,45.8625,77.5695,40.0,62,0.05,601.61,(1.204, -1.245, -3.141),(71.57, 33.176, -7.569),False,True,False,False
227,31.5899,68.8449,30.0,43,0.05,602.4,(0.573, -0.87, -1.47),(68.442, 29.514, -1.576),False,True,False,False
228,113.5171,74.4727,40.0,115,0.05,604.42,(1.03, 1.077, -2.032),(68.637, 28.407, -9.532),True,False,False,False
229,64.421,69.2946,30.0,150,0.05,607.03,(-0.085, 1.613, -2.366),(72.054, 33.401, -2.062),False,False,False,True
230,120.6783,78.2723,40.0,104,0.05,608.86,(0.017, -1.327, -2.22),(72.633, 30.446, -2.788),True,False,False,False
231,45.8023,78.0156,40.0,64,0.05,610.04,(1.644, 0.517, -3.641),(67.347, 30.219, -3.979),False,True,False,False
232,30.5891,69.4155,30.0,44,0.05,610.87,(1.481, 0.391, -2.096),(70.282, 30.95, -5.246),False,True,False,False
233,57.7877,69.4554,30.0,150,0.05,613.44,(0.57, 0.162, -1.285),(70.496, 30.889, -8.539),False,False,False,True
234,55.7707,63.2078,20.0,150,0.05,616.02,(-0.231, 0.333, -1.48),(71.409, 27.094, -4.765),False,False,False,True
235,61.3376,62.7356,20.0,150,0.05,618.62,(-0.145, 0.166, -3.892),(74.388, 31.736, -3.359),False,False,False,True
236,120.3654,70.1859,30.0,96,0.05,620.34,(0.533, -1.129, -4.039),(71.907, 32.168, -6.726),True,False,False,False
237,45.3062,71.5575,30.0,73,0.05,621.63,(0.773, 0.271, -2.015),(68.325, 30.916, -2.396),False,True,False,False
238,57.914,65.9972,20.0,150,0.05,624.28,(0.255, 0.857, -3.719),(72.62, 26.705, -6.331),False,False,False,True
239,58.7094,65.4261,20.0,150,0.05,626.85,(-0.714, 0.284, -2.058),(69.323, 30.889, -6.309),False,False,False,True
240,26.3443,55.9927,10.0,25,0.05,627.37,(-1.449, 0.328, -2.593),(72.138, 33.511, -4.662),False,False,True,False
# [05:58:07] [greedy-eval @ episode 240] success_rate=0.0% over 5 episodes
241,59.7933,57.3918,10.0,150,0.05,635.06,(0.389, 0.479, -3.022),(70.724, 27.96, -9.27),False,False,False,True
242,8.3821,55.1711,10.0,9,0.05,635.31,(0.016, -1.348, -3.29),(70.805, 28.319, -1.0),False,False,True,False
243,51.5049,54.5428,10.0,71,0.05,636.6,(-1.171, -1.459, -3.43),(67.958, 32.345, -7.303),False,True,False,False
244,51.4909,54.1148,10.0,65,0.05,637.78,(-0.57, 0.696, -2.492),(70.05, 33.548, -5.768),False,True,False,False
245,33.3117,51.3122,10.0,45,0.05,638.63,(-0.472, -1.47, -2.368),(69.377, 29.941, -5.507),False,True,False,False
246,30.2603,42.3017,0.0,36,0.05,639.33,(-0.611, -1.117, -3.071),(71.375, 29.538, -5.13),False,False,True,False
247,119.8457,49.7557,10.0,83,0.05,640.79,(-0.438, 0.97, -2.169),(71.683, 29.643, -6.849),True,False,False,False
248,20.3078,45.9951,10.0,25,0.05,641.31,(-0.115, 1.266, -3.498),(69.884, 26.363, -7.888),False,False,True,False
249,60.238,46.1479,10.0,150,0.05,643.91,(-1.125, -0.077, -2.159),(69.87, 34.005, -3.283),False,False,False,True
250,119.1586,55.4294,20.0,100,0.05,645.7,(-0.849, 0.844, -4.413),(71.204, 28.961, -8.492),True,False,False,False
# [06:11:23] Training complete. 250 episodes in 645.7 min. Final avg reward (last 10): 55.43. Final success rate (last 10): 20.0%.
