# run_name: blocks_basemodel_v1_300
# timestamp: 20260914_131121
# ---- config ----
# goal_position: (20, 30, -5)
# start_position: (0, 0, -3)
# randomize_positions: True
# start_jitter_radius: 2.0
# goal_jitter_radius: 5.0
# max_episode_steps: 150
# dt: 0.5
# speed: 2.0
# state_dim: 20
# action_dim: 27
# lr: 0.0001
# gamma: 0.99
# buffer_capacity: 1000000
# batch_size: 32
# epsilon_start: 1.0
# epsilon_end: 0.2
# epsilon_decay_steps: 43000
# target_update_freq: 250
# use_double: True
# use_dueling: True
# ----------------
episode,reward,avg10,success_rate10,steps,epsilon,elapsed_min,start_position,goal_position,is_success,is_crash,is_out_of_bounds,is_timeout
1,-28.9822,-28.9822,0.0,150,0.9978,2.62,(-1.302, 0.358, -4.463),(20.07, 31.188, -8.203),False,False,False,True
2,-22.1219,-25.552,0.0,150,0.995,5.23,(-1.753, -0.126, -2.546),(18.759, 33.063, -3.108),False,False,False,True
3,-24.3416,-25.1486,0.0,150,0.9922,7.84,(-0.874, 1.204, -4.039),(21.788, 32.445, -4.663),False,False,False,True
4,-22.9484,-24.5985,0.0,150,0.9894,10.44,(0.083, 1.609, -2.02),(17.878, 33.451, -4.16),False,False,False,True
5,-33.0197,-26.2827,0.0,150,0.9866,13.04,(0.729, 1.652, -2.171),(15.469, 29.138, -6.522),False,False,False,True
6,-0.7761,-22.0316,0.0,5,0.9865,13.22,(-1.603, -0.83, -3.157),(20.661, 28.005, -9.316),False,False,True,False
7,-33.6803,-23.6957,0.0,150,0.9837,15.83,(1.223, -1.225, -3.204),(17.788, 32.322, -5.62),False,False,False,True
8,-22.8426,-23.5891,0.0,150,0.9809,18.43,(1.129, -1.414, -2.203),(19.375, 29.921, -8.488),False,False,False,True
9,-37.0574,-25.0856,0.0,150,0.9782,21.04,(0.262, -1.863, -3.602),(23.79, 30.994, -2.279),False,False,False,True
10,-19.1063,-24.4876,0.0,150,0.9754,23.65,(-0.228, -1.091, -3.357),(19.028, 27.683, -7.948),False,False,False,True
11,-13.301,-22.9195,0.0,150,0.9726,26.27,(-0.137, 1.231, -3.973),(21.989, 34.077, -5.995),False,False,False,True
12,-4.7749,-21.1848,0.0,14,0.9723,26.61,(0.79, -0.193, -4.025),(20.362, 25.699, -6.527),False,False,True,False
13,-27.2189,-21.4726,0.0,150,0.9695,29.21,(-1.399, -0.601, -2.643),(20.339, 31.529, -7.566),False,False,False,True
14,0.143,-19.1634,0.0,3,0.9695,29.35,(1.448, 0.95, -2.263),(21.423, 30.683, -5.693),False,False,True,False
15,-25.03,-18.3645,0.0,150,0.9667,31.96,(-1.644, 0.848, -3.085),(17.851, 27.757, -5.544),False,False,False,True
16,-0.024,-18.2892,0.0,6,0.9666,32.12,(0.426, 0.233, -2.666),(18.91, 30.574, -2.868),False,False,True,False
17,-3.1414,-15.2354,0.0,150,0.9638,34.73,(0.042, -0.678, -3.56),(19.933, 32.901, -4.282),False,False,False,True
18,-25.3432,-15.4854,0.0,150,0.961,37.34,(1.827, -0.099, -2.436),(19.237, 31.244, -1.545),False,False,False,True
19,-2.6416,-12.0438,0.0,150,0.9582,39.94,(-0.636, -1.481, -3.195),(18.609, 32.455, -6.151),False,False,False,True
20,0.3077,-10.1024,0.0,18,0.9579,40.31,(-0.401, -0.079, -1.193),(18.17, 28.305, -7.621),False,False,True,False
# [14:02:26] [greedy-eval @ episode 20] success_rate=0.0% over 5 episodes
21,-21.8271,-10.955,0.0,150,0.9551,53.65,(0.716, -1.332, -2.06),(20.629, 26.361, -1.689),False,False,False,True
22,-18.6141,-12.339,0.0,150,0.9523,56.25,(0.603, -0.466, -4.776),(20.815, 29.165, -2.098),False,False,False,True
23,-19.4901,-11.5661,0.0,150,0.9495,58.86,(-0.712, -0.666, -4.727),(19.295, 34.309, -4.095),False,False,False,True
24,-1.8939,-11.7698,0.0,29,0.9489,59.48,(-0.058, 0.813, -3.352),(18.943, 31.332, -8.914),False,False,True,False
25,-8.6327,-10.13,0.0,150,0.9462,62.08,(1.131, -1.109, -2.036),(19.999, 30.267, -7.815),False,False,False,True
26,-16.0312,-11.7308,0.0,150,0.9434,64.68,(-1.354, -0.971, -3.518),(23.326, 28.91, -7.693),False,False,False,True
27,-3.0695,-11.7236,0.0,150,0.9406,67.31,(1.008, -0.45, -4.477),(19.631, 34.328, -6.959),False,False,False,True
28,-5.5437,-9.7436,0.0,150,0.9378,69.92,(-0.795, 1.176, -4.178),(17.33, 28.119, -4.832),False,False,False,True
29,-7.9071,-10.2702,0.0,150,0.935,72.53,(-1.506, 0.232, -3.397),(18.678, 34.694, -5.522),False,False,False,True
30,-9.9916,-11.3001,0.0,150,0.9322,75.14,(-0.974, -1.309, -4.016),(17.544, 27.219, -5.179),False,False,False,True
31,-10.0804,-10.1254,0.0,150,0.9294,77.75,(0.719, 1.549, -3.78),(23.165, 30.854, -6.954),False,False,False,True
32,-5.6073,-8.8247,0.0,150,0.9266,80.38,(-0.385, -0.984, -4.575),(20.943, 32.974, -2.529),False,False,False,True
33,-5.0677,-7.3825,0.0,150,0.9238,82.98,(0.539, 1.235, -3.212),(21.317, 33.248, -8.42),False,False,False,True
34,-8.2409,-8.0172,0.0,150,0.921,85.58,(1.287, 0.606, -2.116),(17.185, 33.626, -6.296),False,False,False,True
35,-5.8467,-7.7386,0.0,150,0.9183,88.19,(-0.252, -1.507, -3.059),(19.823, 29.299, -7.992),False,False,False,True
36,14.7775,-4.6577,0.0,150,0.9155,90.79,(0.715, -1.293, -3.072),(18.996, 34.279, -4.404),False,False,False,True
37,-9.39,-5.2898,0.0,150,0.9127,93.4,(-1.279, -1.113, -4.01),(21.153, 31.66, -4.871),False,False,False,True
38,-5.6948,-5.3049,0.0,150,0.9099,96.03,(-0.937, 0.575, -4.517),(15.848, 30.666, -5.069),False,False,False,True
39,5.0017,-4.014,0.0,150,0.9071,98.63,(-1.493, -0.64, -2.049),(20.361, 25.664, -6.425),False,False,False,True
40,-1.396,-3.1545,0.0,5,0.907,98.8,(0.305, -1.305, -1.751),(16.161, 27.574, -3.013),False,False,True,False
# [14:52:45] [greedy-eval @ episode 40] success_rate=0.0% over 5 episodes
41,-12.2242,-3.3688,0.0,150,0.9042,103.98,(0.702, 0.095, -3.669),(16.772, 30.104, -2.329),False,False,False,True
42,-12.7122,-4.0793,0.0,150,0.9014,106.58,(-0.267, -0.852, -2.91),(17.896, 26.582, -5.591),False,False,False,True
43,-24.2021,-5.9928,0.0,150,0.8986,109.2,(-1.159, 0.671, -4.006),(20.111, 26.694, -5.508),False,False,False,True
44,-6.9104,-5.8597,0.0,150,0.8958,111.8,(-1.404, 0.729, -1.962),(17.704, 25.689, -4.619),False,False,False,True
45,-27.7298,-8.048,0.0,150,0.893,114.39,(1.197, -0.791, -1.691),(17.722, 27.002, -5.258),False,False,False,True
46,4.6706,-9.0587,0.0,150,0.8903,116.99,(1.048, 1.36, -2.396),(21.821, 28.257, -1.238),False,False,False,True
47,-26.4655,-10.7663,0.0,150,0.8875,119.56,(-0.071, 0.511, -2.666),(23.043, 28.556, -5.788),False,False,False,True
48,-9.7236,-11.1691,0.0,150,0.8847,122.17,(-1.488, -0.779, -3.888),(18.64, 26.296, -5.54),False,False,False,True
49,11.2335,-10.546,0.0,150,0.8819,124.74,(-0.568, 0.435, -1.985),(20.86, 29.072, -4.37),False,False,False,True
50,-5.4785,-10.9542,0.0,150,0.8791,127.34,(-0.036, 0.141, -4.398),(18.607, 30.98, -8.453),False,False,False,True
51,7.9578,-8.936,0.0,150,0.8763,129.93,(0.39, 0.184, -3.03),(17.545, 29.3, -7.025),False,False,False,True
52,-9.0111,-8.5659,0.0,150,0.8735,132.53,(0.659, 1.458, -2.314),(20.663, 27.122, -6.348),False,False,False,True
53,2.5863,-5.8871,0.0,150,0.8707,135.13,(-1.194, -0.681, -3.169),(16.218, 29.848, -5.723),False,False,False,True
54,3.0015,-4.8959,0.0,150,0.8679,137.73,(-0.539, 1.034, -2.831),(19.274, 27.31, -2.938),False,False,False,True
55,-7.0343,-2.8263,0.0,16,0.8676,138.13,(0.679, -0.284, -2.979),(17.202, 33.217, -6.984),False,False,True,False
56,0.2814,-3.2652,0.0,150,0.8648,140.73,(-0.225, -0.155, -4.646),(21.575, 30.596, -8.867),False,False,False,True
57,-13.7226,-1.9909,0.0,150,0.862,143.34,(0.283, -1.727, -2.977),(20.085, 28.661, -7.87),False,False,False,True
58,3.6402,-0.6546,0.0,150,0.8593,145.94,(0.831, 1.39, -3.463),(22.879, 29.583, -6.521),False,False,False,True
59,-5.2983,-2.3077,0.0,150,0.8565,148.54,(-0.076, 1.359, -2.514),(15.609, 30.351, -4.627),False,False,False,True
60,-3.5197,-2.1119,0.0,150,0.8537,151.13,(0.012, -0.34, -3.042),(16.414, 28.076, -4.803),False,False,False,True
# [15:54:14] [greedy-eval @ episode 60] success_rate=0.0% over 5 episodes
61,11.9089,-1.7168,0.0,150,0.8509,165.47,(0.371, -1.51, -3.585),(22.866, 30.279, -2.464),False,False,False,True
62,-8.1989,-1.6355,0.0,150,0.8481,168.07,(-0.636, 0.892, -2.781),(20.962, 29.082, -7.873),False,False,False,True
63,1.3722,-1.7569,0.0,150,0.8453,170.64,(0.869, 0.048, -1.423),(19.808, 33.001, -3.241),False,False,False,True
64,-11.5647,-3.2136,0.0,150,0.8425,173.26,(-0.991, -0.532, -3.773),(17.422, 32.522, -4.718),False,False,False,True
65,-1.4726,-2.6574,0.0,150,0.8397,175.9,(0.051, -0.712, -2.959),(16.335, 31.341, -7.547),False,False,False,True
66,13.3514,-1.3504,0.0,150,0.8369,178.5,(0.467, -1.359, -2.578),(17.794, 27.075, -6.713),False,False,False,True
67,-2.7913,-0.2573,0.0,12,0.8367,178.79,(-0.954, -1.034, -2.906),(18.467, 26.799, -2.429),False,False,True,False
68,2.4787,-0.3734,0.0,10,0.8365,179.06,(0.473, 1.149, -3.058),(15.678, 30.723, -6.249),False,False,True,False
69,1.0091,0.2573,0.0,5,0.8364,179.24,(1.201, 0.102, -2.76),(15.643, 31.491, -3.914),False,False,True,False
70,9.8376,1.5931,0.0,150,0.8336,181.83,(1.188, -0.038, -2.083),(21.846, 32.304, -1.634),False,False,False,True
71,10.8315,1.4853,0.0,150,0.8308,184.43,(1.689, -0.027, -2.053),(17.634, 32.18, -6.103),False,False,False,True
72,13.9713,3.7023,0.0,150,0.8281,187.04,(0.568, -1.574, -3.326),(22.832, 31.608, -5.806),False,False,False,True
73,1.2504,3.6901,0.0,150,0.8253,189.64,(0.471, -0.98, -2.736),(16.385, 29.78, -4.167),False,False,False,True
74,14.9615,6.3428,0.0,150,0.8225,192.25,(-0.159, -0.881, -3.086),(16.874, 30.877, -6.117),False,False,False,True
75,-0.6236,6.4277,0.0,150,0.8197,194.86,(-0.576, -0.895, -3.287),(24.095, 31.451, -3.955),False,False,False,True
76,18.9932,6.9918,0.0,150,0.8169,197.48,(0.008, -1.067, -4.077),(18.543, 30.442, -1.0),False,False,False,True
77,15.8856,8.8595,0.0,150,0.8141,200.1,(-0.034, -1.452, -4.127),(23.415, 28.2, -2.166),False,False,False,True
78,11.222,9.7339,0.0,150,0.8113,202.7,(0.61, -1.115, -2.368),(21.508, 32.125, -6.335),False,False,False,True
79,-4.2852,9.2044,0.0,150,0.8085,205.3,(1.51, 0.968, -2.989),(18.258, 29.071, -4.386),False,False,False,True
80,2.0037,8.421,0.0,150,0.8057,207.92,(-0.124, -1.139, -3.676),(16.818, 32.392, -4.755),False,False,False,True
# [16:43:43] [greedy-eval @ episode 80] success_rate=0.0% over 5 episodes
81,4.8707,7.825,0.0,150,0.8029,214.93,(-0.961, -0.44, -2.618),(19.147, 32.126, -9.205),False,False,False,True
82,14.8576,7.9136,0.0,150,0.8001,217.54,(-1.59, -0.057, -3.228),(19.662, 34.301, -3.33),False,False,False,True
83,10.6532,8.8539,0.0,150,0.7974,220.16,(-1.146, -0.569, -4.158),(22.225, 27.613, -3.849),False,False,False,True
84,5.9405,7.9518,0.0,150,0.7946,222.78,(-0.774, 0.078, -3.779),(19.092, 27.893, -1.0),False,False,False,True
85,16.3104,9.6452,0.0,150,0.7918,225.39,(-0.805, -1.49, -3.916),(19.773, 33.155, -4.517),False,False,False,True
86,-3.4698,7.3989,0.0,150,0.789,227.99,(-1.534, -0.394, -2.142),(16.616, 29.169, -3.245),False,False,False,True
87,5.195,6.3298,0.0,150,0.7862,230.59,(-1.002, 1.132, -2.814),(21.102, 25.914, -4.54),False,False,False,True
88,-9.5637,4.2512,0.0,150,0.7834,233.19,(-0.873, 1.262, -3.514),(20.254, 29.731, -5.416),False,False,False,True
89,7.3241,5.4122,0.0,150,0.7806,235.8,(-1.299, 1.197, -3.186),(23.752, 32.529, -6.052),False,False,False,True
90,14.019,6.6137,0.0,150,0.7778,238.4,(-1.511, -0.398, -2.016),(18.897, 28.998, -9.196),False,False,False,True
91,4.682,6.5948,0.0,150,0.775,241.0,(0.036, 0.487, -4.409),(22.789, 28.241, -7.719),False,False,False,True
92,17.5668,6.8657,0.0,150,0.7722,243.57,(0.403, 0.377, -1.989),(22.881, 28.686, -8.498),False,False,False,True
93,1.2585,5.9263,0.0,150,0.7695,246.17,(1.015, 0.746, -2.201),(21.406, 30.747, -9.736),False,False,False,True
94,5.0866,5.8409,0.0,150,0.7667,248.78,(-1.1, 0.626, -3.683),(22.686, 31.125, -4.224),False,False,False,True
95,12.1716,5.427,0.0,150,0.7639,251.38,(-0.151, -1.169, -2.833),(18.258, 33.562, -4.798),False,False,False,True
96,11.4062,6.9146,0.0,150,0.7611,253.99,(-0.679, 1.534, -3.597),(20.132, 34.413, -6.747),False,False,False,True
97,6.5288,7.048,0.0,150,0.7583,256.59,(1.141, 1.212, -3.345),(22.818, 28.291, -4.177),False,False,False,True
98,1.617,8.166,0.0,150,0.7555,259.23,(-0.478, 0.726, -3.476),(16.188, 29.882, -2.636),False,False,False,True
99,9.0069,8.3343,0.0,150,0.7527,261.86,(0.195, -0.775, -3.602),(22.272, 27.432, -3.303),False,False,False,True
100,16.1262,8.5451,0.0,150,0.7499,264.43,(0.497, -0.304, -1.479),(21.594, 30.659, -9.457),False,False,False,True
# [17:48:48] [greedy-eval @ episode 100] success_rate=0.0% over 5 episodes
101,-1.8136,7.8955,0.0,150,0.7471,280.0,(-0.468, 0.44, -1.563),(20.323, 28.413, -2.745),False,False,False,True
102,-0.8669,6.0521,0.0,3,0.7471,280.14,(-1.088, 1.281, -1.985),(21.652, 32.01, -8.343),False,False,True,False
103,6.5258,6.5788,0.0,150,0.7443,282.75,(-0.817, -1.208, -3.045),(21.992, 32.422, -4.099),False,False,False,True
104,15.3153,7.6017,0.0,150,0.7415,285.34,(-0.303, 0.087, -4.154),(23.893, 29.753, -7.937),False,False,False,True
105,4.6028,6.8448,0.0,150,0.7387,287.97,(0.514, -0.75, -3.511),(17.528, 29.182, -6.037),False,False,False,True
106,7.3487,6.4391,0.0,150,0.7359,290.57,(-0.897, 1.165, -2.409),(15.946, 30.939, -7.208),False,False,False,True
107,0.4801,5.8342,0.0,150,0.7331,293.18,(-1.408, -1.254, -2.676),(21.608, 30.652, -4.485),False,False,False,True
108,-5.936,5.0789,0.0,150,0.7303,295.78,(0.692, 1.601, -2.082),(18.776, 26.515, -2.009),False,False,False,True
109,-7.599,3.4183,0.0,150,0.7275,298.37,(-0.374, 0.556, -3.957),(18.303, 31.382, -2.904),False,False,False,True
110,-8.3478,0.9709,0.0,150,0.7247,300.98,(0.939, -0.766, -3.109),(17.228, 30.502, -7.797),False,False,False,True
111,19.54,3.1063,0.0,150,0.722,303.59,(0.523, -1.578, -3.676),(20.853, 33.297, -2.314),False,False,False,True
112,6.4739,3.8404,0.0,150,0.7192,306.22,(0.179, -1.061, -4.675),(20.2, 32.087, -6.839),False,False,False,True
113,-2.7806,2.9098,0.0,150,0.7164,308.82,(-0.194, -0.62, -4.581),(21.342, 33.11, -5.028),False,False,False,True
114,1.5949,1.5377,0.0,150,0.7136,311.43,(0.161, 1.744, -3.801),(20.755, 29.221, -8.926),False,False,False,True
115,8.4692,1.9243,0.0,150,0.7108,314.0,(-0.985, 0.363, -2.004),(20.276, 32.246, -3.851),False,False,False,True
116,1.2246,1.3119,0.0,150,0.708,316.6,(1.399, -1.184, -3.105),(17.777, 31.099, -4.7),False,False,False,True
117,9.9302,2.257,0.0,46,0.7071,317.47,(1.71, 0.402, -3.079),(23.574, 27.504, -4.049),False,False,True,False
118,5.6182,3.4124,0.0,150,0.7044,320.08,(-1.678, -0.671, -3.275),(17.664, 31.604, -8.451),False,False,False,True
119,16.7077,5.843,0.0,102,0.7025,321.88,(0.673, -1.638, -2.641),(20.148, 26.705, -5.97),False,False,True,False
120,16.0567,8.2835,0.0,56,0.7014,322.92,(1.164, -0.784, -3.795),(20.922, 26.772, -7.405),False,False,True,False
# [18:37:01] [greedy-eval @ episode 120] success_rate=0.0% over 5 episodes
121,9.1204,7.2415,0.0,150,0.6986,328.21,(-0.17, 0.362, -2.176),(23.327, 26.609, -6.086),False,False,False,True
122,9.369,7.531,0.0,150,0.6958,330.81,(-1.111, -0.397, -2.917),(18.154, 30.358, -4.395),False,False,False,True
123,-3.343,7.4748,0.0,150,0.693,333.45,(0.09, 0.848, -3.459),(20.903, 33.671, -4.536),False,False,False,True
124,-1.304,7.1849,0.0,7,0.6929,333.65,(-0.172, -0.035, -3.114),(22.735, 29.248, -6.107),False,False,True,False
125,0.6889,6.4069,0.0,3,0.6929,333.77,(-0.514, -0.92, -2.028),(19.368, 31.929, -9.495),False,False,True,False
126,15.3906,7.8235,0.0,150,0.6901,336.39,(1.443, -0.119, -4.035),(17.468, 27.38, -7.187),False,False,False,True
127,-3.6143,6.469,0.0,3,0.69,336.52,(-0.141, -1.713, -3.523),(22.907, 29.067, -2.669),False,False,True,False
128,11.88,7.0952,0.0,83,0.6885,338.01,(-0.883, -0.421, -3.07),(16.361, 28.505, -7.367),False,False,True,False
129,5.7728,6.0017,0.0,91,0.6868,339.66,(0.522, 0.672, -3.648),(18.898, 26.601, -3.238),False,False,True,False
130,20.8518,6.4812,0.0,138,0.6842,342.05,(-0.18, 0.198, -3.777),(23.869, 31.273, -6.011),False,False,True,False
131,14.6468,7.0339,0.0,62,0.6831,343.15,(-0.285, -0.634, -1.7),(20.278, 27.139, -6.088),False,False,True,False
132,15.6659,7.6635,0.0,117,0.6809,345.2,(-0.627, -1.199, -2.906),(20.813, 29.154, -7.707),False,False,True,False
133,7.4192,8.7398,0.0,62,0.6797,346.34,(1.718, -0.059, -2.434),(22.01, 30.092, -1.0),False,False,True,False
134,8.2295,9.6931,0.0,39,0.679,347.09,(-0.618, 1.657, -2.538),(23.3, 27.299, -2.879),False,False,True,False
135,10.148,10.639,0.0,150,0.6762,349.69,(1.397, -0.67, -3.221),(16.919, 32.139, -5.762),False,False,False,True
136,11.406,10.2406,0.0,77,0.6748,351.08,(-1.673, -0.997, -2.952),(23.254, 31.734, -3.909),False,False,True,False
137,8.2027,11.4223,0.0,150,0.672,353.69,(0.991, -0.37, -3.348),(19.915, 31.34, -8.219),False,False,False,True
138,12.5338,11.4877,0.0,46,0.6711,354.56,(0.903, -1.043, -3.141),(16.33, 33.157, -6.146),False,False,True,False
139,5.3484,11.4452,0.0,69,0.6698,355.82,(-0.415, 1.44, -4.276),(17.295, 30.701, -5.354),False,False,True,False
140,15.3872,10.8987,0.0,86,0.6682,357.35,(0.108, 0.619, -4.159),(24.428, 28.457, -5.08),False,False,True,False
# [19:11:10] [greedy-eval @ episode 140] success_rate=0.0% over 5 episodes
141,9.7702,10.4111,0.0,52,0.6673,360.76,(0.925, 1.178, -2.79),(23.391, 32.496, -2.579),False,False,True,False
142,1.5435,8.9989,0.0,97,0.6655,362.48,(1.371, -1.242, -3.467),(17.382, 27.408, -3.355),False,False,True,False
143,0.7545,8.3324,0.0,69,0.6642,363.73,(1.845, -0.042, -2.806),(23.096, 30.092, -4.743),False,False,True,False
144,7.1961,8.2291,0.0,57,0.6631,364.8,(0.935, 0.359, -4.573),(21.926, 27.098, -3.829),False,False,True,False
145,-0.7247,7.1418,0.0,150,0.6603,367.4,(-0.544, 1.074, -2.5),(21.634, 27.341, -7.19),False,False,False,True
146,-5.5329,5.4479,0.0,150,0.6575,370.0,(-0.682, -1.501, -3.226),(21.671, 27.385, -2.52),False,False,False,True
147,-1.0434,4.5233,0.0,33,0.6569,370.62,(0.575, -1.021, -1.678),(17.688, 32.966, -5.028),False,False,True,False
148,-1.0054,3.1694,0.0,6,0.6568,370.81,(-1.161, -0.851, -2.334),(18.435, 30.394, -1.0),False,False,True,False
149,-3.9784,2.2367,0.0,15,0.6565,371.16,(0.08, -1.151, -2.779),(23.614, 31.321, -6.46),False,False,True,False
150,-1.5975,0.5382,0.0,24,0.6561,371.65,(1.394, -0.614, -2.243),(20.0, 29.645, -3.045),False,False,True,False
151,5.3693,0.0981,0.0,15,0.6558,372.01,(-0.961, -1.148, -3.547),(22.791, 30.385, -3.994),False,False,True,False
152,19.5945,1.9032,0.0,150,0.653,374.6,(-0.289, -0.187, -3.504),(23.171, 33.288, -3.257),False,False,False,True
153,20.606,3.8884,0.0,150,0.6502,377.21,(-1.047, 1.367, -3.863),(23.188, 32.493, -4.4),False,False,False,True
154,7.7395,3.9427,0.0,150,0.6474,379.81,(-0.499, -0.11, -4.563),(19.019, 31.475, -7.864),False,False,False,True
155,-1.6404,3.8511,0.0,112,0.6454,381.78,(0.943, -0.8, -2.374),(19.517, 29.766, -7.205),False,True,False,False
156,13.7065,5.7751,0.0,101,0.6435,383.56,(1.227, 1.327, -2.907),(15.939, 27.941, -3.05),False,False,True,False
157,14.7935,7.3588,0.0,58,0.6424,384.64,(-1.458, 0.179, -3.879),(20.218, 31.125, -1.235),False,False,True,False
158,76.8431,15.1436,10.0,122,0.6401,386.77,(-0.537, 0.268, -4.448),(21.922, 31.373, -7.114),True,False,False,False
159,78.8271,23.4242,20.0,117,0.638,388.82,(-1.697, 0.208, -3.043),(21.043, 32.27, -8.154),True,False,False,False
160,14.3556,25.0195,20.0,150,0.6352,391.43,(0.706, 1.746, -2.861),(19.85, 31.853, -2.909),False,False,False,True
# [19:49:30] [greedy-eval @ episode 160] success_rate=40.0% over 5 episodes
161,9.1425,25.3968,20.0,150,0.6324,400.7,(-0.175, 0.397, -2.506),(21.396, 31.722, -8.174),False,False,False,True
162,78.7212,31.3095,30.0,41,0.6316,401.48,(-0.064, 1.722, -3.177),(22.637, 27.066, -3.189),True,False,False,False
163,77.4052,36.9894,40.0,80,0.6301,402.94,(-0.71, 0.735, -4.581),(21.181, 28.177, -5.613),True,False,False,False
164,15.8659,37.802,40.0,150,0.6273,405.55,(-0.078, -1.653, -3.492),(17.573, 32.485, -5.34),False,False,False,True
165,74.3587,45.4019,50.0,141,0.6247,407.99,(0.192, -1.488, -2.053),(18.634, 30.277, -8.696),True,False,False,False
166,80.0125,52.0325,60.0,68,0.6234,409.23,(-1.543, 0.298, -2.97),(23.992, 27.935, -3.637),True,False,False,False
167,15.8125,52.1344,60.0,33,0.6228,409.88,(-0.055, 1.215, -3.379),(18.407, 32.234, -3.659),False,False,True,False
168,73.8326,51.8334,60.0,108,0.6208,411.82,(0.587, -0.549, -2.941),(21.057, 26.663, -8.282),True,False,False,False
169,20.0096,45.9516,50.0,150,0.618,414.42,(-0.701, -0.805, -2.703),(19.429, 33.443, -3.927),False,False,False,True
170,14.388,45.9549,50.0,150,0.6152,417.03,(1.59, 0.45, -2.83),(16.289, 28.2, -2.573),False,False,False,True
171,79.5128,52.9919,60.0,80,0.6137,418.46,(-0.75, 0.531, -2.952),(21.767, 30.254, -5.808),True,False,False,False
172,76.5983,52.7796,60.0,116,0.6116,420.49,(-0.331, -0.151, -3.945),(21.789, 28.411, -9.161),True,False,False,False
173,17.6185,46.8009,50.0,150,0.6088,423.1,(0.705, 1.656, -3.505),(19.074, 28.877, -5.07),False,False,False,True
174,71.9653,52.4109,60.0,143,0.6061,425.56,(-0.498, -0.376, -2.638),(16.139, 29.76, -6.514),True,False,False,False
175,14.3431,46.4093,50.0,150,0.6033,428.13,(-0.35, -0.481, -1.805),(23.605, 27.774, -4.178),False,False,False,True
176,15.4024,39.9483,40.0,150,0.6006,430.74,(0.455, 1.272, -3.86),(15.952, 30.566, -5.654),False,False,False,True
177,79.0214,46.2692,50.0,137,0.598,433.13,(-1.098, -0.631, -2.491),(22.933, 33.064, -5.814),True,False,False,False
178,22.1433,41.1003,40.0,150,0.5952,435.73,(-1.714, -0.088, -2.852),(22.217, 32.287, -7.709),False,False,False,True
179,72.6685,46.3662,50.0,133,0.5927,438.07,(-0.707, -0.8, -3.593),(22.245, 26.506, -5.067),True,False,False,False
180,76.8988,52.6172,60.0,69,0.5915,439.33,(-0.144, 0.913, -4.433),(21.627, 26.916, -6.025),True,False,False,False
# [20:37:48] [greedy-eval @ episode 180] success_rate=60.0% over 5 episodes
181,17.3049,46.3965,50.0,150,0.5887,448.99,(-0.877, 0.348, -1.601),(17.317, 27.51, -5.984),False,False,False,True
182,20.309,40.7675,40.0,150,0.5859,451.59,(1.134, 0.595, -2.719),(19.38, 32.433, -7.446),False,False,False,True
183,75.6977,46.5754,50.0,84,0.5843,453.09,(1.559, 1.055, -3.198),(17.876, 31.338, -2.803),True,False,False,False
184,22.345,41.6134,40.0,150,0.5815,455.7,(0.449, -0.593, -3.752),(18.562, 31.142, -5.813),False,False,False,True
185,13.4844,41.5275,40.0,150,0.5787,458.31,(0.808, 0.784, -3.561),(18.877, 29.53, -1.955),False,False,False,True
186,18.5808,41.8454,40.0,150,0.5759,460.91,(0.79, -1.106, -2.652),(15.297, 30.82, -6.394),False,False,False,True
187,80.5974,42.003,40.0,88,0.5743,462.45,(1.148, 0.019, -1.693),(24.82, 30.808, -4.583),True,False,False,False
188,14.9945,41.2881,40.0,150,0.5715,465.05,(-0.53, 0.217, -4.72),(19.99, 26.066, -6.693),False,False,False,True
189,17.5771,35.7789,30.0,150,0.5687,467.66,(1.294, 0.177, -3.922),(22.595, 29.175, -4.63),False,False,False,True
190,22.2749,30.3165,20.0,65,0.5675,468.85,(-0.943, 0.962, -3.669),(18.649, 28.143, -3.699),False,False,True,False
191,20.811,30.6672,20.0,150,0.5647,471.47,(1.583, -0.384, -3.998),(23.667, 28.803, -6.441),False,False,False,True
192,16.4614,30.2824,20.0,150,0.5619,474.07,(1.54, -1.134, -2.907),(18.941, 26.282, -3.143),False,False,False,True
193,15.386,24.2512,10.0,150,0.5591,476.64,(-0.073, -0.645, -2.085),(22.968, 26.53, -6.279),False,False,False,True
194,16.8249,23.6992,10.0,150,0.5564,479.27,(-0.342, 0.978, -3.956),(19.519, 31.254, -1.547),False,False,False,True
195,19.9806,24.3488,10.0,150,0.5536,481.87,(1.294, -0.101, -2.808),(18.228, 30.009, -8.579),False,False,False,True
196,17.98,24.2888,10.0,150,0.5508,484.47,(1.345, 1.145, -2.177),(22.969, 28.934, -7.259),False,False,False,True
197,16.6271,17.8917,0.0,150,0.548,487.07,(-0.886, 1.605, -2.78),(15.831, 29.182, -7.003),False,False,False,True
198,16.7654,18.0688,0.0,150,0.5452,489.68,(1.889, -0.584, -3.119),(18.667, 31.295, -9.383),False,False,False,True
199,78.2633,24.1375,10.0,68,0.5439,490.92,(0.701, 0.495, -2.953),(17.548, 32.005, -6.864),True,False,False,False
200,16.7274,23.5827,10.0,150,0.5411,493.49,(0.384, -0.72, -2.371),(23.286, 29.518, -6.304),False,False,False,True
# [21:35:08] [greedy-eval @ episode 200] success_rate=20.0% over 5 episodes
201,79.5529,29.4569,20.0,86,0.5395,505.25,(0.177, -0.171, -2.757),(18.626, 31.177, -8.217),True,False,False,False
202,14.7554,29.2863,20.0,150,0.5367,507.84,(-0.352, 0.144, -4.114),(21.208, 27.146, -4.623),False,False,False,True
203,19.9691,29.7446,20.0,73,0.5354,509.13,(0.788, -0.212, -1.974),(19.459, 27.652, -4.824),False,False,True,False
204,11.9711,29.2592,20.0,150,0.5326,511.73,(0.666, 1.624, -3.113),(19.937, 29.67, -3.627),False,False,False,True
205,20.9495,29.3561,20.0,150,0.5298,514.38,(0.691, 0.075, -2.68),(18.379, 29.752, -5.862),False,False,False,True
206,71.7238,34.7305,30.0,141,0.5272,516.8,(0.942, 0.025, -1.535),(21.671, 27.526, -2.347),True,False,False,False
207,17.9767,34.8655,30.0,150,0.5244,519.4,(-1.22, 1.385, -2.667),(16.367, 31.256, -4.867),False,False,False,True
208,23.5153,35.5404,30.0,150,0.5216,521.97,(-0.373, 0.179, -1.442),(24.393, 31.476, -3.543),False,False,False,True
209,21.3507,29.8492,20.0,108,0.5196,523.89,(1.002, -0.799, -3.895),(16.896, 30.12, -4.431),False,False,True,False
210,82.9191,36.4683,30.0,69,0.5183,525.16,(-1.31, -0.079, -4.277),(20.487, 33.804, -7.001),True,False,False,False
211,78.2731,36.3404,30.0,63,0.5171,526.3,(-0.309, -1.388, -1.854),(17.239, 28.599, -7.224),True,False,False,False
212,13.9652,36.2613,30.0,150,0.5143,528.9,(-0.407, 1.724, -3.075),(19.359, 31.898, -3.46),False,False,False,True
213,11.9461,35.459,30.0,150,0.5116,531.51,(-1.777, 0.384, -2.649),(16.009, 31.087, -4.012),False,False,False,True
214,83.9373,42.6557,40.0,74,0.5102,532.83,(-0.891, -1.107, -1.883),(19.435, 34.223, -7.28),True,False,False,False
215,20.9705,42.6578,40.0,70,0.5089,534.07,(-1.063, 0.269, -2.124),(20.284, 28.551, -2.104),False,False,True,False
216,17.1737,37.2028,30.0,100,0.507,535.8,(0.098, -1.113, -1.478),(16.907, 28.527, -1.757),False,False,True,False
217,26.8147,38.0866,30.0,107,0.505,537.7,(0.772, -0.819, -3.371),(21.402, 33.06, -2.048),False,False,True,False
218,78.901,43.6251,40.0,97,0.5032,539.43,(0.603, -1.22, -4.163),(19.892, 31.006, -5.532),True,False,False,False
219,20.6548,43.5556,40.0,150,0.5004,542.04,(-1.473, -0.328, -3.704),(21.328, 28.91, -1.505),False,False,False,True
220,74.9364,42.7573,40.0,102,0.4985,543.84,(-0.364, 1.575, -3.603),(19.69, 29.945, -2.232),True,False,False,False
# [22:19:13] [greedy-eval @ episode 220] success_rate=100.0% over 5 episodes
221,74.5893,42.3889,40.0,131,0.4961,550.09,(0.473, 0.257, -2.273),(23.772, 29.15, -2.586),True,False,False,False
222,78.1767,48.8101,50.0,80,0.4946,551.52,(1.275, -0.638, -2.537),(20.035, 29.252, -6.732),True,False,False,False
223,25.576,50.173,50.0,99,0.4928,553.28,(-1.651, -0.084, -3.133),(21.747, 29.954, -1.0),False,False,True,False
224,21.8628,43.9656,40.0,150,0.49,555.85,(-0.346, -0.868, -2.329),(21.31, 30.637, -3.459),False,False,False,True
225,75.8621,49.4547,50.0,85,0.4884,557.39,(0.914, -0.122, -3.911),(16.363, 29.53, -6.135),True,False,False,False
226,73.0614,55.0435,60.0,101,0.4865,559.19,(-0.233, -1.393, -4.212),(17.5, 26.152, -6.952),True,False,False,False
227,75.2967,59.8917,70.0,104,0.4846,560.99,(1.04, -0.119, -1.712),(22.168, 26.258, -3.794),True,False,False,False
228,79.0057,59.9022,70.0,85,0.483,562.51,(1.103, -0.071, -3.109),(16.582, 33.015, -5.179),True,False,False,False
229,24.0865,60.2454,70.0,86,0.4814,564.05,(-1.311, 1.466, -2.94),(18.804, 32.216, -4.833),False,False,True,False
230,79.6828,60.72,70.0,94,0.4796,565.7,(0.279, 1.217, -1.599),(23.878, 31.641, -5.316),True,False,False,False
231,28.4386,56.1049,60.0,68,0.4784,566.95,(-1.202, -0.254, -3.903),(18.787, 32.9, -1.202),False,False,True,False
232,16.119,49.8992,50.0,150,0.4756,569.55,(-0.572, 1.64, -2.081),(17.013, 29.565, -2.315),False,False,False,True
233,4.6802,47.8096,50.0,11,0.4754,569.83,(0.098, 1.821, -2.431),(21.296, 26.249, -3.162),False,False,True,False
234,78.1241,53.4357,60.0,111,0.4733,571.78,(-0.324, -1.585, -1.956),(16.352, 31.534, -6.647),True,False,False,False
235,79.583,53.8078,60.0,71,0.472,573.07,(1.577, -0.439, -2.759),(23.212, 30.011, -1.414),True,False,False,False
236,82.3825,54.7399,60.0,80,0.4705,574.5,(-1.498, -0.21, -2.908),(22.12, 30.393, -8.087),True,False,False,False
237,81.0067,55.3109,60.0,88,0.4689,576.04,(-0.096, 0.053, -2.287),(19.781, 34.338, -3.097),True,False,False,False
238,74.1567,54.826,60.0,128,0.4665,578.25,(-0.749, -0.077, -1.813),(20.274, 28.813, -5.122),True,False,False,False
239,20.0293,54.4203,60.0,150,0.4637,580.84,(-1.288, -0.502, -1.805),(22.087, 30.499, -6.575),False,False,False,True
240,79.0131,54.3533,60.0,65,0.4625,582.02,(1.734, -0.378, -2.732),(17.985, 31.817, -1.278),True,False,False,False
# [23:02:38] [greedy-eval @ episode 240] success_rate=0.0% over 5 episodes
241,76.3316,59.1426,70.0,74,0.4611,592.62,(0.879, 0.207, -3.538),(20.208, 28.479, -8.39),True,False,False,False
242,8.1851,58.3492,70.0,150,0.4583,595.24,(-1.286, 0.83, -4.277),(15.95, 30.049, -7.145),False,False,False,True
243,27.1263,60.5939,70.0,63,0.4572,596.39,(0.115, 1.262, -3.094),(17.645, 32.194, -1.734),False,False,True,False
244,79.5313,60.7346,70.0,55,0.4561,597.41,(-1.208, -1.188, -2.821),(17.694, 28.609, -8.129),True,False,False,False
245,15.7402,54.3503,60.0,150,0.4533,600.01,(-0.506, 1.05, -2.645),(16.404, 28.032, -4.709),False,False,False,True
246,79.0252,54.0146,60.0,121,0.4511,602.13,(-0.208, -1.213, -3.403),(23.431, 30.292, -7.839),True,False,False,False
247,14.1295,47.3268,50.0,150,0.4483,604.74,(-0.484, -1.312, -3.271),(18.169, 30.686, -6.346),False,False,False,True
248,23.7648,42.2877,40.0,150,0.4455,607.36,(0.622, 0.084, -3.082),(18.033, 32.312, -1.332),False,False,False,True
249,79.3316,48.2179,50.0,71,0.4442,608.66,(0.982, -0.422, -3.545),(21.024, 29.523, -5.97),True,False,False,False
250,77.8992,48.1065,50.0,85,0.4426,610.17,(-0.573, 1.482, -2.588),(23.121, 27.847, -7.491),True,False,False,False
251,77.0576,48.1791,50.0,45,0.4418,611.02,(-1.515, 0.538, -1.811),(17.953, 25.522, -5.413),True,False,False,False
252,80.6684,55.4274,60.0,55,0.4407,612.04,(-0.427, -1.898, -2.69),(22.441, 26.196, -6.599),True,False,False,False
253,24.3413,55.1489,60.0,64,0.4396,613.21,(1.708, -0.137, -3.347),(17.181, 29.746, -3.243),False,False,True,False
254,80.8357,55.2794,60.0,79,0.4381,614.62,(0.087, -1.565, -2.344),(23.413, 29.03, -6.074),True,False,False,False
255,78.6019,61.5655,70.0,83,0.4365,616.11,(-1.905, -0.353, -3.234),(21.878, 27.541, -5.713),True,False,False,False
256,76.6934,61.3323,70.0,93,0.4348,617.75,(-1.362, 0.956, -2.187),(16.128, 30.919, -7.605),True,False,False,False
257,76.434,67.5628,80.0,60,0.4337,618.85,(-0.132, -1.192, -2.901),(18.633, 25.836, -3.943),True,False,False,False
258,14.3053,66.6168,80.0,150,0.4309,621.46,(1.868, -0.153, -3.274),(20.974, 26.618, -2.158),False,False,False,True
259,23.3279,61.0165,70.0,150,0.4281,624.06,(0.807, 0.145, -4.521),(22.53, 30.287, -1.41),False,False,False,True
260,73.5158,60.5781,70.0,115,0.426,626.1,(0.03, 0.425, -2.256),(19.508, 27.333, -6.266),True,False,False,False
# [23:41:13] [greedy-eval @ episode 260] success_rate=100.0% over 5 episodes
261,76.9218,60.5645,70.0,64,0.4248,630.99,(0.311, -0.574, -4.749),(21.719, 25.41, -5.722),True,False,False,False
262,79.9107,60.4888,70.0,47,0.4239,631.87,(1.393, 0.194, -2.682),(19.401, 30.943, -4.436),True,False,False,False
263,84.5487,66.5095,80.0,66,0.4227,633.08,(-0.793, -1.545, -3.809),(22.589, 31.51, -5.78),True,False,False,False
264,79.7329,66.3992,80.0,71,0.4214,634.37,(-1.786, 0.364, -2.664),(21.563, 29.69, -2.793),True,False,False,False
265,77.3847,66.2775,80.0,68,0.4201,635.6,(-1.394, -0.466, -2.851),(18.471, 27.601, -1.673),True,False,False,False
266,78.3444,66.4426,80.0,62,0.4189,636.77,(0.075, 0.788, -3.039),(21.702, 28.535, -1.695),True,False,False,False
267,79.5571,66.7549,80.0,49,0.418,637.71,(-0.276, -0.781, -3.879),(17.152, 28.618, -2.967),True,False,False,False
268,81.1968,73.4441,90.0,52,0.4171,638.64,(0.158, -0.576, -1.722),(17.563, 32.101, -5.582),True,False,False,False
269,78.9586,79.0071,100.0,82,0.4155,640.11,(-0.844, -1.323, -2.38),(17.674, 30.186, -7.728),True,False,False,False
270,18.0393,73.4595,90.0,41,0.4148,640.87,(-0.12, 0.436, -3.425),(19.093, 33.238, -4.421),False,False,True,False
271,25.4007,68.3074,80.0,150,0.412,643.45,(0.183, -0.924, -1.348),(22.884, 32.756, -4.45),False,False,False,True
272,78.9179,68.2081,80.0,72,0.4106,644.74,(-0.506, -0.513, -4.778),(17.077, 31.06, -2.643),True,False,False,False
273,77.1664,67.4699,80.0,82,0.4091,646.22,(-1.736, 0.195, -3.822),(16.622, 29.31, -4.882),True,False,False,False
274,71.3158,66.6282,80.0,134,0.4066,648.54,(-0.247, 0.23, -3.261),(18.495, 27.439, -1.535),True,False,False,False
275,-0.3636,58.8533,70.0,10,0.4064,648.81,(-1.726, 0.676, -2.942),(21.017, 32.31, -2.316),False,False,True,False
276,80.1199,59.0309,70.0,75,0.405,650.16,(0.471, -0.074, -2.789),(17.425, 33.75, -4.694),True,False,False,False
277,83.9076,59.4659,70.0,56,0.404,651.19,(0.56, 0.235, -4.274),(20.368, 34.532, -3.604),True,False,False,False
278,15.9123,52.9375,60.0,16,0.4037,651.54,(-0.201, 0.4, -3.035),(21.272, 30.351, -7.393),False,False,True,False
279,82.2232,53.264,60.0,47,0.4028,652.44,(0.834, -0.885, -3.708),(18.459, 32.123, -2.718),True,False,False,False
280,26.6837,54.1284,60.0,150,0.4,655.03,(1.231, 0.057, -2.958),(21.66, 34.071, -6.894),False,False,False,True
# [00:19:23] [greedy-eval @ episode 280] success_rate=0.0% over 5 episodes
281,78.2356,59.4119,70.0,119,0.3978,670.08,(-0.915, -1.152, -2.835),(20.965, 31.339, -1.166),True,False,False,False
282,80.8033,59.6004,70.0,70,0.3965,671.34,(-1.033, 0.558, -2.247),(16.818, 33.498, -6.4),True,False,False,False
283,79.7893,59.8627,70.0,61,0.3954,672.45,(-0.8, 1.537, -3.339),(21.456, 30.791, -1.0),True,False,False,False
284,81.722,60.9033,70.0,97,0.3936,674.17,(-0.418, -1.374, -3.006),(22.579, 31.951, -4.259),True,False,False,False
285,24.2458,63.3643,70.0,65,0.3924,675.33,(0.829, 0.227, -2.2),(19.742, 28.542, -3.379),False,False,True,False
286,76.9717,63.0495,70.0,130,0.39,677.56,(-0.36, -0.284, -1.172),(24.338, 29.066, -6.346),True,False,False,False
287,70.6729,61.726,70.0,123,0.3877,679.73,(0.605, 0.967, -4.035),(18.742, 28.234, -5.332),True,False,False,False
288,78.5548,67.9902,80.0,81,0.3862,681.19,(-1.605, 1.111, -2.615),(19.177, 30.813, -1.477),True,False,False,False
289,78.1502,67.5829,80.0,52,0.3852,682.15,(1.386, -0.69, -2.737),(18.8, 28.636, -1.0),True,False,False,False
290,79.9492,72.9095,90.0,89,0.3835,683.75,(-1.056, -0.158, -4.28),(19.887, 31.962, -6.906),True,False,False,False
291,80.4152,73.1274,90.0,48,0.3826,684.66,(-1.456, 0.456, -3.757),(20.212, 29.057, -1.0),True,False,False,False
292,82.5026,73.2974,90.0,56,0.3816,685.66,(-0.765, 0.508, -2.415),(22.749, 31.053, -6.39),True,False,False,False
293,76.7086,72.9893,90.0,80,0.3801,687.06,(0.201, -0.751, -1.405),(19.356, 28.272, -2.652),True,False,False,False
294,78.4144,72.6585,90.0,43,0.3793,687.89,(0.101, 0.819, -4.343),(21.424, 26.755, -7.153),True,False,False,False
295,24.5057,72.6845,90.0,150,0.3765,690.46,(1.011, -0.044, -1.551),(19.269, 32.33, -8.31),False,False,False,True
296,79.5032,72.9377,90.0,88,0.3749,692.03,(1.06, 1.232, -2.492),(22.6, 32.785, -2.049),True,False,False,False
297,24.9343,68.3638,80.0,150,0.3721,694.65,(-0.162, -1.106, -3.816),(22.546, 30.428, -7.915),False,False,False,True
298,80.8524,68.5936,80.0,60,0.371,695.72,(-0.02, 0.484, -1.959),(20.261, 31.979, -5.716),True,False,False,False
299,76.2462,68.4032,80.0,147,0.3682,698.28,(-0.712, -0.06, -3.542),(23.908, 29.272, -4.7),True,False,False,False
300,24.3182,62.8401,70.0,150,0.3655,700.86,(-0.236, 0.581, -1.244),(23.785, 29.853, -6.253),False,False,False,True
# [01:01:19] [greedy-eval @ episode 300] success_rate=40.0% over 5 episodes
# [01:01:19] Training complete. 300 episodes in 709.9 min. Final avg reward (last 10): 62.84. Final success rate (last 10): 70.0%.
