# run_name: blocks_generlization_run1_250
# timestamp: 20260901_203554
# ---- config ----
# goal_position: (70, 30, -5)
# start_position: (0, 0, -3)
# randomize_positions: True
# start_jitter_radius: 1.0
# goal_jitter_radius: 3.0
# max_episode_steps: 150
# dt: 0.5
# speed: 2.0
# state_dim: 15
# action_dim: 27
# lr: 0.0001
# gamma: 0.99
# buffer_capacity: 1000000
# batch_size: 32
# epsilon_start: 1.0
# epsilon_end: 0.2
# epsilon_decay_steps: 24000
# target_update_freq: 250
# use_double: True
# use_dueling: True
# ----------------
episode,reward,avg10,success_rate10,steps,epsilon,elapsed_min,start_position,goal_position,is_success,is_crash,is_out_of_bounds,is_timeout
1,-26.0237,-26.0237,0.0,150,0.996,1.62,(0.49, -1.56, -3.103),(67.279, 26.905, -2.397),False,False,False,True
2,-6.2657,-16.1447,0.0,150,0.991,3.2,(1.539, 0.339, -2.502),(70.29, 32.291, -2.386),False,False,False,True
3,-20.336,-17.5418,0.0,143,0.9863,4.72,(1.263, 1.016, -2.982),(71.3, 33.336, -6.347),False,False,True,False
4,-37.7123,-22.5844,0.0,150,0.9813,6.31,(1.095, -0.136, -3.265),(73.133, 31.094, -1.467),False,False,False,True
5,-11.4366,-20.3549,0.0,150,0.9763,7.92,(0.429, 0.843, -4.194),(71.692, 31.061, -1.0),False,False,False,True
6,-4.3996,-17.6956,0.0,150,0.9713,9.48,(-0.411, 0.827, -1.44),(70.379, 34.089, -4.205),False,False,False,True
7,-5.2823,-15.9223,0.0,150,0.9663,11.06,(1.146, 0.991, -1.993),(68.348, 32.813, -3.857),False,False,False,True
8,0.3378,-13.8898,0.0,8,0.966,11.2,(-0.997, -0.552, -1.695),(68.571, 29.781, -4.074),False,False,True,False
9,-3.317,-12.715,0.0,150,0.961,12.79,(0.867, -0.408, -2.776),(72.501, 30.422, -5.058),False,False,False,True
10,-15.1956,-12.9631,0.0,22,0.9603,13.13,(0.653, -0.403, -3.24),(69.837, 29.945, -2.334),False,True,True,False
11,-18.099,-12.1706,0.0,150,0.9553,14.69,(-0.154, -0.235, -2.339),(68.741, 27.508, -3.259),False,False,False,True
12,0.9522,-11.4488,0.0,8,0.955,14.87,(1.598, -1.019, -3.444),(66.736, 28.073, -4.499),False,False,True,False
13,-6.5806,-10.0733,0.0,149,0.95,16.45,(1.529, 1.282, -3.084),(71.805, 32.314, -2.689),False,False,True,False
14,-13.3743,-7.6395,0.0,150,0.945,18.04,(0.821, -1.663, -2.591),(73.856, 30.275, -3.506),False,False,False,True
15,-2.1367,-6.7095,0.0,150,0.94,20.09,(-1.041, 0.686, -4.164),(73.089, 27.976, -4.912),False,False,False,True
16,6.625,-5.607,0.0,150,0.935,22.69,(1.648, 1.062, -3.351),(69.596, 30.504, -1.815),False,False,False,True
17,-3.8297,-5.4618,0.0,49,0.9334,23.57,(0.626, 0.309, -1.601),(66.002, 28.486, -3.205),False,False,True,False
18,4.2445,-5.0711,0.0,150,0.9284,26.17,(1.544, 0.545, -2.626),(67.689, 30.328, -7.025),False,False,False,True
19,-9.3427,-5.6737,0.0,150,0.9234,28.78,(-1.721, 0.41, -3.576),(68.602, 31.947, -7.618),False,False,False,True
20,8.5594,-3.2982,0.0,150,0.9184,31.38,(-0.205, -1.411, -3.154),(71.246, 33.297, -5.71),False,False,False,True
# [21:14:07] [greedy-eval @ episode 20] success_rate=0.0% over 5 episodes
21,-20.6971,-3.558,0.0,150,0.9134,40.79,(0.603, -0.629, -4.286),(69.599, 27.55, -4.872),False,False,False,True
22,-3.1012,-3.9633,0.0,150,0.9084,43.36,(-0.408, -0.77, -2.346),(69.599, 32.87, -3.028),False,False,False,True
23,-1.5195,-3.4572,0.0,150,0.9034,45.96,(-0.195, -0.774, -2.613),(73.469, 29.635, -6.318),False,False,False,True
24,12.8031,-0.8395,0.0,150,0.8984,48.36,(0.658, 0.351, -1.951),(72.54, 29.947, -7.551),False,False,False,True
25,-11.6121,-1.787,0.0,150,0.8934,50.99,(0.883, -0.44, -3.86),(70.082, 33.428, -1.883),False,False,False,True
26,13.0461,-1.1449,0.0,150,0.8884,53.56,(0.71, -0.771, -1.919),(68.676, 28.939, -3.104),False,False,False,True
27,-22.3677,-2.9987,0.0,150,0.8834,56.13,(0.497, 1.071, -1.672),(73.533, 28.873, -6.012),False,False,False,True
28,-0.3103,-3.4542,0.0,8,0.8831,56.33,(0.07, 0.215, -2.163),(71.016, 27.658, -6.885),False,False,True,False
29,-5.7192,-3.0919,0.0,150,0.8781,58.93,(1.304, -0.369, -3.207),(66.524, 31.68, -7.611),False,False,False,True
30,4.3903,-3.5088,0.0,150,0.8731,61.55,(1.091, 0.404, -4.032),(71.223, 31.726, -1.0),False,False,False,True
31,-2.5844,-1.6975,0.0,150,0.8681,64.18,(0.57, 0.394, -2.957),(71.309, 29.518, -8.994),False,False,False,True
32,2.8399,-1.1034,0.0,150,0.8631,66.78,(-1.352, -0.034, -2.671),(71.834, 29.342, -5.734),False,False,False,True
33,1.3254,-0.8189,0.0,150,0.8581,69.38,(-1.691, -0.044, -3.225),(69.595, 29.397, -1.737),False,False,False,True
34,1.9216,-1.907,0.0,150,0.8531,71.99,(-1.527, 0.659, -3.823),(67.725, 26.762, -7.777),False,False,False,True
35,-0.3237,-0.7782,0.0,7,0.8529,72.17,(-0.076, 1.037, -2.243),(68.961, 28.0, -1.893),False,False,True,False
36,13.8515,-0.6977,0.0,150,0.8479,74.77,(-0.314, 1.692, -2.453),(66.281, 29.099, -6.288),False,False,False,True
37,-13.9265,0.1465,0.0,150,0.8429,77.36,(-1.279, -0.171, -1.785),(73.201, 33.357, -3.179),False,False,False,True
38,-3.2251,-0.145,0.0,150,0.8379,79.96,(-0.761, -0.013, -2.647),(66.735, 28.84, -5.504),False,False,False,True
39,12.7078,1.6977,0.0,150,0.8329,82.56,(-0.007, -0.579, -4.894),(71.987, 27.183, -4.935),False,False,False,True
40,28.885,4.1472,0.0,150,0.8279,85.03,(1.744, 0.147, -2.319),(70.384, 32.0, -8.623),False,False,False,True
# [22:04:32] [greedy-eval @ episode 40] success_rate=0.0% over 5 episodes
41,7.1889,5.1245,0.0,150,0.8229,91.18,(-0.67, 0.901, -2.114),(70.312, 32.222, -1.0),False,False,False,True
42,21.5269,6.9932,0.0,150,0.8179,93.78,(1.169, -0.189, -2.617),(70.934, 30.077, -7.664),False,False,False,True
43,14.444,8.3051,0.0,150,0.8129,96.4,(-0.85, 0.812, -4.293),(66.327, 27.703, -6.177),False,False,False,True
44,22.7469,10.3876,0.0,150,0.8079,99.0,(0.749, -1.406, -1.911),(72.569, 33.441, -6.035),False,False,False,True
45,5.2489,10.9448,0.0,150,0.8029,101.59,(0.312, 1.525, -2.532),(69.003, 27.889, -2.985),False,False,False,True
46,18.0057,11.3603,0.0,150,0.7979,104.16,(0.805, -0.598, -1.761),(71.668, 31.881, -3.104),False,False,False,True
47,-0.4192,12.711,0.0,3,0.7978,104.31,(1.239, 1.123, -2.168),(67.397, 27.721, -6.445),False,False,True,False
48,7.9112,13.8246,0.0,150,0.7928,106.88,(-0.355, -0.958, -1.487),(66.981, 30.828, -7.89),False,False,False,True
49,-1.9043,12.3634,0.0,150,0.7878,109.49,(0.591, -1.731, -3.61),(71.314, 29.531, -7.711),False,False,False,True
50,33.2017,12.7951,0.0,150,0.7828,112.08,(-0.769, 1.06, -1.572),(68.306, 34.052, -6.462),False,False,False,True
51,12.008,13.277,0.0,150,0.7778,114.65,(0.672, -0.27, -1.919),(71.405, 29.468, -5.85),False,False,False,True
52,20.8061,13.2049,0.0,150,0.7728,117.24,(-0.191, 0.67, -4.822),(69.306, 33.556, -7.795),False,False,False,True
53,25.6865,14.3291,0.0,150,0.7678,119.85,(0.954, -1.28, -3.245),(67.729, 28.871, -1.0),False,False,False,True
54,36.5691,15.7114,0.0,150,0.7628,122.42,(0.959, 0.049, -1.449),(69.011, 31.209, -8.439),False,False,False,True
55,-0.1697,15.1695,0.0,9,0.7625,122.66,(-1.162, 0.522, -2.301),(72.119, 29.427, -8.691),False,False,True,False
56,25.5708,15.926,0.0,150,0.7575,125.13,(-0.944, -1.25, -4.098),(68.722, 30.568, -5.682),False,False,False,True
57,23.1079,18.2787,0.0,107,0.7539,126.31,(1.135, 1.047, -2.598),(68.533, 29.583, -6.077),False,True,False,False
58,16.4576,19.1334,0.0,150,0.7489,127.92,(0.684, -1.01, -2.402),(66.672, 28.286, -8.083),False,False,False,True
59,21.939,21.5177,0.0,150,0.7439,129.52,(-0.891, 0.165, -3.997),(72.821, 30.283, -7.354),False,False,False,True
60,30.6571,21.2632,0.0,150,0.7389,131.13,(0.13, -0.332, -3.875),(71.537, 31.498, -8.454),False,False,False,True
# [22:49:32] [greedy-eval @ episode 60] success_rate=0.0% over 5 episodes
61,25.6022,22.6226,0.0,150,0.7339,135.2,(1.137, -0.417, -2.342),(69.115, 26.991, -2.425),False,False,False,True
62,35.2313,24.0652,0.0,150,0.7289,136.78,(0.364, 0.815, -1.873),(70.574, 28.695, -5.935),False,False,False,True
63,14.684,22.9649,0.0,150,0.7239,138.42,(0.797, -0.668, -4.088),(73.422, 27.118, -7.065),False,False,False,True
64,12.9402,20.602,0.0,150,0.7189,140.03,(-1.194, -1.34, -3.213),(69.828, 29.595, -8.86),False,False,False,True
65,22.9004,22.909,0.0,150,0.7139,141.66,(0.182, 0.077, -3.624),(68.516, 29.933, -1.0),False,False,False,True
66,30.1717,23.3691,0.0,150,0.7089,143.24,(-0.674, -0.141, -1.497),(69.48, 30.315, -8.498),False,False,False,True
67,7.2695,21.7853,0.0,150,0.7039,144.86,(-0.639, 1.546, -3.188),(73.246, 32.101, -3.612),False,False,False,True
68,19.8267,22.1222,0.0,150,0.6989,146.46,(-1.091, 0.65, -1.588),(69.607, 27.301, -1.637),False,False,False,True
69,43.5815,24.2864,0.0,150,0.6939,148.08,(1.263, 0.478, -2.132),(71.018, 29.891, -7.378),False,False,False,True
70,24.874,23.7081,0.0,150,0.6889,149.69,(0.919, -0.918, -3.548),(74.438, 28.347, -5.041),False,False,False,True
71,31.1995,24.2679,0.0,150,0.6839,151.27,(-0.297, 0.074, -1.152),(70.104, 27.646, -6.695),False,False,False,True
72,18.3471,22.5795,0.0,150,0.6789,152.89,(-0.513, -1.456, -3.457),(67.13, 33.947, -4.444),False,False,False,True
73,26.3117,23.7422,0.0,130,0.6746,154.3,(-1.658, 0.379, -2.991),(65.588, 29.826, -3.097),False,True,False,False
74,34.0781,25.856,0.0,150,0.6696,155.93,(0.79, 1.433, -3.954),(68.589, 31.018, -9.615),False,False,False,True
75,25.039,26.0699,0.0,139,0.665,157.4,(-0.887, -0.531, -2.02),(72.969, 30.053, -5.223),False,True,False,False
76,38.3456,26.8873,0.0,150,0.66,158.98,(1.006, -0.363, -2.228),(66.744, 29.097, -1.938),False,False,False,True
77,28.7049,29.0308,0.0,150,0.655,160.6,(1.516, 1.09, -2.622),(72.778, 31.935, -5.722),False,False,False,True
78,23.8206,29.4302,0.0,106,0.6514,161.77,(1.055, 1.382, -3.485),(67.684, 26.906, -2.151),False,True,False,False
79,30.429,28.115,0.0,124,0.6473,163.13,(0.941, 0.581, -3.225),(73.242, 28.608, -7.686),False,True,False,False
80,30.7606,28.7036,0.0,134,0.6428,164.59,(-0.883, 0.782, -3.696),(69.134, 31.148, -5.7),False,True,False,False
# [23:23:15] [greedy-eval @ episode 80] success_rate=0.0% over 5 episodes
81,38.3752,29.4212,0.0,150,0.6378,168.92,(-0.016, 1.582, -3.008),(68.696, 29.407, -5.275),False,False,False,True
82,37.6259,31.3491,0.0,150,0.6328,170.55,(1.332, 0.983, -3.908),(71.331, 32.908, -7.968),False,False,False,True
83,28.0357,31.5215,0.0,129,0.6285,171.94,(1.316, 0.136, -1.777),(70.495, 28.75, -2.873),False,True,False,False
84,34.653,31.579,0.0,150,0.6235,173.52,(0.006, -1.033, -1.855),(68.402, 31.131, -9.149),False,False,False,True
85,29.7451,32.0496,0.0,122,0.6195,174.85,(0.72, 1.423, -2.188),(68.043, 25.8, -3.758),False,True,False,False
86,35.1299,31.728,0.0,150,0.6145,176.48,(1.106, -0.936, -4.29),(74.571, 29.561, -6.678),False,False,False,True
87,29.6402,31.8215,0.0,137,0.6099,177.98,(0.304, -1.042, -4.176),(70.504, 27.809, -2.419),False,True,False,False
88,27.4892,32.1884,0.0,150,0.6049,179.6,(0.643, 1.751, -3.682),(68.35, 25.512, -5.045),False,False,False,True
89,53.5111,34.4966,0.0,150,0.5999,181.21,(0.307, -1.315, -2.417),(70.295, 31.649, -1.0),False,False,False,True
90,32.5935,34.6799,0.0,150,0.5949,182.85,(-1.128, -0.472, -4.481),(70.709, 32.389, -9.24),False,False,False,True
91,42.9671,35.1391,0.0,150,0.5899,184.46,(-0.336, -1.453, -2.938),(67.489, 27.982, -1.919),False,False,False,True
92,46.0075,35.9772,0.0,150,0.5849,186.07,(-0.514, 0.17, -4.198),(68.605, 29.698, -6.888),False,False,False,True
93,32.6886,36.4425,0.0,150,0.5799,187.69,(0.131, 1.908, -2.756),(69.976, 29.332, -3.517),False,False,False,True
94,49.1505,37.8923,0.0,150,0.5749,189.31,(0.786, -0.209, -4.247),(72.999, 32.284, -6.578),False,False,False,True
95,40.4161,38.9594,0.0,150,0.5699,190.92,(-1.606, -0.517, -2.327),(67.841, 31.332, -4.016),False,False,False,True
96,24.7249,37.9189,0.0,150,0.5649,192.54,(-0.855, 1.704, -2.882),(69.466, 30.097, -4.824),False,False,False,True
97,46.849,39.6398,0.0,150,0.5599,194.15,(0.577, -1.449, -3.381),(68.99, 32.647, -8.687),False,False,False,True
98,46.7051,41.5613,0.0,150,0.5549,195.74,(0.083, -0.955, -2.164),(68.901, 33.587, -2.642),False,False,False,True
99,50.5804,41.2683,0.0,150,0.5499,197.32,(0.509, 0.788, -2.041),(73.029, 30.739, -7.522),False,False,False,True
100,112.9442,49.3033,10.0,131,0.5455,199.25,(1.314, 1.246, -2.515),(69.787, 30.449, -2.608),True,False,False,False
# [00:06:50] [greedy-eval @ episode 100] success_rate=0.0% over 5 episodes
101,31.9341,48.2,10.0,150,0.5405,213.46,(-0.679, -0.002, -1.275),(71.395, 28.151, -6.612),False,False,False,True
102,41.0601,47.7053,10.0,150,0.5355,216.06,(0.02, -0.135, -4.317),(71.341, 32.48, -1.179),False,False,False,True
103,50.6294,49.4994,10.0,150,0.5305,218.64,(-0.09, 0.208, -3.277),(66.539, 31.126, -7.038),False,False,False,True
104,38.6163,48.446,10.0,146,0.5257,221.17,(-0.629, 1.114, -2.074),(70.027, 26.688, -4.056),False,True,False,False
105,46.2818,49.0325,10.0,150,0.5207,223.77,(0.849, 0.314, -2.836),(73.223, 31.682, -7.815),False,False,False,True
106,55.1923,52.0793,10.0,150,0.5157,226.34,(-0.242, -0.001, -1.846),(70.543, 30.85, -4.149),False,False,False,True
107,50.7348,52.4679,10.0,150,0.5107,228.91,(0.787, -0.871, -1.625),(72.82, 29.566, -5.186),False,False,False,True
108,51.745,52.9719,10.0,144,0.5059,231.41,(-0.496, 0.656, -2.664),(68.573, 27.944, -7.471),False,False,True,False
109,61.8769,54.1015,10.0,150,0.5009,234.02,(-1.452, 0.295, -3.641),(71.727, 31.023, -8.554),False,False,False,True
110,56.3624,48.4433,0.0,150,0.4959,235.99,(-0.736, -0.2, -3.201),(72.837, 30.722, -5.552),False,False,False,True
111,51.0407,50.354,0.0,150,0.4909,237.57,(-0.105, 0.535, -1.549),(72.134, 33.903, -4.43),False,False,False,True
112,38.5786,50.1058,0.0,96,0.4877,238.65,(-1.369, 0.495, -4.02),(70.273, 30.305, -1.57),False,True,False,False
113,57.9215,50.835,0.0,150,0.4827,240.24,(0.187, -0.145, -2.84),(71.754, 33.928, -3.86),False,False,False,True
114,39.6587,50.9393,0.0,115,0.4788,241.5,(1.403, -0.62, -3.793),(69.401, 32.518, -1.39),False,True,False,False
115,39.5696,50.268,0.0,99,0.4755,242.57,(-0.422, -0.751, -1.239),(74.808, 29.812, -4.648),False,True,False,False
116,52.8979,50.0386,0.0,150,0.4705,244.18,(-0.109, -1.786, -2.409),(70.035, 32.375, -9.339),False,False,False,True
117,47.7385,49.739,0.0,141,0.4658,245.71,(1.51, -1.0, -2.832),(70.92, 31.351, -8.195),False,False,True,False
118,53.7769,49.9422,0.0,150,0.4608,247.33,(-1.566, 0.334, -4.142),(73.606, 31.739, -6.995),False,False,False,True
119,42.0,47.9545,0.0,119,0.4569,248.64,(-0.4, -1.793, -3.538),(65.638, 29.168, -4.795),False,True,False,False
120,33.5769,45.6759,0.0,88,0.4539,249.63,(0.113, -1.755, -3.502),(68.218, 27.51, -1.791),False,True,False,False
# [00:53:35] [greedy-eval @ episode 120] success_rate=0.0% over 5 episodes
121,50.4684,45.6187,0.0,150,0.4489,259.26,(1.743, -0.238, -3.334),(70.542, 26.748, -7.69),False,False,False,True
122,42.0733,45.9682,0.0,136,0.4444,260.72,(0.273, 0.01, -3.295),(68.409, 30.64, -1.083),False,True,False,False
123,60.514,46.2274,0.0,150,0.4394,262.3,(0.241, 0.489, -2.195),(73.243, 32.795, -3.047),False,False,False,True
124,51.8899,47.4505,0.0,150,0.4344,263.92,(-0.27, 1.691, -2.662),(69.359, 27.063, -8.121),False,False,False,True
125,39.506,47.4442,0.0,96,0.4312,264.98,(1.701, 0.628, -2.845),(71.82, 27.897, -5.198),False,True,False,False
126,41.6504,46.3194,0.0,89,0.4282,265.97,(-0.704, 1.107, -2.02),(69.265, 28.409, -6.635),False,True,False,False
127,39.272,45.4728,0.0,110,0.4246,267.19,(-0.095, 1.738, -3.162),(66.214, 29.454, -6.214),False,True,False,False
128,115.9256,51.6877,10.0,117,0.4207,268.43,(-0.474, 0.731, -1.977),(71.632, 28.691, -2.063),True,False,False,False
129,43.4958,51.8372,10.0,77,0.4181,269.31,(-1.045, 1.061, -3.603),(65.682, 28.589, -5.52),False,True,False,False
130,52.7053,53.7501,10.0,150,0.4131,270.95,(0.755, -0.478, -3.131),(70.608, 28.162, -8.448),False,False,False,True
131,60.2295,54.7262,10.0,150,0.4081,272.53,(0.048, 0.559, -2.354),(72.041, 28.224, -7.719),False,False,False,True
132,42.5822,54.7771,10.0,114,0.4043,273.78,(-0.328, 1.387, -3.03),(71.742, 28.441, -5.373),False,True,False,False
133,44.9389,53.2196,10.0,104,0.4008,274.92,(-1.399, 0.003, -2.011),(73.0, 27.874, -5.744),False,True,False,False
134,46.4838,52.679,10.0,85,0.398,275.87,(0.302, -1.574, -2.49),(66.898, 28.968, -8.267),False,True,False,False
135,56.2022,54.3486,10.0,150,0.393,277.49,(-0.476, -0.739, -2.761),(72.338, 26.841, -6.88),False,False,False,True
136,36.7563,53.8592,10.0,82,0.3903,278.42,(1.569, 0.511, -3.881),(67.223, 26.356, -6.344),False,True,False,False
137,39.4579,53.8778,10.0,93,0.3872,279.43,(-0.49, 0.038, -1.075),(69.332, 32.393, -2.436),False,True,False,False
138,40.3713,46.3223,0.0,115,0.3833,280.69,(1.345, -0.904, -3.058),(65.817, 31.294, -3.643),False,True,False,False
139,39.7585,45.9486,0.0,89,0.3804,281.68,(-1.378, 0.779, -2.385),(68.531, 31.004, -4.12),False,True,False,False
140,36.1895,44.297,0.0,88,0.3774,282.67,(1.446, 0.837, -2.782),(67.685, 26.07, -6.407),False,True,False,False
# [01:22:42] [greedy-eval @ episode 140] success_rate=0.0% over 5 episodes
141,52.4477,43.5188,0.0,150,0.3724,288.37,(0.228, -0.503, -4.617),(66.688, 31.112, -8.026),False,False,False,True
142,46.8981,43.9504,0.0,93,0.3693,289.37,(-0.774, 0.44, -1.293),(67.109, 30.451, -7.0),False,True,False,False
143,43.5234,43.8089,0.0,92,0.3663,290.4,(-0.838, -0.738, -2.979),(70.297, 31.096, -2.248),False,True,False,False
144,37.176,42.8781,0.0,85,0.3634,291.36,(1.1, -0.208, -3.385),(71.333, 28.519, -4.701),False,True,False,False
145,55.7773,42.8356,0.0,150,0.3584,292.95,(-0.357, -1.076, -1.614),(71.549, 31.233, -5.739),False,False,False,True
146,60.4241,45.2024,0.0,150,0.3534,294.53,(1.086, 0.427, -1.429),(67.676, 32.484, -6.733),False,False,False,True
147,41.4957,45.4062,0.0,80,0.3508,295.46,(-0.138, -0.762, -3.657),(67.829, 30.291, -3.428),False,True,False,False
148,58.3412,47.2031,0.0,150,0.3458,297.07,(-0.382, -1.182, -1.613),(72.302, 30.789, -7.366),False,False,False,True
149,110.9783,54.3251,10.0,138,0.3412,298.55,(1.624, -0.032, -1.877),(69.405, 30.144, -6.954),True,False,False,False
150,42.3281,54.939,10.0,78,0.3386,299.43,(0.079, 0.023, -4.042),(72.782, 29.19, -6.758),False,True,False,False
151,35.4709,53.2413,10.0,87,0.3357,300.4,(-0.521, -0.0, -4.911),(70.996, 30.17, -1.597),False,True,False,False
152,58.2103,54.3725,10.0,150,0.3307,302.02,(1.276, -1.046, -3.312),(72.154, 31.166, -1.0),False,False,False,True
153,41.3681,54.157,10.0,112,0.3269,303.25,(-0.564, 0.332, -4.134),(70.129, 30.477, -7.12),False,True,False,False
154,49.805,55.4199,10.0,150,0.3219,304.87,(0.715, 0.373, -4.106),(70.454, 27.793, -8.754),False,False,False,True
155,38.401,53.6823,10.0,93,0.3188,305.9,(-0.15, -0.561, -3.665),(73.442, 27.609, -2.569),False,True,False,False
156,57.9025,53.4301,10.0,150,0.3138,307.52,(0.514, 1.195, -2.375),(69.829, 33.085, -6.224),False,False,False,True
157,40.7635,53.3569,10.0,74,0.3114,308.36,(-0.439, -0.264, -4.786),(68.906, 29.941, -2.798),False,True,False,False
158,57.2712,53.2499,10.0,150,0.3064,309.97,(-0.065, -1.579, -2.707),(71.819, 26.929, -6.756),False,False,False,True
159,28.9394,45.046,0.0,65,0.3042,310.73,(0.061, 1.798, -3.475),(69.476, 29.167, -1.0),False,True,False,False
160,28.0294,43.6161,0.0,52,0.3025,311.37,(-0.495, 0.861, -4.26),(68.993, 27.084, -1.077),False,True,False,False
# [01:50:21] [greedy-eval @ episode 160] success_rate=0.0% over 5 episodes
161,36.3584,43.7049,0.0,74,0.3,315.22,(-0.495, -0.667, -2.249),(65.826, 27.89, -3.939),False,True,False,False
162,41.7287,42.0567,0.0,81,0.2973,316.13,(0.241, -0.243, -4.829),(70.584, 31.294, -4.654),False,True,False,False
163,52.6796,43.1879,0.0,150,0.2923,317.75,(0.729, 1.463, -2.928),(71.284, 32.142, -8.997),False,False,False,True
164,46.4071,42.8481,0.0,78,0.2897,318.64,(-1.664, -0.2, -3.188),(72.679, 32.699, -3.262),False,True,False,False
165,43.0938,43.3173,0.0,76,0.2872,319.47,(-1.064, 0.487, -1.747),(72.822, 30.27, -3.322),False,True,False,False
166,35.8535,41.1124,0.0,65,0.285,320.22,(0.971, -1.231, -2.455),(65.967, 28.211, -2.651),False,True,False,False
167,43.4217,41.3783,0.0,82,0.2823,321.14,(0.04, -0.207, -4.282),(71.56, 28.183, -6.198),False,True,False,False
168,39.8038,39.6315,0.0,73,0.2798,321.96,(0.164, -1.047, -2.366),(69.482, 30.924, -2.622),False,True,False,False
169,37.0799,40.4456,0.0,55,0.278,322.64,(-0.159, -0.898, -3.273),(69.978, 30.488, -1.358),False,True,False,False
170,43.7487,42.0175,0.0,84,0.2752,323.58,(-0.514, 0.777, -2.695),(72.294, 29.479, -5.988),False,True,False,False
171,41.6998,42.5517,0.0,81,0.2725,324.46,(-0.592, 0.404, -2.288),(70.786, 33.755, -4.136),False,True,False,False
172,60.868,44.4656,0.0,150,0.2675,326.08,(-1.269, -1.119, -3.365),(68.995, 34.014, -6.578),False,False,False,True
173,55.6472,44.7624,0.0,150,0.2625,327.72,(0.616, -0.928, -4.261),(65.934, 29.254, -7.699),False,False,False,True
174,38.4816,43.9698,0.0,95,0.2593,328.78,(0.674, 1.288, -3.249),(66.801, 27.109, -6.366),False,True,False,False
175,47.1796,44.3784,0.0,73,0.2569,329.6,(0.015, -0.469, -3.45),(73.706, 29.303, -6.722),False,True,False,False
176,43.7807,45.1711,0.0,102,0.2535,330.73,(0.49, -1.656, -3.759),(67.078, 29.999, -6.216),False,True,False,False
177,34.2995,44.2589,0.0,79,0.2509,331.63,(0.492, -1.614, -3.337),(65.753, 30.219, -3.523),False,True,False,False
178,57.1853,45.997,0.0,150,0.2459,333.25,(-1.244, -1.047, -3.97),(70.558, 26.294, -7.736),False,False,False,True
179,116.0246,53.8915,10.0,119,0.2419,334.52,(-0.182, -0.695, -2.469),(72.109, 29.621, -9.202),True,False,False,False
180,28.5845,52.3751,10.0,50,0.2402,335.11,(1.179, -0.837, -1.946),(69.967, 28.79, -2.998),False,True,False,False
# [02:14:06] [greedy-eval @ episode 180] success_rate=0.0% over 5 episodes
181,60.5467,54.2598,10.0,150,0.2352,339.78,(-0.52, -0.732, -2.697),(70.104, 31.24, -6.963),False,False,False,True
182,37.4437,51.9173,10.0,74,0.2328,340.62,(-1.557, 0.408, -2.186),(68.29, 32.545, -3.748),False,True,False,False
183,52.9526,51.6479,10.0,150,0.2278,342.23,(1.225, -1.37, -2.51),(69.865, 31.515, -9.647),False,False,False,True
184,37.135,51.5132,10.0,72,0.2254,343.07,(0.379, 0.691, -3.902),(70.243, 27.064, -3.212),False,True,False,False
185,33.834,50.1787,10.0,63,0.2233,343.81,(0.975, -0.12, -3.261),(72.541, 28.682, -3.718),False,True,False,False
186,36.6663,49.4672,10.0,87,0.2204,344.8,(-1.275, 0.357, -4.12),(71.751, 27.537, -5.43),False,True,False,False
187,55.2778,51.5651,10.0,150,0.2154,346.42,(-1.107, 0.675, -3.318),(68.135, 31.934, -8.854),False,False,False,True
188,38.6709,49.7136,10.0,64,0.2132,347.18,(1.0, -0.571, -3.823),(71.531, 25.525, -4.709),False,True,False,False
189,43.1962,42.4308,0.0,68,0.211,348.0,(0.731, 0.369, -3.366),(68.413, 29.796, -4.828),False,True,False,False
190,59.054,45.4777,0.0,150,0.206,349.61,(0.084, -1.674, -2.26),(68.083, 27.525, -7.482),False,False,False,True
191,42.4207,43.6651,0.0,76,0.2034,350.47,(-0.436, 1.564, -1.962),(71.789, 32.237, -3.013),False,True,False,False
192,58.6184,45.7826,0.0,150,0.2,352.05,(-0.058, 0.691, -2.163),(67.677, 32.466, -8.476),False,False,False,True
193,63.5092,46.8383,0.0,150,0.2,353.67,(-0.86, -1.216, -2.968),(73.855, 27.189, -4.488),False,False,False,True
194,47.3368,47.8584,0.0,79,0.2,354.56,(-0.829, -1.333, -2.617),(73.843, 31.169, -2.814),False,True,False,False
195,45.7341,49.0484,0.0,84,0.2,355.51,(-1.729, 0.889, -3.198),(70.675, 34.262, -3.591),False,True,False,False
196,41.3472,49.5165,0.0,67,0.2,356.25,(-0.58, -0.486, -2.236),(67.763, 27.377, -4.169),False,True,False,False
197,43.3622,48.325,0.0,79,0.2,357.15,(0.508, -0.726, -4.394),(66.725, 29.6, -4.732),False,True,False,False
198,118.1944,56.2773,10.0,107,0.2,358.34,(-1.225, -1.509, -3.116),(70.29, 29.522, -9.314),True,False,False,False
199,37.5437,55.7121,10.0,52,0.2,358.92,(-0.156, -0.586, -2.452),(66.923, 30.651, -1.464),False,True,False,False
200,116.6225,61.4689,20.0,100,0.2,360.04,(-0.532, 1.24, -3.818),(70.05, 28.17, -9.184),True,False,False,False
# [02:39:39] [greedy-eval @ episode 200] success_rate=0.0% over 5 episodes
201,113.7241,68.5993,30.0,126,0.2,365.12,(0.726, 0.179, -3.095),(71.478, 27.442, -8.409),True,False,False,False
202,114.0064,74.1381,40.0,115,0.2,366.39,(-0.777, 1.33, -4.131),(68.457, 30.497, -8.771),True,False,False,False
203,42.7711,72.0642,40.0,69,0.2,367.15,(0.549, -0.263, -2.116),(72.38, 28.947, -3.423),False,True,False,False
204,56.0382,72.9344,40.0,150,0.2,368.78,(1.509, 0.983, -3.846),(69.505, 34.663, -3.841),False,False,False,True
205,58.1031,74.1713,40.0,150,0.2,370.4,(0.402, 1.835, -2.56),(67.516, 31.883, -8.238),False,False,False,True
206,42.0837,74.2449,40.0,64,0.2,371.16,(0.297, -1.048, -3.917),(69.589, 25.346, -5.786),False,True,False,False
207,42.3377,74.1425,40.0,62,0.2,371.89,(1.349, -0.31, -4.227),(68.933, 31.126, -1.0),False,True,False,False
208,112.4027,73.5633,40.0,123,0.2,373.21,(0.636, -0.459, -2.06),(69.168, 25.839, -5.988),True,False,False,False
209,56.0731,75.4163,40.0,150,0.2,374.82,(1.357, 0.126, -2.608),(71.134, 29.173, -3.195),False,False,False,True
210,47.3182,68.4858,30.0,74,0.2,375.66,(-1.464, -0.731, -2.245),(65.62, 29.032, -2.933),False,True,False,False
211,59.7737,63.0908,20.0,150,0.2,377.25,(0.909, -0.361, -1.94),(71.528, 31.455, -7.74),False,False,False,True
212,38.6763,55.5578,10.0,69,0.2,378.0,(-0.37, 0.572, -2.603),(68.203, 27.625, -1.606),False,True,False,False
213,29.446,54.2253,10.0,46,0.2,378.56,(1.133, 0.563, -1.489),(68.056, 33.841, -2.461),False,True,False,False
214,45.9354,53.215,10.0,76,0.2,379.42,(1.073, 1.23, -2.39),(71.327, 32.089, -4.047),False,True,False,False
215,48.001,52.2048,10.0,93,0.2,380.46,(1.316, 1.085, -3.839),(71.864, 34.444, -4.626),False,True,False,False
216,115.9814,59.5945,20.0,89,0.2,381.46,(0.983, -1.57, -3.582),(69.595, 26.393, -7.914),True,False,False,False
217,44.6794,59.8287,20.0,86,0.2,382.4,(0.248, 0.652, -1.924),(65.723, 28.822, -4.361),False,True,False,False
218,45.0107,53.0895,10.0,85,0.2,383.35,(-1.377, 0.042, -2.765),(68.628, 28.116, -3.534),False,True,False,False
219,27.6946,50.2517,10.0,55,0.2,384.02,(0.776, -0.596, -3.657),(71.948, 28.661, -4.638),False,True,False,False
220,116.5554,57.1754,20.0,103,0.2,385.15,(0.96, 1.031, -1.818),(70.795, 32.025, -9.29),True,False,False,False
# [03:04:52] [greedy-eval @ episode 220] success_rate=60.0% over 5 episodes
221,45.3702,55.735,20.0,79,0.2,389.81,(-0.488, -1.272, -1.762),(69.314, 34.115, -2.348),False,True,False,False
222,62.8635,58.1538,20.0,150,0.2,391.43,(-1.31, 0.354, -2.606),(72.417, 32.6, -4.596),False,False,False,True
223,64.7715,61.6863,20.0,150,0.2,393.04,(-1.155, 0.966, -2.795),(72.1, 27.918, -2.357),False,False,False,True
224,45.7111,61.6639,20.0,88,0.2,394.05,(-1.208, 0.055, -3.978),(67.637, 26.993, -6.115),False,True,False,False
225,59.081,62.7719,20.0,150,0.2,395.66,(-0.849, -0.43, -2.556),(70.788, 30.483, -6.368),False,False,False,True
226,116.0408,62.7778,20.0,144,0.2,397.19,(-0.87, 0.067, -1.739),(71.346, 30.299, -2.538),True,False,False,False
227,43.5832,62.6682,20.0,80,0.2,398.09,(0.504, -0.392, -4.783),(66.036, 29.834, -3.828),False,True,False,False
228,44.7027,62.6374,20.0,77,0.2,398.96,(1.23, 0.919, -2.005),(71.618, 29.376, -1.589),False,True,False,False
229,42.7765,64.1456,20.0,71,0.2,399.77,(0.767, 0.172, -2.614),(68.56, 26.505, -2.129),False,True,False,False
230,30.2765,55.5177,10.0,56,0.2,400.43,(-0.934, -0.731, -3.332),(66.856, 28.442, -6.741),False,True,False,False
231,29.532,53.9339,10.0,43,0.2,400.96,(-0.016, 0.669, -4.747),(73.338, 27.911, -7.226),False,True,False,False
232,40.3514,51.6827,10.0,85,0.2,401.92,(-0.245, -1.481, -3.648),(66.967, 28.535, -1.311),False,True,False,False
233,46.9275,49.8983,10.0,79,0.2,402.81,(-0.267, 0.223, -4.849),(68.117, 33.911, -2.726),False,True,False,False
234,66.8722,52.0144,10.0,150,0.2,404.4,(0.007, -0.281, -1.217),(74.497, 30.728, -4.197),False,False,False,True
235,113.4242,57.4487,20.0,84,0.2,405.35,(1.251, -1.253, -3.006),(66.583, 28.387, -7.605),True,False,False,False
236,61.4258,51.9872,10.0,150,0.2,406.97,(0.29, -1.689, -2.566),(70.916, 28.148, -4.468),False,False,False,True
237,111.4718,58.7761,20.0,115,0.2,408.23,(0.44, 1.718, -2.557),(68.291, 27.662, -8.573),True,False,False,False
238,48.6765,59.1735,20.0,113,0.2,409.48,(-0.162, -1.178, -3.763),(68.668, 32.247, -6.417),False,True,False,False
239,61.9824,61.094,20.0,150,0.2,411.06,(-0.103, 0.216, -1.349),(72.992, 32.531, -8.085),False,False,False,True
240,62.1603,64.2824,20.0,150,0.2,412.7,(-0.742, -0.509, -4.133),(70.515, 33.082, -8.52),False,False,False,True
# [03:36:38] [greedy-eval @ episode 240] success_rate=0.0% over 5 episodes
241,57.306,67.0598,20.0,150,0.2,422.3,(1.305, 0.226, -1.977),(71.75, 30.773, -1.0),False,False,False,True
242,60.9893,69.1236,20.0,150,0.2,423.92,(0.918, -1.495, -2.91),(68.473, 30.78, -4.748),False,False,False,True
243,57.73,70.2039,20.0,150,0.2,425.54,(-1.149, -0.858, -3.653),(70.824, 33.403, -8.074),False,False,False,True
244,116.9288,75.2095,30.0,92,0.2,426.58,(1.451, -0.449, -3.892),(71.509, 28.686, -4.824),True,False,False,False
245,55.3451,69.4016,20.0,150,0.2,428.19,(1.324, -0.774, -2.257),(68.058, 32.315, -1.749),False,False,False,True
246,60.0022,69.2592,20.0,150,0.2,429.81,(-0.526, 1.741, -2.583),(70.654, 27.082, -6.444),False,False,False,True
247,114.1281,69.5249,20.0,122,0.2,431.14,(0.093, -1.056, -2.709),(70.484, 27.464, -2.173),True,False,False,False
248,33.6819,68.0254,20.0,52,0.2,431.76,(0.707, -0.528, -2.832),(69.265, 27.677, -1.0),False,True,False,False
249,115.1224,73.3394,30.0,119,0.2,433.05,(0.014, 0.396, -3.461),(70.693, 28.03, -8.794),True,False,False,False
250,118.6002,78.9834,40.0,120,0.2,434.39,(-0.362, 0.618, -3.225),(71.378, 31.233, -1.304),True,False,False,False
251,45.8163,77.8344,40.0,81,0.2,435.31,(-1.015, -0.484, -3.439),(67.517, 29.804, -2.271),False,True,False,False
252,46.7181,76.4073,40.0,83,0.2,436.21,(0.237, 0.833, -1.947),(66.94, 29.844, -3.213),False,True,False,False
253,116.6642,82.3007,50.0,104,0.2,437.37,(-0.682, -1.506, -3.711),(69.527, 26.821, -3.682),True,False,False,False
254,121.2247,82.7303,50.0,94,0.2,438.41,(-0.046, -0.59, -3.989),(72.969, 32.374, -6.68),True,False,False,False
255,59.7869,83.1745,50.0,150,0.2,440.03,(-0.761, 1.672, -2.933),(67.946, 34.02, -6.115),False,False,False,True
256,118.4925,89.0235,60.0,111,0.2,441.25,(-0.461, -1.308, -2.943),(72.347, 28.205, -4.643),True,False,False,False
257,59.1875,83.5295,50.0,150,0.2,442.86,(0.019, -0.296, -3.517),(68.839, 31.172, -4.405),False,False,False,True
258,112.437,91.405,60.0,101,0.2,443.98,(0.547, 1.513, -2.119),(69.285, 25.433, -4.628),True,False,False,False
259,112.4636,91.1391,60.0,95,0.2,445.0,(-0.042, -0.971, -2.105),(65.974, 29.062, -6.712),True,False,False,False
260,117.5884,91.0379,60.0,97,0.2,446.07,(-1.026, -0.98, -2.432),(68.815, 32.332, -6.741),True,False,False,False
# [04:07:04] [greedy-eval @ episode 260] success_rate=80.0% over 5 episodes
261,117.4275,98.199,70.0,122,0.2,452.46,(-1.131, 1.15, -3.533),(71.531, 31.43, -6.205),True,False,False,False
262,111.9933,104.7266,80.0,141,0.2,453.99,(1.943, -0.222, -2.616),(69.847, 31.171, -3.701),True,False,False,False
263,118.263,104.8864,80.0,121,0.2,455.31,(-0.711, 1.073, -3.041),(72.662, 32.377, -3.18),True,False,False,False
264,117.3703,104.501,80.0,110,0.2,456.52,(-1.079, 0.49, -2.739),(71.148, 29.614, -9.558),True,False,False,False
265,119.3266,110.455,90.0,128,0.2,457.91,(-0.291, -0.132, -3.792),(73.358, 33.535, -4.21),True,False,False,False
266,116.3275,110.2385,90.0,111,0.2,459.14,(-0.457, -0.462, -3.209),(69.873, 29.642, -5.662),True,False,False,False
267,46.3396,108.9537,90.0,75,0.2,460.0,(-1.069, 0.994, -3.056),(68.577, 28.881, -1.111),False,True,False,False
268,115.8519,109.2952,90.0,97,0.2,461.08,(1.753, 0.629, -3.335),(71.601, 30.001, -8.16),True,False,False,False
269,114.9918,109.548,90.0,127,0.2,462.46,(-1.419, 0.012, -2.249),(69.734, 28.131, -8.787),True,False,False,False
270,117.1197,109.5011,90.0,99,0.2,463.59,(-0.042, 0.852, -3.662),(72.561, 27.28, -5.837),True,False,False,False
271,58.8025,103.6386,80.0,150,0.2,465.22,(-0.268, 1.518, -4.186),(67.832, 32.71, -5.047),False,False,False,True
272,117.9813,104.2374,80.0,105,0.2,466.35,(0.274, -1.082, -2.017),(73.63, 28.514, -6.119),True,False,False,False
273,116.4373,104.0548,80.0,98,0.2,467.4,(-0.178, 0.489, -2.249),(70.451, 29.722, -8.285),True,False,False,False
274,115.5946,103.8773,80.0,118,0.2,468.7,(-0.226, -1.684, -3.308),(71.351, 26.049, -4.752),True,False,False,False
275,47.1341,96.658,70.0,89,0.2,469.7,(-1.115, 1.602, -3.383),(70.646, 28.329, -4.117),False,True,False,False
276,114.539,96.4792,70.0,118,0.2,470.98,(1.192, 0.93, -1.742),(71.439, 29.96, -6.19),True,False,False,False
277,59.5771,97.8029,70.0,150,0.2,472.57,(0.293, 0.574, -1.31),(70.006, 30.618, -9.285),False,False,False,True
278,59.249,92.1426,60.0,150,0.2,474.19,(-0.593, 0.055, -3.395),(68.365, 34.412, -3.813),False,False,False,True
279,43.6747,85.0109,50.0,88,0.2,475.18,(0.874, -1.527, -3.54),(68.833, 28.632, -1.0),False,True,False,False
280,113.8664,84.6856,50.0,116,0.2,476.42,(-0.028, -1.002, -1.925),(68.092, 30.938, -8.433),True,False,False,False
# [04:36:26] [greedy-eval @ episode 280] success_rate=80.0% over 5 episodes
281,117.4103,90.5464,60.0,116,0.2,481.76,(0.738, -1.308, -2.447),(72.223, 29.596, -2.047),True,False,False,False
282,112.4027,89.9885,60.0,109,0.2,482.95,(0.649, 0.112, -4.703),(66.505, 29.085, -8.416),True,False,False,False
283,117.6993,90.1147,60.0,123,0.2,484.3,(0.191, -1.11, -3.311),(72.899, 28.474, -5.804),True,False,False,False
284,45.3601,83.0913,50.0,77,0.2,485.18,(-0.299, -1.969, -2.915),(66.663, 29.497, -3.317),False,True,False,False
285,45.8518,82.963,50.0,73,0.2,486.01,(-0.046, 0.39, -4.869),(69.023, 25.249, -4.339),False,True,False,False
286,120.0553,83.5147,50.0,89,0.2,487.0,(-0.115, -1.213, -2.197),(71.151, 33.585, -2.766),True,False,False,False
287,41.7618,81.7331,50.0,78,0.2,487.92,(0.567, 0.38, -2.803),(67.041, 28.998, -2.383),False,True,False,False
288,120.3223,87.8405,60.0,96,0.2,488.99,(-0.107, -1.211, -3.158),(71.154, 33.194, -3.59),True,False,False,False
289,122.1178,95.6848,70.0,97,0.2,490.06,(-1.508, -0.423, -1.838),(73.312, 32.397, -7.496),True,False,False,False
290,117.3884,96.037,70.0,101,0.2,491.15,(0.138, 0.023, -1.78),(70.563, 30.42, -7.407),True,False,False,False
291,45.3319,88.8291,60.0,87,0.2,492.13,(0.406, -1.505, -2.888),(65.657, 29.349, -4.845),False,True,False,False
292,40.8172,81.6706,50.0,64,0.2,492.87,(0.815, 0.214, -4.513),(69.75, 25.874, -2.842),False,True,False,False
293,117.3458,81.6352,50.0,86,0.2,493.87,(-0.157, -0.626, -2.799),(68.831, 32.384, -5.576),True,False,False,False
294,62.374,83.3366,50.0,150,0.2,495.48,(1.45, 0.379, -1.687),(70.279, 34.279, -2.632),False,False,False,True
295,119.7063,90.7221,60.0,101,0.2,496.62,(1.153, 0.069, -4.625),(74.644, 29.202, -4.33),True,False,False,False
296,120.7391,90.7905,60.0,108,0.2,497.82,(-0.139, -1.798, -3.445),(73.821, 30.216, -1.889),True,False,False,False
297,47.4202,91.3563,60.0,81,0.2,498.74,(-1.407, 0.856, -3.791),(71.355, 27.827, -3.019),False,True,False,False
298,118.2073,91.1448,60.0,102,0.2,499.86,(-1.082, 0.001, -2.919),(70.803, 30.144, -6.355),True,False,False,False
299,116.1518,90.5482,60.0,121,0.2,501.21,(1.182, 0.688, -4.42),(69.817, 33.422, -2.206),True,False,False,False
300,43.5319,83.1625,50.0,89,0.2,502.21,(1.676, -0.42, -3.863),(71.028, 25.609, -3.036),False,True,False,False
# [05:02:09] [greedy-eval @ episode 300] success_rate=80.0% over 5 episodes
# [05:02:09] Training complete. 300 episodes in 506.2 min. Final avg reward (last 10): 83.16. Final success rate (last 10): 50.0%.
