# run_name: boltzmann_run1_400
# timestamp: 20260809_235745
# ---- config ----
# goal_position: (20, 0, -3)
# start_position: (0, 0, -3)
# max_episode_steps: 150
# dt: 0.5
# speed: 2.0
# state_dim: 20
# action_dim: 27
# lr: 0.0001
# gamma: 0.99
# buffer_capacity: 1000000
# batch_size: 32
# epsilon_start: 1.0
# epsilon_end: 0.2
# epsilon_decay_steps: 24000
# target_update_freq: 250
# use_double: True
# use_dueling: True
# ----------------
episode,reward,avg10,success_rate10,steps,epsilon,elapsed_min,is_success,is_crash,is_out_of_bounds,is_timeout
1,-18.6859,-18.6859,0.0,150,0.996,1.71,False,False,False,True
2,-19.1745,-18.9302,0.0,150,0.991,3.43,False,False,False,True
3,-5.66,-14.5068,0.0,150,0.986,5.15,False,False,False,True
4,1.1771,-10.5858,0.0,150,0.981,6.86,False,False,False,True
5,-0.2946,-8.5276,0.0,150,0.976,8.57,False,False,False,True
6,-3.8252,-7.7439,0.0,150,0.971,10.29,False,False,False,True
7,-2.3389,-6.9717,0.0,119,0.9671,11.66,False,False,True,False
8,0.0845,-6.0897,0.0,150,0.9621,13.38,False,False,False,True
9,-0.5631,-5.4756,0.0,150,0.9571,15.09,False,False,False,True
10,-1.4124,-5.0693,0.0,150,0.9521,16.81,False,False,False,True
11,4.6002,-2.7407,0.0,150,0.9471,18.53,False,False,False,True
12,2.2684,-0.5964,0.0,150,0.9421,20.25,False,False,False,True
13,5.7769,0.5473,0.0,23,0.9413,20.55,False,False,True,False
14,1.3918,0.5688,0.0,150,0.9363,22.26,False,False,False,True
15,-0.2382,0.5744,0.0,150,0.9313,23.98,False,False,False,True
16,1.508,1.1077,0.0,150,0.9263,25.7,False,False,False,True
17,11.2672,2.4683,10.0,88,0.9234,26.72,True,False,False,False
18,12.317,3.6916,20.0,76,0.9208,27.61,True,False,False,False
19,13.3185,5.0797,30.0,61,0.9188,28.34,True,False,False,False
20,2.0671,5.4277,30.0,150,0.9138,30.05,False,False,False,True
21,-1.9306,4.7746,30.0,150,0.9088,31.77,False,False,False,True
22,1.3578,4.6836,30.0,9,0.9085,31.91,False,False,True,False
23,1.9725,4.3031,30.0,150,0.9035,33.63,False,False,False,True
24,8.3004,4.994,40.0,120,0.8995,35.01,True,False,False,False
25,2.243,5.2421,40.0,150,0.8945,36.73,False,False,False,True
26,8.0982,5.9011,50.0,128,0.8902,38.2,True,False,False,False
27,1.2407,4.8985,40.0,150,0.8852,39.91,False,False,False,True
28,8.5129,4.518,40.0,119,0.8813,41.28,True,False,False,False
29,5.3973,3.7259,30.0,150,0.8763,43.0,False,False,False,True
30,1.838,3.703,30.0,150,0.8713,44.72,False,False,False,True
31,5.1917,4.4152,30.0,150,0.8663,46.43,False,False,False,True
32,11.2515,5.4046,40.0,84,0.8635,47.41,True,False,False,False
33,14.6414,6.6715,50.0,48,0.8619,47.99,True,False,False,False
34,6.0918,6.4506,50.0,146,0.857,49.66,True,False,False,False
35,0.6076,6.2871,50.0,150,0.852,51.38,False,False,False,True
36,3.399,5.8172,40.0,150,0.847,53.1,False,False,False,True
37,12.752,6.9683,50.0,70,0.8447,53.92,True,False,False,False
38,11.5838,7.2754,50.0,81,0.842,54.87,True,False,False,False
39,4.3396,7.1697,50.0,150,0.837,56.58,False,False,False,True
40,1.5145,7.1373,50.0,150,0.832,58.3,False,False,False,True
41,2.3922,6.8574,50.0,150,0.827,60.01,False,False,False,True
42,3.2387,6.0561,40.0,150,0.822,61.73,False,False,False,True
43,11.3489,5.7268,40.0,82,0.8192,62.68,True,False,False,False
44,10.0236,6.12,40.0,102,0.8158,63.86,True,False,False,False
45,3.7242,6.4317,40.0,150,0.8108,65.58,False,False,False,True
46,-0.2359,6.0682,40.0,150,0.8058,67.29,False,False,False,True
47,2.3215,5.0251,30.0,150,0.8008,69.01,False,False,False,True
48,12.6029,5.127,30.0,78,0.7982,69.92,True,False,False,False
49,0.5657,4.7496,30.0,17,0.7977,70.16,False,False,True,False
50,-1.3201,4.4662,30.0,11,0.7973,70.32,False,False,True,False
51,3.0163,4.5286,30.0,150,0.7923,72.04,False,False,False,True
52,-3.9195,3.8128,30.0,150,0.7873,73.75,False,False,False,True
53,0.8732,2.7652,20.0,150,0.7823,75.47,False,False,False,True
54,0.7114,1.834,10.0,150,0.7773,77.18,False,False,False,True
55,0.9221,1.5538,10.0,150,0.7723,78.89,False,False,False,True
56,1.4099,1.7183,10.0,150,0.7673,80.61,False,False,False,True
57,14.6599,2.9522,20.0,47,0.7657,81.18,True,False,False,False
58,2.9718,1.9891,10.0,150,0.7607,82.89,False,False,False,True
59,13.1355,3.246,20.0,68,0.7585,83.69,True,False,False,False
60,4.5709,3.8351,20.0,133,0.754,85.22,False,False,True,False
61,-4.0192,3.1316,20.0,17,0.7535,85.45,False,False,True,False
62,10.0069,4.5242,30.0,112,0.7497,86.74,True,False,False,False
63,1.8649,4.6234,30.0,150,0.7447,88.46,False,False,False,True
64,-3.1525,4.237,30.0,150,0.7397,90.17,False,False,False,True
65,2.6592,4.4107,30.0,42,0.7383,90.68,False,False,True,False
66,3.9415,4.6639,30.0,150,0.7333,92.4,False,False,False,True
67,-4.9088,2.707,20.0,150,0.7283,94.11,False,False,False,True
68,2.3809,2.6479,20.0,20,0.7277,94.38,False,False,True,False
69,-8.0203,0.5324,10.0,150,0.7227,96.1,False,False,False,True
70,-2.0613,-0.1309,10.0,150,0.7177,97.81,False,False,False,True
71,0.2274,0.2938,10.0,150,0.7127,99.52,False,False,False,True
72,-3.7612,-1.083,0.0,150,0.7077,101.24,False,False,False,True
73,-3.0691,-1.5764,0.0,150,0.7027,102.95,False,False,False,True
74,-2.9251,-1.5537,0.0,150,0.6977,104.67,False,False,False,True
75,-4.8595,-2.3056,0.0,150,0.6927,106.38,False,False,False,True
76,1.879,-2.5118,0.0,150,0.6877,108.1,False,False,False,True
77,-2.9999,-2.3209,0.0,150,0.6827,109.81,False,False,False,True
78,2.8189,-2.2771,0.0,37,0.6814,110.27,False,False,True,False
79,-0.9246,-1.5675,0.0,150,0.6764,111.98,False,False,False,True
80,-0.9188,-1.4533,0.0,150,0.6714,113.7,False,False,False,True
81,-1.3572,-1.6117,0.0,150,0.6664,115.41,False,False,False,True
82,-4.6939,-1.705,0.0,150,0.6614,117.13,False,False,False,True
83,-0.0009,-1.3982,0.0,150,0.6564,118.84,False,False,False,True
84,3.4146,-0.7642,0.0,150,0.6514,120.56,False,False,False,True
85,1.5116,-0.1271,0.0,150,0.6464,122.27,False,False,False,True
86,-3.3976,-0.6548,0.0,41,0.6451,122.77,False,False,True,False
87,-8.8007,-1.2348,0.0,150,0.6401,124.49,False,False,False,True
88,-8.2155,-2.3383,0.0,150,0.6351,126.2,False,False,False,True
89,-7.2487,-2.9707,0.0,150,0.6301,127.92,False,False,False,True
90,-3.2795,-3.2068,0.0,150,0.6251,129.63,False,False,False,True
91,-4.7164,-3.5427,0.0,150,0.6201,131.35,False,False,False,True
92,-10.5952,-4.1328,0.0,150,0.6151,133.06,False,False,False,True
93,-1.3104,-4.2638,0.0,19,0.6144,133.32,False,False,True,False
94,-10.909,-5.6961,0.0,150,0.6094,135.03,False,False,False,True
95,-7.1626,-6.5636,0.0,150,0.6044,136.75,False,False,False,True
96,2.4604,-5.9778,0.0,17,0.6039,136.98,False,False,True,False
97,-16.1661,-6.7143,0.0,150,0.5989,138.69,False,False,False,True
98,-7.1943,-6.6122,0.0,150,0.5939,140.41,False,False,False,True
99,-6.4764,-6.535,0.0,150,0.5889,142.12,False,False,False,True
100,-9.6979,-7.1768,0.0,150,0.5839,143.84,False,False,False,True
101,-3.899,-7.095,0.0,150,0.5789,145.55,False,False,False,True
102,-16.1177,-7.6473,0.0,150,0.5739,147.27,False,False,False,True
103,-4.05,-7.9213,0.0,18,0.5733,147.51,False,False,True,False
104,0.369,-6.7935,0.0,150,0.5683,149.23,False,False,False,True
105,-8.8277,-6.96,0.0,150,0.5633,150.94,False,False,False,True
106,-3.3332,-7.5393,0.0,150,0.5583,152.66,False,False,False,True
107,-5.8311,-6.5058,0.0,150,0.5533,154.37,False,False,False,True
108,-11.0903,-6.8954,0.0,150,0.5483,156.09,False,False,False,True
109,-8.8653,-7.1343,0.0,150,0.5433,157.8,False,False,False,True
110,0.1119,-6.1533,0.0,150,0.5383,159.52,False,False,False,True
111,-13.117,-7.0751,0.0,150,0.5333,161.23,False,False,False,True
112,-3.6359,-5.827,0.0,150,0.5283,162.94,False,False,False,True
113,-4.2604,-5.848,0.0,150,0.5233,164.66,False,False,False,True
114,-13.9713,-7.282,0.0,150,0.5183,166.38,False,False,False,True
115,-18.2188,-8.2211,0.0,150,0.5133,168.09,False,False,False,True
116,-15.0347,-9.3913,0.0,150,0.5083,169.8,False,False,False,True
117,-8.0639,-9.6146,0.0,150,0.5033,171.52,False,False,False,True
118,-3.6547,-8.871,0.0,150,0.4983,173.23,False,False,False,True
119,-10.0006,-8.9845,0.0,150,0.4933,174.95,False,False,False,True
120,-5.1595,-9.5117,0.0,150,0.4883,176.66,False,False,False,True
121,-9.9103,-9.191,0.0,150,0.4833,178.38,False,False,False,True
122,-2.531,-9.0805,0.0,150,0.4783,180.09,False,False,False,True
123,-3.8774,-9.0422,0.0,150,0.4733,181.81,False,False,False,True
124,-0.8744,-7.7325,0.0,150,0.4683,183.52,False,False,False,True
125,-0.0261,-5.9133,0.0,150,0.4633,185.24,False,False,False,True
126,-4.416,-4.8514,0.0,150,0.4583,186.95,False,False,False,True
127,-0.0027,-4.0453,0.0,150,0.4533,188.67,False,False,False,True
128,-7.6492,-4.4447,0.0,150,0.4483,190.38,False,False,False,True
129,-9.2773,-4.3724,0.0,150,0.4433,192.09,False,False,False,True
130,-0.0314,-3.8596,0.0,44,0.4418,192.63,False,False,True,False
131,-8.5526,-3.7238,0.0,150,0.4368,194.34,False,False,False,True
132,-2.1645,-3.6872,0.0,150,0.4318,196.06,False,False,False,True
133,0.8111,-3.2183,0.0,150,0.4268,197.77,False,False,False,True
134,6.1573,-2.5151,10.0,150,0.4218,199.49,True,False,False,True
135,-5.877,-3.1002,10.0,150,0.4168,201.2,False,False,False,True
136,-4.0436,-3.063,10.0,150,0.4118,202.92,False,False,False,True
137,-4.699,-3.5326,10.0,150,0.4068,204.63,False,False,False,True
138,-5.7648,-3.3442,10.0,150,0.4018,206.35,False,False,False,True
139,1.9026,-2.2262,10.0,150,0.3968,208.06,False,False,False,True
140,-12.3195,-3.455,10.0,150,0.3918,209.78,False,False,False,True
141,-8.3712,-3.4369,10.0,150,0.3868,211.49,False,False,False,True
142,8.6884,-2.3516,20.0,123,0.3827,212.91,True,False,False,False
143,-8.0548,-3.2382,20.0,150,0.3777,214.62,False,False,False,True
144,-8.2864,-4.6825,10.0,150,0.3727,216.34,False,False,False,True
145,-1.4566,-4.2405,10.0,150,0.3677,218.05,False,False,False,True
146,2.668,-3.5693,10.0,150,0.3627,219.77,False,False,False,True
147,5.1175,-2.5877,10.0,75,0.3602,220.65,False,False,True,False
148,10.274,-0.9838,20.0,97,0.357,221.77,True,False,False,False
149,1.0999,-1.0641,20.0,150,0.352,223.49,False,False,False,True
150,-4.5643,-0.2885,20.0,150,0.347,225.2,False,False,False,True
151,3.929,0.9415,20.0,62,0.3449,225.93,False,False,True,False
152,4.0751,0.4801,10.0,49,0.3433,226.53,False,False,True,False
153,-7.8204,0.5036,10.0,150,0.3383,228.24,False,False,False,True
154,-2.5338,1.0788,10.0,150,0.3333,229.95,False,False,False,True
155,-7.3918,0.4853,10.0,150,0.3283,231.67,False,False,False,True
156,1.6494,0.3835,10.0,150,0.3233,233.39,False,False,False,True
157,-12.8271,-1.411,10.0,150,0.3183,235.1,False,False,False,True
158,-9.136,-3.352,0.0,150,0.3133,236.81,False,False,False,True
159,-8.6413,-4.3261,0.0,150,0.3083,238.53,False,False,False,True
160,-1.218,-3.9915,0.0,150,0.3033,240.24,False,False,False,True
161,-6.2827,-5.0127,0.0,150,0.2983,241.96,False,False,False,True
162,-3.0412,-5.7243,0.0,150,0.2933,243.67,False,False,False,True
163,-6.197,-5.562,0.0,150,0.2883,245.39,False,False,False,True
164,-2.7792,-5.5865,0.0,150,0.2833,247.1,False,False,False,True
165,-0.1896,-4.8663,0.0,28,0.2823,247.46,False,False,True,False
166,-1.1062,-5.1418,0.0,150,0.2773,249.17,False,False,False,True
167,-5.3411,-4.3932,0.0,150,0.2723,250.89,False,False,False,True
168,-6.5073,-4.1304,0.0,150,0.2673,252.6,False,False,False,True
169,0.8369,-3.1826,0.0,150,0.2623,254.32,False,False,False,True
170,-2.8283,-3.3436,0.0,150,0.2573,256.03,False,False,False,True
171,-6.1095,-3.3263,0.0,150,0.2523,257.75,False,False,False,True
172,-0.5924,-3.0814,0.0,150,0.2473,259.46,False,False,False,True
173,-1.3743,-2.5991,0.0,150,0.2423,261.17,False,False,False,True
174,-1.9547,-2.5166,0.0,150,0.2373,262.89,False,False,False,True
175,-2.6143,-2.7591,0.0,11,0.237,263.06,False,False,True,False
176,-16.8822,-4.3367,0.0,150,0.232,264.77,False,False,False,True
177,-5.2342,-4.326,0.0,150,0.227,266.49,False,False,False,True
178,-3.7455,-4.0499,0.0,150,0.222,268.2,False,False,False,True
179,-15.769,-5.7105,0.0,150,0.217,269.92,False,False,False,True
180,-7.3864,-6.1663,0.0,150,0.212,271.63,False,False,False,True
181,-9.1232,-6.4676,0.0,150,0.207,273.35,False,False,False,True
182,2.1646,-6.1919,0.0,150,0.202,275.06,False,False,False,True
183,-10.5259,-7.1071,0.0,150,0.2,276.78,False,False,False,True
184,-3.1086,-7.2225,0.0,150,0.2,278.49,False,False,False,True
185,-3.9685,-7.3579,0.0,150,0.2,280.21,False,False,False,True
186,-7.0496,-6.3746,0.0,150,0.2,281.92,False,False,False,True
187,-17.0184,-7.5531,0.0,150,0.2,283.63,False,False,False,True
188,-14.9677,-8.6753,0.0,150,0.2,285.35,False,False,False,True
189,-9.0013,-7.9985,0.0,150,0.2,287.07,False,False,False,True
190,-2.6947,-7.5293,0.0,150,0.2,288.78,False,False,False,True
191,-4.4241,-7.0594,0.0,150,0.2,290.5,False,False,False,True
192,0.2851,-7.2474,0.0,150,0.2,292.21,False,False,False,True
193,-7.273,-6.9221,0.0,150,0.2,293.92,False,False,False,True
194,1.0034,-6.5109,0.0,150,0.2,295.64,False,False,False,True
195,-4.2384,-6.5379,0.0,150,0.2,297.35,False,False,False,True
196,-12.3427,-7.0672,0.0,150,0.2,299.07,False,False,False,True
197,-7.0411,-6.0694,0.0,150,0.2,300.78,False,False,False,True
198,-8.6204,-5.4347,0.0,150,0.2,302.5,False,False,False,True
199,-12.3955,-5.7741,0.0,150,0.2,304.21,False,False,False,True
200,-1.2539,-5.6301,0.0,28,0.2,304.57,False,False,True,False
201,-5.4133,-5.729,0.0,150,0.2,306.28,False,False,False,True
202,-14.1465,-7.1721,0.0,150,0.2,308.0,False,False,False,True
203,-6.8721,-7.132,0.0,43,0.2,308.52,False,False,True,False
204,-7.9425,-8.0266,0.0,150,0.2,310.24,False,False,False,True
205,-4.1351,-8.0163,0.0,150,0.2,311.95,False,False,False,True
206,-4.6201,-7.2441,0.0,150,0.2,313.66,False,False,False,True
207,-7.5175,-7.2917,0.0,150,0.2,315.38,False,False,False,True
208,-7.1713,-7.1468,0.0,150,0.2,317.09,False,False,False,True
209,-1.2316,-6.0304,0.0,23,0.2,317.4,False,False,True,False
210,0.2828,-5.8767,0.0,150,0.2,319.11,False,False,False,True
211,3.2388,-5.0115,0.0,31,0.2,319.5,False,False,True,False
212,-12.9517,-4.892,0.0,150,0.2,321.21,False,False,False,True
213,-6.5677,-4.8616,0.0,31,0.2,321.6,False,False,True,False
214,-4.4574,-4.5131,0.0,150,0.2,323.32,False,False,False,True
215,-7.3827,-4.8379,0.0,150,0.2,325.03,False,False,False,True
216,-8.7336,-5.2492,0.0,150,0.2,326.75,False,False,False,True
217,-4.1143,-4.9089,0.0,150,0.2,328.46,False,False,False,True
218,-6.0505,-4.7968,0.0,150,0.2,330.18,False,False,False,True
219,-2.6936,-4.943,0.0,150,0.2,331.89,False,False,False,True
220,-6.1046,-5.5817,0.0,150,0.2,333.61,False,False,False,True
221,-10.4111,-6.9467,0.0,150,0.2,335.32,False,False,False,True
222,0.9969,-5.5519,0.0,150,0.2,337.04,False,False,False,True
223,-2.3886,-5.1339,0.0,150,0.2,338.75,False,False,False,True
224,-2.1388,-4.9021,0.0,150,0.2,340.47,False,False,False,True
225,-14.1155,-5.5754,0.0,150,0.2,342.18,False,False,False,True
226,-10.5332,-5.7553,0.0,150,0.2,343.89,False,False,False,True
227,-4.9781,-5.8417,0.0,150,0.2,345.61,False,False,False,True
228,-8.5133,-6.088,0.0,150,0.2,347.32,False,False,False,True
229,-3.2906,-6.1477,0.0,150,0.2,349.04,False,False,False,True
230,-10.3088,-6.5681,0.0,150,0.2,350.75,False,False,False,True
231,-20.7993,-7.6069,0.0,150,0.2,352.47,False,False,False,True
232,-2.2801,-7.9346,0.0,150,0.2,354.18,False,False,False,True
233,-17.3285,-9.4286,0.0,150,0.2,355.9,False,False,False,True
234,-4.3604,-9.6508,0.0,150,0.2,357.61,False,False,False,True
235,-3.0439,-8.5436,0.0,14,0.2,357.81,False,False,True,False
236,-5.0456,-7.9949,0.0,150,0.2,359.53,False,False,False,True
237,-4.9825,-7.9953,0.0,150,0.2,361.24,False,False,False,True
238,-4.0232,-7.5463,0.0,150,0.2,362.96,False,False,False,True
239,-13.171,-8.5343,0.0,150,0.2,364.67,False,False,False,True
240,-6.56,-8.1595,0.0,150,0.2,366.39,False,False,False,True
241,-7.799,-6.8594,0.0,150,0.2,368.14,False,False,False,True
242,-0.6933,-6.7008,0.0,150,0.2,369.85,False,False,False,True
243,-3.5056,-5.3185,0.0,150,0.2,371.57,False,False,False,True
244,-8.5887,-5.7413,0.0,150,0.2,373.28,False,False,False,True
245,-6.9071,-6.1276,0.0,150,0.2,374.99,False,False,False,True
246,-3.4691,-5.9699,0.0,150,0.2,376.71,False,False,False,True
247,-10.652,-6.5369,0.0,150,0.2,378.43,False,False,False,True
248,-6.5583,-6.7904,0.0,150,0.2,380.14,False,False,False,True
249,-8.5609,-6.3294,0.0,150,0.2,381.85,False,False,False,True
250,-7.9565,-6.469,0.0,150,0.2,383.57,False,False,False,True
251,-14.7093,-7.1601,0.0,150,0.2,385.28,False,False,False,True
252,-6.2909,-7.7198,0.0,150,0.2,387.0,False,False,False,True
253,-9.1822,-8.2875,0.0,150,0.2,388.71,False,False,False,True
254,-4.2009,-7.8487,0.0,150,0.2,390.43,False,False,False,True
255,-4.1411,-7.5721,0.0,150,0.2,392.14,False,False,False,True
256,-17.7437,-8.9996,0.0,150,0.2,393.86,False,False,False,True
257,-4.6022,-8.3946,0.0,150,0.2,395.57,False,False,False,True
258,-13.736,-9.1124,0.0,150,0.2,397.29,False,False,False,True
259,8.3683,-7.4195,10.0,117,0.2,398.63,True,False,False,False
260,-5.4529,-7.1691,10.0,150,0.2,400.35,False,False,False,True
261,-7.1287,-6.411,10.0,150,0.2,402.06,False,False,False,True
262,-2.6435,-6.0463,10.0,150,0.2,403.78,False,False,False,True
263,-1.5384,-5.2819,10.0,150,0.2,405.49,False,False,False,True
264,-9.3215,-5.794,10.0,150,0.2,407.21,False,False,False,True
265,-6.2092,-6.0008,10.0,150,0.2,408.92,False,False,False,True
266,-1.6497,-4.3914,10.0,150,0.2,410.64,False,False,False,True
267,-7.4451,-4.6757,10.0,150,0.2,412.35,False,False,False,True
268,-7.1228,-4.0144,10.0,150,0.2,414.07,False,False,False,True
269,-14.5167,-6.3029,0.0,150,0.2,415.78,False,False,False,True
270,-3.3514,-6.0927,0.0,150,0.2,417.5,False,False,False,True
271,-2.1577,-5.5956,0.0,150,0.2,419.21,False,False,False,True
272,-18.5068,-7.1819,0.0,150,0.2,420.93,False,False,False,True
273,-8.8527,-7.9134,0.0,150,0.2,422.64,False,False,False,True
274,-5.65,-7.5462,0.0,150,0.2,424.36,False,False,False,True
275,-6.8318,-7.6085,0.0,150,0.2,426.07,False,False,False,True
276,1.7879,-7.2647,0.0,150,0.2,427.79,False,False,False,True
277,-12.9722,-7.8174,0.0,150,0.2,429.5,False,False,False,True
278,-2.8202,-7.3872,0.0,10,0.2,429.66,False,False,True,False
279,-4.6351,-6.399,0.0,150,0.2,431.37,False,False,False,True
280,-7.4134,-6.8052,0.0,150,0.2,433.09,False,False,False,True
281,-10.1019,-7.5996,0.0,150,0.2,434.8,False,False,False,True
282,0.0307,-5.7459,0.0,150,0.2,436.52,False,False,False,True
283,-8.799,-5.7405,0.0,150,0.2,438.23,False,False,False,True
284,-11.4908,-6.3246,0.0,150,0.2,439.94,False,False,False,True
285,-6.2236,-6.2637,0.0,150,0.2,441.66,False,False,False,True
286,-5.6581,-7.0083,0.0,150,0.2,443.38,False,False,False,True
287,-7.1959,-6.4307,0.0,150,0.2,445.09,False,False,False,True
288,-7.3193,-6.8806,0.0,150,0.2,446.8,False,False,False,True
289,2.6255,-6.1546,0.0,104,0.2,448.01,False,False,True,False
290,-6.3376,-6.047,0.0,150,0.2,449.72,False,False,False,True
291,-16.2665,-6.6635,0.0,150,0.2,451.44,False,False,False,True
292,-0.7873,-6.7453,0.0,150,0.2,453.15,False,False,False,True
293,-8.2424,-6.6896,0.0,150,0.2,454.87,False,False,False,True
294,-6.294,-6.1699,0.0,150,0.2,456.58,False,False,False,True
295,-5.8417,-6.1317,0.0,150,0.2,458.3,False,False,False,True
296,-8.1318,-6.3791,0.0,150,0.2,460.01,False,False,False,True
297,-15.397,-7.1992,0.0,150,0.2,461.73,False,False,False,True
298,-8.985,-7.3658,0.0,150,0.2,463.44,False,False,False,True
299,-1.176,-7.7459,0.0,25,0.2,463.76,False,False,True,False
300,-0.5625,-7.1684,0.0,150,0.2,465.48,False,False,False,True
301,-13.8488,-6.9266,0.0,150,0.2,467.2,False,False,False,True
302,-6.3707,-7.485,0.0,150,0.2,468.91,False,False,False,True
303,2.6642,-6.3943,0.0,150,0.2,470.63,False,False,False,True
304,-7.7583,-6.5408,0.0,150,0.2,472.35,False,False,False,True
305,-3.6243,-6.319,0.0,150,0.2,474.06,False,False,False,True
306,-2.6002,-5.7659,0.0,150,0.2,475.78,False,False,False,True
307,5.7401,-3.6522,0.0,32,0.2,476.18,False,False,True,False
308,-1.8792,-2.9416,0.0,150,0.2,477.9,False,False,False,True
309,-11.8368,-4.0077,0.0,150,0.2,479.61,False,False,False,True
310,3.715,-3.5799,0.0,150,0.2,481.33,False,False,False,True
311,0.8568,-2.1094,0.0,25,0.2,481.65,False,False,True,False
312,-3.4562,-1.8179,0.0,150,0.2,483.37,False,False,False,True
313,-0.4315,-2.1275,0.0,150,0.2,485.08,False,False,False,True
314,4.5611,-0.8955,0.0,28,0.2,485.44,False,False,True,False
315,-8.0567,-1.3388,0.0,150,0.2,487.16,False,False,False,True
316,2.2902,-0.8497,0.0,10,0.2,487.31,False,False,True,False
317,-6.8024,-2.104,0.0,150,0.2,489.03,False,False,False,True
318,-7.271,-2.6432,0.0,150,0.2,490.75,False,False,False,True
319,-0.0226,-1.4617,0.0,150,0.2,492.46,False,False,False,True
320,-6.1688,-2.4501,0.0,150,0.2,494.18,False,False,False,True
321,-15.2812,-4.0639,0.0,150,0.2,495.89,False,False,False,True
322,6.0712,-3.1112,0.0,126,0.2,497.34,False,False,True,False
323,1.5391,-2.9141,0.0,150,0.2,499.06,False,False,False,True
324,-6.0839,-3.9786,0.0,64,0.2,499.82,False,False,True,False
325,11.2095,-2.052,10.0,85,0.2,500.81,True,False,False,False
326,-4.9823,-2.7792,10.0,24,0.2,501.12,False,False,True,False
327,-2.1258,-2.3116,10.0,74,0.2,501.99,False,False,True,False
328,-4.5583,-2.0403,10.0,150,0.2,503.71,False,False,False,True
329,2.8681,-1.7512,10.0,150,0.2,505.42,False,False,False,True
330,0.6524,-1.0691,10.0,28,0.2,505.78,False,False,True,False
331,-5.6511,-0.1061,10.0,150,0.2,507.5,False,False,False,True
332,2.0487,-0.5084,10.0,150,0.2,509.21,False,False,False,True
333,3.0707,-0.3552,10.0,150,0.2,510.93,False,False,False,True
334,0.2598,0.2792,10.0,150,0.2,512.65,False,False,False,True
335,-1.0596,-0.9477,0.0,150,0.2,514.36,False,False,False,True
336,-0.8002,-0.5295,0.0,150,0.2,516.08,False,False,False,True
337,-1.6644,-0.4834,0.0,150,0.2,517.79,False,False,False,True
338,-4.9971,-0.5273,0.0,150,0.2,519.51,False,False,False,True
339,0.039,-0.8102,0.0,150,0.2,521.22,False,False,False,True
340,-2.9859,-1.174,0.0,150,0.2,522.94,False,False,False,True
341,-3.2934,-0.9382,0.0,150,0.2,524.65,False,False,False,True
342,-7.4017,-1.8833,0.0,150,0.2,526.37,False,False,False,True
343,-4.5926,-2.6496,0.0,150,0.2,528.08,False,False,False,True
344,2.9641,-2.3792,0.0,17,0.2,528.31,False,False,True,False
345,6.7782,-1.5954,0.0,87,0.2,529.33,False,False,True,False
346,-7.0888,-2.2243,0.0,150,0.2,531.04,False,False,False,True
347,1.7239,-1.8854,0.0,146,0.2,532.71,False,False,True,False
348,-14.4161,-2.8273,0.0,150,0.2,534.43,False,False,False,True
349,-8.7636,-3.7076,0.0,150,0.2,536.14,False,False,False,True
350,3.2126,-3.0878,0.0,150,0.2,537.86,False,False,False,True
351,-0.1849,-2.7769,0.0,150,0.2,539.58,False,False,False,True
352,3.6299,-1.6737,0.0,150,0.2,541.29,False,False,False,True
353,4.7868,-0.7358,0.0,150,0.2,543.01,False,False,False,True
354,-9.3532,-1.9675,0.0,150,0.2,544.72,False,False,False,True
355,3.3132,-2.314,0.0,38,0.2,545.19,False,False,True,False
356,6.6899,-0.9362,10.0,145,0.2,546.85,True,False,False,False
357,-7.7548,-1.884,10.0,150,0.2,548.56,False,False,False,True
358,1.9469,-0.2477,10.0,150,0.2,550.28,False,False,False,True
359,0.4261,0.6712,10.0,150,0.2,552.0,False,False,False,True
360,3.9622,0.7462,10.0,150,0.2,553.71,False,False,False,True
361,1.4422,0.9089,10.0,142,0.2,555.34,False,False,True,False
362,-1.8288,0.363,10.0,11,0.2,555.51,False,False,True,False
363,-5.5917,-0.6748,10.0,150,0.2,557.23,False,False,False,True
364,1.7639,0.4369,10.0,27,0.2,557.57,False,False,True,False
365,-0.7465,0.0309,10.0,150,0.2,559.29,False,False,False,True
366,-5.2494,-1.163,0.0,150,0.2,561.0,False,False,False,True
367,1.4227,-0.2453,0.0,150,0.2,562.72,False,False,False,True
368,6.6097,0.221,0.0,48,0.2,563.3,False,False,True,False
369,-1.6808,0.0103,0.0,150,0.2,565.02,False,False,False,True
370,6.6106,0.2752,10.0,140,0.2,566.62,True,False,False,False
371,4.2956,0.5605,10.0,150,0.2,568.34,False,False,False,True
372,0.4742,0.7908,10.0,150,0.2,570.05,False,False,False,True
373,-1.0481,1.2452,10.0,150,0.2,571.77,False,False,False,True
374,0.495,1.1183,10.0,150,0.2,573.49,False,False,False,True
375,1.7673,1.3697,10.0,150,0.2,575.2,False,False,False,True
376,-6.0542,1.2892,10.0,150,0.2,576.92,False,False,False,True
377,0.6787,1.2148,10.0,150,0.2,578.63,False,False,False,True
378,0.7006,0.6239,10.0,18,0.2,578.88,False,False,True,False
379,1.8531,0.9773,10.0,150,0.2,580.59,False,False,False,True
380,5.9913,0.9153,0.0,108,0.2,581.84,False,False,True,False
381,-2.3605,0.2497,0.0,150,0.2,583.55,False,False,False,True
382,-4.1558,-0.2133,0.0,150,0.2,585.27,False,False,False,True
383,1.6596,0.0575,0.0,150,0.2,586.99,False,False,False,True
384,-1.676,-0.1596,0.0,150,0.2,588.7,False,False,False,True
385,-2.5896,-0.5953,0.0,150,0.2,590.41,False,False,False,True
386,-0.9481,-0.0847,0.0,150,0.2,592.13,False,False,False,True
387,-1.295,-0.2821,0.0,150,0.2,593.84,False,False,False,True
388,-6.609,-1.013,0.0,150,0.2,595.56,False,False,False,True
389,11.526,-0.0457,10.0,78,0.2,596.47,True,False,False,False
390,-3.592,-1.004,10.0,150,0.2,598.19,False,False,False,True
391,-9.4588,-1.7139,10.0,150,0.2,599.91,False,False,False,True
392,-0.0896,-1.3072,10.0,150,0.2,601.62,False,False,False,True
393,2.5001,-1.2232,10.0,150,0.2,603.34,False,False,False,True
394,0.4291,-1.0127,10.0,150,0.2,605.05,False,False,False,True
395,-1.1838,-0.8721,10.0,150,0.2,606.77,False,False,False,True
396,-3.4832,-1.1256,10.0,150,0.2,608.48,False,False,False,True
397,-7.4722,-1.7433,10.0,150,0.2,610.2,False,False,False,True
398,-0.2769,-1.1101,10.0,150,0.2,611.91,False,False,False,True
399,-3.3952,-2.6022,0.0,150,0.2,613.63,False,False,False,True
400,0.4038,-2.2027,0.0,150,0.2,615.34,False,False,False,True
# [10:13:07] Training complete. 400 episodes in 615.3 min. Final avg reward (last 10): -2.20. Final success rate (last 10): 0.0%.
