# run_name: cityenvision_v2_250
# timestamp: 20260829_124801
# ---- config ----
# warm_started_from: E:\DRL_UAV_Autnomous_Navigation\agents\..\results\cityenvision_v1_400_20260829_004949_ep400.pt
# goal_position: (50, 0, -3)
# start_position: (0, 0, -3)
# randomize_positions: True
# start_jitter_radius: 1.0
# goal_jitter_radius: 3.0
# max_episode_steps: 150
# dt: 0.5
# speed: 2.0
# state_dim: 15
# action_dim: 27
# lr: 0.0001
# gamma: 0.99
# buffer_capacity: 1000000
# batch_size: 32
# epsilon_start: 0.2
# epsilon_end: 0.05
# epsilon_decay_steps: 10000
# target_update_freq: 250
# use_double: True
# use_dueling: True
# ----------------
episode,reward,avg10,success_rate10,steps,epsilon,elapsed_min,start_position,goal_position,is_success,is_crash,is_out_of_bounds,is_timeout
1,94.8581,94.8581,100.0,78,0.1993,1.0,(0.376, 0.728, -3.221),(51.004, 0.521, -3.077),True,False,False,False
2,4.7112,49.7846,50.0,7,0.1992,1.14,(0.004, 0.684, -2.38),(48.294, -1.408, -3.509),False,False,True,False
3,36.4129,45.3274,33.33,150,0.1969,2.92,(-0.56, 0.351, -2.971),(50.516, 2.333, -3.03),False,False,False,True
4,94.293,57.5688,50.0,59,0.1961,3.69,(-0.267, 0.702, -3.564),(50.624, -0.852, -3.979),True,False,False,False
5,90.4306,64.1412,60.0,99,0.1946,4.87,(0.389, 0.471, -3.617),(49.889, 0.355, -2.512),True,False,False,False
6,94.9065,69.2687,66.67,63,0.1936,5.66,(0.835, 0.328, -2.754),(52.347, 0.597, -3.388),True,False,False,False
7,95.9055,73.074,71.43,65,0.1927,6.47,(-0.315, 0.335, -3.88),(51.664, -0.763, -2.699),True,False,False,False
8,94.6774,75.7744,75.0,78,0.1915,7.46,(0.463, -0.664, -3.265),(52.729, 0.106, -3.783),True,False,False,False
9,92.2411,77.604,77.78,68,0.1905,8.33,(0.63, -0.308, -3.349),(49.637, 0.991, -5.088),True,False,False,False
10,90.5087,78.8945,80.0,65,0.1895,9.14,(0.382, 0.365, -3.036),(47.642, -1.486, -3.242),True,False,False,False
11,90.8429,78.493,80.0,114,0.1878,10.51,(-0.771, 0.175, -2.811),(49.152, 1.906, -1.883),True,False,False,False
12,93.7755,87.3994,90.0,59,0.1869,11.25,(-0.472, 0.8, -2.705),(47.922, 0.656, -2.538),True,False,False,False
13,92.1428,92.9724,100.0,100,0.1854,12.48,(-0.381, -0.699, -3.414),(50.807, -0.199, -4.763),True,False,False,False
14,95.9489,93.138,100.0,67,0.1844,13.3,(-0.04, 0.132, -3.27),(52.244, -0.351, -1.442),True,False,False,False
15,91.8384,93.2788,100.0,68,0.1834,14.11,(-0.25, -0.056, -2.488),(49.438, -0.794, -4.124),True,False,False,False
16,93.7973,93.1679,100.0,68,0.1823,14.96,(-0.411, -0.494, -3.471),(50.273, -2.902, -2.544),True,False,False,False
17,93.044,92.8817,100.0,73,0.1813,15.87,(0.607, 0.238, -3.357),(50.665, 1.536, -2.083),True,False,False,False
18,95.5505,92.969,100.0,63,0.1803,16.65,(0.273, -0.47, -3.576),(51.293, -0.23, -5.161),True,False,False,False
19,93.2899,93.0739,100.0,64,0.1793,17.48,(-0.548, -0.179, -2.85),(48.082, -0.263, -1.0),True,False,False,False
20,93.4792,93.3709,100.0,70,0.1783,18.34,(0.442, -0.834, -2.922),(50.163, 2.179, -1.367),True,False,False,False
# [13:10:30] [greedy-eval @ episode 20] success_rate=100.0% over 5 episodes
21,93.4285,93.6295,100.0,99,0.1768,23.61,(0.096, 0.593, -2.446),(51.395, 1.98, -1.278),True,False,False,False
22,93.3926,93.5912,100.0,66,0.1758,24.42,(0.247, 0.058, -3.373),(50.155, -0.103, -3.954),True,False,False,False
23,90.8833,93.4653,100.0,60,0.1749,25.17,(0.25, 0.299, -3.606),(47.35, 0.231, -2.308),True,False,False,False
24,92.1307,93.0834,100.0,67,0.1739,25.99,(-0.401, -0.278, -3.259),(48.043, 0.195, -2.562),True,False,False,False
25,94.7248,93.3721,100.0,83,0.1727,27.0,(-0.472, -0.872, -2.931),(51.565, -0.487, -1.829),True,False,False,False
26,92.7503,93.2674,100.0,62,0.1717,27.75,(-0.547, -0.332, -2.651),(49.338, 2.065, -4.825),True,False,False,False
27,93.5879,93.3218,100.0,52,0.171,28.43,(-0.161, 0.561, -3.153),(48.874, -0.097, -5.437),True,False,False,False
28,95.6869,93.3354,100.0,69,0.1699,29.31,(-0.414, 0.715, -3.558),(51.497, -0.015, -2.225),True,False,False,False
29,7.7267,84.7791,90.0,13,0.1697,29.52,(-0.651, 0.186, -2.572),(49.705, -0.758, -1.879),False,False,True,False
30,95.2302,84.9542,90.0,76,0.1686,30.48,(-0.876, 0.165, -3.185),(50.889, -0.583, -3.698),True,False,False,False
31,92.874,84.8987,90.0,65,0.1676,31.29,(-0.529, 0.631, -2.677),(49.141, -0.698, -2.835),True,False,False,False
32,91.1155,84.671,90.0,65,0.1666,32.08,(0.432, 0.19, -2.171),(48.72, -1.109, -4.312),True,False,False,False
33,91.9045,84.7732,90.0,63,0.1657,32.9,(0.801, 0.172, -3.129),(48.697, -0.314, -1.347),True,False,False,False
34,90.4188,84.602,90.0,84,0.1644,33.92,(0.29, -0.266, -3.519),(49.001, -0.644, -4.655),True,False,False,False
35,13.2312,76.4526,80.0,25,0.1641,34.26,(-0.108, -0.815, -2.44),(48.874, -0.017, -1.0),False,False,True,False
36,92.3574,76.4133,80.0,69,0.163,35.08,(0.437, 0.319, -2.398),(49.179, -1.506, -2.228),True,False,False,False
37,8.0178,67.8563,70.0,11,0.1629,35.27,(-0.221, 0.173, -2.667),(51.049, 1.06, -1.606),False,False,True,False
38,95.7097,67.8586,70.0,76,0.1617,36.23,(-0.725, -0.165, -3.304),(51.735, 1.613, -1.939),True,False,False,False
39,92.177,76.3036,80.0,57,0.1609,36.95,(-0.051, -0.021, -3.34),(48.325, 0.66, -2.507),True,False,False,False
40,11.4963,67.9302,70.0,17,0.1606,37.2,(-0.322, 0.104, -2.49),(50.421, -2.042, -1.08),False,False,True,False
# [13:28:33] [greedy-eval @ episode 40] success_rate=100.0% over 5 episodes
41,92.5546,67.8983,70.0,64,0.1597,41.32,(-0.709, -0.381, -2.751),(48.413, 1.47, -4.754),True,False,False,False
42,94.9255,68.2793,70.0,63,0.1587,42.08,(-0.079, -0.443, -2.605),(51.104, 0.317, -5.227),True,False,False,False
43,95.8896,68.6778,70.0,57,0.1578,42.79,(0.141, -0.114, -3.615),(51.393, -1.282, -4.204),True,False,False,False
44,92.7232,68.9082,70.0,62,0.1569,43.56,(-0.479, 0.18, -3.324),(48.828, 0.36, -1.065),True,False,False,False
45,93.5417,76.9393,80.0,53,0.1561,44.28,(-0.486, -0.645, -2.938),(49.091, -0.155, -3.235),True,False,False,False
46,88.2121,76.5247,80.0,99,0.1546,45.48,(-0.213, -0.589, -3.244),(47.88, -0.168, -3.451),True,False,False,False
47,93.9686,85.1198,90.0,64,0.1537,46.25,(0.47, -0.037, -2.657),(50.061, 0.525, -5.663),True,False,False,False
48,93.1147,84.8603,90.0,54,0.1529,46.98,(-0.461, -0.573, -2.954),(47.59, 0.168, -3.885),True,False,False,False
49,94.6959,85.1122,90.0,63,0.1519,47.77,(-0.273, -0.449, -3.063),(50.064, -1.52, -1.852),True,False,False,False
50,93.1691,93.2795,100.0,59,0.151,48.52,(-0.356, 0.54, -3.456),(48.7, -1.209, -2.607),True,False,False,False
51,95.8631,93.6104,100.0,62,0.1501,49.3,(0.723, -0.549, -2.687),(52.841, 0.573, -2.755),True,False,False,False
52,96.8393,93.8017,100.0,64,0.1492,50.06,(-0.298, -0.511, -2.725),(52.517, -0.356, -2.01),True,False,False,False
53,94.9211,93.7049,100.0,63,0.1482,50.84,(-0.538, -0.019, -3.735),(50.942, -0.907, -3.3),True,False,False,False
54,92.3489,93.6675,100.0,62,0.1473,51.62,(0.34, 0.446, -3.035),(49.354, 1.055, -3.571),True,False,False,False
55,94.9998,93.8133,100.0,59,0.1464,52.39,(0.208, 0.576, -2.895),(52.207, 1.388, -3.743),True,False,False,False
56,96.1887,94.6109,100.0,62,0.1455,53.19,(-0.663, 0.346, -3.532),(50.79, -0.707, -1.0),True,False,False,False
57,95.1185,94.7259,100.0,61,0.1445,54.0,(0.449, 0.635, -2.95),(50.945, 0.517, -2.174),True,False,False,False
58,94.8623,94.9007,100.0,63,0.1436,54.8,(0.703, 0.052, -3.556),(51.254, -1.609, -4.393),True,False,False,False
59,42.6489,89.696,90.0,62,0.1427,55.57,(0.047, -0.141, -3.256),(49.827, -0.759, -1.0),False,False,True,False
60,95.3868,89.9177,90.0,59,0.1418,56.28,(-0.102, 0.485, -2.67),(50.644, 1.715, -1.268),True,False,False,False
# [13:47:44] [greedy-eval @ episode 60] success_rate=100.0% over 5 episodes
61,94.8052,89.812,90.0,64,0.1408,60.48,(-0.374, -0.259, -3.545),(50.914, -2.58, -2.991),True,False,False,False
62,93.8367,89.5117,90.0,59,0.1399,61.26,(-0.395, 0.603, -3.055),(48.942, -1.27, -1.033),True,False,False,False
63,94.6432,89.4839,90.0,65,0.139,62.09,(-0.672, -0.119, -3.429),(49.664, 1.836, -1.331),True,False,False,False
64,93.7094,89.62,90.0,82,0.1377,63.08,(0.258, 0.22, -3.384),(50.879, 1.549, -1.276),True,False,False,False
65,97.7861,89.8986,90.0,64,0.1368,63.89,(-0.63, -0.2, -3.289),(52.708, 0.138, -2.682),True,False,False,False
66,95.3369,89.8134,90.0,56,0.1359,64.6,(-0.241, 0.038, -3.387),(49.228, 1.117, -1.0),True,False,False,False
67,95.0162,89.8032,90.0,82,0.1347,65.64,(-0.096, 0.849, -3.215),(50.975, -1.482, -1.33),True,False,False,False
68,94.1983,89.7368,90.0,56,0.1339,66.32,(-0.812, -0.044, -2.431),(50.365, -0.997, -2.332),True,False,False,False
69,95.6445,95.0363,100.0,63,0.1329,67.1,(-0.491, 0.368, -3.777),(50.609, 2.626, -2.169),True,False,False,False
70,93.2602,94.8237,100.0,59,0.132,67.88,(0.454, -0.616, -3.285),(50.26, -1.533, -1.795),True,False,False,False
71,8.3952,86.1827,90.0,23,0.1317,68.26,(0.507, -0.572, -3.417),(50.496, 0.121, -1.0),False,True,False,False
72,94.242,86.2232,90.0,61,0.1308,69.01,(0.064, -0.559, -3.623),(50.222, 1.411, -5.422),True,False,False,False
73,94.7805,86.2369,90.0,76,0.1296,69.94,(-0.211, 0.103, -3.65),(51.272, -0.92, -2.051),True,False,False,False
74,95.7155,86.4375,90.0,59,0.1288,70.65,(-0.24, 0.393, -2.132),(50.976, -2.046, -1.096),True,False,False,False
75,96.6288,86.3218,90.0,54,0.1279,71.35,(-0.879, 0.023, -2.986),(49.802, 1.152, -2.642),True,False,False,False
76,94.4746,86.2356,90.0,59,0.1271,72.13,(-0.497, 0.569, -3.129),(50.163, -0.584, -3.131),True,False,False,False
77,89.2842,85.6624,90.0,110,0.1254,73.4,(-0.362, 0.261, -2.281),(50.131, 1.495, -4.523),True,False,False,False
78,95.73,85.8155,90.0,61,0.1245,74.2,(-0.725, 0.594, -3.307),(50.822, -1.899, -2.315),True,False,False,False
79,95.3155,85.7826,90.0,51,0.1237,74.82,(0.092, 0.216, -2.674),(49.748, 1.614, -3.464),True,False,False,False
80,94.768,85.9334,90.0,58,0.1229,75.58,(0.806, 0.079, -3.508),(51.467, -0.589, -4.306),True,False,False,False
# [14:06:53] [greedy-eval @ episode 80] success_rate=100.0% over 5 episodes
81,94.1001,94.5039,100.0,56,0.122,79.55,(-0.649, -0.551, -2.686),(49.147, -0.328, -5.765),True,False,False,False
82,93.1327,94.393,100.0,54,0.1212,80.27,(0.291, 0.562, -2.921),(49.09, 0.809, -5.2),True,False,False,False
83,93.4019,94.2551,100.0,52,0.1204,80.95,(-0.157, -0.651, -3.264),(48.537, 0.825, -3.125),True,False,False,False
84,95.4222,94.2258,100.0,68,0.1194,81.79,(0.341, -0.01, -3.908),(51.86, -0.69, -1.0),True,False,False,False
85,87.6409,93.327,100.0,126,0.1175,83.26,(0.578, 0.206, -3.696),(50.918, 0.891, -2.385),True,False,False,False
86,88.0371,92.6833,100.0,101,0.116,84.46,(0.111, -0.293, -3.432),(48.262, 0.115, -3.366),True,False,False,False
87,92.5441,93.0092,100.0,93,0.1146,85.57,(-0.46, 0.227, -3.554),(50.554, 0.247, -2.392),True,False,False,False
88,93.9931,92.8356,100.0,62,0.1137,86.38,(-0.773, 0.416, -3.419),(49.763, 0.387, -4.724),True,False,False,False
89,94.4255,92.7466,100.0,64,0.1127,87.17,(0.111, -0.264, -3.05),(50.543, 0.703, -3.707),True,False,False,False
90,94.6188,92.7316,100.0,86,0.1114,88.22,(-0.847, 0.236, -2.922),(51.04, -0.629, -4.318),True,False,False,False
91,92.3756,92.5592,100.0,53,0.1106,88.91,(-0.141, -0.629, -3.307),(47.828, 0.2, -1.0),True,False,False,False
92,18.4496,85.0909,90.0,24,0.1103,89.31,(-0.45, 0.563, -2.905),(48.523, 0.369, -2.146),False,False,True,False
93,95.3165,85.2823,90.0,53,0.1095,89.96,(-0.601, -0.337, -2.374),(49.639, 2.29, -2.769),True,False,False,False
94,90.24,84.7641,90.0,66,0.1085,90.79,(0.501, -0.675, -2.964),(47.473, 0.686, -2.247),True,False,False,False
95,95.6662,85.5667,90.0,62,0.1076,91.58,(0.025, 0.613, -3.058),(51.129, 2.129, -2.527),True,False,False,False
96,97.0217,86.4651,90.0,58,0.1067,92.28,(-0.129, -0.16, -2.836),(52.004, -0.017, -4.844),True,False,False,False
97,92.7028,86.481,90.0,53,0.1059,92.97,(0.444, 0.483, -3.372),(47.754, -1.072, -3.531),True,False,False,False
98,95.132,86.5949,90.0,63,0.1049,93.73,(0.077, -0.455, -2.714),(51.047, -1.552, -5.279),True,False,False,False
99,94.5189,86.6042,90.0,55,0.1041,94.42,(-0.452, -0.201, -3.226),(49.616, -2.058, -4.021),True,False,False,False
100,93.1356,86.4559,90.0,52,0.1033,95.13,(-0.558, -0.553, -3.279),(48.217, -1.621, -4.165),True,False,False,False
# [14:26:24] [greedy-eval @ episode 100] success_rate=100.0% over 5 episodes
101,95.9701,86.8153,90.0,55,0.1025,99.08,(0.293, -0.746, -3.366),(51.516, -1.944, -3.292),True,False,False,False
102,94.6756,94.4379,100.0,64,0.1016,99.87,(-0.135, 0.051, -3.937),(50.836, -0.017, -5.385),True,False,False,False
103,94.492,94.3555,100.0,70,0.1005,100.74,(-0.884, -0.24, -2.961),(50.659, -1.688, -3.033),True,False,False,False
104,-0.08,85.3235,90.0,1,0.1005,161.1,(0.358, -0.674, -2.757),(48.51, 0.116, -3.41),False,False,True,False
105,20.5697,77.8138,80.0,26,0.1001,161.49,(-0.682, 0.532, -2.818),(50.188, 0.599, -1.0),False,False,True,False
106,95.4642,77.6581,80.0,74,0.099,162.39,(-0.456, 0.111, -3.742),(51.707, -1.417, -4.582),True,False,False,False
107,92.8968,77.6775,80.0,53,0.0982,163.09,(-0.259, -0.577, -2.97),(48.03, -1.214, -3.881),True,False,False,False
108,93.9543,77.5597,80.0,53,0.0974,163.77,(0.572, 0.697, -2.878),(50.259, 2.179, -1.657),True,False,False,False
109,93.3207,77.4399,80.0,51,0.0966,164.4,(-0.396, 0.059, -2.23),(48.363, -2.166, -3.05),True,False,False,False
110,94.9809,77.6244,80.0,57,0.0958,165.12,(-0.901, -0.226, -2.871),(50.118, -0.056, -4.849),True,False,False,False
111,97.2598,77.7534,80.0,64,0.0948,165.94,(-0.497, 0.143, -2.793),(51.999, -0.702, -4.992),True,False,False,False
112,94.7971,77.7656,80.0,54,0.094,166.6,(-0.235, -0.54, -2.646),(51.318, -0.409, -2.65),True,False,False,False
113,93.9259,77.7089,80.0,53,0.0932,167.25,(0.055, -0.016, -2.868),(49.395, 0.39, -1.0),True,False,False,False
114,93.4934,87.0663,90.0,57,0.0924,167.96,(0.056, -0.386, -3.671),(49.458, 2.205, -2.464),True,False,False,False
115,92.0211,94.2114,100.0,48,0.0916,168.59,(0.665, -0.087, -3.632),(47.922, 1.501, -1.864),True,False,False,False
116,31.6539,87.8304,90.0,39,0.0911,169.12,(0.784, -0.0, -2.625),(48.836, 2.369, -2.308),False,False,True,False
117,93.7717,87.9179,90.0,59,0.0902,169.86,(0.986, 0.098, -2.922),(50.88, -1.634, -4.331),True,False,False,False
118,93.6586,87.8883,90.0,57,0.0893,170.57,(0.062, 0.317, -2.876),(49.703, 1.424, -4.589),True,False,False,False
119,91.7162,87.7279,90.0,54,0.0885,171.23,(0.289, 0.278, -2.254),(48.475, -0.218, -1.84),True,False,False,False
120,93.3591,87.5657,90.0,50,0.0878,171.86,(-0.091, 0.26, -3.341),(49.124, 1.249, -4.459),True,False,False,False
# [15:43:09] [greedy-eval @ episode 120] success_rate=100.0% over 5 episodes
121,92.791,87.1188,90.0,56,0.0869,175.81,(-0.356, -0.274, -3.227),(48.107, 1.971, -4.071),True,False,False,False
122,94.0561,87.0447,90.0,54,0.0861,176.52,(-0.521, 0.209, -2.855),(49.335, 1.849, -1.955),True,False,False,False
123,95.6728,87.2194,90.0,67,0.0851,177.35,(0.441, -0.716, -2.556),(52.297, -0.731, -3.221),True,False,False,False
124,93.6733,87.2374,90.0,54,0.0843,178.06,(-0.064, 0.895, -3.168),(49.465, -0.283, -2.41),True,False,False,False
125,94.0656,87.4418,90.0,57,0.0834,178.75,(-0.515, 0.14, -2.19),(49.42, 2.18, -1.82),True,False,False,False
126,91.1723,93.3937,100.0,52,0.0827,179.39,(0.292, 0.107, -2.135),(47.416, 0.75, -1.727),True,False,False,False
127,93.3307,93.3496,100.0,52,0.0819,180.1,(-0.725, -0.243, -2.959),(48.017, 0.315, -4.428),True,False,False,False
128,92.3858,93.2223,100.0,51,0.0811,180.79,(-0.034, 0.942, -3.297),(47.595, 0.489, -4.021),True,False,False,False
129,90.2331,93.074,100.0,84,0.0798,181.83,(0.872, 0.213, -3.376),(49.275, -2.867, -3.498),True,False,False,False
130,96.2745,93.3655,100.0,56,0.079,182.54,(0.204, -0.305, -3.841),(52.587, -0.278, -3.881),True,False,False,False
131,91.7588,93.2623,100.0,51,0.0782,183.19,(0.751, -0.507, -2.847),(48.571, 0.874, -2.544),True,False,False,False
132,93.556,93.2123,100.0,60,0.0773,183.96,(-0.199, 0.729, -2.765),(50.13, -2.437, -4.381),True,False,False,False
133,91.1985,92.7649,100.0,55,0.0765,184.68,(0.809, -0.192, -2.963),(48.066, 0.839, -2.607),True,False,False,False
134,92.6842,92.6659,100.0,57,0.0757,185.41,(-0.563, -0.759, -3.135),(47.334, 0.391, -3.037),True,False,False,False
135,94.119,92.6713,100.0,55,0.0748,186.15,(0.783, 0.106, -2.942),(50.99, 1.504, -4.803),True,False,False,False
136,92.5885,92.8129,100.0,52,0.0741,186.81,(-0.353, -0.112, -3.352),(48.084, 1.369, -3.129),True,False,False,False
137,93.8295,92.8628,100.0,53,0.0733,187.46,(-0.599, 0.347, -2.324),(49.051, 0.674, -1.0),True,False,False,False
138,94.7044,93.0946,100.0,58,0.0724,188.19,(-0.875, -0.408, -2.802),(49.469, 1.485, -1.0),True,False,False,False
139,94.4317,93.5145,100.0,52,0.0716,188.82,(0.467, 0.035, -2.437),(50.216, 0.074, -1.0),True,False,False,False
140,92.2884,93.1159,100.0,49,0.0709,189.47,(0.138, -0.706, -3.634),(48.071, -1.319, -2.385),True,False,False,False
# [16:00:50] [greedy-eval @ episode 140] success_rate=100.0% over 5 episodes
141,95.5157,93.4916,100.0,64,0.0699,193.56,(-0.203, 0.658, -2.563),(51.766, 2.107, -2.119),True,False,False,False
142,95.3579,93.6718,100.0,51,0.0692,194.22,(0.202, 0.904, -3.021),(50.155, 0.376, -1.0),True,False,False,False
143,92.7811,93.8301,100.0,54,0.0683,194.96,(-0.425, 0.552, -2.741),(47.768, -1.399, -2.996),True,False,False,False
144,94.4095,94.0026,100.0,62,0.0674,195.72,(0.033, 0.545, -3.827),(51.613, -0.665, -4.4),True,False,False,False
145,94.5841,94.0491,100.0,53,0.0666,196.4,(0.535, -0.138, -3.402),(50.223, -1.523, -3.592),True,False,False,False
146,94.6589,94.2561,100.0,65,0.0656,197.19,(-0.758, 0.354, -2.694),(49.577, 1.388, -4.358),True,False,False,False
147,92.1825,94.0914,100.0,57,0.0648,197.88,(-0.422, -0.15, -2.72),(48.819, -0.898, -5.602),True,False,False,False
148,92.1712,93.8381,100.0,53,0.064,198.56,(-0.932, -0.283, -3.037),(47.213, 0.253, -3.34),True,False,False,False
149,92.2187,93.6168,100.0,56,0.0632,199.26,(0.146, -0.174, -3.356),(48.497, -0.878, -1.597),True,False,False,False
150,93.8377,93.7717,100.0,58,0.0623,200.01,(-0.172, 0.94, -3.165),(50.38, 2.26, -2.386),True,False,False,False
151,95.751,93.7953,100.0,52,0.0615,200.71,(-0.437, -0.584, -2.832),(50.071, -2.208, -3.674),True,False,False,False
152,93.9613,93.6556,100.0,53,0.0607,201.43,(-0.521, 0.595, -3.343),(49.088, -1.971, -4.009),True,False,False,False
153,94.1181,93.7893,100.0,56,0.0599,202.18,(-0.215, -0.767, -3.295),(50.047, -2.458, -2.619),True,False,False,False
154,93.7434,93.7227,100.0,50,0.0591,202.81,(0.421, -0.083, -3.813),(49.979, 1.517, -4.311),True,False,False,False
155,92.1807,93.4823,100.0,48,0.0584,203.44,(0.558, 0.757, -3.053),(48.764, -0.648, -4.809),True,False,False,False
156,95.1428,93.5307,100.0,55,0.0576,204.13,(0.209, 0.291, -2.954),(50.992, -0.098, -4.449),True,False,False,False
157,94.2228,93.7348,100.0,59,0.0567,204.88,(-0.478, -0.116, -2.787),(50.152, 0.907, -4.461),True,False,False,False
158,92.8869,93.8063,100.0,58,0.0558,205.58,(-0.385, -0.103, -2.752),(49.566, -2.132, -1.849),True,False,False,False
159,95.2448,94.1089,100.0,56,0.055,206.33,(-0.786, -0.208, -3.37),(50.511, -2.756, -2.752),True,False,False,False
160,94.552,94.1804,100.0,56,0.0541,207.01,(0.418, 0.218, -2.405),(49.983, -0.028, -1.274),True,False,False,False
# [16:18:17] [greedy-eval @ episode 160] success_rate=100.0% over 5 episodes
161,93.3523,93.9405,100.0,57,0.0533,210.93,(-0.416, -0.289, -2.193),(49.26, -2.218, -2.105),True,False,False,False
162,94.8513,94.0295,100.0,56,0.0524,211.66,(-0.703, 0.154, -3.516),(50.473, 0.694, -1.0),True,False,False,False
163,92.0392,93.8216,100.0,51,0.0517,212.34,(0.534, 0.536, -3.408),(49.082, -0.792, -4.926),True,False,False,False
164,93.508,93.7981,100.0,54,0.0509,213.0,(-0.095, 0.285, -2.454),(49.402, -0.948, -1.534),True,False,False,False
165,92.3508,93.8151,100.0,56,0.05,213.68,(0.292, -0.098, -2.432),(48.023, 0.951, -1.434),True,False,False,False
166,94.4768,93.7485,100.0,54,0.05,214.34,(-0.516, -0.038, -2.502),(50.34, -1.183, -2.496),True,False,False,False
167,94.1214,93.7383,100.0,54,0.05,215.03,(-0.522, 0.152, -3.231),(49.268, 2.392, -2.86),True,False,False,False
168,95.061,93.9558,100.0,54,0.05,215.75,(-0.29, 0.751, -3.454),(50.12, 1.841, -1.948),True,False,False,False
169,95.5114,93.9824,100.0,54,0.05,216.44,(-0.858, 0.304, -2.669),(50.294, 1.554, -2.928),True,False,False,False
170,93.2164,93.8489,100.0,53,0.05,217.14,(0.434, 0.627, -3.594),(49.617, -0.338, -5.269),True,False,False,False
171,93.0479,93.8184,100.0,49,0.05,217.76,(0.174, 0.127, -3.417),(48.852, -1.437, -3.115),True,False,False,False
172,94.1194,93.7452,100.0,57,0.05,218.48,(-0.377, -0.23, -3.661),(49.931, -2.125, -2.159),True,False,False,False
173,95.1889,94.0602,100.0,52,0.05,219.15,(-0.362, 0.898, -2.856),(50.314, 2.855, -2.869),True,False,False,False
174,92.8091,93.9903,100.0,53,0.05,219.8,(-0.346, -0.24, -2.678),(49.218, -1.725, -3.814),True,False,False,False
175,92.2664,93.9819,100.0,63,0.05,220.56,(-0.279, -0.386, -2.537),(49.307, -2.094, -2.342),True,False,False,False
176,93.1177,93.846,100.0,50,0.05,221.18,(0.495, 0.631, -2.487),(48.272, -2.14, -2.923),True,False,False,False
177,95.723,94.0061,100.0,57,0.05,221.91,(-0.887, -0.339, -3.077),(50.582, -0.506, -1.269),True,False,False,False
178,93.9472,93.8947,100.0,54,0.05,222.59,(-0.154, 0.221, -3.88),(49.931, -2.457, -3.974),True,False,False,False
179,92.3915,93.5828,100.0,49,0.05,223.23,(0.56, -0.786, -2.947),(48.305, 0.224, -2.648),True,False,False,False
180,94.7726,93.7384,100.0,52,0.05,223.9,(0.514, -0.834, -2.982),(50.876, 1.095, -4.705),True,False,False,False
# [16:35:02] [greedy-eval @ episode 180] success_rate=100.0% over 5 episodes
181,92.5469,93.6883,100.0,49,0.05,227.66,(0.668, -0.316, -3.016),(48.952, 2.077, -4.002),True,False,False,False
182,95.7403,93.8504,100.0,54,0.05,228.38,(0.315, 0.722, -3.586),(51.377, -1.594, -4.584),True,False,False,False
183,93.924,93.7239,100.0,58,0.05,229.1,(0.287, 0.102, -2.934),(51.022, -1.615, -5.304),True,False,False,False
184,95.0591,93.9489,100.0,51,0.05,229.75,(0.316, -0.005, -3.765),(50.44, 2.164, -2.98),True,False,False,False
185,92.6044,93.9827,100.0,50,0.05,230.36,(-0.01, 0.297, -2.514),(48.396, -1.749, -1.693),True,False,False,False
186,95.8259,94.2535,100.0,59,0.05,231.07,(0.472, 0.206, -2.444),(52.485, 0.669, -2.566),True,False,False,False
187,94.2628,94.1075,100.0,54,0.05,231.73,(-0.201, 0.558, -2.359),(50.187, 0.044, -5.739),True,False,False,False
188,94.0283,94.1156,100.0,56,0.05,232.42,(0.073, -0.166, -2.808),(49.567, 1.355, -2.495),True,False,False,False
189,97.1099,94.5874,100.0,54,0.05,233.08,(-0.647, -0.071, -2.636),(52.653, 1.144, -2.553),True,False,False,False
190,94.0152,94.5117,100.0,55,0.05,233.75,(0.534, -0.16, -2.279),(50.125, 0.86, -4.38),True,False,False,False
191,95.323,94.7893,100.0,52,0.05,234.4,(0.289, -0.186, -3.426),(50.859, -0.397, -5.358),True,False,False,False
192,93.5951,94.5748,100.0,52,0.05,235.07,(-0.826, 0.408, -2.888),(48.933, -1.205, -1.203),True,False,False,False
193,93.3736,94.5197,100.0,56,0.05,235.76,(0.172, 0.669, -2.452),(48.781, 1.088, -4.883),True,False,False,False
194,96.0651,94.6203,100.0,55,0.05,236.42,(0.256, 0.248, -2.378),(52.129, 0.381, -1.0),True,False,False,False
195,92.2587,94.5858,100.0,50,0.05,237.1,(-0.482, -0.334, -2.758),(47.234, 0.923, -2.959),True,False,False,False
196,94.8877,94.492,100.0,51,0.05,237.78,(0.269, -0.863, -3.295),(50.895, 1.074, -2.35),True,False,False,False
197,93.6878,94.4345,100.0,56,0.05,238.51,(0.637, 0.355, -3.659),(50.042, 1.766, -2.837),True,False,False,False
198,94.3048,94.4621,100.0,50,0.05,239.12,(0.128, 0.644, -2.273),(49.893, -0.374, -1.0),True,False,False,False
199,91.6762,93.9187,100.0,59,0.05,239.87,(0.108, -0.568, -3.357),(48.388, -0.122, -1.306),True,False,False,False
200,93.0946,93.8267,100.0,50,0.05,240.52,(0.832, -0.402, -2.983),(49.636, -1.68, -2.381),True,False,False,False
# [16:51:50] [greedy-eval @ episode 200] success_rate=100.0% over 5 episodes
201,91.5282,93.4472,100.0,59,0.05,244.57,(0.683, -0.277, -3.147),(48.435, 0.118, -1.478),True,False,False,False
202,94.4596,93.5336,100.0,53,0.05,245.25,(-0.03, -0.529, -2.996),(49.852, -1.481, -1.631),True,False,False,False
203,96.2716,93.8234,100.0,55,0.05,245.94,(-0.281, 0.121, -3.147),(51.722, -1.811, -2.124),True,False,False,False
204,94.8155,93.6985,100.0,51,0.05,246.57,(-0.195, 0.705, -2.406),(50.324, -1.366, -2.869),True,False,False,False
205,96.3324,94.1058,100.0,52,0.05,247.24,(0.526, -0.042, -2.987),(51.934, 0.968, -4.785),True,False,False,False
206,94.8778,94.1049,100.0,54,0.05,247.97,(0.553, -0.68, -3.412),(51.7, 0.189, -3.133),True,False,False,False
207,94.352,94.1713,100.0,53,0.05,248.62,(0.153, 0.103, -2.022),(49.813, -1.503, -4.481),True,False,False,False
208,94.819,94.2227,100.0,55,0.05,249.32,(-0.882, -0.252, -2.91),(49.559, -2.511, -3.965),True,False,False,False
209,94.0776,94.4628,100.0,53,0.05,250.04,(0.316, 0.779, -3.454),(49.787, -1.491, -1.637),True,False,False,False
210,92.4174,94.3951,100.0,51,0.05,250.71,(0.572, 0.382, -3.475),(48.904, -1.698, -4.367),True,False,False,False
211,92.1767,94.46,100.0,52,0.05,251.39,(-0.534, 0.167, -2.993),(47.381, 0.121, -3.589),True,False,False,False
212,93.7916,94.3932,100.0,56,0.05,252.09,(0.187, 0.221, -3.84),(50.154, 0.764, -5.457),True,False,False,False
213,95.7981,94.3458,100.0,54,0.05,252.81,(-0.199, -0.646, -3.085),(51.023, -0.241, -1.234),True,False,False,False
214,94.9698,94.3612,100.0,53,0.05,253.46,(0.393, -0.257, -2.256),(50.406, -1.627, -2.538),True,False,False,False
215,96.3662,94.3646,100.0,56,0.05,254.14,(0.388, -0.158, -2.306),(52.595, -1.002, -2.271),True,False,False,False
216,93.535,94.2303,100.0,49,0.05,254.76,(-0.189, -0.07, -3.398),(48.013, 1.487, -4.551),True,False,False,False
217,93.0924,94.1044,100.0,63,0.05,255.52,(-0.734, -0.17, -2.515),(48.791, 1.292, -2.212),True,False,False,False
218,95.6944,94.1919,100.0,53,0.05,256.21,(-0.012, 0.528, -2.939),(50.827, -0.558, -2.126),True,False,False,False
219,39.9563,88.7798,90.0,50,0.05,256.82,(0.325, -0.607, -2.461),(49.455, 0.192, -1.0),False,False,True,False
220,95.0578,89.0438,90.0,52,0.05,257.47,(-0.274, -0.226, -2.928),(49.777, -1.261, -2.991),True,False,False,False
# [17:08:51] [greedy-eval @ episode 220] success_rate=100.0% over 5 episodes
221,97.5616,89.5823,90.0,54,0.05,261.49,(0.035, -0.229, -3.717),(52.248, 0.027, -4.063),True,False,False,False
222,94.6206,89.6652,90.0,51,0.05,262.19,(0.183, -0.813, -3.187),(49.63, -0.459, -1.0),True,False,False,False
223,94.2756,89.513,90.0,53,0.05,262.86,(0.449, 0.188, -3.303),(49.45, -1.025, -1.0),True,False,False,False
224,94.0298,89.419,90.0,52,0.05,263.56,(-0.1, 0.592, -2.834),(48.605, 2.4, -2.933),True,False,False,False
225,39.3852,83.7209,80.0,60,0.05,264.32,(0.332, 0.868, -2.965),(48.108, -1.302, -1.559),False,False,True,False
226,96.761,84.0435,80.0,52,0.05,265.01,(0.26, -0.598, -3.007),(51.543, 0.672, -1.0),True,False,False,False
227,96.7562,84.4099,80.0,57,0.05,265.74,(-0.357, 0.729, -2.762),(51.676, -0.162, -1.041),True,False,False,False
228,96.2799,84.4684,80.0,58,0.05,266.44,(-0.392, -0.025, -2.465),(51.402, 0.066, -4.789),True,False,False,False
229,95.2337,89.9962,90.0,51,0.05,267.12,(-0.247, 0.914, -3.316),(50.126, -0.298, -1.236),True,False,False,False
230,93.6537,89.8557,90.0,51,0.05,267.8,(0.819, 0.072, -3.538),(49.738, 1.357, -2.532),True,False,False,False
231,95.0949,89.6091,90.0,53,0.05,268.45,(0.033, -0.313, -2.353),(50.334, 2.63, -3.991),True,False,False,False
232,95.1203,89.659,90.0,56,0.05,269.17,(-0.602, 0.216, -3.465),(50.106, -0.497, -4.114),True,False,False,False
233,93.4713,89.5786,90.0,50,0.05,269.79,(-0.354, 0.487, -2.521),(48.661, -1.81, -1.801),True,False,False,False
234,92.8672,89.4623,90.0,52,0.05,270.43,(0.039, 0.47, -2.356),(48.151, 0.653, -2.002),True,False,False,False
235,95.9904,95.1229,100.0,55,0.05,271.1,(-0.387, 0.695, -2.551),(51.528, -0.108, -3.697),True,False,False,False
236,97.0365,95.1504,100.0,55,0.05,271.84,(-0.56, 0.487, -3.05),(51.313, 0.559, -1.082),True,False,False,False
237,95.7849,95.0533,100.0,54,0.05,272.51,(-0.011, -0.126, -3.538),(51.13, 0.972, -3.25),True,False,False,False
238,94.8121,94.9065,100.0,58,0.05,273.22,(-0.46, -0.086, -2.38),(51.166, -2.033, -4.421),True,False,False,False
239,94.2231,94.8054,100.0,56,0.05,273.9,(0.385, -0.545, -2.602),(49.652, -0.93, -5.821),True,False,False,False
240,96.7715,95.1172,100.0,58,0.05,274.62,(-0.024, -0.181, -3.436),(51.99, 1.538, -4.589),True,False,False,False
# [17:25:50] [greedy-eval @ episode 240] success_rate=100.0% over 5 episodes
241,95.3205,95.1398,100.0,50,0.05,278.41,(-0.008, -0.497, -2.44),(49.182, 0.082, -1.264),True,False,False,False
242,96.9628,95.324,100.0,52,0.05,279.06,(-0.096, -0.149, -3.2),(51.448, 0.443, -1.0),True,False,False,False
243,30.3772,89.0146,90.0,150,0.05,280.84,(-0.842, -0.187, -3.501),(47.964, -0.568, -4.414),False,False,False,True
244,95.106,89.2385,90.0,53,0.05,281.55,(-0.661, 0.254, -3.036),(48.573, 2.312, -3.853),True,False,False,False
245,95.1021,89.1497,90.0,51,0.05,282.18,(-0.41, -0.35, -2.417),(49.436, -0.518, -1.435),True,False,False,False
246,94.5437,88.9004,90.0,52,0.05,282.81,(-0.0, -0.311, -2.361),(49.3, 2.706, -3.074),True,False,False,False
247,94.2565,88.7476,90.0,55,0.05,283.52,(-0.591, 0.57, -2.743),(48.853, -1.423, -1.0),True,False,False,False
248,95.4615,88.8125,90.0,53,0.05,284.22,(0.025, -0.676, -3.153),(49.611, 1.974, -4.507),True,False,False,False
249,96.1877,89.009,90.0,54,0.05,284.93,(0.502, 0.443, -3.295),(51.418, -0.861, -2.941),True,False,False,False
250,97.2283,89.0546,90.0,52,0.05,285.64,(-0.622, -0.445, -2.932),(50.913, -0.689, -4.087),True,False,False,False
# [17:33:41] Training complete. 250 episodes in 285.6 min. Final avg reward (last 10): 89.05. Final success rate (last 10): 90.0%.
