# run_name: city_obstacle_v2_run1_200
# timestamp: 20260908_143848
# ---- config ----
# goal_position: (90, -30, -5)
# start_position: (0, 0, -3)
# randomize_positions: True
# start_jitter_radius: 2.0
# goal_jitter_radius: 5.0
# max_episode_steps: 150
# dt: 0.5
# speed: 2.0
# state_dim: 15
# action_dim: 27
# lr: 0.0001
# gamma: 0.99
# buffer_capacity: 1000000
# batch_size: 32
# epsilon_start: 1.0
# epsilon_end: 0.2
# epsilon_decay_steps: 24000
# target_update_freq: 250
# use_double: True
# use_dueling: True
# ----------------
episode,reward,avg10,success_rate10,steps,epsilon,elapsed_min,start_position,goal_position,is_success,is_crash,is_out_of_bounds,is_timeout
1,-12.1043,-12.1043,0.0,150,0.996,1.82,(0.452, 0.042, -1.774),(88.768, -29.647, -6.753),False,False,False,True
2,0.655,-5.7246,0.0,14,0.9956,2.09,(0.549, -1.42, -3.68),(90.129, -26.247, -4.805),False,False,True,False
3,-14.6588,-8.7027,0.0,150,0.9906,3.89,(0.57, 0.02, -2.709),(93.455, -26.802, -4.499),False,False,False,True
4,-5.8277,-7.9839,0.0,150,0.9856,5.75,(-0.04, -0.915, -3.992),(88.085, -34.235, -6.15),False,False,False,True
5,-18.9499,-10.1771,0.0,150,0.9806,7.58,(-0.886, -0.76, -4.447),(92.945, -28.726, -4.46),False,False,False,True
6,0.9537,-8.322,0.0,10,0.9802,7.79,(-0.578, 1.36, -3.566),(91.63, -30.588, -5.836),False,False,True,False
7,-6.3724,-8.0435,0.0,150,0.9752,9.61,(0.77, -0.932, -1.755),(91.102, -29.362, -8.457),False,False,False,True
8,-7.122,-7.9283,0.0,150,0.9702,11.46,(0.038, -1.086, -3.714),(88.297, -27.909, -3.962),False,False,False,True
9,0.525,-6.989,0.0,8,0.97,11.64,(-0.112, -1.691, -2.256),(86.524, -30.266, -7.998),False,False,True,False
10,1.3953,-6.1506,0.0,150,0.965,13.43,(0.44, 0.877, -1.26),(91.293, -25.873, -4.331),False,False,False,True
11,-17.3058,-6.6708,0.0,150,0.96,15.23,(-0.786, 0.06, -1.258),(86.208, -28.831, -7.675),False,False,False,True
12,-6.8065,-7.4169,0.0,43,0.9585,15.82,(-0.166, 0.222, -3.483),(91.817, -32.37, -1.605),False,False,True,False
13,-7.3715,-6.6882,0.0,150,0.9535,17.66,(-0.553, 1.497, -3.262),(93.13, -27.096, -5.267),False,False,False,True
14,0.1093,-6.0945,0.0,3,0.9534,17.78,(1.001, -0.806, -2.088),(89.842, -29.875, -3.715),False,False,True,False
15,-11.6756,-5.3671,0.0,150,0.9484,19.66,(-0.672, -0.474, -3.746),(90.888, -34.345, -4.335),False,False,False,True
16,-21.8896,-7.6514,0.0,150,0.9434,21.5,(1.198, -1.047, -3.193),(88.919, -30.433, -4.746),False,False,False,True
17,4.0813,-6.606,0.0,6,0.9432,21.66,(1.446, 0.564, -2.539),(88.719, -29.321, -1.0),False,False,True,False
18,-18.3479,-7.7286,0.0,150,0.9382,23.5,(1.663, 0.584, -3.113),(90.494, -32.087, -9.298),False,False,False,True
19,-2.5495,-8.0361,0.0,19,0.9376,23.86,(0.159, -0.783, -3.051),(85.741, -31.191, -2.738),False,False,True,False
20,-4.5308,-8.6287,0.0,9,0.9373,24.05,(-0.868, 1.346, -2.24),(88.042, -29.209, -1.625),False,False,True,False
# [15:03:42] [greedy-eval @ episode 20] success_rate=0.0% over 5 episodes
21,-14.8784,-8.3859,0.0,150,0.9323,26.68,(-0.074, -1.882, -2.449),(85.938, -29.217, -3.785),False,False,False,True
22,-6.1457,-8.3198,0.0,41,0.9309,27.22,(-0.583, -0.993, -1.687),(91.495, -26.835, -8.455),False,False,True,False
23,-12.4949,-8.8322,0.0,150,0.9259,29.06,(-0.343, 1.019, -3.054),(94.464, -28.274, -6.014),False,False,False,True
24,-12.1979,-10.0629,0.0,150,0.9209,30.89,(-1.253, 0.865, -3.206),(87.703, -30.739, -1.476),False,False,False,True
25,1.401,-8.7552,0.0,11,0.9206,31.11,(1.176, -0.815, -3.305),(86.866, -26.606, -3.659),False,False,True,False
26,-3.5181,-6.9181,0.0,150,0.9156,32.93,(0.101, 0.187, -2.043),(92.581, -28.253, -3.783),False,False,False,True
27,-6.1894,-7.9452,0.0,150,0.9106,34.76,(0.019, 0.456, -4.448),(92.293, -29.358, -7.466),False,False,False,True
28,-1.087,-6.2191,0.0,150,0.9056,36.59,(-0.422, 0.021, -1.948),(92.853, -29.8, -2.881),False,False,False,True
29,10.427,-4.9214,0.0,150,0.9006,38.43,(0.407, 1.146, -3.467),(89.053, -26.147, -2.874),False,False,False,True
30,6.3523,-3.8331,0.0,150,0.8956,40.27,(-0.387, 0.087, -3.024),(91.316, -28.549, -5.874),False,False,False,True
31,6.2182,-1.7235,0.0,150,0.8906,42.14,(-0.161, -1.605, -4.141),(88.362, -31.705, -7.487),False,False,False,True
32,0.7743,-1.0315,0.0,5,0.8904,42.3,(-1.792, -0.098, -3.633),(94.508, -31.448, -5.23),False,False,True,False
33,1.6216,0.3802,0.0,150,0.8854,44.13,(1.155, 1.085, -1.861),(86.896, -31.018, -1.934),False,False,False,True
34,-3.2301,1.277,0.0,150,0.8804,45.97,(0.36, -1.556, -2.408),(89.843, -33.143, -4.736),False,False,False,True
35,0.2418,1.1611,0.0,3,0.8803,46.1,(-1.357, -0.398, -2.235),(86.696, -29.4, -2.374),False,False,True,False
36,12.2149,2.7344,0.0,150,0.8753,47.96,(-1.97, 0.025, -2.824),(87.721, -31.973, -2.874),False,False,False,True
37,16.3015,4.9834,0.0,150,0.8703,49.82,(-0.28, -1.92, -2.772),(86.5, -31.748, -4.616),False,False,False,True
38,8.8227,5.9744,0.0,150,0.8653,51.64,(-0.13, 0.236, -2.257),(92.364, -28.27, -4.791),False,False,False,True
39,16.957,6.6274,0.0,150,0.8603,53.5,(-0.393, 1.228, -3.386),(88.677, -29.101, -3.757),False,False,False,True
40,0.1022,6.0024,0.0,9,0.86,53.69,(1.029, -1.266, -2.01),(91.411, -28.905, -5.473),False,False,True,False
# [15:33:39] [greedy-eval @ episode 40] success_rate=0.0% over 5 episodes
41,8.4342,6.224,0.0,150,0.855,56.61,(0.796, 1.533, -2.298),(88.109, -30.682, -2.742),False,False,False,True
42,23.0599,8.4526,0.0,150,0.85,58.48,(1.148, -1.016, -3.961),(92.501, -27.025, -3.088),False,False,False,True
43,6.4905,8.9394,0.0,150,0.845,60.29,(0.706, -0.385, -1.958),(87.418, -32.365, -4.329),False,False,False,True
44,0.2989,9.2923,0.0,150,0.84,62.15,(1.218, -0.036, -3.233),(89.792, -29.833, -3.201),False,True,False,True
45,6.8947,9.9576,0.0,136,0.8355,63.84,(-0.007, -0.142, -4.091),(90.762, -26.218, -4.903),False,True,False,False
46,-0.107,8.7254,0.0,3,0.8354,63.93,(0.383, -0.786, -1.616),(90.964, -27.748, -4.663),False,False,True,False
47,-17.058,5.3895,0.0,150,0.8304,65.73,(0.003, -0.571, -2.465),(92.076, -28.309, -3.564),False,False,False,True
48,2.8258,4.7898,0.0,150,0.8254,67.6,(0.261, -0.982, -3.454),(90.917, -29.123, -1.0),False,False,False,True
49,-2.0721,2.8869,0.0,150,0.8204,69.44,(1.252, -0.099, -3.05),(92.31, -27.568, -7.913),False,False,False,True
50,-3.3074,2.546,0.0,150,0.8154,71.3,(0.506, 0.678, -3.738),(90.065, -28.307, -9.364),False,False,False,True
51,8.8697,2.5895,0.0,150,0.8104,73.19,(1.397, -0.699, -4.156),(89.367, -26.289, -4.977),False,False,False,True
52,-0.3415,0.2494,0.0,150,0.8054,75.06,(0.502, -0.284, -2.94),(92.257, -30.279, -8.619),False,False,False,True
53,10.0272,0.6031,0.0,150,0.8004,76.92,(-0.855, -1.016, -2.848),(93.802, -29.55, -4.511),False,False,False,True
54,-1.0604,0.4671,0.0,3,0.8003,77.04,(-1.131, -0.859, -2.152),(90.887, -30.305, -1.356),False,False,True,False
55,6.3571,0.4134,0.0,86,0.7974,78.16,(0.644, -0.778, -3.363),(87.769, -32.079, -3.329),False,True,True,False
56,11.3085,1.5549,0.0,150,0.7924,79.99,(-0.094, 0.051, -2.66),(88.916, -31.59, -8.389),False,False,False,True
57,24.5276,5.7135,0.0,150,0.7874,81.84,(1.317, 0.974, -2.959),(89.062, -32.93, -8.626),False,False,False,True
58,15.7829,7.0092,0.0,150,0.7824,83.7,(1.102, 0.26, -3.14),(93.237, -32.901, -3.5),False,False,False,True
59,4.527,7.6691,0.0,28,0.7815,84.13,(1.125, -1.121, -3.894),(89.643, -26.787, -6.994),False,False,True,False
60,6.3624,8.6361,0.0,20,0.7808,84.47,(0.64, -1.504, -3.133),(92.027, -28.313, -7.392),False,False,True,False
# [16:05:04] [greedy-eval @ episode 60] success_rate=0.0% over 5 episodes
61,-6.0257,7.1465,0.0,150,0.7758,88.02,(-0.118, -0.373, -2.435),(91.839, -27.318, -4.914),False,False,False,True
62,14.5549,8.6362,0.0,150,0.7708,89.84,(0.032, 0.279, -1.486),(90.614, -32.664, -5.317),False,False,False,True
63,31.7402,10.8075,0.0,150,0.7658,91.71,(-1.092, -1.136, -3.718),(89.032, -31.549, -8.839),False,False,False,True
64,0.0114,10.9146,0.0,3,0.7657,91.83,(0.587, 1.555, -2.103),(91.458, -34.197, -6.823),False,False,True,False
65,10.6675,11.3457,0.0,150,0.7607,93.7,(-1.342, 0.116, -4.358),(86.671, -28.34, -7.398),False,False,False,True
66,30.8834,13.3032,0.0,150,0.7557,95.54,(1.827, -0.478, -2.891),(93.992, -28.53, -6.167),False,False,False,True
67,24.347,13.2851,0.0,150,0.7507,97.4,(1.091, -1.132, -2.967),(89.661, -31.703, -4.881),False,False,False,True
68,28.0223,14.509,0.0,150,0.7457,99.27,(1.881, -0.162, -3.259),(88.626, -31.199, -9.396),False,False,False,True
69,33.1485,17.3712,0.0,150,0.7407,101.15,(-0.206, 0.626, -3.148),(91.413, -30.386, -1.95),False,False,False,True
70,22.4843,18.9834,0.0,150,0.7357,103.01,(-1.268, -0.036, -3.395),(89.882, -26.978, -8.979),False,False,False,True
71,27.9157,22.3775,0.0,150,0.7307,104.81,(0.02, -0.586, -2.095),(92.489, -32.225, -2.729),False,False,False,True
72,15.3903,22.4611,0.0,150,0.7257,106.63,(-0.071, 0.576, -4.204),(89.144, -29.807, -4.729),False,False,False,True
73,22.6798,21.555,0.0,150,0.7207,108.5,(-1.516, 0.126, -4.125),(89.744, -32.142, -5.234),False,False,False,True
74,31.1531,24.6692,0.0,140,0.716,110.25,(0.096, 1.722, -3.592),(91.62, -27.315, -3.677),False,True,False,False
75,32.6753,26.87,0.0,150,0.711,112.11,(0.888, -0.503, -4.087),(93.035, -32.034, -7.181),False,False,False,True
76,26.1042,26.3921,0.0,150,0.706,113.95,(-0.198, -0.152, -4.579),(88.411, -27.105, -8.69),False,False,False,True
77,11.6022,25.1176,0.0,15,0.7055,114.21,(1.158, -0.509, -1.841),(91.984, -27.89, -4.48),False,False,True,False
78,29.2124,25.2366,0.0,150,0.7005,116.05,(-1.909, 0.142, -2.713),(93.344, -32.197, -2.236),False,False,False,True
79,18.8496,23.8067,0.0,150,0.6955,117.85,(0.01, 0.775, -1.887),(92.937, -26.386, -4.114),False,False,False,True
80,36.0974,25.168,0.0,150,0.6905,119.67,(0.688, 0.262, -2.576),(92.514, -26.617, -7.143),False,False,False,True
# [16:42:01] [greedy-eval @ episode 80] success_rate=0.0% over 5 episodes
81,35.4092,25.9174,0.0,150,0.6855,124.94,(0.464, -0.773, -1.864),(91.56, -28.673, -5.744),False,False,False,True
82,44.5149,28.8298,0.0,150,0.6805,126.79,(-0.879, 1.777, -3.069),(89.127, -26.547, -8.421),False,False,False,True
83,48.393,31.4011,0.0,150,0.6755,128.66,(-0.734, -0.666, -4.092),(92.727, -28.362, -3.79),False,False,False,True
84,32.9056,31.5764,0.0,150,0.6705,130.48,(0.112, -0.143, -3.819),(94.482, -29.873, -6.714),False,False,False,True
85,28.0556,31.1144,0.0,150,0.6655,132.32,(0.328, -1.618, -2.877),(88.05, -33.225, -2.777),False,False,False,True
86,38.4191,32.3459,0.0,150,0.6605,134.16,(-1.144, 1.58, -2.574),(88.691, -31.634, -1.0),False,False,False,True
87,26.4689,33.8326,0.0,150,0.6555,135.99,(-0.712, 1.186, -2.487),(88.907, -30.546, -8.225),False,False,False,True
88,50.3067,35.942,0.0,150,0.6505,137.89,(-0.708, 0.499, -3.203),(89.341, -32.121, -4.827),False,False,False,True
89,38.0249,37.8595,0.0,150,0.6455,139.73,(-1.59, -0.75, -2.477),(87.598, -29.412, -1.363),False,False,False,True
90,35.9221,37.842,0.0,150,0.6405,141.57,(-0.839, -0.97, -3.377),(90.38, -27.53, -4.878),False,False,False,True
91,47.7247,39.0736,0.0,150,0.6355,143.4,(0.84, 1.272, -2.588),(88.886, -30.851, -6.811),False,False,False,True
92,24.3496,37.057,0.0,150,0.6305,145.23,(0.121, -1.095, -2.551),(88.618, -26.74, -5.349),False,False,False,True
93,-0.2362,32.1941,0.0,6,0.6303,145.36,(-0.038, -0.631, -1.158),(91.517, -34.103, -5.321),False,False,True,False
94,33.9976,32.3033,0.0,150,0.6253,147.2,(1.375, 0.458, -3.256),(92.153, -28.803, -2.291),False,False,False,True
95,22.7926,31.777,0.0,150,0.6203,149.04,(-0.273, 0.565, -3.542),(92.947, -27.733, -8.234),False,False,False,True
96,42.9717,32.2323,0.0,150,0.6153,150.85,(0.669, 0.882, -1.65),(86.76, -29.702, -1.742),False,False,False,True
97,38.2835,33.4137,0.0,150,0.6103,152.69,(-0.472, 1.319, -2.478),(90.724, -31.475, -6.755),False,False,False,True
98,0.9522,28.4783,0.0,4,0.6102,152.8,(-0.329, 0.212, -1.689),(89.954, -31.723, -2.015),False,False,True,False
99,46.6047,29.3362,0.0,150,0.6052,154.64,(0.558, 0.08, -3.659),(88.906, -34.099, -6.261),False,False,False,True
100,53.2626,31.0703,0.0,139,0.6006,156.36,(0.966, 0.874, -4.448),(93.503, -29.498, -2.078),False,False,True,False
# [17:18:57] [greedy-eval @ episode 100] success_rate=0.0% over 5 episodes
101,54.2883,31.7266,0.0,150,0.5956,161.89,(0.177, -0.216, -4.041),(91.053, -28.522, -2.073),False,False,False,True
102,61.7806,35.4698,0.0,150,0.5906,163.71,(0.308, -0.577, -4.033),(92.901, -27.72, -4.594),False,False,False,True
103,48.2534,40.3187,0.0,150,0.5856,165.53,(0.021, -0.565, -2.083),(90.782, -30.693, -2.394),False,False,False,True
104,49.4734,41.8663,0.0,150,0.5806,167.35,(1.622, -0.015, -2.44),(88.89, -27.945, -5.013),False,False,False,True
105,48.6673,44.4538,0.0,150,0.5756,169.14,(-0.207, -0.654, -1.68),(93.539, -30.122, -6.912),False,False,False,True
106,38.9194,44.0485,0.0,150,0.5706,170.97,(-0.494, 1.462, -2.269),(93.082, -28.73, -7.575),False,False,False,True
107,39.7448,44.1947,0.0,150,0.5656,172.78,(1.039, 0.146, -2.561),(93.406, -31.485, -8.322),False,False,False,True
108,54.6331,49.5627,0.0,150,0.5606,174.61,(0.129, 1.51, -2.768),(90.43, -26.96, -7.376),False,False,False,True
109,53.1256,50.2148,0.0,150,0.5556,176.44,(-0.386, -1.347, -3.721),(90.554, -31.484, -3.668),False,False,False,True
110,49.907,49.8793,0.0,150,0.5506,178.23,(0.477, 0.009, -2.261),(88.81, -29.698, -9.333),False,False,False,True
111,65.0742,50.9579,0.0,150,0.5456,180.07,(-0.773, 1.685, -3.637),(87.472, -29.467, -6.199),False,False,False,True
112,52.5275,50.0326,0.0,150,0.5406,181.91,(-1.105, 0.298, -2.857),(93.046, -30.675, -2.166),False,False,False,True
113,42.6614,49.4734,0.0,150,0.5356,183.74,(0.568, -1.206, -2.396),(91.565, -31.622, -1.95),False,False,False,True
114,59.3427,50.4603,0.0,150,0.5306,185.54,(0.288, 0.871, -1.531),(92.406, -25.925, -6.06),False,False,False,True
115,59.8185,51.5754,0.0,142,0.5258,187.27,(0.866, -1.03, -2.162),(89.032, -34.11, -4.219),False,True,False,False
116,71.8198,54.8654,0.0,144,0.521,189.03,(1.71, -0.336, -2.929),(91.609, -31.785, -2.841),False,False,True,False
117,61.8728,57.0782,0.0,150,0.516,190.87,(1.724, 0.181, -3.902),(88.612, -28.912, -1.819),False,False,False,True
118,62.3194,57.8469,0.0,150,0.511,192.71,(0.1, 1.675, -3.472),(90.988, -27.563, -5.072),False,False,False,True
119,45.7337,57.1077,0.0,150,0.506,194.53,(0.371, -0.097, -4.59),(90.725, -27.511, -8.12),False,False,False,True
120,58.4893,57.9659,0.0,132,0.5016,196.15,(1.888, -0.362, -3.54),(88.683, -29.882, -2.235),False,False,True,False
# [17:59:24] [greedy-eval @ episode 120] success_rate=0.0% over 5 episodes
121,56.5341,57.1119,0.0,150,0.4966,202.36,(0.684, -1.512, -2.904),(87.806, -33.003, -6.899),False,False,False,True
122,64.0898,58.2681,0.0,150,0.4916,204.19,(-0.372, 1.07, -2.286),(92.487, -29.028, -8.419),False,False,False,True
123,56.6359,59.6656,0.0,150,0.4866,206.02,(0.289, 1.781, -2.764),(89.305, -29.54, -5.563),False,False,False,True
124,58.577,59.589,0.0,150,0.4816,207.85,(1.361, 0.82, -2.783),(90.636, -30.911, -1.015),False,False,False,True
125,69.126,60.5198,0.0,149,0.4767,209.71,(-0.898, -0.431, -4.297),(88.267, -28.644, -4.902),False,False,True,False
126,64.4742,59.7852,0.0,145,0.4718,211.51,(-0.316, 1.123, -4.116),(88.54, -30.01, -1.0),False,False,True,False
127,61.9464,59.7926,0.0,150,0.4668,213.37,(-0.634, 0.793, -4.542),(92.894, -27.013, -5.731),False,False,False,True
128,58.2194,59.3826,0.0,140,0.4622,215.09,(0.976, 1.417, -2.014),(93.476, -28.689, -4.112),False,False,True,False
129,65.5678,61.366,0.0,150,0.4572,216.89,(-0.748, -0.334, -1.556),(88.281, -28.691, -2.871),False,False,False,True
130,58.9036,61.4074,0.0,150,0.4522,218.72,(0.981, 0.376, -3.435),(92.856, -26.611, -5.998),False,False,False,True
131,67.5452,62.5085,0.0,132,0.4478,220.33,(-0.918, 0.831, -1.92),(88.016, -30.024, -7.125),False,False,True,False
132,40.0228,60.1018,0.0,150,0.4428,222.16,(0.716, -1.31, -2.429),(90.287, -32.166, -5.859),False,True,False,True
133,44.3309,58.8713,0.0,138,0.4382,223.84,(0.848, -0.743, -2.329),(94.311, -27.827, -5.995),False,True,False,False
134,51.5967,58.1733,0.0,150,0.4332,225.68,(1.104, -1.468, -2.271),(87.135, -28.108, -1.829),False,False,False,True
135,46.7303,55.9337,0.0,134,0.4287,227.32,(-0.094, -1.423, -2.298),(88.572, -32.193, -1.0),False,True,False,False
136,58.4645,55.3327,0.0,150,0.4237,229.15,(-0.486, 1.392, -3.303),(88.333, -26.838, -8.365),False,False,False,True
137,65.429,55.681,0.0,150,0.4187,230.97,(0.626, 1.438, -3.071),(87.395, -30.898, -8.8),False,False,False,True
138,77.6574,57.6248,0.0,150,0.4137,232.81,(-0.445, -1.258, -3.253),(94.104, -28.012, -3.673),False,False,False,True
139,55.5493,56.623,0.0,141,0.409,234.53,(-0.433, -1.387, -1.77),(89.547, -32.549, -7.939),False,True,False,False
140,74.4955,58.1822,0.0,150,0.404,236.4,(-0.502, 0.715, -3.366),(89.88, -27.486, -6.667),False,False,False,True
# [18:41:53] [greedy-eval @ episode 140] success_rate=0.0% over 5 episodes
141,8.8056,52.3082,0.0,11,0.4036,243.24,(1.618, 0.38, -4.075),(85.242, -31.18, -4.561),False,False,True,False
142,77.1901,56.0249,0.0,150,0.3986,245.06,(-0.768, 1.761, -3.359),(90.326, -27.484, -1.743),False,False,False,True
143,59.4665,57.5385,0.0,150,0.3936,246.86,(0.187, -1.033, -2.576),(86.677, -28.213, -7.895),False,False,False,True
144,62.7021,58.649,0.0,150,0.3886,248.67,(0.814, -1.443, -2.737),(92.973, -32.857, -7.564),False,False,False,True
145,75.1547,61.4915,0.0,150,0.3836,250.51,(-0.676, -0.611, -3.875),(92.995, -31.129, -2.975),False,False,False,True
146,71.3357,62.7786,0.0,150,0.3786,252.31,(-0.664, -1.104, -1.799),(91.795, -32.494, -3.535),False,False,False,True
147,68.7134,63.107,0.0,150,0.3736,254.12,(-1.197, 1.045, -2.342),(89.865, -29.824, -5.563),False,False,False,True
148,65.9256,61.9339,0.0,142,0.3689,255.83,(1.183, -0.244, -1.672),(90.611, -31.687, -3.44),False,True,False,False
149,69.8721,63.3661,0.0,150,0.3639,257.64,(0.821, 0.59, -3.178),(92.765, -32.584, -7.742),False,False,False,True
150,76.6099,63.5776,0.0,150,0.3589,259.46,(-0.589, 1.534, -3.79),(92.127, -25.666, -5.277),False,False,False,True
151,65.7649,69.2735,0.0,150,0.3539,261.27,(0.157, 0.61, -3.176),(88.713, -30.439, -6.352),False,False,False,True
152,67.7254,68.327,0.0,150,0.3489,263.07,(1.166, -0.517, -2.282),(90.538, -25.723, -2.638),False,False,False,True
153,74.3677,69.8172,0.0,150,0.3439,264.89,(0.557, 0.874, -3.705),(88.809, -28.01, -8.139),False,False,False,True
154,70.9686,70.6438,0.0,150,0.3389,266.69,(-0.334, -0.686, -4.388),(91.938, -30.424, -3.451),False,False,False,True
155,66.3516,69.7635,0.0,150,0.3339,268.51,(0.061, -0.776, -3.562),(90.473, -26.907, -6.765),False,False,False,True
156,77.9315,70.4231,0.0,128,0.3296,270.06,(-1.726, -0.337, -3.744),(89.899, -28.671, -4.625),False,False,True,False
157,64.0576,69.9575,0.0,150,0.3246,271.85,(-0.816, -1.016, -2.091),(89.636, -26.848, -5.617),False,False,False,True
158,81.1616,71.4811,0.0,130,0.3203,273.4,(0.308, 0.499, -1.728),(91.052, -30.315, -1.0),False,False,True,False
159,69.5403,71.4479,0.0,150,0.3153,275.2,(0.918, 0.527, -2.789),(92.875, -32.075, -7.946),False,False,False,True
160,58.2693,69.6139,0.0,150,0.3103,277.0,(-0.722, -1.14, -2.733),(90.646, -29.399, -6.826),False,False,False,True
# [19:22:04] [greedy-eval @ episode 160] success_rate=0.0% over 5 episodes
161,65.644,69.6018,0.0,150,0.3053,285.0,(-0.245, -1.602, -3.846),(87.401, -26.206, -4.276),False,False,False,True
162,64.3003,69.2592,0.0,129,0.301,286.56,(0.313, -0.212, -3.606),(86.302, -30.759, -3.201),False,False,True,False
163,73.85,69.2075,0.0,150,0.296,288.37,(0.874, -1.379, -2.783),(94.036, -29.98, -4.567),False,False,False,True
164,66.7262,68.7832,0.0,150,0.291,290.17,(0.173, -0.205, -4.757),(89.803, -26.99, -8.481),False,False,False,True
165,75.6226,69.7103,0.0,150,0.286,291.99,(-0.871, 1.191, -3.916),(92.153, -27.509, -2.917),False,False,False,True
166,69.7424,68.8914,0.0,150,0.281,293.82,(-0.002, 1.673, -4.037),(88.577, -32.754, -7.827),False,False,False,True
167,72.4264,69.7283,0.0,150,0.276,295.65,(1.177, 0.082, -2.788),(91.4, -28.332, -3.146),False,False,False,True
168,70.2836,68.6405,0.0,150,0.271,297.48,(0.231, 1.482, -3.795),(90.136, -27.064, -3.192),False,False,False,True
169,66.968,68.3833,0.0,150,0.266,299.3,(1.618, 0.857, -2.474),(90.918, -26.961, -2.618),False,False,False,True
170,73.6614,69.9225,0.0,150,0.261,301.12,(0.541, 1.03, -3.008),(90.83, -33.079, -3.098),False,False,False,True
171,69.196,70.2777,0.0,150,0.256,302.91,(-0.036, 0.301, -1.681),(89.438, -30.149, -7.197),False,False,False,True
172,67.1194,70.5596,0.0,150,0.251,304.75,(-0.385, -0.966, -3.707),(88.332, -29.651, -8.844),False,False,False,True
173,72.2103,70.3956,0.0,150,0.246,306.55,(1.209, 0.355, -2.586),(90.883, -28.441, -2.205),False,False,False,True
174,68.9153,70.6145,0.0,150,0.241,308.36,(1.504, 0.731, -2.908),(88.202, -31.638, -1.0),False,False,False,True
175,68.2275,69.875,0.0,150,0.236,310.18,(1.436, -0.871, -2.804),(93.582, -27.344, -3.58),False,False,False,True
176,72.2388,70.1247,0.0,150,0.231,311.99,(-0.036, -0.996, -2.8),(92.197, -27.204, -5.394),False,False,False,True
177,76.3117,70.5132,0.0,150,0.226,313.77,(0.379, -0.81, -1.508),(92.715, -28.816, -7.902),False,False,False,True
178,78.4353,71.3283,0.0,150,0.221,315.61,(-1.299, 0.064, -4.462),(88.705, -33.176, -1.365),False,False,False,True
179,76.3401,72.2656,0.0,150,0.216,317.43,(0.261, -1.909, -2.472),(91.889, -25.809, -5.69),False,False,False,True
180,65.9809,71.4975,0.0,150,0.211,319.21,(0.065, -0.063, -2.567),(90.776, -33.102, -1.989),False,False,False,True
# [20:06:33] [greedy-eval @ episode 180] success_rate=0.0% over 5 episodes
181,60.2544,70.6034,0.0,150,0.206,329.48,(-0.222, -0.156, -3.141),(87.285, -30.885, -7.85),False,False,False,True
182,64.5874,70.3502,0.0,150,0.201,331.28,(-0.842, 1.126, -2.168),(86.244, -32.21, -6.667),False,False,False,True
183,71.0323,70.2324,0.0,150,0.2,333.07,(0.058, 0.783, -1.635),(89.883, -32.419, -2.412),False,False,False,True
184,77.1696,71.0578,0.0,150,0.2,334.88,(0.692, 0.452, -4.801),(93.963, -32.964, -4.765),False,False,False,True
185,73.0094,71.536,0.0,150,0.2,336.69,(-0.549, 1.417, -2.239),(87.43, -30.557, -7.177),False,False,False,True
186,75.1019,71.8223,0.0,150,0.2,338.5,(1.0, -1.228, -3.04),(88.77, -27.39, -4.762),False,False,False,True
187,71.2707,71.3182,0.0,150,0.2,340.31,(0.518, 0.905, -3.282),(91.769, -29.738, -9.005),False,False,False,True
188,78.9106,71.3657,0.0,150,0.2,342.1,(0.881, 0.069, -1.784),(92.48, -29.364, -5.091),False,False,False,True
189,67.4162,70.4733,0.0,150,0.2,343.91,(0.406, 1.442, -2.715),(87.597, -30.809, -7.558),False,False,False,True
190,70.3824,70.9135,0.0,150,0.2,345.72,(1.114, -0.92, -2.221),(87.643, -28.782, -4.686),False,False,False,True
191,75.5336,72.4414,0.0,150,0.2,347.49,(-0.025, 0.546, -2.077),(89.209, -28.066, -8.729),False,False,False,True
192,71.5782,73.1405,0.0,150,0.2,349.31,(0.841, 1.74, -3.256),(90.056, -30.3, -3.871),False,False,False,True
193,69.4695,72.9842,0.0,150,0.2,351.14,(0.949, -0.323, -4.078),(88.561, -28.44, -5.096),False,False,False,True
194,76.6,72.9272,0.0,150,0.2,352.95,(-1.853, -0.704, -2.769),(92.322, -28.65, -7.193),False,False,False,True
195,75.0079,73.1271,0.0,150,0.2,354.76,(-0.558, 0.334, -3.741),(88.55, -27.848, -1.0),False,False,False,True
196,68.0972,72.4266,0.0,150,0.2,356.54,(-0.027, 0.841, -1.547),(86.375, -29.427, -7.787),False,False,False,True
197,73.318,72.6313,0.0,150,0.2,358.34,(-0.476, 0.489, -4.323),(89.692, -32.322, -4.053),False,False,False,True
198,68.9596,71.6362,0.0,150,0.2,360.15,(-0.687, 0.489, -4.656),(89.38, -31.345, -4.966),False,False,False,True
199,68.5071,71.7453,0.0,150,0.2,361.96,(0.344, 1.55, -3.173),(87.992, -30.531, -1.959),False,False,False,True
200,67.7913,71.4862,0.0,150,0.2,363.75,(-0.464, -0.187, -2.112),(88.958, -34.174, -3.956),False,False,False,True
# [20:51:36] [greedy-eval @ episode 200] success_rate=0.0% over 5 episodes
# [20:51:36] Training complete. 200 episodes in 372.7 min. Final avg reward (last 10): 71.49. Final success rate (last 10): 0.0%.
