# run_name: cityenvision_v1_400
# timestamp: 20260829_004949
# ---- config ----
# goal_position: (50, 0, -3)
# start_position: (0, 0, -3)
# randomize_positions: True
# start_jitter_radius: 1.0
# goal_jitter_radius: 3.0
# max_episode_steps: 150
# dt: 0.5
# speed: 2.0
# state_dim: 15
# action_dim: 27
# lr: 0.0001
# gamma: 0.99
# buffer_capacity: 1000000
# batch_size: 32
# epsilon_start: 1.0
# epsilon_end: 0.2
# epsilon_decay_steps: 24000
# target_update_freq: 250
# use_double: True
# use_dueling: True
# ----------------
episode,reward,avg10,success_rate10,steps,epsilon,elapsed_min,start_position,goal_position,is_success,is_crash,is_out_of_bounds,is_timeout
1,-27.9094,-27.9094,0.0,150,0.996,1.77,(-0.87, 0.385, -2.923),(50.648, -0.729, -4.733),False,False,False,True
2,-16.1993,-22.0544,0.0,150,0.991,3.54,(0.815, 0.14, -2.805),(50.056, 0.245, -5.621),False,False,False,True
3,-12.6289,-18.9125,0.0,150,0.986,5.29,(-0.112, -0.01, -3.613),(51.209, 0.693, -3.399),False,False,False,True
4,-22.7388,-19.8691,0.0,150,0.981,7.04,(0.285, 0.323, -3.42),(50.841, 0.165, -1.0),False,False,False,True
5,1.2982,-15.6356,0.0,4,0.9809,7.2,(-0.366, 0.789, -3.108),(49.506, 1.774, -1.286),False,False,True,False
6,-13.1984,-15.2294,0.0,150,0.9759,8.97,(-0.867, 0.164, -3.107),(50.362, 1.04, -1.0),False,False,False,True
7,-28.2424,-17.0884,0.0,110,0.9722,10.27,(-0.561, 0.106, -3.091),(50.71, 1.15, -1.606),False,False,True,False
8,-26.4543,-18.2592,0.0,150,0.9672,11.97,(-0.018, -0.143, -2.072),(50.945, 0.81, -1.598),False,False,False,True
9,-1.8561,-16.4366,0.0,7,0.967,12.15,(-0.426, -0.464, -3.458),(51.311, 0.61, -2.728),False,False,True,False
10,3.5622,-14.4367,0.0,150,0.962,13.93,(0.777, -0.087, -3.418),(47.146, 0.248, -3.523),False,False,False,True
11,-0.3582,-11.6816,0.0,4,0.9619,14.09,(0.544, -0.22, -2.808),(48.546, 1.783, -3.19),False,False,True,False
12,-23.6791,-12.4296,0.0,150,0.9569,15.83,(-0.464, 0.307, -3.098),(48.952, 0.31, -4.511),False,False,False,True
13,-8.4894,-12.0156,0.0,150,0.9519,17.55,(-0.258, -0.173, -2.084),(51.81, -2.202, -2.638),False,False,False,True
14,-5.4094,-10.2827,0.0,150,0.9469,19.34,(-0.293, 0.818, -3.444),(49.606, -1.255, -5.296),False,False,False,True
15,-2.6878,-10.6813,0.0,150,0.9419,21.08,(0.392, -0.334, -3.19),(50.463, 1.127, -4.776),False,False,False,True
16,-10.6812,-10.4296,0.0,150,0.9369,22.83,(-0.401, 0.478, -3.679),(49.101, 0.047, -1.897),False,False,False,True
17,0.1934,-7.586,0.0,7,0.9366,23.01,(0.307, -0.553, -3.367),(49.283, 0.187, -1.347),False,False,True,False
18,-21.6864,-7.1092,0.0,150,0.9316,24.84,(0.68, -0.465, -3.467),(50.197, 0.517, -1.154),False,False,False,True
19,0.1846,-6.9051,0.0,4,0.9315,24.95,(-0.494, -0.331, -2.234),(48.571, 0.535, -4.382),False,False,True,False
20,-10.4088,-8.3022,0.0,150,0.9265,26.69,(0.069, 0.837, -2.679),(50.026, 2.555, -3.659),False,False,False,True
# [01:17:15] [greedy-eval @ episode 20] success_rate=0.0% over 5 episodes
21,-19.3372,-10.2001,0.0,150,0.9215,29.16,(0.481, -0.458, -3.403),(49.525, 1.35, -1.432),False,False,False,True
22,12.912,-6.541,0.0,150,0.9165,30.91,(0.198, -0.329, -3.792),(49.704, -2.56, -4.09),False,False,False,True
23,-0.6763,-5.7597,0.0,3,0.9164,31.0,(-0.087, -0.184, -2.142),(48.535, 1.164, -1.212),False,False,True,False
24,-28.7682,-8.0956,0.0,150,0.9114,32.77,(-0.147, -0.619, -3.119),(48.634, 0.616, -3.321),False,False,False,True
25,-10.2383,-8.8506,0.0,150,0.9064,34.55,(-0.532, -0.741, -3.385),(51.59, 0.903, -3.078),False,False,False,True
26,-12.1468,-8.9972,0.0,150,0.9014,36.29,(0.476, -0.733, -2.623),(52.076, 1.168, -1.358),False,False,False,True
27,-9.0269,-9.9192,0.0,150,0.8964,38.02,(-0.193, 0.334, -2.834),(50.34, 1.011, -1.0),False,False,False,True
28,-0.9388,-7.8445,0.0,7,0.8962,38.23,(-0.357, 0.67, -3.265),(50.515, 0.96, -3.021),False,False,True,False
29,-7.6456,-8.6275,0.0,150,0.8912,39.97,(-0.325, -0.178, -3.427),(50.423, 0.39, -1.0),False,False,False,True
30,-8.262,-8.4128,0.0,150,0.8862,41.71,(-0.063, -0.352, -2.862),(48.575, -0.628, -1.598),False,False,False,True
31,-6.3252,-7.1116,0.0,150,0.8812,43.49,(-0.621, 0.603, -3.354),(48.519, -1.474, -1.0),False,False,False,True
32,0.6614,-8.3367,0.0,150,0.8762,45.2,(-0.055, -0.569, -2.341),(51.012, 1.48, -4.29),False,False,False,True
33,-1.854,-8.4544,0.0,11,0.8758,45.45,(0.784, 0.124, -2.961),(51.362, -1.036, -2.674),False,False,True,False
34,-15.2942,-7.107,0.0,150,0.8708,47.18,(-0.039, 0.487, -3.682),(50.64, 1.362, -4.015),False,False,False,True
35,11.6531,-4.9179,0.0,150,0.8658,48.95,(0.414, 0.642, -3.627),(50.645, -1.149, -3.19),False,False,False,True
36,8.6179,-2.8414,0.0,150,0.8608,50.67,(0.095, -0.324, -2.545),(49.401, 2.886, -2.654),False,False,False,True
37,0.9558,-1.8432,0.0,6,0.8606,50.79,(-0.048, -0.436, -2.203),(51.032, -1.547, -1.0),False,False,True,False
38,4.053,-1.344,0.0,23,0.8598,51.17,(-0.022, 0.679, -3.074),(47.964, -0.767, -3.162),False,False,True,False
39,-8.7982,-1.4593,0.0,150,0.8548,52.91,(0.112, -0.288, -3.648),(48.992, 1.645, -2.463),False,False,False,True
40,3.207,-0.3124,0.0,6,0.8546,53.07,(-0.592, 0.701, -2.799),(52.038, -0.378, -5.123),False,False,True,False
# [01:43:37] [greedy-eval @ episode 40] success_rate=0.0% over 5 episodes
41,-2.7058,0.0496,0.0,150,0.8496,55.56,(-0.647, 0.143, -2.698),(49.545, 1.293, -3.303),False,False,False,True
42,14.4572,1.4292,0.0,150,0.8446,57.33,(0.556, 0.343, -3.616),(52.091, -1.906, -3.077),False,False,False,True
43,9.4957,2.5641,0.0,150,0.8396,59.04,(-0.007, 0.057, -2.855),(51.087, -0.373, -1.0),False,False,False,True
44,3.1797,4.4115,0.0,150,0.8346,60.77,(0.217, 0.603, -2.58),(49.618, 0.103, -3.653),False,False,False,True
45,6.436,3.8898,0.0,150,0.8296,62.53,(-0.563, 0.244, -3.382),(50.27, -2.566, -2.607),False,False,False,True
46,2.8291,3.3109,0.0,23,0.8289,62.88,(0.399, 0.758, -2.779),(47.918, 1.37, -1.572),False,False,True,False
47,2.4959,3.465,0.0,150,0.8239,64.62,(0.329, -0.425, -3.444),(48.829, 2.325, -4.076),False,False,False,True
48,10.6967,4.1293,0.0,150,0.8189,66.4,(-0.095, 0.738, -3.128),(50.376, -1.819, -1.263),False,False,False,True
49,8.1702,5.8262,0.0,150,0.8139,68.15,(0.403, -0.011, -3.068),(50.436, -2.086, -1.241),False,False,False,True
50,1.4981,5.6553,0.0,9,0.8136,68.35,(0.45, -0.424, -3.359),(49.363, -0.159, -4.408),False,False,True,False
51,-0.514,5.8745,0.0,4,0.8134,68.45,(0.491, 0.338, -2.501),(50.989, -0.617, -1.034),False,False,True,False
52,-0.2135,4.4074,0.0,2,0.8134,68.54,(0.36, -0.646, -2.556),(49.977, -1.158, -3.472),False,False,True,False
53,-0.9033,3.3675,0.0,15,0.8129,68.78,(-0.205, -0.358, -3.375),(49.955, -0.882, -5.038),False,False,True,False
54,3.0628,3.3558,0.0,150,0.8079,70.58,(-0.706, -0.491, -3.215),(52.402, 0.943, -3.947),False,False,False,True
55,1.6178,2.874,0.0,7,0.8076,70.74,(0.27, -0.437, -3.715),(49.838, 0.007, -1.0),False,False,True,False
56,5.8809,3.1792,0.0,150,0.8026,72.47,(0.219, -0.198, -3.401),(49.824, 1.108, -5.772),False,False,False,True
57,-7.4163,2.1879,0.0,150,0.7976,74.21,(0.261, 0.39, -3.012),(48.808, 0.555, -3.73),False,False,False,True
58,12.6341,2.3817,0.0,55,0.7958,74.94,(0.677, 0.396, -3.393),(51.742, 0.447, -3.184),False,False,True,False
59,9.8262,2.5473,0.0,150,0.7908,76.68,(-0.393, -0.81, -2.639),(52.594, -0.035, -3.531),False,False,False,True
60,11.598,3.5573,0.0,150,0.7858,78.41,(-0.113, -0.307, -2.212),(50.948, 1.133, -4.002),False,False,False,True
# [02:09:07] [greedy-eval @ episode 60] success_rate=0.0% over 5 episodes
61,6.2668,4.2354,0.0,150,0.7808,81.01,(-0.009, -0.206, -3.383),(51.775, 0.466, -4.574),False,False,False,True
62,-2.7279,3.9839,0.0,150,0.7758,82.79,(0.68, -0.571, -3.357),(50.535, -0.84, -4.953),False,False,False,True
63,11.2054,5.1948,0.0,150,0.7708,84.57,(-0.396, -0.399, -2.932),(49.498, -0.218, -3.005),False,False,False,True
64,24.9794,7.3864,0.0,150,0.7658,86.29,(-0.097, 0.793, -2.471),(50.809, -1.002, -5.269),False,False,False,True
65,0.2547,7.2501,0.0,150,0.7608,88.05,(0.364, 0.485, -2.892),(51.8, 0.019, -4.279),False,False,False,True
66,20.2291,8.6849,0.0,150,0.7558,89.84,(-0.458, -0.787, -3.224),(49.802, 1.538, -3.726),False,False,False,True
67,28.1709,12.2437,0.0,150,0.7508,91.6,(-0.955, -0.029, -3.269),(50.716, 2.674, -2.262),False,False,False,True
68,13.548,12.335,0.0,150,0.7458,93.38,(-0.871, 0.065, -3.229),(50.034, 2.247, -2.086),False,False,False,True
69,19.8722,13.3396,0.0,150,0.7408,95.12,(-0.353, 0.391, -3.386),(48.891, -0.948, -4.494),False,False,False,True
70,4.7605,12.6559,0.0,150,0.7358,96.83,(-0.201, 0.462, -2.323),(48.426, 1.14, -3.183),False,False,False,True
71,9.2911,12.9583,0.0,150,0.7308,98.63,(-0.807, -0.026, -3.033),(47.307, -0.305, -3.098),False,False,False,True
72,1.8947,13.4206,0.0,150,0.7258,100.35,(-0.664, -0.489, -2.504),(50.222, -1.552, -2.235),False,False,False,True
73,19.4595,14.246,0.0,150,0.7208,102.05,(0.052, 0.197, -2.375),(51.678, -1.361, -3.892),False,False,False,True
74,29.0069,14.6488,0.0,150,0.7158,103.76,(0.372, -0.341, -2.411),(49.654, -2.336, -1.198),False,False,False,True
75,12.1003,15.8333,0.0,150,0.7108,105.47,(-0.614, -0.213, -2.281),(48.957, -0.301, -5.39),False,False,False,True
76,8.2776,14.6382,0.0,150,0.7058,107.22,(-0.89, -0.222, -3.07),(52.735, 0.301, -2.031),False,False,False,True
77,19.1175,13.7328,0.0,150,0.7008,108.99,(0.278, 0.719, -3.389),(52.284, 0.629, -2.405),False,False,False,True
78,10.3174,13.4098,0.0,150,0.6958,110.75,(0.715, 0.573, -2.96),(49.759, -0.013, -5.232),False,False,False,True
79,19.03,13.3256,0.0,150,0.6908,112.45,(-0.092, 0.219, -2.199),(49.924, 2.184, -3.39),False,False,False,True
80,28.355,15.685,0.0,150,0.6858,114.17,(-0.422, 0.127, -2.72),(50.645, 0.639, -4.312),False,False,False,True
# [02:47:05] [greedy-eval @ episode 80] success_rate=0.0% over 5 episodes
81,25.9276,17.3487,0.0,150,0.6808,119.01,(-0.606, -0.169, -2.906),(50.378, -0.043, -1.0),False,False,False,True
82,25.7446,19.7336,0.0,150,0.6758,120.73,(-0.297, -0.274, -3.142),(48.709, 1.81, -4.136),False,False,False,True
83,20.7238,19.8601,0.0,150,0.6708,122.5,(0.561, 0.359, -3.039),(50.904, 1.899, -3.67),False,False,False,True
84,25.6163,19.521,0.0,150,0.6658,124.3,(0.103, -0.81, -3.008),(48.705, 0.29, -3.6),False,False,False,True
85,22.0627,20.5172,0.0,150,0.6608,126.01,(0.24, -0.581, -2.698),(48.215, -0.291, -1.0),False,False,False,True
86,26.4996,22.3394,0.0,150,0.6558,127.74,(-0.259, -0.533, -3.731),(49.836, -1.931, -3.763),False,False,False,True
87,29.4031,23.368,0.0,150,0.6508,129.52,(-0.572, -0.544, -3.334),(50.425, 0.378, -2.955),False,False,False,True
88,22.1648,24.5527,0.0,150,0.6458,131.27,(0.797, -0.429, -2.737),(50.294, -0.016, -5.945),False,False,False,True
89,22.6728,24.917,0.0,150,0.6408,132.99,(-0.592, 0.288, -2.32),(47.106, 0.041, -2.468),False,False,False,True
90,28.1107,24.8926,0.0,134,0.6363,134.59,(0.66, 0.302, -3.208),(50.398, 0.063, -1.987),False,False,True,False
91,30.2694,25.3268,0.0,150,0.6313,136.3,(0.283, -0.123, -2.303),(50.158, 1.49, -1.851),False,False,False,True
92,27.2015,25.4725,0.0,150,0.6263,138.05,(-0.176, 0.816, -2.958),(51.11, 0.663, -3.672),False,False,False,True
93,33.2425,26.7243,0.0,150,0.6213,139.76,(0.527, -0.507, -2.362),(50.501, 1.278, -5.421),False,False,False,True
94,23.9988,26.5626,0.0,150,0.6163,141.46,(0.747, 0.074, -2.343),(48.394, -1.639, -1.488),False,False,False,True
95,27.1116,27.0675,0.0,150,0.6113,143.21,(0.652, 0.614, -2.59),(51.558, 0.066, -5.38),False,False,False,True
96,25.4304,26.9606,0.0,150,0.6063,144.92,(0.051, -0.273, -2.842),(48.621, 1.155, -3.614),False,False,False,True
97,25.9206,26.6123,0.0,150,0.6013,146.66,(-0.112, 0.424, -2.954),(47.783, -1.549, -4.019),False,False,False,True
98,29.2576,27.3216,0.0,150,0.5963,148.37,(0.465, -0.469, -2.548),(50.247, -0.65, -1.426),False,False,False,True
99,25.0659,27.5609,0.0,150,0.5913,150.13,(0.689, 0.465, -2.82),(49.129, -1.546, -4.103),False,False,False,True
100,87.1592,33.4657,10.0,117,0.5874,151.55,(-0.233, -0.846, -3.203),(47.854, 0.36, -1.168),True,False,False,False
# [03:29:56] [greedy-eval @ episode 100] success_rate=0.0% over 5 episodes
101,36.2179,34.0606,10.0,150,0.5824,161.82,(-0.598, 0.216, -3.741),(51.805, -2.262, -2.332),False,False,False,True
102,27.5731,34.0978,10.0,150,0.5774,163.61,(-0.105, -0.847, -3.335),(48.167, 1.269, -1.092),False,False,False,True
103,33.4756,34.1211,10.0,150,0.5724,165.33,(0.833, -0.137, -2.522),(49.5, -2.192, -3.293),False,False,False,True
104,33.2183,35.043,10.0,150,0.5674,167.08,(-0.583, 0.766, -3.081),(49.889, -0.231, -1.309),False,False,False,True
105,26.2283,34.9547,10.0,150,0.5624,168.79,(-0.182, -0.215, -2.265),(48.292, -1.721, -1.262),False,False,False,True
106,31.5537,35.567,10.0,150,0.5574,170.53,(-0.421, 0.169, -3.062),(50.362, 0.579, -1.0),False,False,False,True
107,86.8371,41.6587,20.0,120,0.5534,171.91,(0.096, -0.094, -2.396),(48.911, -1.35, -4.907),True,False,False,False
108,33.415,42.0744,20.0,150,0.5484,173.67,(-0.462, 0.45, -3.467),(51.949, -1.711, -2.716),False,False,False,True
109,29.1089,42.4787,20.0,150,0.5434,175.38,(0.167, -0.578, -2.57),(50.967, 0.144, -5.05),False,False,False,True
110,36.2806,37.3909,10.0,150,0.5384,177.13,(0.943, 0.006, -3.093),(51.594, -0.132, -3.865),False,False,False,True
111,30.2648,36.7955,10.0,150,0.5334,178.91,(0.683, 0.333, -2.958),(51.061, -0.364, -5.109),False,False,False,True
112,26.7034,36.7086,10.0,150,0.5284,180.64,(0.531, 0.711, -2.565),(52.428, 1.189, -2.437),False,False,False,True
113,1.3928,33.5003,10.0,4,0.5283,180.79,(-0.824, -0.138, -2.931),(50.985, -1.422, -2.087),False,False,True,False
114,25.7151,32.75,10.0,150,0.5233,182.53,(0.224, 0.803, -2.838),(51.722, -1.853, -1.406),False,False,False,True
115,26.9581,32.823,10.0,150,0.5183,184.31,(-0.645, 0.401, -3.298),(51.119, 1.203, -2.369),False,False,False,True
116,33.5974,33.0273,10.0,150,0.5133,186.06,(0.732, -0.373, -2.941),(50.549, -1.386, -2.942),False,False,False,True
117,25.2839,26.872,0.0,150,0.5083,187.76,(-0.325, -0.573, -2.386),(50.614, -0.956, -4.424),False,False,False,True
118,26.4622,26.1767,0.0,150,0.5033,189.49,(-0.213, 0.453, -3.83),(48.697, 1.687, -2.306),False,False,False,True
119,28.1258,26.0784,0.0,150,0.4983,191.24,(0.808, -0.423, -2.837),(51.06, 1.231, -2.638),False,False,False,True
120,18.1058,24.2609,0.0,150,0.4933,192.97,(-0.08, -0.131, -3.491),(48.872, 2.244, -2.886),False,False,False,True
# [04:11:33] [greedy-eval @ episode 120] success_rate=0.0% over 5 episodes
121,28.8035,24.1148,0.0,150,0.4883,203.48,(-0.224, -0.677, -3.3),(49.344, 0.907, -1.0),False,False,False,True
122,28.193,24.2637,0.0,150,0.4833,205.22,(0.42, 0.36, -3.181),(51.664, 2.253, -2.11),False,False,False,True
123,28.4446,26.9689,0.0,150,0.4783,206.99,(0.687, -0.438, -3.491),(49.316, -2.699, -3.502),False,False,False,True
124,35.0548,27.9029,0.0,125,0.4741,208.43,(0.413, 0.007, -2.362),(51.944, -0.798, -3.451),False,False,True,False
125,28.7333,28.0804,0.0,150,0.4691,210.16,(-0.626, 0.657, -2.734),(52.392, -1.191, -3.662),False,False,False,True
126,22.2493,26.9456,0.0,150,0.4641,211.91,(0.53, -0.847, -2.955),(51.119, 2.327, -2.237),False,False,False,True
127,22.5723,26.6745,0.0,150,0.4591,213.65,(0.329, -0.925, -3.094),(47.626, -0.797, -4.629),False,False,False,True
128,25.8493,26.6132,0.0,150,0.4541,215.4,(0.269, 0.788, -2.816),(47.998, -0.893, -4.61),False,False,False,True
129,22.6344,26.064,0.0,150,0.4491,217.16,(0.544, 0.539, -3.639),(49.807, 1.643, -4.792),False,False,False,True
130,32.9273,27.5462,0.0,117,0.4452,218.57,(-0.077, -0.646, -2.847),(48.273, 1.077, -1.202),False,False,True,False
131,25.5366,27.2195,0.0,150,0.4402,220.35,(-0.424, 0.717, -3.359),(51.521, -0.793, -4.36),False,False,False,True
132,34.3687,27.8371,0.0,119,0.4363,221.74,(-0.439, 0.237, -3.217),(51.396, 0.037, -2.749),False,False,True,False
133,27.8311,27.7757,0.0,129,0.432,223.23,(-0.481, -0.259, -2.539),(48.024, -0.358, -1.571),False,False,True,False
134,22.0848,26.4787,0.0,150,0.427,224.93,(-0.367, -0.262, -2.139),(51.329, -1.298, -4.666),False,False,False,True
135,35.3071,27.1361,0.0,89,0.424,226.01,(0.182, -0.461, -2.796),(50.583, -0.663, -3.665),False,False,True,False
136,35.8164,28.4928,0.0,113,0.4202,227.35,(0.467, -0.79, -2.896),(52.248, 1.169, -1.453),False,False,True,False
137,34.8185,29.7174,0.0,91,0.4172,228.43,(0.554, 0.011, -3.603),(50.424, 1.507, -1.0),False,False,True,False
138,32.5462,30.3871,0.0,150,0.4122,230.21,(-0.529, -0.46, -2.837),(51.018, 0.358, -5.188),False,False,False,True
139,26.8956,30.8132,0.0,150,0.4072,231.96,(-0.454, -0.873, -3.075),(50.807, -0.858, -1.0),False,False,False,True
140,85.0677,36.0273,10.0,136,0.4027,233.53,(-0.183, 0.276, -2.561),(47.62, -0.131, -3.447),True,False,False,False
# [04:49:38] [greedy-eval @ episode 140] success_rate=0.0% over 5 episodes
141,31.6224,36.6359,10.0,105,0.3992,241.01,(-0.671, 0.135, -2.334),(48.637, -0.048, -2.395),False,False,True,False
142,32.6857,36.4676,10.0,148,0.3942,242.71,(-0.396, 0.218, -3.55),(51.285, -1.357, -2.844),False,False,True,False
143,33.2257,37.007,10.0,130,0.3899,244.24,(0.52, 0.269, -3.215),(48.565, 2.241, -3.474),False,False,True,False
144,91.4414,43.9427,20.0,109,0.3863,245.55,(-0.46, -0.46, -3.255),(51.18, -0.23, -5.38),True,False,False,False
145,90.6502,49.477,30.0,105,0.3828,246.8,(0.613, 0.66, -2.701),(51.436, 0.314, -2.131),True,False,False,False
146,29.528,48.8481,30.0,150,0.3778,248.57,(0.576, -0.224, -2.846),(51.335, 0.626, -2.879),False,False,False,True
147,34.2984,48.7961,30.0,134,0.3733,250.14,(-0.577, -0.551, -2.79),(49.861, -1.729, -3.903),False,False,True,False
148,36.1307,49.1546,30.0,119,0.3693,251.54,(-0.27, -0.102, -3.131),(50.184, 0.981, -1.084),False,False,True,False
149,31.7874,49.6438,30.0,132,0.3649,253.05,(-0.46, -0.602, -2.559),(49.731, -1.689, -2.291),False,False,True,False
150,37.4541,44.8824,20.0,135,0.3604,254.65,(0.063, -0.693, -3.37),(50.4, -1.921, -1.0),False,False,True,False
151,29.7207,44.6922,20.0,121,0.3564,256.07,(-0.984, -0.113, -2.893),(50.045, 1.456, -4.395),False,False,True,False
152,36.5866,45.0823,20.0,114,0.3526,257.43,(-0.084, -0.541, -2.85),(50.616, -2.207, -1.541),False,False,True,False
153,29.9999,44.7597,20.0,133,0.3482,258.95,(0.108, 0.044, -2.013),(49.935, -1.187, -5.413),False,False,True,False
154,91.3054,44.7461,20.0,101,0.3448,260.13,(-0.58, 0.568, -2.461),(51.431, 0.263, -3.522),True,False,False,False
155,91.1961,44.8007,20.0,102,0.3414,261.34,(-0.256, 0.515, -3.352),(51.178, -0.301, -2.94),True,False,False,False
156,92.0873,51.0566,30.0,87,0.3385,262.38,(-0.396, 0.406, -3.619),(50.682, -2.339, -3.147),True,False,False,False
157,90.9123,56.718,40.0,65,0.3363,263.19,(0.497, -0.177, -3.292),(48.544, 0.245, -3.956),True,False,False,False
158,34.46,56.551,40.0,120,0.3323,264.57,(0.04, -0.4, -2.743),(49.836, 2.684, -3.826),False,False,True,False
159,86.8947,62.0617,50.0,115,0.3285,265.91,(-0.002, 0.291, -3.337),(48.363, 2.093, -3.711),True,False,False,False
160,30.084,61.3247,50.0,148,0.3236,267.6,(-0.617, 0.356, -2.351),(49.036, -1.471, -2.957),False,False,True,False
# [05:26:10] [greedy-eval @ episode 160] success_rate=0.0% over 5 episodes
161,88.488,67.2014,60.0,135,0.3191,277.89,(-0.221, -0.452, -3.505),(50.451, 1.34, -1.953),True,False,False,False
162,31.4917,66.6919,60.0,103,0.3156,279.11,(0.761, 0.37, -2.578),(47.63, 1.395, -3.198),False,False,True,False
163,31.0957,66.8015,60.0,150,0.3106,280.85,(0.041, 0.448, -3.515),(52.424, 0.765, -2.328),False,False,False,True
164,89.6733,66.6383,60.0,107,0.3071,282.14,(-0.477, 0.479, -3.524),(49.572, -2.412, -2.669),True,False,False,False
165,11.8809,58.7068,50.0,150,0.3021,283.84,(-0.085, -0.057, -2.524),(51.361, -1.775, -1.869),False,False,False,True
166,33.1678,52.8148,40.0,150,0.2971,285.57,(-0.316, 0.206, -3.232),(47.558, 0.351, -1.83),False,False,False,True
167,18.9502,45.6186,30.0,150,0.2921,287.35,(0.744, 0.067, -3.455),(49.886, -0.7, -4.173),False,False,False,True
168,28.3086,45.0035,30.0,150,0.2871,289.13,(0.298, 0.727, -3.25),(48.937, 1.476, -1.487),False,False,False,True
169,34.7379,39.7878,20.0,150,0.2821,290.88,(-0.776, -0.563, -2.753),(51.583, -2.51, -3.246),False,False,False,True
170,90.3734,45.8167,30.0,75,0.2796,291.79,(0.26, 0.417, -3.757),(47.617, 0.821, -4.045),True,False,False,False
171,92.0901,46.1769,30.0,82,0.2768,292.79,(0.62, -0.007, -3.324),(50.884, -0.649, -5.208),True,False,False,False
172,37.4172,46.7695,30.0,104,0.2734,294.02,(0.054, 0.001, -3.757),(49.226, -0.021, -2.408),False,False,True,False
173,90.062,52.6661,40.0,105,0.2699,295.23,(-0.289, -0.602, -2.321),(49.61, 0.111, -3.884),True,False,False,False
174,92.2085,52.9196,40.0,79,0.2672,296.21,(-0.689, -0.551, -3.034),(49.341, -1.568, -2.098),True,False,False,False
175,90.032,60.7348,50.0,112,0.2635,297.54,(0.574, 0.353, -3.719),(51.358, -1.234, -1.908),True,False,False,False
176,37.0574,61.1237,50.0,100,0.2602,298.7,(0.43, 0.505, -2.599),(49.201, 1.914, -2.596),False,False,True,False
177,34.1246,62.6412,50.0,150,0.2552,300.44,(0.1, -0.605, -3.464),(50.162, 0.339, -1.0),False,False,False,True
178,91.6442,68.9747,60.0,89,0.2522,301.5,(-0.386, 0.408, -3.603),(50.243, -1.173, -2.978),True,False,False,False
179,85.8793,74.0889,70.0,144,0.2474,303.14,(-0.434, -0.567, -2.601),(48.007, 0.993, -3.606),True,False,False,False
180,30.9301,68.1445,60.0,150,0.2424,304.85,(0.248, 0.557, -2.41),(48.929, -1.079, -1.442),False,False,False,True
# [05:59:35] [greedy-eval @ episode 180] success_rate=100.0% over 5 episodes
181,91.3866,68.0742,60.0,76,0.2399,310.71,(0.637, -0.523, -3.438),(50.227, 2.455, -3.688),True,False,False,False
182,32.6034,67.5928,60.0,150,0.2349,312.42,(-0.14, 0.328, -2.092),(47.114, -0.385, -2.785),False,False,False,True
183,91.1085,67.6975,60.0,73,0.2324,313.29,(0.323, -0.389, -2.179),(48.783, 2.268, -3.095),True,False,False,False
184,90.662,67.5428,60.0,117,0.2285,314.64,(-0.339, 0.553, -2.395),(50.182, -0.691, -3.654),True,False,False,False
185,34.1398,61.9536,50.0,150,0.2235,316.43,(-0.582, 0.558, -3.194),(49.317, -0.994, -1.368),False,False,False,True
186,89.7367,67.2215,60.0,127,0.2193,317.92,(-0.809, 0.267, -2.879),(51.202, -0.612, -4.477),True,False,False,False
187,89.992,72.8083,70.0,112,0.2156,319.23,(0.497, 0.072, -3.672),(51.301, -0.314, -5.094),True,False,False,False
188,94.4972,73.0936,70.0,65,0.2134,320.05,(-0.826, -0.13, -2.8),(50.657, -2.257, -4.834),True,False,False,False
189,92.0698,73.7126,70.0,69,0.2111,320.87,(0.387, -0.414, -2.352),(49.438, 1.759, -3.535),True,False,False,False
190,33.2492,73.9445,70.0,150,0.2061,322.6,(0.217, 0.153, -3.724),(49.796, -2.036, -1.975),False,False,False,True
191,34.9068,68.2965,60.0,150,0.2011,324.33,(-0.239, 0.377, -3.624),(50.64, 1.146, -3.662),False,False,False,True
192,90.1212,74.0483,70.0,120,0.2,325.72,(-0.196, -0.421, -2.649),(49.381, 0.206, -1.406),True,False,False,False
193,86.8946,73.6269,70.0,149,0.2,327.46,(0.844, -0.088, -2.847),(49.877, -1.602, -3.556),True,False,False,False
194,91.8512,73.7458,70.0,95,0.2,328.57,(0.232, -0.375, -2.367),(50.914, 1.55, -1.975),True,False,False,False
195,89.591,79.291,80.0,123,0.2,329.98,(0.226, 0.261, -2.358),(48.6, -1.099, -1.02),True,False,False,False
196,87.3425,79.0515,80.0,145,0.2,331.64,(0.092, 0.319, -2.176),(48.588, -0.017, -3.098),True,False,False,False
197,34.4545,73.4978,70.0,150,0.2,333.35,(0.719, -0.364, -2.545),(48.512, 1.761, -2.192),False,False,False,True
198,93.4142,73.3895,70.0,72,0.2,334.24,(-0.363, 0.798, -2.918),(49.34, 1.327, -3.418),True,False,False,False
199,91.677,73.3502,70.0,101,0.2,335.49,(-0.253, -0.785, -3.319),(50.119, 0.748, -1.208),True,False,False,False
200,92.4978,79.2751,80.0,74,0.2,336.42,(0.27, -0.856, -3.167),(49.48, -1.333, -3.676),True,False,False,False
# [06:30:30] [greedy-eval @ episode 200] success_rate=100.0% over 5 episodes
201,90.6959,84.854,90.0,72,0.2,341.56,(-0.567, 0.454, -3.589),(47.52, -1.305, -2.212),True,False,False,False
202,94.8142,85.3233,90.0,79,0.2,342.51,(0.126, 0.54, -3.547),(52.57, 0.54, -2.427),True,False,False,False
203,94.6809,86.1019,90.0,77,0.2,343.42,(0.084, 0.021, -2.089),(52.63, 0.702, -2.105),True,False,False,False
204,89.028,85.8196,90.0,103,0.2,344.68,(-0.454, -0.609, -2.912),(49.005, -1.305, -5.039),True,False,False,False
205,91.1947,85.98,90.0,70,0.2,345.56,(0.496, 0.264, -2.881),(48.585, 0.214, -1.307),True,False,False,False
206,90.6446,86.3102,90.0,73,0.2,346.43,(0.697, 0.023, -2.596),(48.193, -0.399, -1.408),True,False,False,False
207,88.5482,91.7195,100.0,103,0.2,347.66,(0.346, -0.893, -2.868),(47.822, -0.29, -3.128),True,False,False,False
208,94.669,91.845,100.0,81,0.2,348.67,(-0.405, -0.613, -3.576),(51.92, 0.684, -4.983),True,False,False,False
209,91.4272,91.82,100.0,105,0.2,349.88,(0.182, -0.026, -2.411),(49.203, -0.443, -4.645),True,False,False,False
210,95.5357,92.1238,100.0,69,0.2,350.77,(-0.101, -0.575, -2.752),(50.757, 0.001, -2.781),True,False,False,False
211,92.7806,92.3323,100.0,60,0.2,351.5,(0.537, 0.406, -2.376),(48.542, -2.004, -1.672),True,False,False,False
212,92.8923,92.1401,100.0,74,0.2,352.39,(0.392, -0.264, -3.048),(51.126, 1.565, -2.701),True,False,False,False
213,96.4089,92.3129,100.0,63,0.2,353.21,(-0.779, 0.097, -3.549),(50.802, 0.102, -3.474),True,False,False,False
214,90.7745,92.4876,100.0,116,0.2,354.6,(0.766, 0.07, -3.556),(51.075, 0.14, -5.687),True,False,False,False
215,95.3369,92.9018,100.0,75,0.2,355.49,(-0.238, 0.032, -2.337),(51.698, -1.048, -4.252),True,False,False,False
216,90.7726,92.9146,100.0,85,0.2,356.54,(0.28, -0.513, -3.028),(49.46, 1.114, -3.549),True,False,False,False
217,94.7583,93.5356,100.0,70,0.2,357.4,(0.257, -0.399, -2.885),(52.287, 1.66, -2.62),True,False,False,False
218,90.2362,93.0923,100.0,83,0.2,358.44,(0.406, -0.682, -3.214),(48.931, 1.795, -1.0),True,False,False,False
219,91.2044,93.07,100.0,77,0.2,359.36,(0.214, 0.375, -2.684),(49.805, -1.554, -3.459),True,False,False,False
220,94.1626,92.9327,100.0,65,0.2,360.2,(0.333, 0.709, -3.428),(50.032, -0.217, -3.628),True,False,False,False
# [06:55:00] [greedy-eval @ episode 220] success_rate=80.0% over 5 episodes
221,92.9306,92.9477,100.0,65,0.2,365.97,(-0.357, -0.743, -2.814),(49.942, 0.141, -2.775),True,False,False,False
222,-24.2575,81.2327,90.0,99,0.2,367.1,(0.55, 0.26, -2.696),(48.501, -0.728, -3.815),False,False,True,False
223,91.4539,80.7372,90.0,70,0.2,368.0,(-0.667, 0.207, -3.135),(47.918, -0.153, -2.301),True,False,False,False
224,92.2932,80.8891,90.0,82,0.2,369.01,(-0.352, 0.577, -3.543),(49.934, -1.201, -4.562),True,False,False,False
225,93.4271,80.6981,90.0,85,0.2,370.04,(0.316, -0.815, -2.838),(51.525, 1.759, -1.689),True,False,False,False
226,93.4983,80.9707,90.0,81,0.2,371.06,(-0.263, 0.682, -3.027),(50.832, -2.222, -3.896),True,False,False,False
227,93.683,80.8632,90.0,78,0.2,372.04,(-0.658, -0.378, -3.388),(50.364, -1.49, -1.868),True,False,False,False
228,92.0575,81.0453,90.0,88,0.2,373.08,(-0.302, 0.744, -2.437),(50.898, -1.153, -1.909),True,False,False,False
229,92.836,81.2085,90.0,63,0.2,373.84,(0.262, -0.089, -2.706),(48.921, -0.988, -4.438),True,False,False,False
230,-27.0751,69.0847,80.0,116,0.2,375.18,(0.055, 0.314, -3.231),(47.966, 1.178, -4.115),False,False,True,False
231,91.4583,68.9375,80.0,71,0.2,376.09,(0.28, 0.639, -3.074),(48.075, 0.228, -2.995),True,False,False,False
232,91.6679,80.53,90.0,65,0.2,376.87,(-0.073, 0.444, -2.633),(48.367, -1.689, -3.531),True,False,False,False
233,93.1495,80.6996,90.0,105,0.2,378.12,(0.346, 0.835, -2.922),(51.475, -1.201, -2.615),True,False,False,False
234,93.6731,80.8376,90.0,68,0.2,378.98,(0.019, -0.695, -3.382),(49.975, -2.726, -3.259),True,False,False,False
235,93.7109,80.8659,90.0,68,0.2,379.82,(-0.09, -0.531, -3.672),(50.147, 0.706, -5.673),True,False,False,False
236,90.4988,80.566,90.0,60,0.2,380.6,(0.765, 0.092, -3.536),(47.869, -0.68, -4.078),True,False,False,False
237,94.318,80.6295,90.0,71,0.2,381.45,(0.164, -0.385, -2.4),(50.535, -0.904, -5.125),True,False,False,False
238,17.4581,73.1695,80.0,38,0.2,381.93,(0.715, 0.315, -2.466),(50.192, -0.316, -1.0),False,False,True,False
239,92.5581,73.1418,80.0,70,0.2,382.83,(0.571, 0.46, -3.316),(50.538, 0.989, -3.369),True,False,False,False
240,14.7351,77.3228,80.0,20,0.2,383.17,(0.225, -0.643, -3.167),(48.096, -1.602, -2.529),False,False,True,False
# [07:17:40] [greedy-eval @ episode 240] success_rate=100.0% over 5 episodes
241,92.1051,77.3875,80.0,60,0.2,388.57,(0.542, -0.225, -3.658),(48.134, 0.259, -1.0),True,False,False,False
242,93.7515,77.5958,80.0,61,0.2,389.34,(-0.609, -0.636, -3.013),(48.554, 2.396, -3.095),True,False,False,False
243,94.9066,77.7715,80.0,58,0.2,390.05,(-0.514, 0.07, -2.152),(49.967, -0.102, -1.0),True,False,False,False
244,93.3221,77.7364,80.0,74,0.2,390.97,(0.523, 0.28, -3.138),(50.557, -1.859, -4.146),True,False,False,False
245,92.2057,77.5859,80.0,69,0.2,391.87,(0.681, 0.4, -3.185),(49.833, -1.928, -4.717),True,False,False,False
246,92.7024,77.8063,80.0,95,0.2,392.97,(-0.078, 0.242, -2.63),(51.356, 2.031, -2.871),True,False,False,False
247,94.8959,77.8641,80.0,89,0.2,394.07,(-0.546, 0.094, -2.842),(52.242, -0.409, -3.794),True,False,False,False
248,93.8189,85.5002,90.0,72,0.2,394.96,(-0.857, 0.006, -2.914),(49.291, -2.579, -1.661),True,False,False,False
249,91.7893,85.4233,90.0,64,0.2,395.76,(0.516, -0.01, -3.117),(49.487, 2.056, -2.827),True,False,False,False
250,92.0209,93.1519,100.0,75,0.2,396.65,(0.093, -0.019, -2.217),(49.954, 0.736, -2.901),True,False,False,False
251,94.65,93.4063,100.0,66,0.2,397.45,(-0.33, -0.239, -2.823),(51.436, -1.722, -4.478),True,False,False,False
252,44.2121,88.4524,90.0,68,0.2,398.31,(-0.57, 0.676, -3.028),(50.56, -1.006, -1.215),False,False,True,False
253,93.3994,88.3017,90.0,73,0.2,399.24,(-0.189, 0.803, -3.42),(50.36, 1.906, -3.938),True,False,False,False
254,42.5977,83.2292,80.0,60,0.2,400.01,(-0.654, -0.115, -3.511),(50.585, 1.04, -1.0),False,False,True,False
255,92.3957,83.2482,80.0,66,0.2,400.8,(0.164, 0.15, -2.737),(48.283, -1.548, -2.362),True,False,False,False
256,93.8169,83.3597,80.0,62,0.2,401.54,(0.715, 0.135, -2.473),(50.363, 2.696, -2.768),True,False,False,False
257,91.8116,83.0513,80.0,69,0.2,402.39,(-0.372, -0.044, -3.567),(48.964, -0.474, -1.177),True,False,False,False
258,93.1456,82.9839,80.0,75,0.2,403.31,(-0.068, -0.483, -2.965),(50.27, -2.931, -2.972),True,False,False,False
259,13.0372,75.1087,70.0,23,0.2,403.65,(-0.213, 0.16, -3.837),(52.447, -1.109, -1.837),False,False,True,False
260,93.6196,75.2686,70.0,78,0.2,404.57,(-0.331, -0.182, -2.424),(51.094, -0.614, -5.061),True,False,False,False
# [07:37:56] [greedy-eval @ episode 260] success_rate=100.0% over 5 episodes
261,92.9664,75.1002,70.0,66,0.2,408.92,(0.756, -0.17, -2.767),(50.676, -2.004, -2.154),True,False,False,False
262,95.1259,80.1916,80.0,67,0.2,409.77,(-0.134, 0.67, -3.418),(51.255, 0.237, -2.961),True,False,False,False
263,38.5302,74.7047,70.0,78,0.2,410.69,(0.46, -0.406, -2.381),(50.509, 0.293, -3.942),False,False,True,False
264,94.5318,79.8981,80.0,71,0.2,411.57,(0.825, -0.154, -2.799),(52.595, -0.797, -3.788),True,False,False,False
265,91.5936,79.8179,80.0,76,0.2,412.47,(0.285, -0.144, -2.379),(48.635, 2.155, -3.775),True,False,False,False
266,94.5704,79.8932,80.0,75,0.2,413.42,(0.604, -0.048, -2.727),(51.516, -1.407, -2.56),True,False,False,False
267,88.4517,79.5573,80.0,114,0.2,414.74,(0.336, -0.026, -2.58),(49.518, 1.992, -4.536),True,False,False,False
268,95.89,79.8317,80.0,67,0.2,415.62,(-0.128, 0.689, -2.73),(51.835, 0.901, -1.374),True,False,False,False
269,93.1904,87.847,90.0,62,0.2,416.4,(-0.607, -0.712, -2.792),(49.23, 1.081, -2.087),True,False,False,False
270,93.4634,87.8314,90.0,68,0.2,417.28,(-0.406, -0.629, -3.129),(49.764, -0.888, -2.665),True,False,False,False
271,93.4917,87.8839,90.0,68,0.2,418.09,(0.377, 0.334, -2.567),(49.753, -0.202, -2.561),True,False,False,False
272,91.2899,87.5003,90.0,79,0.2,419.1,(0.344, -0.616, -2.757),(49.114, -2.303, -1.908),True,False,False,False
273,95.2546,93.1728,100.0,68,0.2,419.97,(-0.586, -0.404, -3.37),(49.955, 0.869, -1.0),True,False,False,False
274,91.1845,92.838,100.0,67,0.2,420.81,(0.268, 0.52, -2.963),(48.165, 0.102, -4.026),True,False,False,False
275,90.5159,92.7302,100.0,76,0.2,421.75,(-0.026, -0.769, -2.608),(47.801, 0.05, -2.098),True,False,False,False
276,90.3882,92.312,100.0,78,0.2,422.7,(-0.2, -0.29, -3.911),(47.749, 0.021, -1.373),True,False,False,False
277,92.2401,92.6909,100.0,59,0.2,423.44,(-0.375, -0.08, -3.807),(47.516, 0.655, -3.895),True,False,False,False
278,93.0977,92.4116,100.0,76,0.2,424.36,(-0.105, -0.808, -2.586),(50.158, -2.224, -3.731),True,False,False,False
279,95.7495,92.6675,100.0,70,0.2,425.22,(0.544, 0.136, -3.807),(51.91, -0.401, -3.441),True,False,False,False
280,94.5011,92.7713,100.0,65,0.2,426.02,(0.247, 0.342, -3.697),(51.157, -0.264, -3.06),True,False,False,False
# [07:59:20] [greedy-eval @ episode 280] success_rate=100.0% over 5 episodes
281,92.3526,92.6574,100.0,75,0.2,430.38,(0.087, -0.194, -2.395),(50.117, -1.262, -5.538),True,False,False,False
282,91.9803,92.7264,100.0,80,0.2,431.36,(0.588, 0.577, -2.666),(52.078, -0.259, -3.379),True,False,False,False
283,7.062,83.9072,90.0,28,0.2,431.73,(0.533, 0.371, -2.48),(51.151, -0.188, -2.356),False,True,True,False
284,93.3315,84.1219,90.0,78,0.2,432.68,(0.257, 0.825, -2.633),(50.709, -1.332, -5.169),True,False,False,False
285,91.911,84.2614,90.0,95,0.2,433.79,(0.004, 0.315, -2.686),(50.572, -1.622, -4.753),True,False,False,False
286,91.7349,84.396,90.0,64,0.2,434.55,(0.488, -0.146, -2.401),(47.781, 0.41, -3.151),True,False,False,False
287,93.0704,84.4791,90.0,62,0.2,435.33,(-0.786, 0.588, -2.822),(48.165, -0.65, -1.814),True,False,False,False
288,11.0825,76.2776,80.0,14,0.2,435.57,(0.275, 0.011, -3.475),(51.518, 0.092, -3.008),False,False,True,False
289,94.8894,76.1915,80.0,72,0.2,436.46,(-0.206, 0.831, -2.637),(51.28, -0.047, -1.258),True,False,False,False
290,92.9417,76.0356,80.0,69,0.2,437.28,(-0.013, 0.097, -2.5),(48.6, -1.475, -3.382),True,False,False,False
291,92.6622,76.0666,80.0,67,0.2,438.08,(-0.516, 0.079, -2.629),(49.396, 2.205, -3.392),True,False,False,False
292,91.247,75.9932,80.0,80,0.2,439.03,(-0.367, 0.551, -2.299),(48.453, -0.505, -2.156),True,False,False,False
293,90.034,84.2904,90.0,75,0.2,439.95,(0.885, 0.135, -2.753),(49.186, -1.058, -5.658),True,False,False,False
294,95.1238,84.4697,90.0,75,0.2,440.89,(-0.582, -0.514, -3.434),(52.126, -0.208, -4.023),True,False,False,False
295,94.361,84.7147,90.0,70,0.2,441.74,(0.208, 0.366, -3.17),(51.013, -1.314, -2.072),True,False,False,False
296,7.7247,76.3137,80.0,12,0.2,442.01,(0.863, -0.201, -3.197),(49.964, 2.318, -2.614),False,False,True,False
297,92.6564,76.2723,80.0,65,0.2,442.82,(0.309, 0.557, -3.546),(49.689, -1.161, -3.484),True,False,False,False
298,92.8182,84.4458,90.0,56,0.2,443.56,(0.499, 0.388, -2.995),(49.502, 0.878, -4.613),True,False,False,False
299,94.9574,84.4526,90.0,55,0.2,444.25,(0.408, -0.183, -2.894),(50.121, -2.388, -3.381),True,False,False,False
300,92.9436,84.4528,90.0,70,0.2,445.12,(-0.169, -0.855, -2.952),(49.502, -1.276, -4.53),True,False,False,False
# [08:17:45] [greedy-eval @ episode 300] success_rate=80.0% over 5 episodes
301,92.1473,84.4013,90.0,83,0.2,448.93,(-0.429, 0.741, -2.874),(49.209, -0.687, -5.327),True,False,False,False
302,-3.5446,74.9222,80.0,19,0.2,449.22,(-0.491, 0.04, -3.581),(50.651, -1.535, -1.335),False,True,False,False
303,93.5948,75.2783,80.0,67,0.2,450.06,(0.551, -0.025, -3.202),(50.653, 2.409, -3.727),True,False,False,False
304,94.958,75.2617,80.0,60,0.2,450.78,(0.363, 0.446, -2.481),(50.421, -0.785, -1.752),True,False,False,False
305,95.9317,75.4188,80.0,61,0.2,451.55,(-0.099, -0.847, -2.677),(51.779, 0.288, -1.966),True,False,False,False
306,93.2761,83.9739,90.0,66,0.2,452.39,(-0.776, 0.369, -3.05),(48.201, 0.073, -3.369),True,False,False,False
307,8.5283,75.5611,80.0,25,0.2,452.75,(-0.416, 0.458, -3.761),(48.894, -1.374, -2.461),False,True,False,False
308,93.3935,75.6186,80.0,78,0.2,453.7,(0.334, 0.464, -3.715),(50.46, 1.647, -2.462),True,False,False,False
309,88.745,74.9974,80.0,117,0.2,455.09,(0.371, 0.379, -2.878),(49.725, 1.414, -3.226),True,False,False,False
310,90.0464,74.7077,80.0,99,0.2,456.24,(0.452, 0.194, -2.593),(49.979, 0.793, -5.728),True,False,False,False
311,93.4107,74.834,80.0,67,0.2,457.1,(-0.773, 0.357, -3.011),(48.239, 0.256, -2.774),True,False,False,False
312,91.5896,84.3474,90.0,104,0.2,458.34,(0.219, -0.655, -3.629),(51.262, 1.89, -4.171),True,False,False,False
313,95.223,84.5102,90.0,64,0.2,459.11,(0.114, -0.188, -2.135),(51.397, -0.705, -3.151),True,False,False,False
314,94.0647,84.4209,90.0,69,0.2,459.97,(0.472, -0.44, -3.7),(51.469, 1.883, -2.292),True,False,False,False
315,92.1826,84.046,90.0,72,0.2,460.84,(0.068, -0.31, -2.865),(49.917, -2.135, -4.0),True,False,False,False
316,92.4734,83.9657,90.0,56,0.2,461.52,(-0.006, -0.666, -2.414),(48.068, -1.181, -2.205),True,False,False,False
317,91.1557,92.2284,100.0,122,0.2,462.99,(0.125, -0.739, -3.055),(51.557, 0.504, -4.778),True,False,False,False
318,92.0802,92.0971,100.0,68,0.2,463.83,(-0.235, 0.187, -3.262),(48.432, 0.438, -5.069),True,False,False,False
319,94.9519,92.7178,100.0,57,0.2,464.52,(-0.168, -0.249, -2.12),(50.462, 0.487, -4.755),True,False,False,False
320,94.4519,93.1584,100.0,66,0.2,465.31,(0.405, -0.188, -2.681),(51.464, 1.858, -4.128),True,False,False,False
# [08:38:24] [greedy-eval @ episode 320] success_rate=100.0% over 5 episodes
321,95.627,93.38,100.0,67,0.2,469.39,(-0.487, -0.291, -3.704),(51.521, 0.909, -2.653),True,False,False,False
322,92.9064,93.5117,100.0,59,0.2,470.17,(-0.422, 0.658, -3.178),(48.195, 1.93, -3.296),True,False,False,False
323,93.81,93.3704,100.0,69,0.2,471.04,(-0.469, -0.497, -3.409),(49.538, 0.27, -4.592),True,False,False,False
324,95.2506,93.489,100.0,61,0.2,471.78,(0.155, -0.766, -2.383),(51.484, -0.332, -1.509),True,False,False,False
325,94.0448,93.6752,100.0,53,0.2,472.46,(0.502, 0.327, -3.52),(49.623, -0.478, -5.18),True,False,False,False
326,94.0359,93.8314,100.0,70,0.2,473.29,(0.56, -0.005, -2.675),(50.335, 1.61, -3.995),True,False,False,False
327,91.9704,93.9129,100.0,61,0.2,474.05,(-0.151, 0.276, -3.838),(48.669, 0.16, -4.343),True,False,False,False
328,93.8465,94.0895,100.0,58,0.2,474.75,(0.113, -0.005, -2.626),(48.759, 0.039, -1.913),True,False,False,False
329,95.0672,94.1011,100.0,70,0.2,475.59,(0.089, 0.357, -2.388),(51.817, -1.273, -4.592),True,False,False,False
330,91.8476,93.8406,100.0,86,0.2,476.67,(0.116, -0.703, -2.732),(50.029, -2.442, -4.476),True,False,False,False
331,91.4698,93.4249,100.0,90,0.2,477.77,(0.686, 0.653, -3.202),(50.729, 1.757, -4.882),True,False,False,False
332,92.7194,93.4062,100.0,66,0.2,478.63,(-0.791, -0.066, -3.009),(48.923, -0.44, -5.387),True,False,False,False
333,93.0474,93.3299,100.0,63,0.2,479.47,(0.817, 0.075, -3.096),(50.589, 0.562, -1.889),True,False,False,False
334,89.6534,92.7702,100.0,139,0.2,481.11,(-0.782, 0.501, -3.17),(49.703, 2.346, -1.491),True,False,False,False
335,92.6434,92.6301,100.0,54,0.2,481.79,(-0.158, 0.375, -3.469),(49.143, -1.842, -4.708),True,False,False,False
336,94.1511,92.6416,100.0,71,0.2,482.68,(0.118, 0.879, -3.111),(51.307, -2.013, -2.395),True,False,False,False
337,92.9241,92.737,100.0,56,0.2,483.38,(-0.003, -0.375, -3.17),(49.229, -0.224, -1.792),True,False,False,False
338,93.2856,92.6809,100.0,79,0.2,484.38,(0.129, -0.664, -2.698),(51.484, -0.595, -4.253),True,False,False,False
339,94.3535,92.6095,100.0,71,0.2,485.25,(0.226, 0.368, -3.839),(51.854, 0.703, -4.761),True,False,False,False
340,93.8359,92.8084,100.0,67,0.2,486.07,(-0.339, 0.285, -3.891),(51.213, -0.737, -4.695),True,False,False,False
# [08:59:14] [greedy-eval @ episode 340] success_rate=100.0% over 5 episodes
341,92.4097,92.9023,100.0,67,0.2,490.2,(0.369, 0.202, -2.58),(48.661, 1.515, -1.937),True,False,False,False
342,92.5009,92.8805,100.0,55,0.2,490.87,(0.139, 0.247, -2.497),(48.253, 2.002, -2.185),True,False,False,False
343,93.7696,92.9527,100.0,77,0.2,491.82,(0.966, -0.244, -3.026),(52.304, 0.467, -2.683),True,False,False,False
344,95.0324,93.4906,100.0,74,0.2,492.76,(-0.708, -0.221, -2.964),(52.378, 0.817, -3.694),True,False,False,False
345,94.6907,93.6954,100.0,71,0.2,493.63,(-0.366, -0.155, -2.984),(50.369, 2.462, -3.234),True,False,False,False
346,92.0717,93.4874,100.0,60,0.2,494.35,(0.48, 0.068, -2.257),(49.256, 0.436, -3.279),True,False,False,False
347,93.4239,93.5374,100.0,70,0.2,495.19,(0.356, -0.567, -2.564),(51.041, -0.885, -2.768),True,False,False,False
348,93.1621,93.525,100.0,76,0.2,496.11,(0.04, -0.357, -2.984),(49.41, 0.415, -1.886),True,False,False,False
349,95.781,93.6678,100.0,62,0.2,496.88,(-0.035, 0.037, -3.443),(51.401, -1.539, -5.068),True,False,False,False
350,93.9643,93.6806,100.0,71,0.2,497.72,(-0.154, -0.082, -2.734),(51.055, -2.181, -3.194),True,False,False,False
351,95.1133,93.951,100.0,64,0.2,498.54,(0.017, 0.517, -2.773),(51.336, -1.979, -4.397),True,False,False,False
352,95.63,94.2639,100.0,66,0.2,499.33,(0.731, 0.209, -2.354),(52.1, -2.008, -3.54),True,False,False,False
353,93.0491,94.1919,100.0,70,0.2,500.2,(0.205, -0.824, -2.804),(51.058, -2.32, -3.606),True,False,False,False
354,91.909,93.8795,100.0,68,0.2,501.04,(0.168, -0.356, -3.486),(48.803, 1.002, -4.476),True,False,False,False
355,92.752,93.6856,100.0,68,0.2,501.88,(0.098, 0.082, -3.779),(49.815, -1.105, -4.884),True,False,False,False
356,92.2448,93.703,100.0,76,0.2,502.83,(0.643, -0.193, -3.375),(50.576, -2.23, -1.659),True,False,False,False
357,93.9679,93.7573,100.0,63,0.2,503.65,(-0.237, -0.746, -3.337),(49.793, -1.271, -1.232),True,False,False,False
358,92.663,93.7074,100.0,68,0.2,504.54,(-0.506, 0.673, -3.258),(49.135, -1.228, -4.605),True,False,False,False
359,93.9774,93.5271,100.0,64,0.2,505.33,(0.108, -0.224, -3.814),(50.065, 1.739, -1.638),True,False,False,False
360,92.6516,93.3958,100.0,61,0.2,506.12,(-0.155, -0.731, -3.413),(49.372, -1.71, -3.956),True,False,False,False
# [09:19:23] [greedy-eval @ episode 360] success_rate=100.0% over 5 episodes
361,92.2416,93.1086,100.0,62,0.2,510.34,(-0.102, -0.709, -3.541),(48.951, -2.689, -3.463),True,False,False,False
362,92.3502,92.7807,100.0,73,0.2,511.23,(0.134, -0.001, -3.073),(48.268, -0.712, -2.047),True,False,False,False
363,93.7669,92.8524,100.0,56,0.2,511.91,(-0.035, -0.132, -2.376),(49.352, 0.285, -2.554),True,False,False,False
364,93.6114,93.0227,100.0,74,0.2,512.82,(-0.758, 0.398, -2.631),(49.701, -1.095, -4.759),True,False,False,False
365,93.5264,93.1001,100.0,58,0.2,513.52,(-0.553, -0.201, -2.564),(49.8, 0.776, -5.047),True,False,False,False
366,94.047,93.2803,100.0,57,0.2,514.28,(-0.742, 0.429, -3.431),(48.497, 0.123, -2.731),True,False,False,False
367,95.5683,93.4404,100.0,65,0.2,515.06,(-0.425, -0.697, -2.461),(51.032, -0.413, -2.738),True,False,False,False
368,90.6601,93.2401,100.0,68,0.2,515.89,(0.278, 0.481, -2.22),(48.67, -2.226, -2.451),True,False,False,False
369,95.8078,93.4231,100.0,68,0.2,516.76,(-0.154, -0.905, -3.294),(52.437, -0.551, -2.914),True,False,False,False
370,94.8293,93.6409,100.0,64,0.2,517.54,(0.083, -0.329, -2.941),(49.74, 1.492, -1.517),True,False,False,False
371,93.7422,93.791,100.0,72,0.2,518.44,(-0.857, -0.073, -2.795),(49.316, 0.381, -3.084),True,False,False,False
372,92.7668,93.8326,100.0,61,0.2,519.18,(0.147, -0.419, -2.22),(48.273, -0.253, -1.0),True,False,False,False
373,92.9305,93.749,100.0,64,0.2,519.97,(0.059, -0.157, -3.408),(49.373, 0.941, -5.771),True,False,False,False
374,97.2424,94.1121,100.0,60,0.2,520.71,(-0.127, 0.228, -3.436),(52.307, 0.319, -1.418),True,False,False,False
375,91.962,93.9557,100.0,63,0.2,521.5,(0.145, -0.836, -2.654),(47.911, 0.627, -1.0),True,False,False,False
376,94.3454,93.9855,100.0,59,0.2,522.22,(-0.026, 0.169, -2.409),(50.051, -2.732, -2.214),True,False,False,False
377,94.2901,93.8577,100.0,65,0.2,523.03,(-0.496, 0.797, -2.74),(49.175, 0.052, -2.597),True,False,False,False
378,96.0911,94.4008,100.0,59,0.2,523.81,(0.256, 0.623, -2.953),(51.966, 1.377, -2.658),True,False,False,False
379,92.2727,94.0473,100.0,73,0.2,524.68,(-0.143, 0.056, -2.376),(49.034, -0.945, -5.251),True,False,False,False
380,41.3976,88.7041,90.0,52,0.2,525.39,(-0.726, -0.403, -3.285),(49.16, -1.745, -1.0),False,False,True,False
# [09:38:42] [greedy-eval @ episode 380] success_rate=100.0% over 5 episodes
381,93.2531,88.6552,90.0,65,0.2,529.66,(0.264, -0.546, -3.735),(50.226, -2.733, -4.168),True,False,False,False
382,1.6853,79.5471,80.0,6,0.2,529.79,(-0.272, 0.134, -2.479),(52.031, -0.411, -3.247),False,False,True,False
383,95.4307,79.7971,80.0,62,0.2,530.58,(-0.754, 0.557, -3.079),(49.445, 0.819, -3.028),True,False,False,False
384,94.8388,79.5567,80.0,60,0.2,531.3,(-0.315, -0.257, -2.231),(49.761, -0.073, -1.867),True,False,False,False
385,17.8329,72.1438,70.0,32,0.2,531.74,(-0.235, 0.336, -2.88),(49.724, 0.239, -1.0),False,False,True,False
386,93.6824,72.0775,70.0,61,0.2,532.51,(0.544, 0.578, -2.745),(50.917, -1.796, -4.894),True,False,False,False
387,95.2108,72.1695,70.0,64,0.2,533.28,(-0.222, -0.186, -2.633),(51.458, 1.85, -3.007),True,False,False,False
388,92.2362,71.784,70.0,71,0.2,534.13,(0.329, 0.033, -2.181),(48.689, 2.235, -4.383),True,False,False,False
389,91.3609,71.6929,70.0,69,0.2,534.99,(0.524, -0.613, -2.748),(48.413, -1.594, -4.837),True,False,False,False
390,94.5908,77.0122,80.0,63,0.2,535.75,(0.183, 0.607, -2.294),(50.801, -0.67, -2.695),True,False,False,False
391,96.5197,77.3388,80.0,61,0.2,536.51,(-0.621, -0.008, -3.651),(51.306, 1.524, -2.78),True,False,False,False
392,93.978,86.5681,90.0,66,0.2,537.37,(0.316, 0.779, -3.48),(50.274, -0.736, -4.164),True,False,False,False
393,94.5298,86.478,90.0,62,0.2,538.13,(0.214, -0.182, -2.894),(50.45, -2.537, -2.349),True,False,False,False
394,96.0565,86.5998,90.0,59,0.2,538.87,(-0.143, 0.463, -3.654),(50.732, 1.552, -1.386),True,False,False,False
395,95.6114,94.3777,100.0,66,0.2,539.68,(0.304, 0.025, -3.214),(52.131, 0.627, -1.321),True,False,False,False
396,91.9949,94.2089,100.0,65,0.2,540.49,(-0.498, -0.19, -3.543),(47.564, 0.785, -2.325),True,False,False,False
397,92.8046,93.9683,100.0,55,0.2,541.19,(0.871, -0.376, -2.844),(48.407, -1.237, -1.486),True,False,False,False
398,92.9678,94.0414,100.0,69,0.2,542.08,(0.665, -0.374, -3.169),(50.764, -1.682, -4.172),True,False,False,False
399,93.185,94.2239,100.0,84,0.2,543.07,(0.713, -0.234, -2.405),(51.271, 1.108, -1.0),True,False,False,False
400,89.0805,93.6728,100.0,122,0.2,544.53,(-0.642, -0.023, -3.071),(49.125, -1.665, -2.766),True,False,False,False
# [09:57:59] [greedy-eval @ episode 400] success_rate=100.0% over 5 episodes
# [09:57:59] Training complete. 400 episodes in 548.1 min. Final avg reward (last 10): 93.67. Final success rate (last 10): 100.0%.
