# run_name: cityenv_warmstrat_70_250
# timestamp: 20260909_181457
# ---- config ----
# warm_started_from: E:\DRL_UAV_Autnomous_Navigation\agents\..\results\cityenvision_v2_250_20260829_124801_ep250.pt 
# goal_position: (70.0, 60.0, -5.0)
# start_position: (0, 0, -3)
# randomize_positions: True
# start_jitter_radius: 2.0
# goal_jitter_radius: 5.0
# max_episode_steps: 150
# dt: 0.5
# speed: 2.0
# state_dim: 15
# action_dim: 27
# lr: 0.0001
# gamma: 0.99
# buffer_capacity: 1000000
# batch_size: 32
# epsilon_start: 0.3
# epsilon_end: 0.05
# epsilon_decay_steps: 10000
# target_update_freq: 250
# use_double: True
# use_dueling: True
# ----------------
episode,reward,avg10,success_rate10,steps,epsilon,elapsed_min,start_position,goal_position,is_success,is_crash,is_out_of_bounds,is_timeout
1,53.9372,53.9372,0.0,118,0.2978,1.37,(-0.081, -1.163, -1.385),(72.264, 62.452, -6.215),False,True,False,False
2,62.8782,58.4077,0.0,150,0.2941,3.06,(0.544, 0.348, -2.675),(70.448, 62.389, -2.29),False,False,False,True
3,65.3507,60.722,0.0,150,0.2903,4.77,(-1.04, -0.714, -3.526),(72.084, 62.619, -1.942),False,False,False,True
4,68.8518,62.7545,0.0,150,0.2866,6.47,(-0.589, 1.725, -2.363),(71.853, 61.003, -2.307),False,False,False,True
5,78.8085,65.9653,0.0,150,0.2828,8.17,(0.397, -1.366, -4.128),(73.481, 61.807, -6.817),False,False,False,True
6,63.5532,65.5633,0.0,150,0.2791,9.87,(0.326, 1.14, -3.318),(69.367, 59.783, -5.901),False,False,False,True
7,73.5437,66.7033,0.0,134,0.2757,11.42,(-0.361, -1.249, -4.516),(67.006, 62.577, -4.664),False,False,True,False
8,65.9634,66.6108,0.0,150,0.272,13.11,(0.196, -0.102, -4.72),(71.71, 59.133, -5.573),False,False,False,True
9,63.2837,66.2412,0.0,150,0.2682,14.81,(1.195, -1.338, -3.261),(72.342, 57.35, -5.683),False,False,False,True
10,67.1239,66.3294,0.0,150,0.2645,16.53,(0.043, -0.951, -3.662),(71.951, 59.423, -1.0),False,False,False,True
11,61.6583,67.1015,0.0,150,0.2607,18.22,(-1.587, 0.811, -2.133),(68.491, 60.168, -6.48),False,False,False,True
12,62.4745,67.0612,0.0,150,0.257,19.88,(-0.137, 0.254, -2.292),(71.265, 55.93, -7.443),False,False,False,True
13,-0.2568,60.5004,0.0,3,0.2569,19.97,(-0.241, -0.108, -2.147),(73.75, 58.198, -6.053),False,False,True,False
14,69.4954,60.5648,0.0,135,0.2535,21.49,(-0.423, -1.38, -1.702),(72.849, 59.057, -1.365),False,False,True,False
15,56.386,58.3225,0.0,150,0.2498,23.19,(1.186, -0.561, -2.917),(71.825, 56.623, -5.277),False,False,False,True
16,66.8374,58.651,0.0,150,0.246,24.85,(-0.504, 0.387, -1.674),(68.865, 62.539, -8.971),False,False,False,True
17,68.2443,58.121,0.0,150,0.2423,26.56,(-0.737, 0.01, -2.665),(74.376, 59.592, -3.264),False,False,False,True
18,68.6381,58.3885,0.0,150,0.2385,28.25,(-0.188, -0.653, -3.998),(67.447, 59.743, -2.605),False,False,False,True
19,66.2239,58.6825,0.0,150,0.2348,29.95,(1.497, 0.404, -4.072),(73.47, 61.722, -6.561),False,False,False,True
20,71.8665,59.1568,0.0,150,0.231,31.64,(-0.336, -1.328, -2.62),(70.585, 59.707, -8.945),False,False,False,True
# [18:55:09] [greedy-eval @ episode 20] success_rate=0.0% over 5 episodes
21,64.9943,59.4904,0.0,150,0.2273,41.73,(0.671, 0.141, -3.189),(68.592, 55.33, -5.945),False,False,False,True
22,72.4335,60.4863,0.0,150,0.2235,43.42,(0.805, 0.835, -2.819),(73.347, 60.601, -1.885),False,False,False,True
23,69.7586,67.4878,0.0,150,0.2198,45.08,(0.405, 0.083, -2.4),(71.511, 60.424, -8.766),False,False,False,True
24,75.4237,68.0806,0.0,150,0.216,46.77,(-0.198, 0.834, -2.549),(71.747, 59.487, -9.61),False,False,False,True
25,73.4853,69.7906,0.0,150,0.2123,48.47,(1.398, 0.816, -4.031),(74.119, 59.342, -7.172),False,False,False,True
26,72.1956,70.3264,0.0,150,0.2085,50.13,(-0.085, -0.58, -1.463),(69.408, 57.328, -4.181),False,False,False,True
27,72.6119,70.7631,0.0,150,0.2048,51.82,(-1.101, 0.68, -1.907),(68.407, 57.358, -5.451),False,False,False,True
28,71.7522,71.0745,0.0,150,0.201,53.48,(0.34, 0.392, -1.216),(70.551, 56.635, -7.893),False,False,False,True
29,75.9477,72.0469,0.0,150,0.1973,55.14,(0.203, -0.932, -2.325),(70.845, 62.345, -3.979),False,False,False,True
30,51.3799,69.9983,0.0,69,0.1956,55.97,(0.812, -1.058, -2.736),(72.08, 63.423, -6.002),False,True,False,False
31,75.9912,71.098,0.0,150,0.1918,57.67,(-1.22, -1.122, -3.66),(70.981, 57.651, -8.611),False,False,False,True
32,72.9132,71.1459,0.0,150,0.188,59.37,(1.011, -1.36, -3.128),(68.727, 59.849, -1.723),False,False,False,True
33,76.3168,71.8017,0.0,150,0.1843,61.03,(0.557, -0.344, -1.702),(70.506, 61.023, -2.458),False,False,False,True
34,75.7394,71.8333,0.0,150,0.1805,62.75,(-1.107, -0.126, -4.027),(69.75, 56.838, -7.946),False,False,False,True
35,73.7854,71.8633,0.0,150,0.1768,64.44,(1.054, -1.023, -3.072),(66.51, 59.028, -5.843),False,False,False,True
36,129.0849,77.5523,10.0,136,0.1734,65.98,(0.493, 1.162, -1.891),(69.345, 62.74, -6.023),True,False,False,False
37,73.2602,77.6171,10.0,150,0.1696,67.64,(-0.605, 0.805, -1.675),(70.165, 56.956, -7.159),False,False,False,True
38,72.0341,77.6453,10.0,150,0.1659,69.34,(-0.345, 1.85, -2.48),(66.963, 62.2, -8.113),False,False,False,True
39,129.3724,82.9878,20.0,92,0.1636,70.41,(0.501, 0.39, -4.82),(68.836, 57.891, -7.41),True,False,False,False
40,74.1353,85.2633,20.0,150,0.1598,72.14,(-0.334, 0.697, -3.295),(69.632, 63.4, -7.804),False,False,False,True
# [19:34:15] [greedy-eval @ episode 40] success_rate=60.0% over 5 episodes
41,51.9502,82.8592,20.0,65,0.1582,79.9,(1.383, -1.117, -2.416),(70.984, 60.546, -3.508),False,True,False,False
42,73.564,82.9243,20.0,150,0.1545,81.62,(-1.05, 0.084, -4.343),(67.582, 62.58, -1.671),False,False,False,True
43,74.1043,82.703,20.0,150,0.1507,83.33,(1.058, 0.002, -3.51),(70.625, 60.769, -9.189),False,False,False,True
44,70.4666,82.1757,20.0,150,0.147,85.02,(1.39, -0.02, -1.804),(65.232, 60.992, -5.761),False,False,False,True
45,131.6979,87.967,30.0,109,0.1442,86.29,(-0.763, -0.904, -3.898),(70.006, 58.131, -9.588),True,False,False,False
46,53.7539,80.4339,20.0,67,0.1426,87.11,(0.19, -1.795, -2.743),(70.857, 57.554, -1.143),False,True,False,False
47,74.864,80.5943,20.0,130,0.1393,88.59,(1.049, 0.885, -2.347),(71.196, 61.078, -2.931),False,False,True,False
48,125.2876,85.9196,30.0,134,0.136,90.11,(1.423, 0.332, -2.78),(67.33, 58.921, -5.47),True,False,False,False
49,81.298,81.1122,20.0,118,0.133,91.47,(0.682, -0.56, -4.618),(70.449, 62.021, -1.894),False,False,True,False
50,128.1967,86.5183,30.0,101,0.1305,92.65,(0.45, 1.882, -3.067),(65.916, 60.524, -4.735),True,False,False,False
51,130.6286,94.3861,40.0,112,0.1277,93.96,(1.019, -0.44, -3.857),(69.678, 59.483, -6.876),True,False,False,False
52,127.411,99.7709,50.0,140,0.1242,95.55,(-1.146, -1.414, -3.443),(66.247, 57.845, -5.203),True,False,False,False
53,76.7128,100.0317,50.0,150,0.1205,97.21,(0.487, 0.381, -1.548),(69.157, 57.509, -9.041),False,False,False,True
54,130.1882,106.0039,60.0,104,0.1178,98.43,(0.675, -0.735, -3.3),(67.141, 60.668, -6.56),True,False,False,False
55,129.394,105.7735,60.0,92,0.1155,99.47,(-0.196, -0.165, -1.787),(66.545, 58.874, -4.531),True,False,False,False
56,134.379,113.836,70.0,117,0.1126,100.81,(-0.898, -0.682, -2.976),(69.264, 64.404, -7.244),True,False,False,False
57,76.4844,113.998,70.0,150,0.1089,102.51,(-0.601, 1.81, -2.424),(71.341, 59.033, -3.607),False,False,False,True
58,75.2187,108.9911,60.0,150,0.1051,104.17,(0.973, 0.207, -1.689),(68.523, 60.97, -2.398),False,False,False,True
59,134.0163,114.263,70.0,97,0.1027,105.3,(0.548, 1.281, -1.667),(72.817, 60.608, -7.518),True,False,False,False
60,131.932,114.6365,70.0,116,0.0998,106.63,(-1.768, -0.605, -2.668),(72.087, 56.607, -2.244),True,False,False,False
# [20:08:55] [greedy-eval @ episode 60] success_rate=60.0% over 5 episodes
61,126.7912,114.2528,70.0,122,0.0968,115.18,(-1.443, 0.563, -3.069),(68.119, 56.63, -7.267),True,False,False,False
62,129.982,114.5099,70.0,106,0.0941,116.4,(-1.022, 1.259, -1.903),(68.879, 58.411, -4.018),True,False,False,False
63,129.5184,119.7904,80.0,142,0.0905,118.02,(-0.456, -1.47, -3.3),(68.689, 59.396, -1.795),True,False,False,False
64,132.0992,119.9815,80.0,113,0.0877,119.33,(1.293, 0.035, -3.545),(71.821, 61.256, -5.073),True,False,False,False
65,128.6153,119.9036,80.0,77,0.0858,120.25,(0.023, 1.859, -3.471),(68.143, 55.773, -4.041),True,False,False,False
66,133.0493,119.7707,80.0,105,0.0832,121.47,(-1.183, 1.568, -2.652),(72.799, 58.652, -1.22),True,False,False,False
67,129.9836,125.1206,90.0,119,0.0802,122.83,(1.608, -0.479, -2.15),(67.269, 62.472, -4.469),True,False,False,False
68,133.8364,130.9824,100.0,113,0.0774,124.13,(0.606, -1.228, -2.902),(69.911, 62.428, -4.906),True,False,False,False
69,78.3621,125.4169,90.0,150,0.0736,125.82,(-0.018, -0.602, -4.505),(67.527, 63.941, -4.975),False,False,False,True
70,128.2281,125.0466,90.0,107,0.0709,127.06,(1.655, -0.433, -2.308),(66.591, 59.948, -6.596),True,False,False,False
71,77.265,120.0939,80.0,150,0.0672,128.72,(0.333, -0.615, -1.996),(68.396, 64.155, -4.659),False,False,False,True
72,133.1836,120.4141,80.0,84,0.0651,129.71,(-0.202, -0.645, -3.951),(68.385, 60.737, -2.848),True,False,False,False
73,70.1471,114.477,70.0,150,0.0613,131.43,(0.748, 0.24, -3.613),(69.747, 57.089, -2.609),False,False,False,True
74,128.0284,114.0699,70.0,95,0.059,132.54,(-0.035, 0.951, -3.1),(66.768, 57.793, -4.717),True,False,False,False
75,134.0891,114.6173,70.0,134,0.0556,134.06,(-1.206, 0.066, -1.632),(70.81, 64.302, -7.327),True,False,False,False
76,133.2464,114.637,70.0,80,0.0536,135.0,(-0.217, 1.376, -2.384),(72.207, 59.489, -2.755),True,False,False,False
77,75.0847,109.1471,60.0,150,0.05,136.7,(1.324, -0.513, -2.141),(71.524, 58.945, -1.0),False,False,False,True
78,76.9921,103.4627,50.0,150,0.05,138.4,(-1.265, -0.364, -3.152),(65.379, 59.715, -3.164),False,False,False,True
79,134.3056,109.057,60.0,113,0.05,139.7,(-1.865, 0.302, -3.046),(69.57, 62.626, -1.954),True,False,False,False
80,78.72,104.1062,50.0,150,0.05,141.4,(-0.538, -0.183, -4.755),(67.836, 59.662, -6.166),False,False,False,True
# [20:44:58] [greedy-eval @ episode 80] success_rate=0.0% over 5 episodes
81,129.8825,109.368,60.0,137,0.05,151.38,(1.113, 0.443, -3.3),(73.596, 59.16, -3.122),True,False,False,False
82,132.9449,109.3441,60.0,85,0.05,152.39,(-0.549, 1.859, -2.877),(72.657, 58.655, -7.398),True,False,False,False
83,130.8117,115.4105,70.0,116,0.05,153.72,(0.839, 0.339, -2.929),(70.577, 56.345, -8.327),True,False,False,False
84,78.5794,110.4656,60.0,150,0.05,155.4,(0.564, 1.152, -1.983),(73.871, 62.097, -7.259),False,False,False,True
85,131.6679,110.2235,60.0,116,0.05,156.75,(-0.673, 0.114, -3.545),(67.992, 62.383, -7.708),True,False,False,False
86,132.1266,110.1116,60.0,84,0.05,157.76,(1.229, 0.009, -4.221),(69.463, 60.341, -9.884),True,False,False,False
87,126.5785,115.2609,70.0,135,0.05,159.26,(0.823, -0.207, -2.067),(67.417, 56.164, -4.674),True,False,False,False
88,133.7737,120.9391,80.0,89,0.05,160.27,(-0.402, 0.732, -2.173),(69.198, 62.177, -9.236),True,False,False,False
89,133.3666,120.8452,80.0,122,0.05,161.67,(0.415, 0.582, -4.531),(74.455, 60.7, -5.311),True,False,False,False
90,132.4997,126.2232,90.0,119,0.05,163.04,(-1.033, 0.293, -3.404),(72.782, 58.557, -8.578),True,False,False,False
91,81.3939,121.3743,80.0,150,0.05,164.73,(0.662, -0.178, -4.719),(70.984, 62.639, -4.479),False,False,False,True
92,131.0707,121.1869,80.0,105,0.05,165.96,(-0.066, 0.739, -3.693),(73.419, 56.919, -6.317),True,False,False,False
93,130.8892,121.1946,80.0,76,0.05,166.87,(1.768, 0.137, -2.905),(69.845, 56.139, -6.39),True,False,False,False
94,128.8621,126.2229,90.0,75,0.05,167.77,(1.756, -0.773, -3.489),(66.741, 57.397, -4.652),True,False,False,False
95,133.9643,126.4525,90.0,92,0.05,168.86,(-1.757, -0.309, -3.567),(68.297, 62.55, -7.724),True,False,False,False
96,128.7766,126.1175,90.0,101,0.05,170.0,(-0.653, 0.07, -2.232),(67.086, 58.495, -4.845),True,False,False,False
97,136.1209,127.0718,90.0,96,0.05,171.12,(-1.349, 0.316, -2.706),(74.097, 60.427, -2.988),True,False,False,False
98,132.7405,126.9685,90.0,83,0.05,172.1,(-0.855, 1.433, -2.379),(67.886, 61.713, -2.22),True,False,False,False
99,131.5862,126.7904,90.0,117,0.05,173.44,(-0.427, 1.127, -2.455),(72.122, 60.53, -6.638),True,False,False,False
100,133.4796,126.8884,90.0,95,0.05,174.52,(-1.162, -0.153, -1.742),(68.63, 62.759, -6.05),True,False,False,False
# [21:15:57] [greedy-eval @ episode 100] success_rate=100.0% over 5 episodes
101,134.7731,132.2263,100.0,78,0.05,181.74,(0.818, -1.383, -3.784),(70.395, 61.176, -2.563),True,False,False,False
102,132.6519,132.3844,100.0,74,0.05,182.6,(-0.713, 0.127, -1.663),(67.731, 60.967, -4.745),True,False,False,False
103,129.5482,132.2503,100.0,76,0.05,183.51,(1.749, 0.583, -2.937),(68.005, 58.876, -5.689),True,False,False,False
104,134.7859,132.8427,100.0,75,0.05,184.43,(-1.145, 0.085, -3.864),(70.282, 59.767, -6.413),True,False,False,False
105,129.7365,132.4199,100.0,94,0.05,185.5,(-0.414, -0.271, -1.62),(68.539, 58.488, -6.925),True,False,False,False
106,131.6536,132.7076,100.0,91,0.05,186.56,(-0.438, -0.157, -4.124),(72.207, 56.239, -6.836),True,False,False,False
107,129.0854,132.0041,100.0,116,0.05,187.9,(-0.152, -0.893, -4.664),(67.273, 60.03, -6.146),True,False,False,False
108,132.8683,132.0169,100.0,88,0.05,188.93,(1.415, -1.349, -2.808),(69.53, 61.189, -5.685),True,False,False,False
109,134.1504,132.2733,100.0,89,0.05,189.98,(0.873, -1.075, -1.831),(68.648, 63.742, -6.674),True,False,False,False
110,132.5594,132.1813,100.0,78,0.05,190.9,(-1.049, 0.155, -2.401),(67.065, 60.578, -5.209),True,False,False,False
111,131.3424,131.8382,100.0,102,0.05,192.09,(-1.673, -0.615, -3.632),(67.63, 59.063, -6.31),True,False,False,False
112,133.1009,131.8831,100.0,96,0.05,193.21,(0.32, 0.455, -4.338),(72.089, 57.308, -2.377),True,False,False,False
113,129.6622,131.8945,100.0,127,0.05,194.64,(-0.338, -0.328, -2.48),(72.133, 56.712, -6.897),True,False,False,False
114,128.2264,131.2385,100.0,135,0.05,196.17,(-0.698, 1.817, -2.818),(69.861, 59.345, -9.573),True,False,False,False
115,131.7194,131.4368,100.0,109,0.05,197.4,(-0.343, 0.417, -1.705),(71.109, 58.088, -3.958),True,False,False,False
116,132.3424,131.5057,100.0,89,0.05,198.44,(1.502, 0.423, -2.471),(72.885, 58.223, -5.112),True,False,False,False
117,135.3979,132.137,100.0,97,0.05,199.57,(0.98, 0.977, -1.708),(72.44, 63.586, -5.04),True,False,False,False
118,129.7103,131.8212,100.0,107,0.05,200.82,(1.505, -0.119, -4.205),(68.556, 59.801, -4.776),True,False,False,False
119,81.0782,126.5139,90.0,150,0.05,202.51,(-1.19, 0.708, -1.757),(73.84, 58.534, -6.165),False,False,False,True
120,134.1232,126.6703,90.0,85,0.05,203.52,(-1.336, -0.618, -3.303),(67.354, 60.835, -5.286),True,False,False,False
# [21:45:53] [greedy-eval @ episode 120] success_rate=60.0% over 5 episodes
121,128.7435,126.4104,90.0,144,0.05,212.38,(1.894, 0.329, -3.185),(68.63, 61.686, -2.585),True,False,False,False
122,128.9878,125.9991,90.0,83,0.05,213.36,(0.574, 1.379, -2.69),(69.384, 57.079, -1.952),True,False,False,False
123,130.7281,126.1057,90.0,91,0.05,214.43,(1.522, -0.993, -3.293),(66.123, 61.633, -5.058),True,False,False,False
124,135.5271,126.8358,90.0,102,0.05,215.62,(-1.664, -0.107, -3.578),(73.817, 57.92, -6.069),True,False,False,False
125,130.9881,126.7626,90.0,87,0.05,216.64,(0.509, 0.588, -4.797),(69.571, 57.753, -4.749),True,False,False,False
126,126.2203,126.1504,90.0,136,0.05,218.16,(-0.197, 0.688, -2.564),(68.038, 57.44, -6.215),True,False,False,False
127,137.3186,126.3425,90.0,92,0.05,219.24,(-0.254, 0.749, -4.446),(72.758, 62.385, -3.739),True,False,False,False
128,130.8544,126.4569,90.0,74,0.05,220.16,(0.776, -0.468, -3.907),(65.546, 59.755, -4.101),True,False,False,False
129,133.2693,131.676,100.0,148,0.05,221.83,(-1.822, 0.431, -2.571),(74.045, 59.548, -3.493),True,False,False,False
130,129.8801,131.2517,100.0,109,0.05,223.09,(1.132, -0.509, -2.575),(66.814, 62.024, -3.165),True,False,False,False
131,79.2856,126.3059,90.0,73,0.05,223.97,(1.226, -1.057, -2.504),(68.761, 58.547, -1.0),False,False,True,False
132,133.3837,126.7455,90.0,102,0.05,225.12,(0.282, -0.485, -2.549),(69.79, 61.7, -8.733),True,False,False,False
133,76.6946,121.3422,80.0,150,0.05,226.83,(-1.398, 0.396, -3.421),(72.868, 57.553, -3.447),False,False,False,True
134,78.929,115.6824,70.0,150,0.05,228.52,(-0.362, -1.566, -1.973),(71.628, 56.985, -8.105),False,False,False,True
135,131.7167,115.7552,70.0,82,0.05,229.49,(0.23, 1.39, -2.251),(68.351, 58.819, -5.712),True,False,False,False
136,135.3506,116.6683,70.0,88,0.05,230.53,(-0.906, 1.399, -3.496),(68.764, 62.954, -5.986),True,False,False,False
137,129.8453,115.9209,70.0,124,0.05,231.96,(0.702, -0.193, -3.788),(68.258, 61.102, -8.263),True,False,False,False
138,134.8579,116.3213,70.0,73,0.05,232.85,(0.175, 1.305, -4.107),(71.053, 61.646, -5.655),True,False,False,False
139,130.7063,116.065,70.0,75,0.05,233.74,(1.437, -0.305, -1.927),(69.348, 56.207, -4.771),True,False,False,False
140,136.3399,116.711,70.0,86,0.05,234.76,(1.337, -1.22, -2.917),(70.657, 63.334, -6.059),True,False,False,False
# [22:16:46] [greedy-eval @ episode 140] success_rate=40.0% over 5 episodes
141,74.907,116.2731,70.0,150,0.05,243.32,(1.532, -0.475, -3.201),(71.368, 61.442, -9.22),False,False,False,True
142,73.8456,110.3193,60.0,150,0.05,245.01,(0.102, 0.01, -3.344),(70.884, 59.095, -9.209),False,False,False,True
143,139.3129,116.5811,70.0,84,0.05,246.02,(-0.46, -1.167, -4.421),(71.528, 63.649, -6.745),True,False,False,False
144,133.0903,121.9973,80.0,114,0.05,247.33,(-1.03, 0.549, -2.249),(72.228, 59.788, -5.699),True,False,False,False
145,131.9699,122.0226,80.0,91,0.05,248.41,(-1.162, 0.823, -4.367),(68.652, 59.541, -5.3),True,False,False,False
146,137.1206,122.1996,80.0,84,0.05,249.41,(-0.075, -0.143, -4.747),(73.336, 60.179, -1.616),True,False,False,False
147,136.1004,122.8251,80.0,89,0.05,250.46,(-1.211, -1.108, -2.541),(70.528, 59.725, -5.572),True,False,False,False
148,73.2423,116.6635,70.0,150,0.05,252.15,(0.611, -1.264, -1.859),(66.391, 59.392, -6.525),False,False,False,True
149,131.3838,116.7313,70.0,94,0.05,253.25,(-0.112, 1.098, -2.738),(68.682, 60.554, -6.455),True,False,False,False
150,137.0984,116.8071,70.0,96,0.05,254.39,(-0.925, -0.566, -3.748),(74.05, 58.211, -3.697),True,False,False,False
151,133.6186,122.6783,80.0,98,0.05,255.5,(-1.039, -0.342, -1.53),(71.871, 58.419, -5.701),True,False,False,False
152,135.2419,128.8179,90.0,87,0.05,256.49,(0.203, 0.641, -2.153),(70.802, 62.618, -5.831),True,False,False,False
153,133.5032,128.2369,90.0,81,0.05,257.43,(-0.225, 0.744, -1.67),(70.268, 57.501, -1.438),True,False,False,False
154,128.9815,127.8261,90.0,74,0.05,258.33,(0.868, 1.174, -4.236),(68.44, 55.439, -5.572),True,False,False,False
155,136.9457,128.3236,90.0,98,0.05,259.48,(-1.734, -0.653, -3.051),(70.436, 62.791, -5.327),True,False,False,False
156,135.6657,128.1781,90.0,90,0.05,260.54,(-0.877, -1.426, -2.279),(69.119, 61.03, -3.405),True,False,False,False
157,131.3385,127.702,90.0,110,0.05,261.81,(0.666, 1.565, -2.568),(70.121, 59.588, -8.321),True,False,False,False
158,133.5477,133.7325,100.0,101,0.05,262.98,(-1.005, -0.457, -2.755),(68.379, 59.662, -4.072),True,False,False,False
159,136.3769,134.2318,100.0,72,0.05,263.86,(0.787, -1.664, -3.633),(69.152, 61.109, -4.154),True,False,False,False
160,134.6214,133.9841,100.0,88,0.05,264.93,(0.8, 0.385, -3.836),(71.577, 60.757, -4.579),True,False,False,False
# [22:46:24] [greedy-eval @ episode 160] success_rate=80.0% over 5 episodes
161,127.5116,133.3734,100.0,133,0.05,272.78,(-0.259, 1.673, -3.494),(67.436, 59.8, -4.922),True,False,False,False
162,127.6388,132.6131,100.0,113,0.05,274.09,(1.04, 1.093, -3.702),(70.911, 55.494, -3.671),True,False,False,False
163,130.8064,132.3434,100.0,76,0.05,275.0,(0.325, 1.44, -3.874),(70.584, 55.381, -5.022),True,False,False,False
164,132.9149,132.7368,100.0,90,0.05,276.03,(0.459, -0.952, -1.488),(70.293, 57.587, -3.071),True,False,False,False
165,78.6025,126.9025,90.0,150,0.05,277.72,(-0.426, -0.066, -3.828),(68.442, 63.113, -8.096),False,False,False,True
166,77.4789,121.0838,80.0,150,0.05,279.42,(0.199, -1.424, -2.937),(70.392, 56.802, -5.283),False,False,False,True
167,74.7575,115.4257,70.0,150,0.05,281.11,(-1.259, 0.126, -1.508),(67.169, 58.018, -6.245),False,False,False,True
168,133.9717,115.4681,70.0,112,0.05,282.4,(0.549, 1.3, -2.765),(73.036, 61.277, -6.751),True,False,False,False
169,131.9721,115.0276,70.0,130,0.05,283.88,(-0.992, -0.586, -2.356),(68.012, 61.509, -6.803),True,False,False,False
170,135.8018,115.1456,70.0,81,0.05,284.85,(0.853, -1.29, -3.194),(73.998, 58.221, -3.505),True,False,False,False
171,77.1383,110.1083,60.0,150,0.05,286.55,(-0.07, -1.808, -2.899),(67.282, 62.656, -3.773),False,False,False,True
172,125.9863,109.943,60.0,116,0.05,287.86,(0.705, -0.612, -1.793),(67.3, 56.132, -5.774),True,False,False,False
173,78.415,104.7039,50.0,150,0.05,289.56,(0.367, 0.927, -2.636),(68.561, 63.879, -2.924),False,False,False,True
174,72.4189,98.6543,40.0,150,0.05,291.26,(1.19, 1.21, -3.437),(66.576, 61.423, -7.384),False,False,False,True
175,77.7466,98.5687,40.0,82,0.05,292.23,(0.962, 0.746, -2.406),(68.648, 61.406, -1.0),False,False,True,False
176,137.5126,104.5721,50.0,86,0.05,293.24,(0.49, -1.57, -1.895),(73.772, 60.843, -5.922),True,False,False,False
177,131.1371,110.21,60.0,142,0.05,294.85,(-0.003, -1.433, -1.939),(69.752, 62.386, -6.225),True,False,False,False
178,134.864,110.2993,60.0,87,0.05,295.91,(1.182, 0.653, -3.019),(72.779, 61.547, -8.634),True,False,False,False
179,136.469,110.7489,60.0,94,0.05,297.02,(1.535, -1.102, -2.484),(73.118, 62.058, -5.171),True,False,False,False
180,135.6354,110.7323,60.0,119,0.05,298.39,(-1.51, -0.55, -3.074),(69.305, 64.525, -3.972),True,False,False,False
# [23:18:09] [greedy-eval @ episode 180] success_rate=80.0% over 5 episodes
181,133.934,116.4119,70.0,90,0.05,304.07,(-0.14, -1.4, -2.225),(70.815, 58.242, -9.277),True,False,False,False
182,131.7626,116.9895,70.0,100,0.05,305.24,(1.533, 0.809, -3.936),(71.41, 60.762, -5.525),True,False,False,False
183,135.5448,122.7025,80.0,78,0.05,306.14,(0.042, 0.457, -1.825),(68.096, 63.371, -6.153),True,False,False,False
184,77.9462,123.2552,80.0,150,0.05,307.85,(-0.556, 1.805, -3.496),(69.584, 62.699, -2.438),False,False,False,True
185,131.2243,128.603,90.0,141,0.05,309.42,(-0.439, -0.849, -1.862),(70.703, 63.406, -3.103),True,False,False,False
186,80.6129,122.913,80.0,150,0.05,311.12,(1.481, -0.1, -3.866),(72.808, 62.768, -6.499),False,False,False,True
187,135.8947,123.3888,80.0,105,0.05,312.35,(-0.387, 1.497, -3.216),(73.658, 62.32, -6.496),True,False,False,False
188,133.4842,123.2508,80.0,82,0.05,313.32,(1.224, -1.171, -3.649),(71.607, 57.767, -7.364),True,False,False,False
189,136.6006,123.264,80.0,81,0.05,314.29,(1.444, -1.087, -3.593),(74.059, 60.504, -3.608),True,False,False,False
190,130.1577,122.7162,80.0,143,0.05,315.92,(-0.293, 1.735, -3.779),(73.69, 58.776, -6.428),True,False,False,False
191,137.2001,123.0428,80.0,84,0.05,316.95,(-0.161, 0.773, -3.463),(72.99, 61.928, -3.534),True,False,False,False
192,75.5507,117.4216,70.0,150,0.05,318.64,(-0.61, -1.49, -2.729),(67.149, 60.293, -9.056),False,False,False,True
193,130.9722,116.9644,70.0,102,0.05,319.83,(0.872, 1.724, -3.454),(69.092, 63.347, -3.989),True,False,False,False
194,133.0495,122.4747,80.0,87,0.05,320.85,(-0.068, -0.68, -4.478),(71.16, 57.672, -7.434),True,False,False,False
195,79.7108,117.3233,70.0,150,0.05,322.58,(0.524, 0.851, -4.256),(71.346, 64.325, -6.91),False,False,False,True
196,135.8386,122.8459,80.0,80,0.05,323.55,(-0.632, 0.042, -3.212),(69.355, 62.627, -2.362),True,False,False,False
197,84.9016,117.7466,70.0,86,0.05,324.56,(-0.013, 0.419, -3.935),(70.763, 62.379, -1.0),False,False,True,False
198,129.5048,117.3487,70.0,106,0.05,325.76,(-0.203, -0.866, -1.828),(66.044, 61.596, -3.651),True,False,False,False
199,131.9447,116.8831,70.0,106,0.05,326.98,(-0.445, 0.355, -4.375),(67.005, 61.553, -6.257),True,False,False,False
200,135.3285,117.4001,70.0,94,0.05,328.1,(-0.456, -1.009, -4.02),(72.971, 58.771, -2.939),True,False,False,False
# [23:48:22] [greedy-eval @ episode 200] success_rate=100.0% over 5 episodes
201,137.2885,117.409,70.0,83,0.05,334.2,(-0.127, 0.261, -3.68),(70.89, 63.788, -4.797),True,False,False,False
202,132.3309,123.087,80.0,83,0.05,335.18,(1.255, 0.469, -2.542),(69.63, 60.594, -3.248),True,False,False,False
203,131.4893,123.1387,80.0,78,0.05,336.08,(-0.961, -0.529, -1.453),(68.43, 57.815, -6.385),True,False,False,False
204,134.3324,123.267,80.0,76,0.05,337.0,(-0.604, -0.359, -3.531),(71.651, 56.467, -6.299),True,False,False,False
205,133.0728,128.6032,90.0,84,0.05,338.01,(-0.249, -1.482, -4.142),(68.063, 58.869, -6.547),True,False,False,False
206,134.9038,128.5097,90.0,79,0.05,338.96,(-1.286, 0.631, -4.09),(69.904, 60.691, -6.555),True,False,False,False
207,130.1449,133.0341,100.0,121,0.05,340.36,(-0.159, -1.714, -3.987),(69.563, 57.884, -8.827),True,False,False,False
208,132.7411,133.3577,100.0,82,0.05,341.33,(-0.812, -1.441, -2.741),(68.072, 57.967, -8.463),True,False,False,False
209,132.8636,133.4496,100.0,87,0.05,342.36,(-0.335, -1.655, -2.277),(69.567, 57.363, -6.594),True,False,False,False
210,136.2519,133.5419,100.0,107,0.05,343.59,(0.303, -0.966, -2.531),(72.772, 63.051, -3.257),True,False,False,False
211,131.2332,132.9364,100.0,77,0.05,344.51,(0.797, -0.718, -2.61),(68.688, 57.497, -4.597),True,False,False,False
212,67.3826,126.4416,90.0,105,0.05,345.73,(1.152, -0.69, -2.983),(72.561, 55.993, -4.311),False,True,False,False
213,136.1519,126.9078,90.0,75,0.05,346.62,(1.313, -0.98, -1.909),(72.938, 60.374, -5.475),True,False,False,False
214,132.8553,126.7601,90.0,75,0.05,347.53,(1.887, 0.119, -3.563),(69.066, 62.063, -2.319),True,False,False,False
215,130.0427,126.4571,90.0,112,0.05,348.85,(0.778, -0.247, -3.416),(66.406, 61.786, -2.114),True,False,False,False
216,131.1782,126.0845,90.0,69,0.05,349.68,(1.4, 0.654, -1.89),(68.915, 57.387, -8.878),True,False,False,False
217,134.3587,126.5059,90.0,74,0.05,350.57,(1.345, -0.203, -2.36),(72.563, 58.869, -3.473),True,False,False,False
218,131.5969,126.3915,90.0,72,0.05,351.44,(0.154, 1.741, -3.229),(66.566, 60.93, -5.303),True,False,False,False
219,138.0388,126.909,90.0,85,0.05,352.45,(-1.724, -0.415, -3.328),(69.766, 64.02, -4.524),True,False,False,False
220,136.5488,126.9387,90.0,82,0.05,353.41,(0.551, -1.058, -2.305),(72.103, 61.781, -2.101),True,False,False,False
# [00:13:24] [greedy-eval @ episode 220] success_rate=80.0% over 5 episodes
221,136.9061,127.506,90.0,80,0.05,359.22,(-0.644, 1.254, -2.551),(71.327, 64.233, -4.391),True,False,False,False
222,128.3574,133.6035,100.0,96,0.05,360.36,(-0.484, 1.102, -4.55),(67.03, 57.172, -6.697),True,False,False,False
223,138.259,133.8142,100.0,78,0.05,361.26,(-0.366, 0.678, -1.84),(72.351, 62.528, -1.863),True,False,False,False
224,136.7921,134.2079,100.0,94,0.05,362.36,(-1.872, 0.151, -2.644),(72.303, 61.186, -7.489),True,False,False,False
225,132.6734,134.471,100.0,149,0.05,364.04,(-0.429, 0.002, -3.14),(73.266, 60.536, -8.383),True,False,False,False
226,130.8697,134.4401,100.0,90,0.05,365.07,(0.4, 0.225, -2.751),(66.605, 59.357, -2.026),True,False,False,False
227,136.0106,134.6053,100.0,83,0.05,366.02,(-0.501, -0.091, -2.244),(70.641, 61.854, -5.457),True,False,False,False
228,133.139,134.7595,100.0,82,0.05,366.96,(0.74, 0.904, -1.535),(71.514, 58.206, -4.517),True,False,False,False
229,133.215,134.2771,100.0,74,0.05,367.85,(-0.1, 1.689, -2.514),(71.582, 57.287, -6.522),True,False,False,False
230,132.2611,133.8484,100.0,110,0.05,369.12,(-0.795, 1.453, -3.052),(70.538, 61.192, -3.864),True,False,False,False
231,133.1429,133.472,100.0,80,0.05,370.08,(1.477, 0.258, -3.664),(69.647, 61.424, -4.525),True,False,False,False
232,127.4089,133.3772,100.0,91,0.05,371.17,(0.984, 0.629, -4.562),(65.787, 57.841, -4.415),True,False,False,False
233,135.2523,133.0765,100.0,80,0.05,372.13,(0.606, -1.491, -3.718),(70.577, 60.84, -7.071),True,False,False,False
234,132.4227,132.6396,100.0,122,0.05,373.5,(-0.217, -0.129, -1.062),(71.424, 59.292, -8.652),True,False,False,False
235,132.5344,132.6257,100.0,83,0.05,374.46,(0.367, -0.488, -1.605),(68.487, 58.669, -1.0),True,False,False,False
236,134.6217,133.0009,100.0,77,0.05,375.38,(-1.594, -1.03, -3.475),(67.418, 59.912, -4.695),True,False,False,False
237,130.0584,132.4056,100.0,88,0.05,376.41,(0.345, 0.488, -3.892),(65.655, 59.973, -4.577),True,False,False,False
238,128.1554,131.9073,100.0,145,0.05,378.07,(0.898, 1.186, -4.31),(68.877, 60.375, -8.96),True,False,False,False
239,134.6574,132.0515,100.0,96,0.05,379.21,(-0.46, 1.125, -4.356),(72.522, 59.57, -4.864),True,False,False,False
240,131.4151,131.9669,100.0,86,0.05,380.25,(-0.948, 0.236, -4.021),(69.736, 55.734, -4.627),True,False,False,False
# [00:40:17] [greedy-eval @ episode 240] success_rate=100.0% over 5 episodes
241,138.2383,132.4765,100.0,89,0.05,386.2,(-0.765, -1.603, -3.37),(72.836, 60.78, -8.637),True,False,False,False
242,83.1681,128.0524,90.0,87,0.05,387.25,(-1.477, 0.079, -4.262),(70.072, 58.421, -1.0),False,False,True,False
243,134.0251,127.9297,90.0,129,0.05,388.72,(-1.181, -1.03, -1.889),(67.738, 63.404, -3.853),True,False,False,False
244,128.5919,127.5466,90.0,145,0.05,390.37,(-0.473, 0.395, -4.365),(67.017, 61.289, -2.584),True,False,False,False
245,137.4422,128.0374,90.0,75,0.05,391.24,(0.762, -0.436, -2.314),(72.738, 61.291, -4.794),True,False,False,False
246,134.9288,128.0681,90.0,77,0.05,392.15,(-0.096, 1.594, -2.019),(70.778, 60.962, -5.137),True,False,False,False
247,134.6974,128.532,90.0,85,0.05,393.16,(-1.525, -0.239, -3.087),(69.786, 59.306, -9.299),True,False,False,False
248,82.0601,123.9224,80.0,97,0.05,394.26,(0.454, -0.074, -2.578),(70.311, 60.516, -2.004),False,False,True,False
249,133.0251,123.7592,80.0,73,0.05,395.14,(1.368, 0.697, -3.505),(69.24, 60.178, -8.245),True,False,False,False
250,134.2805,124.0458,80.0,81,0.05,396.11,(1.096, 0.272, -3.466),(69.344, 63.124, -7.959),True,False,False,False
# [00:51:15] Training complete. 250 episodes in 396.1 min. Final avg reward (last 10): 124.05. Final success rate (last 10): 80.0%.
