# run_name: city_obstacle_run1_250
# timestamp: 20260907_235840
# ---- config ----
# goal_position: (120, -30, -5)
# start_position: (0, 0, -3)
# randomize_positions: True
# start_jitter_radius: 1.0
# goal_jitter_radius: 3.0
# max_episode_steps: 150
# dt: 0.5
# speed: 2.0
# state_dim: 15
# action_dim: 27
# lr: 0.0001
# gamma: 0.99
# buffer_capacity: 1000000
# batch_size: 32
# epsilon_start: 1.0
# epsilon_end: 0.2
# epsilon_decay_steps: 24000
# target_update_freq: 250
# use_double: True
# use_dueling: True
# ----------------
episode,reward,avg10,success_rate10,steps,epsilon,elapsed_min,start_position,goal_position,is_success,is_crash,is_out_of_bounds,is_timeout
1,-12.722,-12.722,0.0,150,0.996,1.86,(-0.654, 0.985, -3.424),(118.648, -28.609, -5.448),False,False,False,True
2,-25.2499,-18.9859,0.0,150,0.991,3.68,(-0.491, -1.833, -2.968),(118.81, -30.18, -1.751),False,False,False,True
3,-15.4408,-17.8042,0.0,150,0.986,5.52,(-0.019, 1.603, -3.632),(122.161, -33.519, -7.42),False,False,False,True
4,-23.712,-19.2812,0.0,150,0.981,7.35,(-0.651, -0.362, -3.986),(121.085, -27.95, -8.959),False,False,False,True
5,-13.4925,-18.1234,0.0,150,0.976,9.17,(-0.562, 1.175, -3.33),(119.482, -33.568, -2.231),False,False,False,True
6,-44.1308,-22.458,0.0,150,0.971,10.99,(-1.328, 0.816, -3.882),(120.395, -27.441, -5.99),False,False,False,True
7,-21.859,-22.3724,0.0,150,0.966,12.8,(0.139, 1.611, -2.607),(121.775, -27.828, -5.71),False,False,False,True
8,-8.9494,-20.6946,0.0,150,0.961,14.6,(-0.553, 0.923, -1.906),(121.058, -31.328, -4.427),False,False,False,True
9,-9.1306,-19.4097,0.0,150,0.956,16.45,(0.03, -0.838, -3.895),(120.934, -34.562, -6.503),False,False,False,True
10,5.4286,-16.9259,0.0,150,0.951,18.24,(0.257, 0.336, -1.687),(120.686, -31.13, -8.485),False,False,False,True
11,2.7451,-15.3791,0.0,150,0.946,20.01,(0.648, 0.926, -1.972),(117.309, -27.706, -8.381),False,False,False,True
12,-2.3309,-13.0872,0.0,150,0.941,21.83,(-0.296, -1.474, -3.254),(120.834, -29.937, -8.198),False,False,False,True
13,-9.5699,-12.5002,0.0,150,0.936,23.67,(0.837, -1.088, -3.831),(122.667, -29.271, -3.221),False,False,False,True
14,-17.9668,-11.9256,0.0,150,0.931,25.5,(0.204, 1.857, -2.896),(116.824, -30.958, -2.246),False,False,False,True
15,-17.326,-12.309,0.0,150,0.926,27.32,(-0.838, 0.175, -3.051),(118.013, -28.235, -3.23),False,False,False,True
16,4.3207,-7.4638,0.0,150,0.921,29.14,(1.295, 0.966, -3.171),(117.275, -30.53, -6.943),False,False,False,True
17,-2.2711,-5.505,0.0,4,0.9209,29.28,(-1.824, 0.539, -2.901),(116.08, -27.724, -3.731),False,False,True,False
18,-9.2191,-5.532,0.0,150,0.9159,31.11,(1.256, 1.167, -3.521),(119.743, -33.188, -8.079),False,False,False,True
19,11.3551,-3.4834,0.0,150,0.9109,32.92,(-1.016, -1.717, -2.88),(120.609, -33.003, -4.208),False,False,False,True
20,-15.2664,-5.5529,0.0,150,0.9059,34.73,(1.047, -0.702, -3.119),(117.583, -31.597, -8.793),False,False,False,True
# [00:38:45] [greedy-eval @ episode 20] success_rate=0.0% over 5 episodes
21,-0.8575,-5.9132,0.0,150,0.9009,41.72,(-0.091, -1.598, -3.277),(122.22, -33.892, -5.6),False,False,False,True
22,1.1484,-5.5652,0.0,150,0.8959,43.52,(-1.38, -0.472, -2.105),(117.236, -31.129, -7.824),False,False,False,True
23,0.108,-4.5975,0.0,150,0.8909,45.34,(-0.823, 0.044, -2.691),(123.749, -27.853, -6.85),False,False,False,True
24,4.0336,-2.3974,0.0,150,0.8859,47.16,(1.262, -0.794, -3.897),(121.198, -32.289, -3.913),False,False,False,True
25,-6.5387,-1.3187,0.0,150,0.8809,48.97,(-0.149, -1.772, -2.833),(118.015, -33.84, -4.224),False,False,False,True
26,3.6818,-1.3826,0.0,150,0.8759,50.77,(0.903, 0.246, -2.591),(117.778, -31.315, -8.619),False,False,False,True
27,12.5966,0.1042,0.0,150,0.8709,52.54,(0.018, -1.045, -1.946),(115.61, -31.866, -6.432),False,False,False,True
28,8.5338,1.8795,0.0,150,0.8659,54.38,(-0.42, 0.883, -4.361),(117.221, -26.3, -6.332),False,False,False,True
29,-1.2198,0.622,0.0,3,0.8658,54.47,(-0.217, 0.474, -2.593),(120.934, -33.743, -7.53),False,False,True,False
30,-2.0464,1.944,0.0,150,0.8608,56.26,(-1.083, 0.002, -3.086),(118.237, -28.63, -3.829),False,False,False,True
31,8.3336,2.8631,0.0,150,0.8558,58.08,(0.879, -0.968, -1.992),(122.701, -31.416, -8.613),False,False,False,True
32,2.7748,3.0257,0.0,150,0.8508,59.85,(-0.036, -0.317, -1.155),(122.495, -29.734, -8.088),False,False,False,True
33,15.8216,4.5971,0.0,150,0.8458,61.69,(-1.154, -0.187, -4.346),(117.906, -33.304, -7.978),False,False,False,True
34,2.3196,4.4257,0.0,12,0.8454,61.89,(-0.34, 0.318, -2.115),(119.285, -25.747, -5.653),False,False,True,False
35,26.5633,7.7359,0.0,150,0.8404,63.73,(0.555, -0.787, -4.016),(120.721, -27.565, -4.341),False,False,False,True
36,13.0092,8.6686,0.0,150,0.8354,65.55,(1.259, 0.194, -4.131),(118.87, -28.1, -7.372),False,False,False,True
37,10.8484,8.4938,0.0,150,0.8304,67.36,(-1.054, -1.577, -3.226),(123.941, -30.944, -2.123),False,False,False,True
38,6.7439,8.3148,0.0,150,0.8254,69.18,(0.933, -0.176, -2.698),(118.655, -34.552, -3.627),False,False,False,True
39,10.6135,9.4982,0.0,150,0.8204,71.02,(-0.937, -1.022, -4.216),(116.804, -31.846, -6.012),False,False,False,True
40,14.5946,11.1623,0.0,150,0.8154,72.78,(-0.58, -0.071, -1.486),(120.092, -26.871, -5.837),False,False,False,True
# [01:13:09] [greedy-eval @ episode 40] success_rate=0.0% over 5 episodes
41,25.5667,12.8856,0.0,150,0.8104,76.11,(0.343, -0.817, -1.634),(120.361, -28.042, -2.855),False,False,False,True
42,0.3517,12.6432,0.0,150,0.8054,77.97,(0.497, -0.765, -4.33),(120.59, -32.071, -8.424),False,False,False,True
43,7.1789,11.779,0.0,150,0.8004,79.78,(-0.109, 0.461, -4.541),(119.518, -29.821, -1.172),False,False,False,True
44,7.8234,12.3293,0.0,150,0.7954,81.6,(1.76, -0.722, -2.497),(118.353, -34.414, -4.763),False,False,False,True
45,11.9641,10.8694,0.0,150,0.7904,83.42,(0.091, 1.664, -3.417),(118.095, -30.13, -1.748),False,False,False,True
46,17.5664,11.3251,0.0,150,0.7854,85.25,(-1.316, -0.82, -3.275),(120.784, -31.904, -8.46),False,False,False,True
47,1.2642,10.3667,0.0,4,0.7853,85.36,(-0.839, 0.471, -2.274),(122.337, -28.125, -7.064),False,False,True,False
48,15.4898,11.2413,0.0,150,0.7803,87.19,(-0.979, -0.746, -4.206),(119.761, -32.145, -6.989),False,False,False,True
49,10.4112,11.2211,0.0,150,0.7753,89.02,(-0.531, 0.965, -4.152),(121.824, -32.505, -8.333),False,False,False,True
50,11.406,10.9022,0.0,150,0.7703,90.86,(0.274, -0.871, -3.931),(122.472, -30.678, -6.994),False,False,False,True
51,28.4552,11.1911,0.0,150,0.7653,92.71,(1.063, 1.43, -3.868),(117.854, -33.487, -4.092),False,False,False,True
52,32.6596,14.4219,0.0,150,0.7603,94.57,(-0.97, -0.411, -3.437),(115.756, -29.853, -6.095),False,False,False,True
53,22.498,15.9538,0.0,150,0.7553,96.39,(0.55, 1.378, -3.591),(119.349, -29.432, -8.05),False,False,False,True
54,12.963,16.4678,0.0,150,0.7503,98.21,(-0.027, -1.45, -2.341),(118.818, -26.609, -4.965),False,False,False,True
55,36.2041,18.8918,0.0,150,0.7453,100.0,(0.014, -1.003, -1.955),(119.522, -32.071, -5.05),False,False,False,True
56,22.4717,19.3823,0.0,150,0.7403,101.82,(-0.993, 0.508, -2.742),(124.291, -29.527, -2.547),False,False,False,True
57,35.5112,22.807,0.0,150,0.7353,103.62,(-0.302, -1.569, -2.043),(123.118, -29.444, -8.128),False,False,False,True
58,0.9991,21.3579,0.0,150,0.7303,105.44,(0.32, 1.653, -3.702),(118.852, -32.422, -3.453),False,False,False,True
59,16.929,22.0097,0.0,150,0.7253,107.26,(1.125, -1.058, -3.9),(116.035, -30.055, -4.605),False,False,False,True
60,-5.6604,20.3031,0.0,17,0.7247,107.56,(-1.635, -0.723, -3.577),(119.674, -29.026, -1.0),False,True,True,False
# [01:47:24] [greedy-eval @ episode 60] success_rate=0.0% over 5 episodes
61,21.0371,19.5612,0.0,150,0.7197,110.37,(0.129, 0.277, -3.375),(122.879, -31.793, -2.664),False,False,False,True
62,24.9863,18.7939,0.0,150,0.7147,112.19,(-0.389, 0.08, -4.43),(118.052, -31.874, -1.316),False,False,False,True
63,33.3116,19.8753,0.0,150,0.7097,114.01,(0.573, -1.278, -3.78),(118.761, -30.621, -8.416),False,False,False,True
64,2.5883,18.8378,0.0,8,0.7094,114.19,(0.975, 0.992, -1.721),(117.191, -33.727, -5.468),False,False,True,False
65,40.1881,19.2362,0.0,150,0.7044,116.0,(-1.505, 0.003, -1.793),(123.281, -30.964, -8.638),False,False,False,True
66,33.6169,20.3507,0.0,150,0.6994,117.81,(0.021, 1.429, -2.027),(117.077, -29.981, -2.613),False,False,False,True
67,13.5008,18.1497,0.0,50,0.6978,118.51,(-0.635, -0.813, -4.624),(118.644, -30.759, -3.238),False,False,True,False
68,10.4326,19.093,0.0,150,0.6928,120.36,(0.512, -1.828, -2.822),(121.989, -31.4, -4.543),False,False,False,True
69,35.7093,20.9711,0.0,150,0.6878,122.2,(-1.386, -1.2, -2.606),(122.805, -29.093, -1.486),False,False,False,True
70,50.9809,26.6352,0.0,150,0.6828,124.02,(-0.926, 1.633, -2.822),(120.988, -32.745, -8.478),False,False,False,True
71,35.5453,28.086,0.0,150,0.6778,125.83,(-0.388, -0.477, -4.104),(123.965, -28.496, -4.114),False,False,False,True
72,35.02,29.0894,0.0,150,0.6728,127.66,(-0.147, 1.406, -4.172),(120.448, -32.528, -7.604),False,False,False,True
73,27.13,28.4712,0.0,150,0.6678,129.51,(-1.196, -0.185, -4.048),(120.832, -31.941, -4.039),False,False,False,True
74,33.1953,31.5319,0.0,150,0.6628,131.35,(1.183, 0.388, -2.405),(115.373, -29.595, -5.286),False,False,False,True
75,40.7027,31.5834,0.0,150,0.6578,133.2,(-0.839, 0.32, -3.21),(117.138, -28.892, -8.387),False,False,False,True
76,47.2795,32.9497,0.0,150,0.6528,135.04,(0.763, 1.414, -3.579),(118.859, -28.803, -7.27),False,False,False,True
77,44.7658,36.0762,0.0,150,0.6478,136.87,(1.105, -0.966, -4.103),(122.899, -31.531, -5.882),False,False,False,True
78,29.1908,37.952,0.0,150,0.6428,138.74,(-0.617, -0.42, -2.899),(121.956, -27.066, -1.552),False,False,False,True
79,10.6391,35.445,0.0,20,0.6421,139.07,(1.23, -0.787, -3.053),(116.944, -29.594, -4.344),False,False,True,False
80,10.7338,31.4202,0.0,61,0.6401,139.84,(0.327, -0.356, -1.729),(120.887, -31.501, -2.119),False,True,False,False
# [02:19:23] [greedy-eval @ episode 80] success_rate=0.0% over 5 episodes
81,10.0117,28.8669,0.0,59,0.6381,141.33,(0.264, 0.846, -2.736),(118.081, -32.356, -1.513),False,True,False,False
82,49.2127,30.2861,0.0,150,0.6331,143.13,(-0.454, -0.452, -4.886),(119.552, -32.158, -7.977),False,False,False,True
83,18.0789,29.381,0.0,150,0.6281,144.94,(0.486, -1.757, -2.182),(118.523, -27.401, -7.858),False,False,False,True
84,47.5357,30.8151,0.0,150,0.6231,146.79,(0.137, 1.092, -4.361),(118.546, -28.871, -8.508),False,False,False,True
85,36.3779,30.3826,0.0,150,0.6181,148.61,(-1.181, 0.803, -3.713),(118.248, -27.255, -7.697),False,False,False,True
86,36.3904,29.2937,0.0,150,0.6131,150.44,(0.861, -0.606, -3.654),(119.215, -30.043, -9.673),False,False,False,True
87,39.6066,28.7778,0.0,150,0.6081,152.28,(1.247, -0.338, -4.221),(118.933, -33.789, -4.503),False,False,False,True
88,56.5783,31.5165,0.0,150,0.6031,154.1,(0.793, 0.613, -2.388),(121.532, -33.05, -7.171),False,False,False,True
89,37.5091,34.2035,0.0,150,0.5981,155.92,(1.006, 1.388, -3.378),(122.314, -26.819, -6.182),False,False,False,True
90,48.6944,37.9996,0.0,150,0.5931,157.7,(0.916, -0.096, -2.367),(118.24, -28.78, -4.416),False,False,False,True
91,49.0034,41.8987,0.0,150,0.5881,159.5,(1.639, 0.175, -2.248),(120.147, -26.262, -5.83),False,False,False,True
92,-1.2411,36.8534,0.0,4,0.588,159.61,(-0.648, -0.529, -1.461),(117.859, -29.861, -5.911),False,False,True,False
93,39.8729,39.0328,0.0,150,0.583,161.43,(-1.062, 1.297, -2.215),(117.902, -27.641, -1.733),False,False,False,True
94,48.5827,39.1375,0.0,150,0.578,163.27,(0.861, -0.521, -3.916),(119.999, -30.399, -4.723),False,False,False,True
95,49.97,40.4967,0.0,150,0.573,165.09,(-0.038, -0.748, -4.085),(117.043, -32.916, -3.47),False,False,False,True
96,47.1149,41.5691,0.0,150,0.568,166.91,(-1.109, -0.213, -3.155),(119.458, -30.809, -3.032),False,False,False,True
97,70.1886,44.6273,0.0,150,0.563,168.7,(0.048, 1.022, -2.038),(120.765, -31.768, -2.35),False,False,False,True
98,51.3476,44.1042,0.0,150,0.558,170.53,(0.588, -0.465, -3.938),(119.641, -30.018, -1.0),False,False,False,True
99,59.7876,46.3321,0.0,150,0.553,172.35,(0.336, 1.506, -3.736),(122.718, -31.033, -4.828),False,False,False,True
100,31.0447,44.5671,0.0,150,0.548,174.17,(-0.45, -1.86, -2.478),(116.898, -29.331, -3.456),False,False,False,True
# [02:58:46] [greedy-eval @ episode 100] success_rate=0.0% over 5 episodes
101,52.2329,44.8901,0.0,150,0.543,181.75,(1.225, 0.446, -3.638),(121.832, -28.266, -2.683),False,False,False,True
102,63.3676,51.3509,0.0,150,0.538,183.53,(0.186, 1.043, -1.833),(121.312, -31.142, -6.895),False,False,False,True
103,1.1778,47.4814,0.0,4,0.5378,183.64,(-0.852, -0.712, -1.789),(121.522, -29.669, -5.011),False,False,True,False
104,44.1035,47.0335,0.0,150,0.5328,185.44,(-1.629, -0.72, -2.452),(119.625, -30.972, -3.729),False,False,False,True
105,45.4134,46.5779,0.0,150,0.5278,187.25,(0.494, -1.599, -2.37),(120.073, -27.87, -1.024),False,False,False,True
106,52.3919,47.1056,0.0,150,0.5228,189.02,(0.682, -0.786, -2.004),(123.048, -28.494, -8.575),False,False,False,True
107,50.0869,45.0954,0.0,150,0.5178,190.82,(-0.45, -1.176, -2.1),(122.16, -26.325, -6.806),False,False,False,True
108,70.2475,46.9854,0.0,150,0.5128,192.65,(0.278, 0.86, -3.969),(116.529, -31.325, -6.758),False,False,False,True
109,63.2853,47.3352,0.0,150,0.5078,194.44,(-1.477, -0.134, -1.876),(117.287, -31.282, -5.577),False,False,False,True
110,62.0506,50.4357,0.0,150,0.5028,196.24,(0.971, -1.54, -2.414),(122.818, -29.952, -8.182),False,False,False,True
111,68.5788,52.0703,0.0,150,0.4978,198.05,(0.14, 1.82, -2.448),(120.971, -28.13, -3.636),False,False,False,True
112,36.8315,49.4167,0.0,150,0.4928,199.85,(-1.419, 0.298, -2.709),(117.452, -27.248, -3.148),False,False,False,True
113,56.567,54.9556,0.0,150,0.4878,201.66,(1.62, -0.326, -2.205),(122.439, -30.832, -4.55),False,False,False,True
114,57.1925,56.2645,0.0,150,0.4828,203.47,(-0.807, 0.992, -3.245),(121.96, -33.626, -4.062),False,False,False,True
115,59.6774,57.6909,0.0,150,0.4778,205.28,(-0.628, 0.987, -3.223),(119.909, -33.808, -5.613),False,False,False,True
116,76.1743,60.0692,0.0,150,0.4728,207.1,(0.504, 0.145, -2.878),(119.348, -27.902, -1.612),False,False,False,True
117,66.352,61.6957,0.0,150,0.4678,208.9,(-1.175, -0.776, -2.266),(122.707, -33.125, -7.721),False,False,False,True
118,55.7734,60.2483,0.0,150,0.4628,210.7,(-0.643, 0.842, -2.373),(117.398, -31.26, -6.831),False,False,False,True
119,50.7348,58.9932,0.0,150,0.4578,212.51,(-1.885, -0.055, -2.856),(122.05, -31.316, -7.383),False,False,False,True
120,48.8533,57.6735,0.0,150,0.4528,214.31,(-1.176, -0.419, -3.147),(116.939, -28.656, -7.372),False,False,False,True
# [03:41:58] [greedy-eval @ episode 120] success_rate=0.0% over 5 episodes
121,51.495,55.9651,0.0,150,0.4478,224.92,(-0.378, -0.344, -1.608),(119.277, -29.401, -8.292),False,False,False,True
122,60.8774,58.3697,0.0,150,0.4428,226.72,(0.828, 0.404, -2.747),(115.905, -31.423, -5.278),False,False,False,True
123,61.1255,58.8256,0.0,150,0.4378,228.54,(0.888, 0.654, -2.465),(122.295, -28.026, -3.763),False,False,False,True
124,71.656,60.2719,0.0,150,0.4328,230.31,(-0.042, -0.901, -1.419),(123.965, -31.291, -5.407),False,False,False,True
125,-0.5074,54.2534,0.0,4,0.4327,230.41,(0.658, 0.26, -1.184),(119.181, -27.257, -1.937),False,False,True,False
126,66.3443,53.2704,0.0,150,0.4277,232.22,(0.594, 0.936, -3.202),(122.073, -30.835, -2.862),False,False,False,True
127,52.8413,51.9194,0.0,150,0.4227,233.98,(-0.247, 0.712, -2.468),(121.543, -29.298, -4.928),False,False,False,True
128,77.3664,54.0787,0.0,150,0.4177,235.8,(0.998, 0.805, -3.635),(118.132, -27.708, -2.505),False,False,False,True
129,73.9975,56.4049,0.0,150,0.4127,237.57,(-0.196, 0.95, -2.353),(120.202, -32.857, -8.953),False,False,False,True
130,68.4544,58.365,0.0,150,0.4077,239.35,(-0.928, 0.43, -1.99),(117.297, -31.027, -1.141),False,False,False,True
131,72.803,60.4958,0.0,150,0.4027,241.17,(-0.132, -1.074, -4.492),(119.304, -32.58, -5.815),False,False,False,True
132,73.2857,61.7367,0.0,150,0.3977,243.0,(0.037, 0.706, -3.077),(122.31, -26.878, -7.898),False,False,False,True
133,79.9946,63.6236,0.0,150,0.3927,244.81,(-0.083, 1.851, -2.998),(121.436, -30.056, -7.744),False,False,False,True
134,62.9459,62.7526,0.0,150,0.3877,246.61,(1.824, -0.183, -2.898),(124.399, -28.444, -3.858),False,False,False,True
135,65.1288,69.3162,0.0,150,0.3827,248.43,(-0.659, -1.093, -4.287),(117.38, -33.352, -7.049),False,False,False,True
136,69.9943,69.6812,0.0,150,0.3777,250.23,(-0.718, -1.456, -2.547),(121.851, -29.382, -2.99),False,False,False,True
137,80.8699,72.484,0.0,150,0.3727,252.04,(-1.407, -0.237, -3.082),(116.279, -31.391, -3.311),False,False,False,True
138,77.2312,72.4705,0.0,150,0.3677,253.81,(0.202, 0.12, -1.413),(117.699, -31.019, -1.999),False,False,False,True
139,72.8228,72.353,0.0,150,0.3627,255.6,(0.073, 1.803, -3.4),(121.907, -29.429, -7.962),False,False,False,True
140,84.6693,73.9745,0.0,150,0.3577,257.42,(1.072, 0.305, -3.34),(115.991, -32.444, -4.613),False,False,False,True
# [04:25:07] [greedy-eval @ episode 140] success_rate=0.0% over 5 episodes
141,73.5291,74.0471,0.0,150,0.3527,268.09,(1.276, 0.103, -2.719),(120.27, -32.729, -3.904),False,False,False,True
142,85.506,75.2692,0.0,150,0.3477,269.9,(-0.838, -0.966, -4.473),(122.055, -29.829, -9.528),False,False,False,True
143,73.7581,74.6455,0.0,150,0.3427,271.7,(-0.874, -1.635, -2.416),(119.72, -29.606, -1.105),False,False,False,True
144,78.6678,76.2177,0.0,150,0.3377,273.52,(-1.393, -0.634, -3.988),(121.457, -32.283, -2.586),False,False,False,True
145,76.3852,77.3434,0.0,150,0.3327,275.31,(0.358, 0.869, -2.992),(120.445, -26.658, -1.745),False,False,False,True
146,80.2554,78.3695,0.0,150,0.3277,277.11,(-1.12, 1.069, -3.043),(117.973, -28.565, -4.677),False,False,False,True
147,87.5091,79.0334,0.0,150,0.3227,278.91,(-0.057, 0.145, -4.443),(118.005, -32.443, -1.198),False,False,False,True
148,46.5256,75.9629,0.0,150,0.3177,280.72,(1.087, 0.997, -4.333),(119.901, -30.387, -6.085),False,False,False,True
149,72.3088,75.9115,0.0,150,0.3127,282.5,(-0.21, -0.28, -4.475),(120.633, -28.68, -5.407),False,False,False,True
150,61.3546,73.58,0.0,150,0.3077,284.29,(-1.419, -0.745, -2.263),(117.415, -27.234, -5.751),False,False,False,True
151,89.7035,75.1974,0.0,150,0.3027,286.08,(0.51, 1.855, -2.502),(123.797, -31.11, -2.758),False,False,False,True
152,77.2138,74.3682,0.0,150,0.2977,287.87,(1.356, -1.032, -3.2),(119.45, -31.463, -3.698),False,False,False,True
153,86.063,75.5987,0.0,150,0.2927,289.67,(0.616, -1.687, -2.887),(122.324, -32.581, -7.973),False,False,False,True
154,90.5478,76.7867,0.0,150,0.2877,291.43,(-0.21, -0.747, -2.174),(115.404, -30.876, -6.388),False,False,False,True
155,88.8129,78.0294,0.0,150,0.2827,293.21,(-0.461, -0.089, -4.291),(122.993, -32.461, -6.713),False,False,False,True
156,96.7558,79.6795,0.0,150,0.2777,295.02,(-0.853, 0.677, -3.287),(117.095, -33.771, -4.906),False,False,False,True
157,81.2142,79.05,0.0,150,0.2727,296.8,(-0.901, 0.834, -1.802),(116.578, -30.55, -3.83),False,False,False,True
158,90.253,83.4227,0.0,150,0.2677,298.6,(-0.548, 0.484, -4.581),(122.645, -32.038, -2.183),False,False,False,True
159,85.045,84.6963,0.0,150,0.2627,300.35,(-1.078, 0.03, -2.143),(118.257, -25.358, -4.655),False,False,False,True
160,80.819,86.6428,0.0,150,0.2577,302.15,(0.565, -1.247, -2.494),(123.039, -30.502, -3.656),False,False,False,True
# [05:08:14] [greedy-eval @ episode 160] success_rate=0.0% over 5 episodes
161,88.8719,86.5596,0.0,150,0.2527,311.19,(-0.332, 0.389, -3.096),(120.45, -29.505, -1.0),False,False,False,True
162,86.9892,87.5372,0.0,150,0.2477,312.96,(0.135, -0.311, -1.16),(122.086, -27.947, -1.785),False,False,False,True
163,88.0429,87.7352,0.0,150,0.2427,314.72,(-0.101, -1.037, -1.481),(121.646, -30.024, -6.077),False,False,False,True
164,89.0438,87.5848,0.0,150,0.2377,316.51,(0.158, 0.369, -3.421),(120.917, -33.198, -7.083),False,False,False,True
165,99.0686,88.6103,0.0,150,0.2327,318.31,(-0.212, 1.47, -4.04),(117.972, -32.057, -1.79),False,False,False,True
166,95.2922,88.464,0.0,139,0.2281,319.98,(-0.484, 0.024, -3.895),(120.19, -32.923, -1.313),False,False,True,False
167,65.8996,86.9325,0.0,121,0.224,321.41,(-0.093, 0.314, -2.771),(118.623, -29.099, -3.576),False,True,False,False
168,89.37,86.8442,0.0,149,0.2191,323.19,(-0.942, -0.637, -2.978),(118.824, -29.236, -7.034),False,False,True,False
169,89.6246,87.3022,0.0,150,0.2141,324.99,(1.534, -0.846, -2.84),(119.069, -27.697, -9.038),False,False,False,True
170,107.0612,89.9264,0.0,150,0.2091,326.79,(-0.816, -0.216, -4.107),(121.965, -31.028, -6.871),False,False,False,True
171,105.355,91.5747,0.0,150,0.2041,328.6,(-0.669, -1.054, -3.858),(123.355, -32.158, -5.198),False,False,False,True
172,107.7047,93.6463,0.0,150,0.2,330.4,(-0.631, -0.823, -4.375),(120.096, -31.34, -9.193),False,False,False,True
173,103.2388,95.1658,0.0,137,0.2,332.05,(0.579, 1.357, -1.811),(116.765, -30.68, -2.975),False,False,True,False
174,97.2892,95.9904,0.0,150,0.2,333.86,(1.003, 0.08, -4.198),(119.349, -29.554, -6.898),False,False,False,True
175,101.1407,96.1976,0.0,150,0.2,335.65,(-0.206, 1.195, -2.595),(118.906, -32.713, -3.798),False,False,False,True
176,103.3677,97.0052,0.0,150,0.2,337.47,(-0.895, -0.262, -3.342),(120.399, -27.704, -2.432),False,False,False,True
177,84.0189,98.8171,0.0,150,0.2,339.3,(-0.232, -0.686, -3.166),(116.178, -27.291, -3.684),False,False,False,True
178,101.9093,100.071,0.0,150,0.2,341.11,(-0.894, 0.351, -3.959),(121.309, -26.451, -8.12),False,False,False,True
179,93.5397,100.4625,0.0,150,0.2,342.91,(-1.781, -0.769, -2.972),(117.802, -32.127, -4.749),False,False,False,True
180,107.5848,100.5149,0.0,150,0.2,344.72,(-1.011, 1.675, -3.291),(119.602, -31.01, -3.12),False,False,False,True
# [05:51:08] [greedy-eval @ episode 180] success_rate=20.0% over 5 episodes
181,96.1832,99.5977,0.0,147,0.2,354.06,(0.626, -1.357, -3.077),(121.759, -31.263, -4.039),False,False,True,False
182,9.3232,89.7596,0.0,11,0.2,354.29,(-1.652, 0.804, -3.277),(118.233, -31.84, -3.935),False,False,True,False
183,103.6565,89.8013,0.0,137,0.2,355.93,(1.457, -1.045, -2.204),(119.182, -27.34, -4.578),False,False,True,False
184,97.3467,89.8071,0.0,150,0.2,357.74,(-1.448, -0.435, -4.194),(117.808, -32.28, -2.622),False,False,False,True
185,101.156,89.8086,0.0,150,0.2,359.54,(0.644, -1.687, -3.707),(119.127, -26.997, -8.79),False,False,False,True
186,99.9292,89.4648,0.0,150,0.2,361.32,(1.094, 0.602, -1.74),(121.117, -31.841, -5.72),False,False,False,True
187,99.6664,91.0295,0.0,150,0.2,363.11,(0.584, 1.2, -2.219),(118.656, -32.77, -8.476),False,False,False,True
188,89.9098,89.8296,0.0,150,0.2,364.9,(-1.32, 1.229, -2.142),(119.759, -26.996, -7.483),False,False,False,True
189,89.9558,89.4712,0.0,150,0.2,366.7,(-1.118, -0.816, -2.427),(117.43, -29.317, -2.058),False,False,False,True
190,99.3001,88.6427,0.0,150,0.2,368.5,(0.892, -0.231, -3.153),(121.276, -26.632, -8.023),False,False,False,True
191,102.7306,89.2974,0.0,150,0.2,370.3,(-0.562, 1.662, -3.836),(121.701, -29.175, -3.468),False,False,False,True
192,99.3437,98.2995,0.0,150,0.2,372.08,(-0.118, 1.282, -2.265),(123.226, -31.979, -6.964),False,False,False,True
193,99.278,97.8616,0.0,150,0.2,373.88,(1.416, 0.133, -3.578),(119.3, -28.226, -4.105),False,False,False,True
194,94.8873,97.6157,0.0,150,0.2,375.67,(-0.808, 1.067, -1.966),(121.378, -30.937, -3.967),False,False,False,True
195,100.6216,97.5622,0.0,150,0.2,377.48,(-1.533, 0.948, -3.681),(122.53, -28.937, -8.536),False,False,False,True
196,99.3132,97.5007,0.0,150,0.2,379.26,(-0.174, -0.44, -4.924),(120.86, -27.765, -7.88),False,False,False,True
197,101.5314,97.6871,0.0,150,0.2,381.06,(0.601, 0.863, -4.071),(119.846, -30.683, -7.215),False,False,False,True
198,99.5295,98.6491,0.0,150,0.2,382.86,(1.061, 1.12, -2.477),(116.583, -27.787, -3.484),False,False,False,True
199,99.4676,99.6003,0.0,150,0.2,384.67,(0.199, -1.015, -3.614),(120.73, -33.48, -2.838),False,False,False,True
200,103.7101,100.0413,0.0,150,0.2,386.46,(0.887, 1.259, -2.616),(123.386, -29.282, -7.697),False,False,False,True
# [06:28:29] [greedy-eval @ episode 200] success_rate=0.0% over 5 episodes
201,102.2508,99.9933,0.0,150,0.2,391.45,(0.147, -0.884, -4.476),(121.811, -29.435, -8.619),False,False,False,True
202,94.2418,99.4831,0.0,150,0.2,393.24,(1.215, -0.565, -3.169),(119.904, -27.574, -7.137),False,False,False,True
203,104.9157,100.0469,0.0,150,0.2,395.04,(-0.166, 1.379, -2.684),(118.755, -28.954, -2.616),False,False,False,True
204,99.352,100.4934,0.0,150,0.2,396.79,(0.875, 0.62, -2.134),(117.791, -28.319, -7.403),False,False,False,True
205,15.6435,91.9956,0.0,17,0.2,397.08,(1.113, -1.206, -1.937),(118.496, -25.254, -4.69),False,False,True,False
206,97.5165,91.8159,0.0,150,0.2,398.83,(-0.063, 0.507, -2.655),(119.24, -25.484, -6.88),False,False,False,True
207,99.5602,91.6188,0.0,150,0.2,400.63,(-1.352, -0.461, -3.062),(119.971, -28.583, -5.532),False,False,False,True
208,98.8531,91.5511,0.0,150,0.2,402.43,(0.051, 1.615, -3.925),(116.736, -32.885, -3.379),False,False,False,True
209,96.161,91.2205,0.0,150,0.2,404.22,(-0.681, -0.224, -4.655),(123.918, -28.893, -3.336),False,False,False,True
210,100.0845,90.8579,0.0,150,0.2,405.98,(0.085, -0.189, -1.857),(123.492, -31.44, -3.426),False,False,False,True
211,90.7429,89.7071,0.0,150,0.2,407.77,(-1.004, -0.421, -3.247),(121.717, -27.945, -3.397),False,False,False,True
212,95.4557,89.8285,0.0,150,0.2,409.57,(-1.031, -0.838, -2.901),(118.923, -25.282, -3.837),False,False,False,True
213,98.9592,89.2329,0.0,150,0.2,411.33,(-0.883, 0.756, -1.508),(121.404, -33.97, -6.213),False,False,False,True
214,95.4122,88.8389,0.0,150,0.2,413.15,(0.137, -0.836, -3.697),(122.252, -27.146, -6.291),False,False,False,True
215,92.007,96.4752,0.0,150,0.2,414.96,(0.971, 1.374, -2.014),(120.78, -26.562, -2.131),False,False,False,True
216,100.5329,96.7769,0.0,150,0.2,416.77,(-1.289, 0.019, -4.165),(123.994, -29.731, -3.175),False,False,False,True
217,96.4475,96.4656,0.0,150,0.2,418.56,(1.572, 0.23, -2.796),(119.678, -25.748, -7.371),False,False,False,True
218,97.7302,96.3533,0.0,150,0.2,420.35,(-0.053, 1.564, -2.746),(117.656, -33.234, -5.442),False,False,False,True
219,93.7537,96.1126,0.0,150,0.2,422.14,(1.518, -0.069, -2.294),(117.877, -25.64, -4.058),False,False,False,True
220,97.6679,95.8709,0.0,150,0.2,423.94,(1.442, -0.072, -4.127),(121.735, -30.777, -2.815),False,False,False,True
# [07:06:06] [greedy-eval @ episode 220] success_rate=0.0% over 5 episodes
221,22.1523,89.0119,0.0,31,0.2,427.7,(-0.151, 0.011, -3.726),(123.602, -30.178, -6.901),False,False,True,False
222,96.5246,89.1188,0.0,150,0.2,429.51,(1.737, -0.059, -3.583),(124.018, -32.138, -5.739),False,False,False,True
223,94.0179,88.6246,0.0,150,0.2,431.29,(0.578, -1.033, -2.201),(119.806, -28.137, -4.531),False,False,False,True
224,94.4927,88.5327,0.0,150,0.2,433.05,(0.012, 0.554, -1.253),(117.885, -27.261, -6.904),False,False,False,True
225,96.3114,88.9631,0.0,150,0.2,434.84,(0.9, -1.374, -2.94),(122.931, -31.308, -6.492),False,False,False,True
226,100.8537,88.9952,0.0,150,0.2,436.63,(-0.473, 1.001, -3.297),(120.655, -28.769, -8.741),False,False,False,True
227,99.1318,89.2636,0.0,150,0.2,438.41,(-0.803, -0.94, -1.728),(121.789, -25.879, -6.599),False,False,False,True
228,103.2214,89.8127,0.0,150,0.2,440.19,(-0.106, 0.069, -3.901),(122.599, -27.081, -5.475),False,False,False,True
229,94.2867,89.866,0.0,150,0.2,441.98,(-0.067, 0.846, -4.106),(120.454, -30.281, -8.794),False,False,False,True
230,103.9427,90.4935,0.0,150,0.2,443.77,(-0.022, -0.14, -4.751),(121.265, -31.773, -3.24),False,False,False,True
231,100.3492,98.3132,0.0,150,0.2,445.58,(-0.026, 1.874, -3.003),(117.291, -27.444, -7.624),False,False,False,True
232,91.4678,97.8075,0.0,150,0.2,447.38,(-0.215, -0.999, -4.205),(120.11, -26.916, -4.841),False,False,False,True
233,97.0343,98.1092,0.0,150,0.2,449.15,(0.714, -0.371, -1.822),(118.735, -33.148, -7.735),False,False,False,True
234,91.9601,97.8559,0.0,150,0.2,450.91,(-0.224, 0.034, -2.35),(116.942, -28.672, -4.185),False,False,False,True
235,94.7717,97.7019,0.0,150,0.2,452.72,(1.355, 0.26, -4.001),(123.406, -31.689, -5.129),False,False,False,True
236,104.4919,98.0657,0.0,150,0.2,454.5,(-1.003, -0.571, -2.438),(117.645, -28.061, -8.838),False,False,False,True
237,95.9103,97.7436,0.0,150,0.2,456.29,(-0.961, -0.825, -2.732),(118.158, -33.131, -6.8),False,False,False,True
238,92.3868,96.6601,0.0,150,0.2,458.05,(-0.521, -0.387, -1.679),(121.621, -29.385, -5.116),False,False,False,True
239,89.4397,96.1754,0.0,150,0.2,459.85,(1.596, -0.439, -2.808),(118.942, -27.442, -9.091),False,False,False,True
240,103.247,96.1059,0.0,150,0.2,461.63,(-1.458, -0.814, -1.996),(118.432, -32.128, -6.085),False,False,False,True
# [07:49:18] [greedy-eval @ episode 240] success_rate=0.0% over 5 episodes
241,95.3299,95.6039,0.0,150,0.2,472.27,(1.927, -0.368, -3.145),(118.097, -27.054, -5.526),False,False,False,True
242,89.9825,95.4554,0.0,150,0.2,474.06,(0.655, 1.658, -3.55),(121.379, -28.691, -7.28),False,False,False,True
243,95.8326,95.3352,0.0,150,0.2,475.85,(0.067, -1.289, -3.059),(116.499, -29.645, -5.359),False,False,False,True
244,92.7692,95.4162,0.0,150,0.2,477.65,(0.616, 0.117, -3.704),(118.702, -28.91, -4.896),False,False,False,True
245,90.4427,94.9833,0.0,150,0.2,479.43,(0.932, 0.802, -1.718),(119.769, -28.103, -1.81),False,False,False,True
246,92.5153,93.7856,0.0,150,0.2,481.26,(0.422, -0.764, -3.192),(119.37, -28.199, -1.388),False,False,False,True
247,90.7564,93.2702,0.0,150,0.2,483.05,(0.186, 0.643, -4.563),(118.772, -29.669, -9.65),False,False,False,True
248,90.5536,93.0869,0.0,150,0.2,484.8,(-0.648, 0.366, -2.473),(117.394, -29.938, -7.763),False,False,False,True
249,88.1403,92.9569,0.0,150,0.2,486.58,(0.534, -0.484, -2.034),(121.571, -27.993, -5.62),False,False,False,True
250,96.0474,92.237,0.0,150,0.2,488.37,(-1.892, 0.018, -2.42),(124.508, -30.452, -6.67),False,False,False,True
# [08:07:12] Training complete. 250 episodes in 488.4 min. Final avg reward (last 10): 92.24. Final success rate (last 10): 0.0%.
