# run_name: d3qn_random_depth_200
# timestamp: 20260817_180745
# ---- config ----
# goal_position: (20, 0, -3)
# start_position: (0, 0, -3)
# max_episode_steps: 150
# dt: 0.5
# speed: 2.0
# state_dim: 20
# action_dim: 27
# lr: 0.0001
# gamma: 0.99
# buffer_capacity: 1000000
# batch_size: 32
# epsilon_start: 1.0
# epsilon_end: 0.2
# epsilon_decay_steps: 24000
# target_update_freq: 250
# use_double: True
# use_dueling: True
# ----------------
episode,reward,avg10,success_rate10,steps,epsilon,elapsed_min,start_position,goal_position,is_success,is_crash,is_out_of_bounds,is_timeout
1,-15.8107,-15.8107,0.0,150,0.996,0.63,(-0.686, -0.623, -3.259),(18.508, 0.602, -1.431),False,False,False,True
2,-2.0735,-8.9421,0.0,13,0.9956,0.68,(-0.313, -0.891, -2.836),(20.999, 1.077, -5.615),False,False,True,False
3,-10.5843,-9.4895,0.0,150,0.9906,1.2,(0.674, 0.427, -3.034),(21.786, -0.331, -1.2),False,False,False,True
4,-26.7225,-13.7977,0.0,150,0.9856,1.7,(0.698, -0.234, -2.664),(18.038, -1.088, -3.063),False,False,False,True
5,-10.8764,-13.2135,0.0,150,0.9806,2.23,(-0.486, 0.488, -2.941),(19.081, 1.691, -4.444),False,False,False,True
6,-22.0195,-14.6811,0.0,150,0.9756,2.73,(-0.266, 0.133, -3.708),(20.936, -1.216, -1.0),False,False,False,True
7,-13.226,-14.4733,0.0,150,0.9706,3.24,(-0.299, -0.701, -3.314),(21.708, 0.929, -1.441),False,False,False,True
8,-4.3368,-13.2062,0.0,150,0.9656,3.77,(0.619, -0.651, -3.3),(19.142, 0.819, -4.618),False,False,False,True
9,-0.3279,-11.7753,0.0,22,0.9649,3.84,(0.166, 0.239, -2.991),(20.663, -0.139, -5.266),False,False,True,False
10,-0.0183,-10.5996,0.0,27,0.964,3.94,(-0.425, -0.333, -3.546),(21.856, -0.908, -1.698),False,False,True,False
11,-19.2411,-10.9426,0.0,150,0.959,4.45,(-0.145, 0.186, -3.133),(20.323, -1.028, -1.396),False,False,False,True
12,-2.094,-10.9447,0.0,150,0.954,4.96,(0.121, 0.608, -3.525),(19.283, 1.576, -3.43),False,False,False,True
13,-10.0759,-10.8938,0.0,150,0.949,5.48,(-0.292, 0.068, -2.109),(20.896, 1.421, -2.838),False,False,False,True
14,-0.7741,-8.299,0.0,150,0.944,5.99,(-0.372, 0.473, -3.375),(17.675, 1.314, -3.333),False,False,False,True
15,-17.5028,-8.9616,0.0,150,0.939,6.5,(-0.223, -0.419, -3.723),(18.295, -2.174, -2.906),False,False,False,True
16,-2.7056,-7.0303,0.0,15,0.9385,6.56,(-0.264, -0.052, -2.666),(18.974, -0.514, -3.751),False,False,True,False
17,-12.498,-6.9575,0.0,150,0.9335,7.07,(0.51, -0.772, -2.643),(19.246, 0.692, -1.81),False,False,False,True
18,-7.0123,-7.225,0.0,143,0.9287,7.55,(-0.102, 0.397, -2.256),(17.413, -0.161, -3.021),False,False,True,False
19,-2.7837,-7.4706,0.0,150,0.9237,8.05,(-0.316, -0.652, -3.272),(20.171, -1.072, -3.889),False,False,False,True
20,-16.5263,-9.1214,0.0,150,0.9187,8.56,(-0.15, -0.569, -3.655),(17.668, 0.625, -3.395),False,False,False,True
21,-10.934,-8.2907,0.0,150,0.9137,9.07,(0.603, -0.167, -3.701),(20.04, -1.989, -1.311),False,False,False,True
22,-22.4796,-10.3292,0.0,150,0.9087,9.58,(-0.438, -0.056, -3.768),(20.633, 0.859, -1.0),False,False,False,True
23,-5.5498,-9.8766,0.0,150,0.9037,10.1,(-0.061, 0.123, -3.783),(20.621, -2.374, -1.848),False,False,False,True
24,-5.6309,-10.3623,0.0,150,0.8987,10.6,(-0.258, 0.047, -2.173),(21.526, 1.009, -2.167),False,False,False,True
25,-19.9757,-10.6096,0.0,150,0.8937,11.11,(0.245, 0.633, -2.912),(21.177, -0.408, -2.613),False,False,False,True
26,-7.043,-11.0433,0.0,150,0.8887,11.63,(0.389, 0.765, -2.533),(19.458, 0.187, -1.205),False,False,False,True
27,-9.9827,-10.7918,0.0,150,0.8837,12.13,(0.066, -0.113, -3.648),(22.208, -1.511, -3.347),False,False,False,True
28,-1.2256,-10.2131,0.0,150,0.8787,12.64,(-0.512, 0.199, -3.474),(21.506, 0.269, -1.737),False,False,False,True
29,-6.866,-10.6213,0.0,150,0.8737,13.14,(0.293, 0.619, -2.957),(21.042, 0.082, -1.0),False,False,False,True
30,-11.5176,-10.1205,0.0,150,0.8687,13.95,(-0.245, 0.066, -3.547),(20.86, 2.204, -1.74),False,False,False,True
31,-13.1934,-10.3464,0.0,150,0.8637,14.79,(0.058, -0.812, -3.024),(21.694, 0.419, -1.0),False,False,False,True
32,-16.0156,-9.7,0.0,150,0.8587,15.64,(-0.318, 0.703, -2.532),(18.758, -1.526, -1.695),False,False,False,True
33,-11.286,-10.2737,0.0,150,0.8537,16.49,(0.346, -0.001, -3.715),(19.144, -2.438, -3.954),False,False,False,True
34,-15.7597,-11.2865,0.0,150,0.8487,17.34,(0.639, 0.331, -3.113),(17.473, 0.592, -1.739),False,False,False,True
35,-18.3155,-11.1205,0.0,150,0.8437,18.19,(0.01, 0.566, -2.559),(21.192, -1.82, -4.475),False,False,False,True
36,-12.78,-11.6942,0.0,150,0.8387,19.03,(0.06, -0.195, -3.243),(18.587, -2.118, -3.825),False,False,False,True
37,-14.6523,-12.1612,0.0,150,0.8337,19.88,(0.857, 0.332, -2.763),(17.727, 1.373, -2.073),False,False,False,True
38,-19.2324,-13.9619,0.0,150,0.8287,20.72,(-0.043, -0.077, -2.819),(17.849, -0.67, -3.551),False,False,False,True
39,-11.951,-14.4704,0.0,150,0.8237,21.56,(0.379, -0.536, -2.933),(21.902, 0.09, -3.408),False,False,False,True
40,-14.0469,-14.7233,0.0,150,0.8187,22.41,(0.205, 0.29, -3.456),(19.526, 1.046, -1.0),False,False,False,True
41,-11.1077,-14.5147,0.0,150,0.8137,23.25,(0.015, -0.568, -2.234),(19.863, -1.25, -2.617),False,False,False,True
42,-12.1491,-14.1281,0.0,150,0.8087,24.1,(0.408, 0.468, -2.438),(19.173, 0.784, -2.179),False,False,False,True
43,-13.0412,-14.3036,0.0,150,0.8037,24.94,(-0.224, 0.155, -3.095),(21.094, -1.002, -1.207),False,False,False,True
44,-12.575,-13.9851,0.0,150,0.7987,25.79,(0.729, 0.627, -2.972),(19.767, -0.825, -2.542),False,False,False,True
45,-0.7433,-12.2279,0.0,7,0.7985,25.84,(-0.229, 0.768, -2.715),(19.735, 2.442, -2.061),False,False,True,False
46,-13.3485,-12.2847,0.0,150,0.7935,26.68,(-0.253, -0.526, -3.744),(19.491, -0.145, -1.176),False,False,False,True
47,-13.3532,-12.1548,0.0,150,0.7885,27.53,(0.122, 0.325, -3.291),(20.034, 0.826, -4.748),False,False,False,True
48,-12.252,-11.4568,0.0,150,0.7835,28.38,(0.176, 0.405, -3.042),(20.369, 0.314, -2.327),False,False,False,True
49,-13.2362,-11.5853,0.0,150,0.7785,29.22,(-0.817, -0.152, -2.613),(18.554, -2.338, -3.74),False,False,False,True
50,-14.2421,-11.6048,0.0,150,0.7735,30.07,(-0.521, 0.289, -2.474),(18.109, 0.93, -1.981),False,False,False,True
51,-13.9779,-11.8918,0.0,150,0.7685,30.91,(-0.514, -0.752, -2.606),(18.437, -0.31, -5.452),False,False,False,True
52,-13.5898,-12.0359,0.0,150,0.7635,31.77,(0.287, 0.723, -3.459),(21.88, -1.999, -2.529),False,False,False,True
53,-12.1494,-11.9467,0.0,150,0.7585,32.62,(0.03, 0.655, -3.033),(19.324, -0.68, -2.722),False,False,False,True
54,-12.0263,-11.8919,0.0,150,0.7535,33.47,(0.371, -0.763, -2.932),(19.911, -0.137, -1.0),False,False,False,True
55,-9.0315,-12.7207,0.0,150,0.7485,34.31,(0.128, 0.348, -3.289),(19.056, 1.368, -1.288),False,False,False,True
56,-9.5785,-12.3437,0.0,150,0.7435,35.18,(-0.057, 0.234, -2.558),(21.812, 1.257, -3.042),False,False,False,True
57,-11.4748,-12.1559,0.0,150,0.7385,36.03,(-0.183, 0.345, -3.884),(20.202, 2.031, -4.871),False,False,False,True
58,-11.9984,-12.1305,0.0,150,0.7335,36.88,(0.776, -0.499, -2.792),(17.152, -0.096, -3.086),False,False,False,True
59,-10.7766,-11.8845,0.0,150,0.7285,37.74,(-0.227, 0.609, -2.621),(22.544, 0.503, -2.648),False,False,False,True
60,-3.7284,-10.8332,0.0,50,0.7268,38.03,(-0.385, -0.639, -3.588),(20.652, -0.293, -1.0),False,False,True,False
61,-10.5559,-10.491,0.0,150,0.7218,38.88,(0.742, 0.101, -2.606),(18.782, 0.699, -3.485),False,False,False,True
62,-12.2846,-10.3604,0.0,150,0.7168,39.73,(-0.233, 0.192, -3.63),(20.646, -0.787, -3.326),False,False,False,True
63,-12.9596,-10.4415,0.0,150,0.7118,40.58,(0.503, 0.124, -3.046),(18.273, 0.583, -2.934),False,False,False,True
64,-11.834,-10.4222,0.0,150,0.7068,41.43,(-0.088, -0.149, -2.31),(22.247, 0.108, -2.26),False,False,False,True
65,-10.9043,-10.6095,0.0,150,0.7018,42.28,(-0.475, 0.868, -3.087),(19.978, 0.889, -2.192),False,False,False,True
66,-9.306,-10.5823,0.0,150,0.6968,43.13,(-0.496, -0.012, -3.587),(21.438, 2.244, -3.555),False,False,False,True
67,-1.7528,-9.6101,0.0,26,0.6959,43.29,(0.208, 0.563, -3.464),(19.73, 0.556, -1.908),False,False,True,False
68,-10.1252,-9.4227,0.0,150,0.6909,44.15,(-0.405, 0.849, -3.048),(18.373, -0.547, -3.067),False,False,False,True
69,-11.5743,-9.5025,0.0,150,0.6859,45.0,(0.135, 0.382, -3.834),(21.383, 1.068, -4.383),False,False,False,True
70,-1.6497,-9.2946,0.0,19,0.6853,45.12,(0.058, -0.43, -2.977),(18.988, 0.088, -1.721),False,False,True,False
71,-12.1973,-9.4588,0.0,150,0.6803,45.97,(-0.237, -0.404, -3.17),(18.496, -1.124, -4.449),False,False,False,True
72,-11.4608,-9.3764,0.0,150,0.6753,46.82,(-0.828, -0.392, -3.215),(19.646, 0.355, -2.337),False,False,False,True
73,-18.4519,-9.9256,0.0,150,0.6703,47.67,(0.071, -0.602, -3.099),(19.344, 1.074, -3.848),False,False,False,True
74,-11.146,-9.8568,0.0,150,0.6653,48.51,(0.133, -0.121, -2.176),(20.899, -1.144, -3.919),False,False,False,True
75,-19.1269,-10.6791,0.0,150,0.6603,49.35,(-0.489, -0.771, -3.317),(19.709, 0.503, -2.075),False,False,False,True
76,-15.9786,-11.3464,0.0,150,0.6553,50.2,(0.112, 0.137, -2.499),(21.133, 0.452, -3.813),False,False,False,True
77,-12.4491,-12.416,0.0,150,0.6503,51.05,(0.434, -0.357, -3.473),(21.736, 1.747, -2.684),False,False,False,True
78,-11.0852,-12.512,0.0,150,0.6453,51.89,(-0.394, -0.688, -2.514),(17.654, 0.45, -3.858),False,False,False,True
79,-4.544,-11.8089,0.0,55,0.6435,52.21,(-0.185, 0.101, -3.675),(19.532, -2.627, -2.253),False,False,True,False
80,-0.5222,-11.6962,0.0,5,0.6433,52.25,(0.148, -0.009, -2.22),(18.934, 0.936, -1.316),False,False,True,False
81,-5.6851,-11.045,0.0,73,0.6409,52.67,(0.52, 0.663, -3.362),(21.032, -1.39, -3.158),False,False,True,False
82,-4.6182,-10.3607,0.0,60,0.6389,53.01,(-0.577, -0.465, -3.575),(18.306, -1.04, -4.056),False,False,True,False
83,-1.0904,-8.6246,0.0,17,0.6383,53.12,(0.236, 0.591, -3.653),(19.108, -1.122, -1.702),False,False,True,False
84,-14.5572,-8.9657,0.0,150,0.6333,53.97,(-0.225, -0.673, -3.069),(20.357, 0.634, -3.624),False,False,False,True
85,-11.0694,-8.1599,0.0,150,0.6283,54.82,(0.406, 0.222, -2.147),(18.057, -0.168, -2.344),False,False,False,True
86,-10.4367,-7.6058,0.0,150,0.6233,55.66,(-0.208, 0.37, -2.992),(20.321, 0.608, -4.222),False,False,False,True
87,-17.0874,-8.0696,0.0,150,0.6183,56.51,(-0.389, 0.167, -2.107),(22.413, 1.268, -3.977),False,False,False,True
88,-14.4088,-8.4019,0.0,150,0.6133,57.37,(-0.233, -0.65, -3.131),(21.061, 2.13, -1.724),False,False,False,True
89,-10.3619,-8.9837,0.0,150,0.6083,58.22,(0.22, -0.369, -2.231),(20.952, -0.104, -3.381),False,False,False,True
90,-17.6498,-10.6965,0.0,150,0.6033,59.06,(0.817, -0.232, -3.007),(20.623, 1.771, -1.886),False,False,False,True
91,-4.0725,-10.5352,0.0,56,0.6014,59.38,(-0.17, -0.438, -2.877),(20.889, 0.268, -2.717),False,False,True,False
92,-12.6637,-11.3398,0.0,150,0.5964,60.23,(0.614, -0.511, -3.304),(18.953, 1.802, -3.893),False,False,False,True
93,-13.3745,-12.5682,0.0,150,0.5914,61.09,(0.325, -0.818, -3.423),(18.026, 0.583, -4.449),False,False,False,True
94,-12.4071,-12.3532,0.0,150,0.5864,61.94,(-0.53, -0.189, -3.536),(22.089, 1.463, -3.923),False,False,False,True
95,-3.3892,-11.5852,0.0,49,0.5848,62.23,(0.083, -0.81, -3.339),(20.161, -0.761, -3.591),False,False,True,False
96,-1.89,-10.7305,0.0,28,0.5839,62.4,(-0.329, 0.276, -2.493),(19.447, 0.456, -1.121),False,False,True,False
97,-11.0881,-10.1306,0.0,150,0.5789,63.25,(0.1, 0.914, -3.151),(21.851, 1.673, -4.632),False,False,False,True
98,-14.9409,-10.1838,0.0,150,0.5739,64.1,(0.368, 0.514, -2.642),(19.896, -1.686, -2.525),False,False,False,True
99,-1.1536,-9.2629,0.0,14,0.5734,64.19,(-0.719, -0.268, -2.364),(18.324, -0.279, -1.246),False,False,True,False
100,-13.6212,-8.8601,0.0,150,0.5684,65.04,(0.457, 0.28, -3.39),(18.094, -0.28, -4.95),False,False,False,True
101,-10.0751,-9.4603,0.0,150,0.5634,65.88,(-0.238, -0.048, -2.851),(22.017, -0.949, -4.756),False,False,False,True
102,-10.694,-9.2634,0.0,150,0.5584,66.73,(-0.463, 0.71, -3.513),(18.799, -2.181, -4.163),False,False,False,True
103,-11.067,-9.0326,0.0,150,0.5534,67.58,(-0.067, -0.031, -3.447),(19.348, -1.17, -4.948),False,False,False,True
104,-11.6803,-8.9599,0.0,150,0.5484,68.43,(0.312, 0.678, -3.338),(19.384, 1.782, -4.274),False,False,False,True
105,-10.5967,-9.6807,0.0,150,0.5434,69.28,(-0.157, -0.481, -3.815),(22.113, -0.524, -3.3),False,False,False,True
106,-5.0917,-10.0009,0.0,62,0.5413,69.64,(-0.428, -0.565, -2.519),(22.051, -0.453, -3.714),False,False,True,False
107,-11.2023,-10.0123,0.0,150,0.5363,70.48,(0.035, 0.296, -3.261),(21.674, 2.291, -2.214),False,False,False,True
108,-0.7536,-8.5935,0.0,8,0.5361,70.54,(-0.43, 0.11, -2.574),(18.723, -1.015, -1.051),False,False,True,False
109,-14.0876,-9.887,0.0,150,0.5311,71.39,(-0.852, 0.184, -3.112),(19.713, -1.143, -5.721),False,False,False,True
110,-12.4262,-9.7675,0.0,150,0.5261,72.24,(-0.907, -0.044, -3.29),(18.577, -0.313, -5.465),False,False,False,True
111,-9.778,-9.7377,0.0,150,0.5211,73.09,(-0.525, -0.684, -2.549),(20.371, -1.103, -1.232),False,False,False,True
112,-12.4947,-9.9178,0.0,147,0.5162,73.93,(-0.485, -0.077, -2.949),(18.427, -2.188, -3.32),False,False,True,False
113,-9.8892,-9.8,0.0,150,0.5112,74.77,(-0.955, 0.127, -3.06),(22.848, 0.419, -3.426),False,False,False,True
114,-10.5812,-9.6901,0.0,150,0.5062,75.62,(-0.436, -0.063, -2.875),(20.264, 0.381, -3.65),False,False,False,True
115,-13.236,-9.9541,0.0,150,0.5012,76.47,(-0.12, -0.709, -2.542),(19.858, -1.398, -2.866),False,False,False,True
116,-13.4721,-10.7921,0.0,150,0.4962,77.31,(-0.165, -0.545, -2.315),(18.073, 0.988, -3.224),False,False,False,True
117,-1.0731,-9.7792,0.0,16,0.4956,77.41,(0.06, -0.018, -2.067),(18.036, -0.137, -1.482),False,False,True,False
118,-16.4664,-11.3505,0.0,150,0.4906,78.26,(0.737, -0.482, -2.761),(21.394, -1.084, -1.143),False,False,False,True
119,-10.7896,-11.0207,0.0,150,0.4856,79.11,(0.066, 0.48, -2.832),(20.726, 0.642, -2.746),False,False,False,True
120,-10.8453,-10.8626,0.0,150,0.4806,79.95,(-0.229, 0.285, -2.631),(20.703, 0.947, -3.675),False,False,False,True
121,-16.6728,-11.5521,0.0,150,0.4756,80.79,(0.806, -0.245, -2.945),(21.399, -0.862, -1.981),False,False,False,True
122,-15.1271,-11.8153,0.0,150,0.4706,81.64,(0.512, -0.801, -2.905),(19.703, -2.746, -2.24),False,False,False,True
123,-10.0496,-11.8313,0.0,150,0.4656,82.49,(0.208, -0.316, -3.393),(18.332, -1.386, -4.559),False,False,False,True
124,-10.7562,-11.8488,0.0,150,0.4606,83.34,(0.865, 0.312, -2.869),(19.979, 2.937, -3.029),False,False,False,True
125,-14.0851,-11.9337,0.0,150,0.4556,84.21,(0.571, -0.049, -2.708),(19.466, -2.488, -1.65),False,False,False,True
126,-8.6224,-11.4488,0.0,150,0.4506,85.05,(0.305, 0.693, -3.613),(19.861, 1.465, -5.077),False,False,False,True
127,-1.2549,-11.4669,0.0,11,0.4503,85.12,(-0.49, -0.254, -3.115),(18.029, 0.548, -3.02),False,False,True,False
128,-11.401,-10.9604,0.0,150,0.4453,85.97,(0.408, 0.169, -2.649),(22.529, -1.284, -3.914),False,False,False,True
129,-13.4542,-11.2269,0.0,150,0.4403,86.82,(0.157, -0.04, -2.073),(21.405, 1.545, -4.513),False,False,False,True
130,-16.6097,-11.8033,0.0,150,0.4353,87.66,(0.317, -0.052, -2.459),(20.549, -0.663, -1.0),False,False,False,True
131,-11.4606,-11.2821,0.0,150,0.4303,88.51,(0.361, 0.656, -2.482),(19.289, 0.01, -1.0),False,False,False,True
132,-10.5687,-10.8262,0.0,150,0.4253,89.36,(0.326, -0.167, -3.305),(20.407, 0.663, -1.0),False,False,False,True
133,-12.0787,-11.0292,0.0,150,0.4203,90.21,(0.729, 0.145, -2.846),(20.142, -0.014, -3.544),False,False,False,True
134,-13.3179,-11.2853,0.0,150,0.4153,91.05,(-0.134, -0.917, -2.723),(19.763, 1.073, -1.47),False,False,False,True
135,-8.1483,-10.6916,0.0,150,0.4103,91.9,(-0.668, 0.262, -3.42),(20.635, 0.85, -5.081),False,False,False,True
136,-22.0221,-12.0316,0.0,150,0.4053,92.75,(-0.095, 0.61, -3.62),(20.72, -1.374, -1.0),False,False,False,True
137,-10.1852,-12.9246,0.0,150,0.4003,93.6,(-0.233, 0.675, -2.349),(20.173, 2.571, -3.118),False,False,False,True
138,-11.0416,-12.8887,0.0,150,0.3953,94.45,(-0.014, -0.954, -3.124),(21.129, -2.443, -3.856),False,False,False,True
139,-17.8467,-13.3279,0.0,150,0.3903,95.3,(-0.717, -0.332, -3.213),(18.887, -1.032, -1.479),False,False,False,True
140,-11.5425,-12.8212,0.0,150,0.3853,96.15,(0.564, -0.466, -3.06),(20.708, -2.104, -2.033),False,False,False,True
141,-11.6481,-12.84,0.0,150,0.3803,97.0,(-0.571, -0.544, -2.465),(20.75, 1.599, -4.334),False,False,False,True
142,-12.0903,-12.9921,0.0,150,0.3753,97.85,(0.129, -0.177, -2.816),(21.002, 2.21, -3.664),False,False,False,True
143,-13.118,-13.0961,0.0,150,0.3703,98.7,(0.204, -0.178, -2.752),(19.759, -0.479, -4.458),False,False,False,True
144,-10.543,-12.8186,0.0,150,0.3653,99.55,(0.266, -0.635, -2.313),(19.332, 0.213, -5.47),False,False,False,True
145,-24.5582,-14.4596,0.0,150,0.3603,100.4,(-0.874, -0.192, -2.835),(18.402, -1.76, -4.376),False,False,False,True
146,-9.1565,-13.173,0.0,150,0.3553,101.24,(0.353, -0.416, -3.166),(19.15, 0.012, -4.493),False,False,False,True
147,-14.7304,-13.6275,0.0,150,0.3503,102.09,(-0.762, -0.118, -3.538),(22.027, 0.513, -2.602),False,False,False,True
148,-12.8438,-13.8078,0.0,150,0.3453,102.94,(-0.576, 0.071, -2.539),(21.987, -1.983, -3.803),False,False,False,True
149,-12.4795,-13.271,0.0,150,0.3403,103.78,(-0.671, -0.086, -3.711),(20.674, -0.906, -1.192),False,False,False,True
150,-12.945,-13.4113,0.0,150,0.3353,104.64,(-0.212, 0.273, -3.177),(22.462, 0.907, -3.821),False,False,False,True
151,-10.5568,-13.3021,0.0,150,0.3303,105.48,(-0.311, -0.563, -2.658),(21.151, -0.26, -1.315),False,False,False,True
152,-11.4091,-13.234,0.0,150,0.3253,106.34,(-0.894, 0.079, -3.074),(20.011, 1.574, -3.592),False,False,False,True
153,-14.942,-13.4164,0.0,150,0.3203,107.19,(-0.181, 0.307, -3.535),(19.184, -1.808, -1.606),False,False,False,True
154,-9.4491,-13.307,0.0,150,0.3153,108.03,(0.598, 0.368, -3.587),(20.544, 0.212, -3.868),False,False,False,True
155,-11.959,-12.0471,0.0,150,0.3103,108.89,(0.126, 0.338, -2.609),(20.206, 0.966, -1.738),False,False,False,True
156,-10.111,-12.1426,0.0,150,0.3053,109.75,(-0.129, -0.1, -3.237),(21.641, 0.281, -2.168),False,False,False,True
157,-13.2775,-11.9973,0.0,150,0.3003,110.59,(-0.172, -0.498, -3.066),(19.781, 0.041, -4.653),False,False,False,True
158,-10.8912,-11.802,0.0,150,0.2953,111.44,(-0.01, 0.445, -2.98),(19.344, 1.77, -5.33),False,False,False,True
159,-14.5227,-12.0063,0.0,150,0.2903,112.29,(-0.362, 0.087, -2.577),(20.289, -1.179, -4.978),False,False,False,True
160,-17.7815,-12.49,0.0,150,0.2853,113.15,(0.285, 0.023, -3.54),(20.202, -2.354, -1.502),False,False,False,True
161,-13.363,-12.7706,0.0,150,0.2803,114.0,(-0.277, 0.154, -2.104),(19.224, 1.701, -2.635),False,False,False,True
162,-18.5117,-13.4809,0.0,150,0.2753,114.85,(0.067, 0.599, -3.549),(19.329, -0.55, -2.575),False,False,False,True
163,-15.5474,-13.5414,0.0,150,0.2703,115.7,(-0.56, 0.566, -3.4),(21.863, -1.654, -4.654),False,False,False,True
164,-11.6796,-13.7645,0.0,150,0.2653,116.55,(0.182, -0.075, -3.771),(21.713, 1.805, -4.25),False,False,False,True
165,-17.2388,-14.2925,0.0,150,0.2603,117.4,(0.022, 0.537, -3.806),(22.802, 1.059, -2.99),False,False,False,True
166,-11.1208,-14.3934,0.0,150,0.2553,118.25,(-0.267, 0.861, -3.432),(18.595, 0.39, -2.65),False,False,False,True
167,-11.4186,-14.2076,0.0,150,0.2503,119.1,(0.011, -0.365, -2.551),(18.808, 0.757, -4.179),False,False,False,True
168,-13.4645,-14.4649,0.0,150,0.2453,119.95,(-0.333, 0.037, -2.378),(19.505, -0.357, -3.138),False,False,False,True
169,-11.263,-14.1389,0.0,150,0.2403,120.79,(0.363, 0.797, -2.719),(18.745, 0.539, -1.611),False,False,False,True
170,-10.4699,-13.4077,0.0,150,0.2353,121.65,(-0.183, -0.513, -2.262),(19.744, 2.461, -3.563),False,False,False,True
171,-3.6039,-12.4318,0.0,33,0.2342,121.85,(0.379, -0.608, -2.664),(19.34, 1.127, -5.484),False,False,True,False
172,-12.4397,-11.8246,0.0,150,0.2292,122.7,(-0.525, 0.074, -2.763),(21.993, 0.201, -2.592),False,False,False,True
173,-10.3569,-11.3056,0.0,150,0.2242,123.55,(0.273, 0.218, -2.276),(20.526, -2.117, -4.477),False,False,False,True
174,-13.6102,-11.4986,0.0,150,0.2192,124.4,(-0.761, -0.12, -3.419),(18.086, 0.033, -2.557),False,False,False,True
175,-9.5024,-10.725,0.0,150,0.2142,125.25,(-0.549, -0.246, -3.026),(20.706, 1.596, -3.618),False,False,False,True
176,-42.9783,-13.9107,0.0,124,0.21,125.95,(-0.866, 0.199, -2.893),(19.875, -2.523, -4.513),False,False,True,False
177,-9.6166,-13.7305,0.0,150,0.205,126.8,(-0.146, -0.851, -2.848),(20.432, 1.619, -3.511),False,False,False,True
178,-17.1576,-14.0999,0.0,150,0.2,127.65,(-0.609, 0.52, -2.522),(20.837, -1.693, -4.322),False,False,False,True
179,-10.1966,-13.9932,0.0,150,0.2,128.49,(0.222, 0.701, -3.48),(18.347, -0.402, -4.494),False,False,False,True
180,-2.4766,-13.1939,0.0,36,0.2,128.7,(-0.677, -0.381, -3.136),(19.43, -0.419, -1.0),False,False,True,False
181,-13.6524,-14.1987,0.0,150,0.2,129.55,(-0.499, 0.573, -3.556),(17.805, -1.227, -2.957),False,False,False,True
182,-11.7562,-14.1304,0.0,150,0.2,130.4,(-0.539, -0.086, -3.425),(20.141, 2.723, -2.954),False,False,False,True
183,-0.4573,-13.1404,0.0,8,0.2,130.46,(-0.802, -0.345, -3.47),(19.556, 1.197, -1.0),False,False,True,False
184,-9.2179,-12.7012,0.0,150,0.2,131.31,(-0.438, -0.584, -2.741),(20.692, 1.599, -3.226),False,False,False,True
185,-13.5982,-13.1108,0.0,150,0.2,132.15,(0.762, 0.266, -3.167),(19.894, -0.886, -1.0),False,False,False,True
186,-0.9931,-8.9122,0.0,14,0.2,132.24,(0.266, -0.541, -2.248),(21.586, -0.989, -3.965),False,False,True,False
187,-15.7385,-9.5244,0.0,150,0.2,133.09,(0.26, 0.824, -3.128),(22.333, 0.468, -1.455),False,False,False,True
188,-7.9857,-8.6072,0.0,150,0.2,133.93,(0.289, 0.304, -3.203),(20.367, -0.894, -4.966),False,False,False,True
189,-7.9959,-8.3872,0.0,150,0.2,134.78,(-0.112, 0.274, -3.356),(17.682, 0.331, -3.03),False,False,False,True
190,-11.7531,-9.3148,0.0,150,0.2,135.63,(0.096, -0.073, -2.958),(22.111, 1.411, -4.412),False,False,False,True
191,-2.7373,-8.2233,0.0,43,0.2,135.88,(-0.4, -0.204, -2.442),(19.93, 2.358, -3.136),False,False,True,False
192,-10.9117,-8.1389,0.0,150,0.2,136.73,(0.335, 0.153, -3.674),(20.575, -0.857, -5.047),False,False,False,True
193,-6.5543,-8.7486,0.0,90,0.2,137.24,(-0.759, -0.171, -2.948),(21.212, 1.516, -2.869),False,False,True,False
194,-8.7899,-8.7057,0.0,150,0.2,138.09,(-0.148, 0.927, -3.012),(21.092, -1.261, -2.319),False,False,False,True
195,-11.9096,-8.5369,0.0,150,0.2,138.95,(-0.372, -0.811, -2.855),(22.62, -1.318, -3.364),False,False,False,True
196,-8.5887,-9.2965,0.0,150,0.2,139.79,(0.906, 0.012, -3.211),(20.362, 1.301, -5.651),False,False,False,True
197,-9.4023,-8.6628,0.0,150,0.2,140.64,(0.636, -0.545, -3.471),(18.792, 0.862, -4.483),False,False,False,True
198,-12.4495,-9.1092,0.0,150,0.2,141.49,(0.555, 0.29, -2.572),(20.301, -0.586, -1.33),False,False,False,True
199,-9.4439,-9.254,0.0,150,0.2,142.35,(-0.163, 0.072, -2.057),(19.845, -0.935, -1.0),False,False,False,True
200,-8.2321,-8.9019,0.0,150,0.2,143.19,(-0.899, -0.106, -2.628),(20.889, 0.329, -3.313),False,False,False,True
# [20:30:58] Training complete. 200 episodes in 143.2 min. Final avg reward (last 10): -8.90. Final success rate (last 10): 0.0%.
