# run_name: d3qn_city_v2_100
# timestamp: 20260824_163032
# ---- config ----
# warm_started_from: /home/ic-lab/Nourhan/DRL_UAV_Autnomous_Navigation/agents/../results/d3qn_city_test_400_v1_20260823_192020_ep400.pt
# goal_position: (50, 0, -3)
# start_position: (0, 0, -3)
# randomize_positions: True
# start_jitter_radius: 1.0
# goal_jitter_radius: 3.0
# max_episode_steps: 150
# dt: 0.5
# speed: 2.0
# state_dim: 15
# action_dim: 27
# lr: 0.0001
# gamma: 0.99
# buffer_capacity: 1000000
# batch_size: 32
# epsilon_start: 0.2
# epsilon_end: 0.05
# epsilon_decay_steps: 10000
# target_update_freq: 250
# use_double: True
# use_dueling: True
# ----------------
episode,reward,avg10,success_rate10,steps,epsilon,elapsed_min,start_position,goal_position,is_success,is_crash,is_out_of_bounds,is_timeout
1,32.4271,32.4271,0.0,82,0.1992,0.9,(-0.283, -0.114, -2.772),(51.649, -0.493, -1.0),False,True,False,False
2,91.7623,62.0947,50.0,116,0.1975,2.24,(-0.304, -0.556, -3.398),(50.933, -1.802, -4.661),True,False,False,False
3,88.2282,70.8059,66.67,141,0.1954,3.81,(-0.032, -0.121, -2.41),(49.809, 2.058, -3.679),True,False,False,False
4,93.356,76.4434,75.0,60,0.1945,4.55,(0.113, 0.662, -3.59),(49.528, 0.37, -3.708),True,False,False,False
5,33.34,67.8227,60.0,150,0.1922,6.26,(-0.672, -0.392, -2.785),(48.335, 0.563, -1.231),False,False,False,True
6,90.9325,71.6744,66.67,106,0.1906,7.47,(0.257, 0.219, -3.277),(49.684, -2.619, -2.117),True,False,False,False
7,95.3737,75.06,71.43,66,0.1897,8.3,(-0.72, 0.08, -3.157),(49.073, -1.79, -5.038),True,False,False,False
8,90.635,77.0068,75.0,85,0.1884,9.31,(0.833, 0.21, -2.9),(48.244, -0.801, -4.222),True,False,False,False
9,94.5809,78.9595,77.78,79,0.1872,10.28,(0.64, -0.152, -3.004),(50.65, -2.117, -1.385),True,False,False,False
10,89.7216,80.0357,80.0,143,0.185,11.91,(-0.12, -0.598, -3.241),(50.472, -0.657, -5.81),True,False,False,False
11,37.2734,80.5204,80.0,150,0.1828,13.57,(0.558, -0.095, -2.304),(50.677, 1.669, -5.031),False,False,False,True
12,93.5303,80.6972,80.0,80,0.1816,14.53,(-0.509, -0.369, -3.222),(49.389, -0.691, -1.048),True,False,False,False
13,90.4939,80.9237,80.0,100,0.1801,15.67,(-0.256, -0.541, -2.439),(48.676, 0.808, -1.0),True,False,False,False
14,95.0978,81.0979,80.0,76,0.179,16.54,(0.183, -0.284, -2.225),(50.611, 0.147, -5.171),True,False,False,False
15,95.5335,87.3173,90.0,64,0.178,17.35,(-0.666, -0.596, -3.296),(50.134, -1.357, -2.252),True,False,False,False
16,95.9884,87.8228,90.0,74,0.1769,18.27,(-0.729, 0.147, -2.934),(50.69, 0.401, -5.13),True,False,False,False
17,93.9465,87.6801,90.0,75,0.1758,19.21,(0.064, 0.769, -2.959),(50.551, 0.325, -2.961),True,False,False,False
18,93.8341,88.0,90.0,93,0.1744,20.31,(-0.889, 0.373, -3.23),(50.33, 2.28, -2.894),True,False,False,False
19,91.553,87.6973,90.0,124,0.1725,21.72,(-0.467, 0.164, -3.769),(50.769, -0.36, -3.742),True,False,False,False
20,90.5339,87.7785,90.0,77,0.1714,22.64,(0.659, 0.68, -3.212),(47.618, 0.501, -3.825),True,False,False,False
# [16:56:22] [greedy-eval @ episode 20] success_rate=100.0% over 5 episodes
21,94.4653,93.4977,100.0,93,0.17,26.92,(-0.411, 0.508, -3.49),(51.331, -0.879, -2.559),True,False,False,False
22,94.0747,93.5521,100.0,57,0.1691,27.62,(0.484, 0.704, -2.708),(49.839, 1.704, -2.215),True,False,False,False
23,92.8886,93.7916,100.0,108,0.1675,28.87,(-0.871, -0.217, -2.885),(50.617, -2.102, -3.302),True,False,False,False
24,91.1724,93.399,100.0,106,0.1659,30.13,(-0.733, -0.042, -3.233),(48.57, 0.784, -1.711),True,False,False,False
25,96.8209,93.5278,100.0,60,0.165,30.85,(0.028, -0.211, -2.999),(51.724, -1.913, -3.564),True,False,False,False
26,93.7109,93.3,100.0,100,0.1635,32.03,(0.411, -0.548, -3.301),(52.517, 0.923, -2.236),True,False,False,False
27,94.9877,93.4042,100.0,92,0.1621,33.08,(0.414, -0.551, -2.496),(52.494, 0.122, -2.903),True,False,False,False
28,93.0709,93.3278,100.0,63,0.1612,33.81,(0.219, -0.121, -2.765),(48.646, -1.982, -1.647),True,False,False,False
29,94.5841,93.6309,100.0,67,0.1602,34.59,(-0.706, 0.262, -2.371),(49.875, 0.67, -4.71),True,False,False,False
30,94.5017,94.0277,100.0,63,0.1592,35.36,(0.895, -0.348, -3.095),(50.59, -1.698, -3.837),True,False,False,False
31,91.0484,93.686,100.0,101,0.1577,36.52,(-0.131, 0.5, -3.31),(48.995, 2.18, -2.359),True,False,False,False
32,91.3602,93.4146,100.0,93,0.1563,37.59,(-0.286, -0.014, -3.014),(49.465, 1.514, -1.585),True,False,False,False
33,91.8291,93.3086,100.0,71,0.1552,38.44,(0.267, -0.398, -3.706),(47.465, -0.856, -3.213),True,False,False,False
34,92.8229,93.4737,100.0,57,0.1544,39.17,(0.222, -0.589, -2.763),(47.561, 0.659, -3.977),True,False,False,False
35,93.0377,93.0954,100.0,57,0.1535,39.88,(0.391, -0.669, -2.672),(48.166, -2.181, -2.338),True,False,False,False
36,93.6622,93.0905,100.0,69,0.1525,40.68,(0.11, -0.164, -2.441),(49.117, -1.152, -4.376),True,False,False,False
37,93.8882,92.9805,100.0,77,0.1513,41.58,(0.22, -0.339, -3.854),(49.915, -1.717, -1.039),True,False,False,False
38,95.4773,93.2212,100.0,71,0.1503,42.45,(0.225, -0.621, -3.595),(51.373, -2.101, -4.17),True,False,False,False
39,97.2633,93.4891,100.0,65,0.1493,43.23,(0.442, -0.043, -2.96),(52.642, -0.439, -3.347),True,False,False,False
40,95.4166,93.5806,100.0,68,0.1483,44.04,(0.319, -0.286, -3.271),(51.701, -0.277, -1.0),True,False,False,False
# [17:17:24] [greedy-eval @ episode 40] success_rate=100.0% over 5 episodes
41,93.8056,93.8563,100.0,50,0.1475,47.5,(0.548, -0.733, -3.212),(48.491, 1.568, -3.268),True,False,False,False
42,92.9203,94.0123,100.0,70,0.1465,48.33,(-0.1, 0.278, -3.118),(49.333, -0.397, -1.0),True,False,False,False
43,92.2663,94.056,100.0,77,0.1453,49.25,(-0.761, 0.592, -2.984),(47.32, 0.81, -2.182),True,False,False,False
44,93.6932,94.1431,100.0,59,0.1444,49.95,(-0.736, -0.367, -2.496),(48.567, 1.618, -2.111),True,False,False,False
45,95.1405,94.3534,100.0,68,0.1434,50.81,(-0.733, 0.241, -3.108),(49.707, 0.886, -2.968),True,False,False,False
46,32.4353,88.2307,90.0,80,0.1422,51.72,(-0.585, 0.104, -2.217),(49.948, 1.564, -1.0),False,True,False,False
47,96.0703,88.4489,90.0,59,0.1413,52.41,(-0.026, 0.587, -2.409),(51.035, 1.669, -4.084),True,False,False,False
48,94.2197,88.3231,90.0,67,0.1403,53.21,(-0.245, 0.032, -3.09),(49.671, -0.972, -3.05),True,False,False,False
49,94.8326,88.08,90.0,62,0.1394,53.96,(-0.328, -0.002, -3.559),(49.251, 1.244, -3.916),True,False,False,False
50,96.2992,88.1683,90.0,76,0.1383,54.86,(0.172, 0.015, -3.745),(52.485, -1.478, -3.389),True,False,False,False
51,94.7197,88.2597,90.0,68,0.1372,55.65,(-0.203, -0.151, -2.236),(50.032, 0.249, -4.062),True,False,False,False
52,94.3121,88.3989,90.0,60,0.1363,56.37,(0.321, 0.111, -3.82),(49.772, 2.725, -2.597),True,False,False,False
53,94.5023,88.6225,90.0,64,0.1354,57.13,(0.349, -0.039, -3.489),(48.955, -0.756, -1.588),True,False,False,False
54,90.683,88.3215,90.0,122,0.1336,58.51,(0.361, -0.268, -2.992),(50.37, 1.014, -2.985),True,False,False,False
55,92.4478,88.0522,90.0,70,0.1325,59.36,(0.479, -0.307, -3.097),(49.162, 1.543, -1.0),True,False,False,False
56,96.0042,94.4091,100.0,63,0.1316,60.1,(0.164, -0.455, -2.25),(51.481, -1.204, -2.5),True,False,False,False
57,96.0913,94.4112,100.0,65,0.1306,60.87,(-0.397, 0.184, -2.869),(50.746, 2.781, -2.74),True,False,False,False
58,95.4757,94.5368,100.0,64,0.1296,61.67,(-0.014, 0.929, -3.314),(50.666, -1.191, -1.0),True,False,False,False
59,92.8004,94.3336,100.0,64,0.1287,62.42,(0.443, -0.634, -2.454),(47.654, -1.239, -3.144),True,False,False,False
60,92.2147,93.9251,100.0,65,0.1277,63.17,(-0.229, 0.486, -2.426),(47.566, 1.7, -3.42),True,False,False,False
# [17:36:47] [greedy-eval @ episode 60] success_rate=100.0% over 5 episodes
61,95.6783,94.021,100.0,66,0.1267,67.01,(-0.293, -0.34, -2.429),(50.884, -1.504, -4.374),True,False,False,False
62,93.2804,93.9178,100.0,60,0.1258,67.71,(0.549, 0.497, -2.441),(47.74, -0.318, -4.614),True,False,False,False
63,96.5575,94.1233,100.0,72,0.1247,68.54,(-0.145, -0.588, -2.471),(51.832, 0.803, -2.501),True,False,False,False
64,93.7667,94.4317,100.0,76,0.1236,69.46,(-0.591, -0.803, -3.067),(48.525, -2.25, -3.894),True,False,False,False
65,94.9907,94.686,100.0,56,0.1227,70.13,(-0.084, 0.25, -2.93),(49.537, -0.694, -4.433),True,False,False,False
66,94.7284,94.5584,100.0,59,0.1218,70.83,(-0.223, -0.468, -2.198),(49.592, 0.951, -2.812),True,False,False,False
67,95.7933,94.5286,100.0,57,0.121,71.53,(0.74, -0.639, -3.072),(51.213, 2.538, -4.033),True,False,False,False
68,93.4014,94.3212,100.0,57,0.1201,72.24,(0.819, -0.378, -2.866),(49.479, 1.206, -5.654),True,False,False,False
69,96.6636,94.7075,100.0,55,0.1193,72.94,(-0.928, 0.205, -3.278),(50.026, 0.046, -2.536),True,False,False,False
70,93.5813,94.8442,100.0,79,0.1181,73.87,(-0.076, -0.263, -3.86),(50.347, 1.167, -2.143),True,False,False,False
71,94.5175,94.7281,100.0,54,0.1173,74.56,(0.343, 0.696, -2.726),(50.105, -1.005, -3.74),True,False,False,False
72,92.994,94.6994,100.0,72,0.1162,75.41,(-0.298, 0.352, -3.135),(48.769, -0.953, -4.61),True,False,False,False
73,93.3689,94.3806,100.0,80,0.115,76.33,(-0.165, 0.723, -2.416),(49.967, 0.922, -4.921),True,False,False,False
74,94.3557,94.4395,100.0,65,0.1141,77.12,(0.461, -0.801, -2.802),(50.045, 0.81, -2.286),True,False,False,False
75,97.0831,94.6487,100.0,64,0.1131,77.93,(-0.742, 0.076, -3.183),(50.721, 0.2, -1.0),True,False,False,False
76,91.0258,94.2785,100.0,81,0.1119,78.9,(0.488, -0.232, -2.781),(47.876, -1.644, -4.231),True,False,False,False
77,96.0833,94.3075,100.0,66,0.1109,79.68,(0.105, -0.309, -3.003),(50.964, 1.947, -1.479),True,False,False,False
78,36.3165,88.599,90.0,150,0.1086,81.37,(-0.033, -0.338, -3.105),(48.945, -1.23, -4.51),False,False,False,True
79,91.4864,88.0812,90.0,93,0.1073,82.48,(-0.104, -0.624, -3.136),(48.529, -1.184, -3.008),True,False,False,False
80,87.7396,87.4971,90.0,146,0.1051,84.16,(0.465, -0.558, -2.73),(49.893, 1.948, -2.27),True,False,False,False
# [17:57:51] [greedy-eval @ episode 80] success_rate=80.0% over 5 episodes
81,97.9906,87.8444,90.0,71,0.104,88.16,(-0.597, -0.623, -2.559),(52.506, -0.404, -2.722),True,False,False,False
82,97.4346,88.2884,90.0,65,0.103,88.98,(-0.547, -0.364, -2.759),(51.514, 0.206, -4.113),True,False,False,False
83,91.2482,88.0764,90.0,131,0.1011,90.5,(0.052, 0.702, -3.07),(51.463, 1.755, -2.73),True,False,False,False
84,94.8769,88.1285,90.0,64,0.1001,91.29,(-0.801, 0.401, -2.999),(49.21, 0.683, -3.68),True,False,False,False
85,96.9174,88.1119,90.0,62,0.0992,92.01,(0.552, 0.239, -2.401),(52.197, 1.524, -2.539),True,False,False,False
86,93.2676,88.3361,90.0,71,0.0981,92.88,(0.516, -0.502, -3.487),(49.179, 1.654, -5.27),True,False,False,False
87,95.272,88.255,90.0,58,0.0972,93.58,(0.524, -0.061, -3.694),(50.435, 1.51, -1.702),True,False,False,False
88,93.4183,93.9651,100.0,58,0.0964,94.26,(-0.061, 0.033, -2.212),(47.801, 1.889, -2.398),True,False,False,False
89,93.4193,94.1584,100.0,59,0.0955,94.95,(-0.078, 0.489, -2.315),(48.29, -2.228, -2.632),True,False,False,False
90,95.2038,94.9049,100.0,63,0.0945,95.7,(-0.449, 0.105, -3.882),(50.024, -1.411, -3.217),True,False,False,False
91,95.4548,94.6513,100.0,56,0.0937,96.39,(0.578, 0.212, -3.703),(49.838, -1.034, -3.44),True,False,False,False
92,94.8241,94.3902,100.0,59,0.0928,97.14,(0.623, -0.143, -3.07),(50.368, 1.987, -3.099),True,False,False,False
93,94.451,94.7105,100.0,60,0.0919,97.88,(-0.635, 0.132, -3.491),(48.462, -0.711, -1.263),True,False,False,False
94,96.0044,94.8233,100.0,55,0.0911,98.56,(0.75, 0.336, -2.576),(50.997, -1.506, -1.0),True,False,False,False
95,92.762,94.4077,100.0,59,0.0902,99.25,(0.35, -0.412, -2.365),(47.739, 0.958, -1.302),True,False,False,False
96,96.8711,94.7681,100.0,54,0.0894,99.92,(0.187, 0.544, -3.248),(50.811, 1.395, -4.578),True,False,False,False
97,94.448,94.6857,100.0,53,0.0886,100.59,(-0.011, -0.602, -3.107),(48.946, 1.975, -1.213),True,False,False,False
98,95.6104,94.9049,100.0,56,0.0878,101.32,(0.566, -0.598, -3.159),(51.123, 0.112, -5.536),True,False,False,False
99,95.9081,95.1538,100.0,59,0.0869,102.04,(0.536, -0.04, -3.231),(51.219, 0.664, -2.354),True,False,False,False
100,94.9763,95.131,100.0,63,0.0859,102.78,(0.132, 0.603, -2.352),(50.026, 0.697, -3.474),True,False,False,False
# [18:16:17] [greedy-eval @ episode 100] success_rate=100.0% over 5 episodes
# [18:16:17] Training complete. 100 episodes in 105.7 min. Final avg reward (last 10): 95.13. Final success rate (last 10): 100.0%.
