# run_name: d3qn_random_nodepth_350
# timestamp: 20260817_223621
# ---- config ----
# goal_position: (20, 0, -3)
# start_position: (0, 0, -3)
# max_episode_steps: 150
# dt: 0.5
# speed: 2.0
# state_dim: 15
# action_dim: 27
# lr: 0.0001
# gamma: 0.99
# buffer_capacity: 1000000
# batch_size: 32
# epsilon_start: 1.0
# epsilon_end: 0.1
# epsilon_decay_steps: 24000
# target_update_freq: 250
# use_double: True
# use_dueling: True
# ----------------
episode,reward,avg10,success_rate10,steps,epsilon,elapsed_min,start_position,goal_position,is_success,is_crash,is_out_of_bounds,is_timeout
1,-12.8667,-12.8667,0.0,150,0.9955,0.84,(-0.334, -1.208, -5.473),(22.771, 0.349, -1.06),False,False,False,True
2,-17.1682,-15.0174,0.0,150,0.9899,1.69,(0.593, 0.571, -1.068),(16.692, -1.094, -3.193),False,False,False,True
3,-16.1949,-15.4099,0.0,150,0.9843,2.53,(-0.079, 0.451, -1.655),(22.235, -1.042, -5.757),False,False,False,True
4,-18.0954,-16.0813,0.0,150,0.9787,3.38,(0.367, -2.517, -4.429),(24.82, 0.511, -2.354),False,False,False,True
5,-10.6315,-14.9913,0.0,123,0.974,4.07,(-0.863, -0.212, -3.134),(22.235, -0.21, -1.787),False,False,True,False
6,-11.2482,-14.3675,0.0,150,0.9684,4.92,(-0.169, 0.466, -5.408),(21.416, 2.209, -1.0),False,False,False,True
7,-4.4898,-12.9564,0.0,54,0.9664,5.23,(0.503, 0.67, -1.315),(17.597, 3.557, -4.654),False,False,True,False
8,-12.617,-12.914,0.0,150,0.9608,6.08,(-2.182, 0.054, -4.401),(19.385, 1.531, -1.0),False,False,False,True
9,-14.164,-13.0529,0.0,150,0.9551,6.93,(1.938, -0.341, -4.227),(20.32, -1.24, -1.268),False,False,False,True
10,-22.0212,-13.9497,0.0,150,0.9495,7.78,(-1.71, -1.625, -4.343),(15.604, 1.918, -2.262),False,False,False,True
11,-27.9526,-15.4583,0.0,1,0.9495,7.79,(0.104, 0.256, -1.0),(21.981, 1.267, -6.632),False,True,True,False
12,-13.3389,-15.0754,0.0,150,0.9439,8.64,(-1.078, 0.41, -5.74),(16.328, -0.719, -2.056),False,False,False,True
13,-13.7211,-14.828,0.0,150,0.9382,9.49,(-1.317, -2.173, -3.612),(22.057, 0.922, -2.337),False,False,False,True
14,-13.4326,-14.3617,0.0,150,0.9326,10.34,(-0.696, 1.881, -2.623),(20.455, 0.979, -1.0),False,False,False,True
15,-1.4976,-13.4483,0.0,8,0.9323,10.4,(-2.344, -1.853, -2.923),(21.566, -3.562, -6.098),False,False,True,False
16,-1.0257,-12.426,0.0,18,0.9316,10.52,(2.141, 0.802, -2.963),(15.672, -0.069, -1.808),False,False,True,False
17,-2.244,-12.2015,0.0,24,0.9307,10.66,(-1.486, 1.727, -2.213),(18.433, 0.896, -1.0),False,False,True,False
18,-29.0858,-13.8483,0.0,1,0.9307,10.68,(0.46, -0.326, -1.0),(20.351, 0.61, -7.824),False,True,True,False
19,-17.8377,-14.2157,0.0,150,0.9251,11.52,(-2.666, -0.829, -2.622),(18.479, -1.123, -2.906),False,False,False,True
20,-12.2176,-13.2354,0.0,150,0.9194,12.38,(-0.757, 0.45, -2.162),(16.876, 3.1, -2.684),False,False,False,True
21,-11.5025,-11.5903,0.0,150,0.9138,13.23,(2.243, -0.463, -2.036),(19.884, -2.806, -5.665),False,False,False,True
22,-14.1993,-11.6764,0.0,150,0.9082,14.08,(2.596, 1.002, -3.776),(20.617, -1.398, -1.43),False,False,False,True
23,-15.7635,-11.8806,0.0,150,0.9026,14.93,(-1.68, 0.433, -1.378),(16.254, 1.053, -4.011),False,False,False,True
24,-1.2786,-10.6652,0.0,23,0.9017,15.07,(2.811, 0.723, -2.996),(20.3, -2.3, -1.0),False,False,True,False
25,-11.8499,-11.7005,0.0,150,0.8961,15.91,(0.571, -1.67, -1.802),(21.516, -2.148, -3.05),False,False,False,True
26,-2.2786,-11.8258,0.0,30,0.895,16.09,(0.49, -0.982, -1.756),(21.698, -0.231, -5.457),False,False,True,False
27,-13.771,-12.9785,0.0,150,0.8893,16.93,(-1.974, 1.984, -2.583),(20.454, -2.807, -6.943),False,False,False,True
28,-10.4838,-11.1183,0.0,150,0.8837,17.78,(-0.161, -0.381, -5.646),(16.502, 0.024, -4.717),False,False,False,True
29,-3.2862,-9.6631,0.0,50,0.8818,18.07,(2.858, -0.281, -3.122),(23.309, 2.217, -2.848),False,False,True,False
30,-7.2843,-9.1698,0.0,87,0.8786,18.57,(1.648, -1.174, -4.656),(20.889, 2.35, -1.0),False,False,True,False
31,-11.9278,-9.2123,0.0,150,0.873,19.42,(-1.324, -0.798, -5.013),(21.172, 3.922, -1.0),False,False,False,True
32,-11.9038,-8.9827,0.0,150,0.8673,20.26,(0.29, -0.254, -3.992),(23.705, -1.832, -2.171),False,False,False,True
33,-13.8744,-8.7938,0.0,150,0.8617,21.12,(-1.568, 0.114, -4.417),(19.532, 1.386, -1.0),False,False,False,True
34,-1.0782,-8.7738,0.0,4,0.8616,21.16,(2.579, -0.489, -2.567),(17.501, 1.844, -6.782),False,False,True,False
35,-12.5499,-8.8438,0.0,150,0.8559,22.0,(-2.528, 0.492, -4.363),(15.68, -1.471, -3.709),False,False,False,True
36,-2.4298,-8.8589,0.0,37,0.8545,22.22,(-1.475, -1.1, -3.682),(17.705, 2.128, -1.269),False,False,True,False
37,-12.9531,-8.7771,0.0,150,0.8489,23.07,(-1.079, 0.12, -5.374),(18.035, -4.274, -1.82),False,False,False,True
38,-0.7108,-7.7998,0.0,11,0.8485,23.14,(-0.345, -1.276, -2.301),(19.799, -0.106, -1.0),False,False,True,False
39,-13.0177,-8.773,0.0,150,0.8429,23.98,(1.439, 0.748, -3.441),(17.881, -1.79, -3.108),False,False,False,True
40,-10.262,-9.0708,0.0,150,0.8373,24.83,(0.326, -0.088, -4.927),(24.052, -0.077, -1.208),False,False,False,True
41,-5.5815,-8.4361,0.0,67,0.8347,25.22,(1.567, -0.453, -4.026),(22.16, -1.242, -4.024),False,False,True,False
42,-13.0147,-8.5472,0.0,150,0.8291,26.07,(-0.518, 1.21, -3.451),(19.137, -0.376, -3.513),False,False,False,True
43,-10.2924,-8.189,0.0,150,0.8235,26.92,(1.519, -0.06, -4.205),(17.118, 0.274, -5.015),False,False,False,True
44,-10.7838,-9.1596,0.0,150,0.8179,27.77,(-0.781, -0.648, -2.834),(22.249, -1.714, -4.128),False,False,False,True
45,-10.6845,-8.973,0.0,150,0.8122,28.62,(1.938, 1.108, -4.804),(16.938, 1.725, -1.0),False,False,False,True
46,-2.3699,-8.967,0.0,31,0.8111,28.8,(0.563, 0.939, -1.151),(21.416, 3.227, -1.0),False,False,True,False
47,-6.8223,-8.354,0.0,93,0.8076,29.33,(-2.283, -0.073, -1.701),(22.849, 2.303, -3.025),False,False,True,False
48,-4.4188,-8.7248,0.0,57,0.8054,29.66,(-2.572, -1.242, -3.796),(20.338, 2.242, -1.0),False,False,True,False
49,-1.4607,-7.5691,0.0,20,0.8047,29.78,(-0.797, -1.315, -3.216),(20.776, -4.526, -1.47),False,False,True,False
50,-2.4364,-6.7865,0.0,36,0.8034,29.99,(-0.002, 1.538, -4.299),(17.26, -1.86, -1.0),False,False,True,False
51,-1.9151,-6.4199,0.0,28,0.8023,30.16,(0.236, -2.015, -3.479),(21.691, 2.748, -1.0),False,False,True,False
52,-10.8804,-6.2064,0.0,150,0.7967,31.0,(1.318, 0.471, -2.097),(19.737, 4.321, -4.037),False,False,False,True
53,-25.5246,-7.7297,0.0,1,0.7966,31.02,(0.538, -0.266, -1.0),(21.52, -2.381, -2.899),False,True,True,False
54,-1.0342,-6.7547,0.0,9,0.7963,31.08,(-1.162, -1.198, -2.124),(21.103, 2.253, -1.0),False,False,True,False
55,-9.4102,-6.6273,0.0,150,0.7907,31.93,(2.497, -0.589, -2.123),(15.69, 0.742, -3.337),False,False,False,True
56,-11.1463,-7.5049,0.0,150,0.7851,32.77,(-0.485, -0.879, -1.222),(16.193, 1.666, -5.704),False,False,False,True
57,-3.4182,-7.1645,0.0,52,0.7831,33.08,(-2.291, 1.086, -2.162),(19.378, -0.03, -1.35),False,False,True,False
58,-12.0474,-7.9273,0.0,150,0.7775,33.93,(0.006, 1.611, -2.484),(16.657, -0.757, -3.081),False,False,False,True
59,-1.6201,-7.9433,0.0,19,0.7768,34.04,(-0.753, 0.66, -1.327),(20.302, -2.929, -5.28),False,False,True,False
60,-14.0582,-9.1055,0.0,150,0.7711,34.9,(-2.306, -0.07, -4.753),(17.48, 2.437, -2.523),False,False,False,True
61,-0.6995,-8.9839,0.0,10,0.7708,34.96,(-0.778, 2.247, -2.223),(20.292, 2.267, -1.0),False,False,True,False
62,-10.72,-8.9679,0.0,150,0.7651,35.81,(1.071, 1.642, -4.485),(18.381, 3.995, -3.585),False,False,False,True
63,-9.5666,-7.3721,0.0,150,0.7595,36.66,(2.623, -0.712, -1.932),(16.26, 1.485, -3.284),False,False,False,True
64,-11.3187,-8.4005,0.0,150,0.7539,37.5,(-0.424, -2.66, -3.803),(23.291, 2.212, -5.761),False,False,False,True
65,-2.8502,-7.7445,0.0,46,0.7522,37.77,(2.53, 0.126, -2.73),(16.504, -2.473, -1.95),False,False,True,False
66,-10.0967,-7.6396,0.0,150,0.7465,38.61,(0.785, -2.591, -4.017),(20.634, -1.025, -4.436),False,False,False,True
67,-0.2128,-7.319,0.0,1,0.7465,38.63,(-1.116, 1.642, -1.0),(17.749, 0.363, -3.889),False,False,True,False
68,-10.8907,-7.2034,0.0,147,0.741,39.46,(1.304, -2.182, -2.459),(17.51, 4.189, -2.68),False,False,True,False
69,-10.2513,-8.0665,0.0,150,0.7354,40.31,(1.305, -0.339, -3.55),(23.889, -0.445, -4.448),False,False,False,True
70,-0.7245,-6.7331,0.0,7,0.7351,40.36,(1.003, -1.395, -2.155),(21.215, 0.823, -1.0),False,False,True,False
71,-3.2852,-6.9917,0.0,41,0.7336,40.6,(-2.634, -0.053, -3.085),(18.712, -3.812, -4.388),False,False,True,False
72,-3.6106,-6.2807,0.0,55,0.7315,40.92,(0.086, -1.997, -3.25),(22.611, -1.525, -3.231),False,False,True,False
73,-9.7816,-6.3022,0.0,150,0.7259,41.76,(-2.553, 1.124, -2.585),(17.253, 2.123, -3.619),False,False,False,True
74,-8.2147,-5.9918,0.0,121,0.7213,42.45,(1.796, 0.892, -3.359),(17.462, 2.692, -2.039),False,False,True,False
75,-3.6303,-6.0698,0.0,44,0.7197,42.71,(0.698, 0.772, -2.917),(20.522, -1.095, -1.0),False,False,True,False
76,-2.681,-5.3283,0.0,37,0.7183,42.93,(-0.43, -0.773, -4.293),(17.757, -2.332, -1.0),False,False,True,False
77,-0.3912,-5.3461,0.0,6,0.7181,42.97,(-1.428, -1.175, -1.0),(18.302, 3.682, -1.846),False,False,True,False
78,-4.2698,-4.684,0.0,59,0.7159,43.31,(1.866, 0.425, -3.015),(20.992, 4.384, -2.349),False,False,True,False
79,-3.969,-4.0558,0.0,56,0.7138,43.63,(1.687, 0.261, -2.322),(19.003, 3.385, -1.0),False,False,True,False
80,-2.0105,-4.1844,0.0,28,0.7127,43.8,(-1.547, 1.604, -1.07),(19.947, -1.717, -1.0),False,False,True,False
81,-9.3024,-4.7861,0.0,150,0.7071,44.64,(-0.139, -2.235, -1.836),(17.457, 2.622, -4.594),False,False,False,True
82,-6.8005,-5.1051,0.0,100,0.7033,45.21,(-0.789, -2.338, -2.726),(23.023, -0.313, -3.789),False,False,True,False
83,-1.9521,-4.3222,0.0,29,0.7023,45.38,(2.578, 0.889, -4.0),(23.99, -1.432, -1.619),False,False,True,False
84,-3.3123,-3.8319,0.0,48,0.7005,45.66,(0.03, -1.336, -2.404),(23.719, 1.19, -2.967),False,False,True,False
85,-10.2971,-4.4986,0.0,150,0.6948,46.51,(0.08, -0.129, -5.688),(17.288, 0.748, -3.577),False,False,False,True
86,-8.8542,-5.1159,0.0,150,0.6892,47.37,(0.973, -1.25, -2.889),(23.647, 0.418, -4.398),False,False,False,True
87,-11.0598,-6.1828,0.0,150,0.6836,48.22,(1.734, -0.655, -4.777),(18.931, -0.052, -6.056),False,False,False,True
88,-2.0159,-5.9574,0.0,28,0.6825,48.39,(0.185, 2.426, -4.319),(16.895, -0.816, -1.681),False,False,True,False
89,-0.3876,-5.5992,0.0,9,0.6822,48.45,(1.39, -1.305, -1.961),(22.422, -1.923, -1.0),False,False,True,False
90,-2.7085,-5.669,0.0,42,0.6806,48.7,(2.287, 0.984, -2.638),(17.714, -2.978, -1.615),False,False,True,False
91,-2.0733,-4.9461,0.0,30,0.6795,48.87,(2.647, -0.005, -3.487),(18.37, -1.335, -1.0),False,False,True,False
92,-2.499,-4.516,0.0,27,0.6785,49.04,(-0.166, -2.787, -2.266),(18.313, -4.644, -2.86),False,False,True,False
93,-4.5617,-4.7769,0.0,56,0.6764,49.36,(0.413, -0.887, -1.0),(21.064, -1.084, -1.0),False,False,True,False
94,-9.0898,-5.3547,0.0,150,0.6707,50.22,(-0.985, -1.301, -4.304),(22.478, -1.937, -4.455),False,False,False,True
95,-14.2418,-5.7492,0.0,150,0.6651,51.07,(2.128, -0.026, -4.762),(18.084, 2.742, -5.909),False,False,False,True
96,-8.0883,-5.6726,0.0,150,0.6595,51.91,(0.521, 1.912, -1.216),(20.204, 0.389, -6.008),False,False,False,True
97,-0.7501,-4.6416,0.0,21,0.6587,52.04,(1.294, -0.235, -4.455),(20.114, 1.392, -1.543),False,False,True,False
98,-9.1283,-5.3528,0.0,150,0.6531,52.89,(2.501, 1.293, -3.925),(16.091, 0.712, -4.762),False,False,False,True
99,-8.4785,-6.1619,0.0,150,0.6475,53.74,(0.519, -0.696, -4.689),(17.723, 2.277, -3.82),False,False,False,True
100,-0.3611,-5.9272,0.0,9,0.6471,53.8,(-0.319, -2.85, -3.009),(20.558, 0.672, -1.0),False,False,True,False
101,-12.8923,-7.0091,0.0,150,0.6415,54.65,(-0.174, -0.97, -2.847),(18.015, 2.917, -5.218),False,False,False,True
102,-1.1505,-6.8742,0.0,11,0.6411,54.72,(0.246, 1.288, -4.15),(17.129, -0.927, -2.562),False,False,True,False
103,-0.7593,-6.494,0.0,11,0.6407,54.8,(-0.899, 0.809, -3.831),(19.217, -2.775, -1.929),False,False,True,False
104,-4.1544,-6.0005,0.0,61,0.6384,55.15,(-2.424, -0.223, -4.695),(18.026, -1.625, -1.0),False,False,True,False
105,-1.0527,-4.6816,0.0,17,0.6378,55.26,(0.647, -1.895, -4.72),(18.297, 3.378, -1.514),False,False,True,False
106,-5.0861,-4.3813,0.0,69,0.6352,55.66,(-1.907, 1.167, -3.174),(21.516, 0.162, -3.208),False,False,True,False
107,-8.3759,-5.1439,0.0,150,0.6295,56.5,(-2.014, -1.303, -2.116),(22.855, -2.023, -5.417),False,False,False,True
108,-26.3446,-6.8655,0.0,1,0.6295,56.52,(0.192, -0.335, -1.0),(20.068, 3.746, -2.886),False,True,True,False
109,-8.0724,-6.8249,0.0,150,0.6239,57.36,(0.357, 1.229, -5.368),(24.098, -0.207, -3.669),False,False,False,True
110,-1.4036,-6.9292,0.0,25,0.6229,57.51,(0.377, -2.036, -3.936),(18.644, -1.73, -1.0),False,False,True,False
111,-0.673,-5.7072,0.0,9,0.6226,57.57,(2.722, 0.094, -1.791),(21.643, -3.873, -1.528),False,False,True,False
112,-1.1397,-5.7062,0.0,12,0.6221,57.65,(-1.186, -1.437, -1.846),(17.771, -1.593, -3.774),False,False,True,False
113,-4.7621,-6.1064,0.0,73,0.6194,58.08,(0.003, 1.368, -3.346),(18.429, 3.141, -1.736),False,False,True,False
114,-5.5272,-6.2437,0.0,83,0.6163,58.55,(-1.114, -1.215, -1.516),(20.164, 2.166, -3.598),False,False,True,False
115,-0.4466,-6.1831,0.0,5,0.6161,58.59,(-0.312, 2.249, -1.942),(20.94, -0.34, -1.0),False,False,True,False
116,-0.6514,-5.7396,0.0,12,0.6157,58.67,(-0.692, -0.545, -1.018),(19.858, -3.508, -1.0),False,False,True,False
117,-9.1698,-5.819,0.0,150,0.61,59.52,(-1.489, 1.626, -2.879),(20.186, -1.496, -5.481),False,False,False,True
118,-9.59,-4.1436,0.0,150,0.6044,60.36,(-2.184, -0.857, -4.322),(20.933, 0.368, -4.822),False,False,False,True
119,-8.1992,-4.1563,0.0,150,0.5988,61.21,(0.192, 0.663, -3.47),(20.917, -1.074, -6.305),False,False,False,True
120,-8.0752,-4.8234,0.0,150,0.5932,62.06,(-1.513, 0.999, -1.163),(16.579, -0.562, -3.019),False,False,False,True
121,-9.6861,-5.7247,0.0,150,0.5875,62.9,(1.169, -2.686, -2.906),(20.9, -1.654, -1.305),False,False,False,True
122,-8.0809,-6.4189,0.0,150,0.5819,63.75,(-0.473, -0.815, -4.435),(19.362, -0.36, -4.671),False,False,False,True
123,-8.6682,-6.8095,0.0,150,0.5763,64.59,(1.093, 0.547, -4.654),(18.998, -3.218, -2.426),False,False,False,True
124,-8.7757,-7.1343,0.0,150,0.5707,65.44,(1.338, 1.154, -4.383),(20.477, 1.803, -4.133),False,False,False,True
125,-0.3512,-7.1248,0.0,9,0.5703,65.51,(-0.345, -0.587, -1.172),(20.651, -0.939, -1.117),False,False,True,False
126,-8.9865,-7.9583,0.0,150,0.5647,66.36,(-1.129, 2.58, -2.652),(22.385, 3.944, -4.04),False,False,False,True
127,-8.1459,-7.8559,0.0,150,0.5591,67.21,(0.731, 1.685, -2.476),(18.807, 0.988, -5.709),False,False,False,True
128,-6.7414,-7.571,0.0,135,0.554,67.97,(0.115, 0.533, -3.99),(20.503, 0.971, -1.0),False,False,True,False
129,-6.7119,-7.4223,0.0,150,0.5484,68.81,(1.907, 2.015, -3.944),(21.615, 1.849, -1.0),False,False,False,True
130,-9.7641,-7.5912,0.0,150,0.5428,69.66,(2.371, 0.073, -2.585),(17.199, 0.144, -1.0),False,False,False,True
131,-10.3186,-7.6544,0.0,150,0.5371,70.51,(1.33, -0.422, -1.747),(20.421, 4.475, -4.551),False,False,False,True
132,-8.7244,-7.7188,0.0,150,0.5315,71.36,(0.696, 1.213, -4.128),(20.777, 3.993, -3.282),False,False,False,True
133,-0.1893,-6.8709,0.0,7,0.5312,71.41,(-1.562, -1.7, -1.368),(19.855, -3.12, -1.0),False,False,True,False
134,-8.1843,-6.8118,0.0,150,0.5256,72.26,(1.825, -1.868, -3.046),(21.256, 1.402, -2.644),False,False,False,True
135,-7.6028,-7.5369,0.0,150,0.52,73.1,(-1.295, 0.908, -3.342),(20.062, 2.3, -7.136),False,False,False,True
136,-5.1249,-7.1508,0.0,99,0.5163,73.67,(-1.82, -1.441, -4.311),(17.735, -3.096, -2.853),False,False,True,False
137,-9.53,-7.2892,0.0,150,0.5107,74.51,(1.939, -1.711, -2.673),(22.21, -0.696, -6.889),False,False,False,True
138,-7.6675,-7.3818,0.0,150,0.505,75.36,(0.31, 2.609, -2.954),(22.086, 0.764, -4.657),False,False,False,True
139,-8.9558,-7.6062,0.0,150,0.4994,76.2,(1.577, 0.452, -2.887),(18.09, -2.916, -1.0),False,False,False,True
140,-8.6876,-7.4985,0.0,150,0.4938,77.05,(0.103, -2.694, -1.803),(18.259, -2.481, -2.725),False,False,False,True
141,-7.4451,-7.2112,0.0,150,0.4882,77.89,(1.175, 1.183, -2.577),(23.24, 3.485, -3.654),False,False,False,True
142,-6.5068,-6.9894,0.0,150,0.4825,78.74,(0.424, -0.263, -2.197),(23.291, 3.557, -4.079),False,False,False,True
143,-1.0683,-7.0773,0.0,18,0.4819,78.85,(-2.743, -1.052, -2.545),(19.635, -0.207, -1.0),False,False,True,False
144,-11.5465,-7.4135,0.0,150,0.4762,79.7,(0.633, -1.093, -3.205),(16.431, 0.777, -2.741),False,False,False,True
145,-7.1522,-7.3685,0.0,150,0.4706,80.55,(-1.219, -1.725, -2.824),(23.212, -0.966, -3.672),False,False,False,True
146,-8.2603,-7.682,0.0,150,0.465,81.4,(1.406, 0.323, -4.184),(19.143, 2.188, -1.0),False,False,False,True
147,-7.2219,-7.4512,0.0,150,0.4594,82.24,(0.784, 1.128, -5.369),(20.209, -1.2, -1.0),False,False,False,True
148,-5.9731,-7.2818,0.0,150,0.4537,83.1,(-0.41, -1.85, -5.145),(23.171, -1.232, -3.444),False,False,False,True
149,-6.6311,-7.0493,0.0,150,0.4481,83.94,(-0.514, 2.604, -3.814),(23.907, -1.192, -3.238),False,False,False,True
150,-7.1785,-6.8984,0.0,150,0.4425,84.79,(1.66, 1.148, -4.891),(21.069, -1.717, -3.361),False,False,False,True
151,-7.9652,-6.9504,0.0,150,0.4369,85.64,(2.479, 1.463, -3.679),(21.044, -1.677, -6.207),False,False,False,True
152,-6.2974,-6.9294,0.0,150,0.4312,86.48,(0.741, 1.107, -3.052),(19.611, -4.156, -3.195),False,False,False,True
153,-13.5629,-8.1789,0.0,150,0.4256,87.34,(-1.013, -2.509, -2.073),(17.126, 1.754, -6.233),False,False,False,True
154,-6.1641,-7.6407,0.0,150,0.42,88.19,(1.082, 0.457, -4.439),(20.312, -2.583, -3.16),False,False,False,True
155,-5.8602,-7.5115,0.0,150,0.4144,89.03,(-0.199, 1.842, -3.916),(21.207, 1.511, -1.0),False,False,False,True
156,-6.5387,-7.3393,0.0,150,0.4087,89.88,(1.972, 1.784, -2.392),(15.819, 0.653, -2.034),False,False,False,True
157,-3.062,-6.9233,0.0,94,0.4052,90.42,(1.494, -0.522, -4.364),(20.966, -1.473, -1.0),False,False,True,False
158,-7.9942,-7.1254,0.0,150,0.3996,91.27,(-1.977, 1.643, -2.629),(17.289, -2.045, -1.335),False,False,False,True
159,-5.2274,-6.985,0.0,150,0.394,92.12,(1.894, -1.331, -2.818),(23.355, -1.899, -3.661),False,False,False,True
160,-5.5737,-6.8246,0.0,150,0.3883,92.96,(-2.2, 0.108, -2.191),(20.589, 3.237, -4.73),False,False,False,True
161,-30.155,-9.0435,0.0,1,0.3883,92.98,(-0.033, -0.755, -1.0),(22.469, -0.923, -4.939),False,True,True,False
162,-3.1288,-8.7267,0.0,67,0.3858,93.36,(0.206, -1.783, -2.31),(20.676, 1.166, -1.0),False,False,True,False
163,-6.4438,-8.0148,0.0,150,0.3802,94.21,(0.42, 2.267, -2.05),(18.926, -0.323, -6.938),False,False,False,True
164,-6.7621,-8.0746,0.0,150,0.3745,95.05,(0.785, -0.485, -5.424),(15.884, 1.203, -4.381),False,False,False,True
165,-4.7162,-7.9602,0.0,150,0.3689,95.91,(-1.016, 1.895, -4.483),(23.25, 1.582, -1.0),False,False,False,True
166,-5.7865,-7.885,0.0,150,0.3633,96.75,(-1.376, 0.751, -3.0),(23.462, 0.221, -1.0),False,False,False,True
167,-6.6393,-8.2427,0.0,150,0.3577,97.6,(-1.911, -0.167, -1.434),(21.157, -1.102, -6.719),False,False,False,True
168,-6.0983,-8.0531,0.0,150,0.352,98.44,(-1.408, 0.487, -5.158),(21.604, 1.185, -2.033),False,False,False,True
169,-5.2854,-8.0589,0.0,150,0.3464,99.29,(1.05, 1.255, -2.423),(22.273, -0.826, -1.0),False,False,False,True
170,-3.8241,-7.884,0.0,150,0.3408,100.13,(1.131, -1.571, -1.0),(21.441, 0.822, -7.131),False,False,False,True
171,-0.75,-4.9435,0.0,27,0.3398,100.29,(-0.603, -0.125, -2.274),(17.654, -2.241, -1.0),False,False,True,False
172,-5.9034,-5.2209,0.0,150,0.3341,101.14,(-0.407, 2.373, -3.519),(21.772, -3.127, -2.402),False,False,False,True
173,-4.5177,-5.0283,0.0,150,0.3285,101.99,(2.535, -0.467, -4.139),(23.304, 0.545, -2.271),False,False,False,True
174,-4.6254,-4.8146,0.0,150,0.3229,102.83,(1.72, -1.245, -2.475),(19.252, -0.767, -2.641),False,False,False,True
175,-5.4043,-4.8834,0.0,150,0.3173,103.68,(-0.447, 0.286, -3.768),(17.68, -3.316, -2.738),False,False,False,True
176,-3.8565,-4.6904,0.0,150,0.3116,104.52,(-2.013, 1.876, -1.897),(23.162, -0.229, -6.412),False,False,False,True
177,-1.5838,-4.1849,0.0,52,0.3097,104.83,(1.623, 1.167, -4.541),(18.284, 2.547, -1.0),False,False,True,False
178,-4.9005,-4.0651,0.0,150,0.3041,105.67,(-0.834, -0.949, -5.689),(18.143, -3.244, -3.979),False,False,False,True
179,-0.9389,-3.6305,0.0,16,0.3035,105.77,(-1.851, 2.138, -2.298),(19.137, -2.305, -1.74),False,False,True,False
180,-3.5116,-3.5992,0.0,101,0.2997,106.34,(1.795, 0.827, -3.409),(19.498, -0.864, -2.747),False,False,True,False
181,-0.9357,-3.6178,0.0,14,0.2992,106.44,(-0.49, -1.188, -2.772),(19.217, 4.297, -1.0),False,False,True,False
182,-5.8682,-3.6143,0.0,150,0.2935,107.28,(2.879, -0.732, -3.3),(21.531, 2.347, -6.816),False,False,False,True
183,-4.4996,-3.6125,0.0,150,0.2879,108.13,(-1.988, 0.025, -1.929),(21.641, -0.435, -4.139),False,False,False,True
184,-2.0948,-3.3594,0.0,59,0.2857,108.47,(-0.89, -1.204, -4.793),(17.738, -1.441, -2.73),False,False,True,False
185,-6.2699,-3.446,0.0,150,0.2801,109.32,(-0.052, 1.438, -2.372),(19.162, -3.139, -1.0),False,False,False,True
186,-1.1318,-3.1735,0.0,46,0.2783,109.59,(-1.263, -1.824, -1.501),(17.376, 1.849, -1.0),False,False,True,False
187,-2.5571,-3.2708,0.0,67,0.2758,109.98,(-0.662, -2.358, -4.72),(20.608, 1.904, -2.947),False,False,True,False
188,-3.9599,-3.1768,0.0,150,0.2702,110.82,(0.555, 0.538, -3.597),(18.425, 0.517, -2.094),False,False,False,True
189,-5.3505,-3.6179,0.0,150,0.2646,111.67,(1.495, 0.594, -1.944),(18.948, -0.499, -6.716),False,False,False,True
190,-6.4002,-3.9068,0.0,150,0.259,112.51,(-1.72, 1.97, -3.755),(17.549, -3.832, -1.938),False,False,False,True
191,-0.1485,-3.828,0.0,4,0.2588,112.54,(-1.322, 1.38, -1.192),(18.415, 0.443, -1.0),False,False,True,False
192,-4.9341,-3.7346,0.0,122,0.2542,113.23,(1.3, 1.963, -3.361),(19.459, 2.874, -2.636),False,False,True,False
193,-1.3682,-3.4215,0.0,29,0.2531,113.41,(-1.245, -1.436, -3.271),(20.622, -0.299, -4.26),False,False,True,False
194,-1.7366,-3.3857,0.0,60,0.2509,113.75,(-1.727, -0.701, -1.084),(19.573, 2.253, -3.594),False,False,True,False
195,-2.9953,-3.0582,0.0,150,0.2453,114.6,(2.056, -0.427, -4.692),(17.917, 1.273, -1.0),False,False,False,True
196,-4.352,-3.3802,0.0,150,0.2397,115.46,(-1.604, 0.241, -4.573),(24.218, -1.934, -1.755),False,False,False,True
197,-4.0589,-3.5304,0.0,150,0.234,116.3,(1.225, -1.875, -3.334),(20.638, 3.981, -4.358),False,False,False,True
198,-5.5171,-3.6861,0.0,150,0.2284,117.16,(0.681, 1.536, -1.623),(20.533, -4.029, -4.307),False,False,False,True
199,-4.3663,-3.5877,0.0,150,0.2228,118.0,(1.198, 0.96, -1.681),(19.05, 1.346, -7.178),False,False,False,True
200,-4.2831,-3.376,0.0,150,0.2171,118.85,(-1.9, 0.291, -2.293),(23.152, 2.385, -4.336),False,False,False,True
201,-5.797,-3.9408,0.0,150,0.2115,119.7,(1.541, 0.458, -4.119),(18.933, -1.685, -2.855),False,False,False,True
202,-5.8365,-4.0311,0.0,150,0.2059,120.55,(0.872, 0.279, -3.042),(20.131, -4.867, -1.899),False,False,False,True
203,-4.1009,-4.3043,0.0,150,0.2003,121.41,(-1.568, -0.299, -1.415),(18.592, 2.24, -6.691),False,False,False,True
204,-3.4223,-4.4729,0.0,150,0.1946,122.26,(-0.459, 1.905, -1.162),(23.967, -0.571, -3.188),False,False,False,True
205,-2.9454,-4.4679,0.0,150,0.189,123.1,(1.445, 1.31, -1.109),(20.379, 0.82, -2.662),False,False,False,True
206,-4.3191,-4.4646,0.0,150,0.1834,123.95,(-2.914, -0.094, -3.608),(23.052, 1.349, -5.382),False,False,False,True
207,-1.0728,-4.166,0.0,25,0.1825,124.1,(-1.134, -2.456, -4.092),(18.434, 2.506, -1.0),False,False,True,False
208,-4.6468,-4.079,0.0,150,0.1768,124.95,(0.61, -2.279, -1.599),(23.306, -3.121, -2.263),False,False,False,True
209,-3.2655,-3.9689,0.0,150,0.1712,125.79,(-0.475, -1.905, -2.208),(17.874, -1.869, -5.148),False,False,False,True
210,-3.2547,-3.8661,0.0,150,0.1656,126.64,(1.088, -1.101, -2.129),(23.638, -2.14, -1.028),False,False,False,True
211,-1.6483,-3.4512,0.0,75,0.1628,127.08,(0.138, -2.246, -1.26),(17.539, -0.542, -1.0),False,False,True,False
212,-0.6005,-2.9276,0.0,18,0.1621,127.19,(0.043, -0.134, -2.079),(19.664, -3.828, -2.247),False,False,True,False
213,-2.8138,-2.7989,0.0,150,0.1565,128.04,(1.083, -1.816, -2.399),(24.631, 0.281, -3.992),False,False,False,True
214,-0.5313,-2.5098,0.0,16,0.1559,128.14,(-1.105, 2.443, -1.795),(18.277, 1.321, -3.194),False,False,True,False
215,-2.4446,-2.4597,0.0,150,0.1502,128.98,(1.3, 0.461, -1.578),(15.647, -1.681, -4.082),False,False,False,True
216,-2.8397,-2.3118,0.0,150,0.1446,129.83,(0.238, -1.888, -1.0),(20.727, -2.066, -3.025),False,False,False,True
217,-1.4176,-2.3463,0.0,44,0.143,130.09,(-2.255, 0.222, -4.762),(21.293, -2.82, -1.0),False,False,True,False
218,-2.4179,-2.1234,0.0,150,0.1373,130.93,(-0.805, -0.452, -3.102),(15.252, 0.477, -1.69),False,False,False,True
219,-2.0841,-2.0052,0.0,150,0.1317,131.78,(-0.399, 1.233, -5.629),(20.577, -0.933, -6.859),False,False,False,True
220,-2.9235,-1.9721,0.0,150,0.1261,132.63,(0.565, -1.529, -2.751),(19.568, -2.11, -1.0),False,False,False,True
221,-2.6173,-2.069,0.0,150,0.1205,133.47,(2.294, 0.229, -3.225),(22.959, 2.579, -5.259),False,False,False,True
222,-1.3469,-2.1437,0.0,150,0.1148,134.32,(1.743, -1.097, -1.445),(18.804, 3.873, -5.721),False,False,False,True
223,-2.7769,-2.14,0.0,150,0.1092,135.16,(-1.583, -1.063, -2.278),(18.818, 2.145, -1.435),False,False,False,True
224,-2.7554,-2.3624,0.0,150,0.1036,136.0,(-2.213, -0.327, -1.744),(22.205, -2.364, -2.836),False,False,False,True
225,-2.613,-2.3792,0.0,150,0.1,136.86,(-0.542, 0.41, -3.604),(19.237, 1.019, -4.111),False,False,False,True
226,-1.0537,-2.2006,0.0,150,0.1,137.7,(0.922, 2.066, -1.767),(20.845, -2.459, -5.049),False,False,False,True
227,-3.5077,-2.4096,0.0,150,0.1,138.55,(0.565, 2.695, -3.807),(17.744, 2.515, -3.839),False,False,False,True
228,-2.664,-2.4343,0.0,150,0.1,139.4,(-0.091, 2.424, -3.203),(19.529, 0.557, -6.78),False,False,False,True
229,-1.2685,-2.3527,0.0,150,0.1,140.24,(0.201, 0.464, -4.303),(15.633, -1.49, -2.978),False,False,False,True
230,-0.5238,-2.1127,0.0,18,0.1,140.36,(1.37, 0.41, -1.0),(19.756, 1.246, -4.156),False,False,True,False
231,-2.0886,-2.0599,0.0,150,0.1,141.2,(-1.245, 0.771, -3.181),(16.945, 0.89, -6.593),False,False,False,True
232,-1.5281,-2.078,0.0,81,0.1,141.67,(-0.699, -1.264, -3.235),(23.123, -2.793, -2.003),False,False,True,False
233,-0.404,-1.8407,0.0,34,0.1,141.87,(0.025, 1.346, -1.23),(18.566, 3.933, -1.846),False,False,True,False
234,-1.6807,-1.7332,0.0,99,0.1,142.43,(-1.502, 0.404, -3.189),(17.299, -2.539, -2.791),False,False,True,False
235,-2.2569,-1.6976,0.0,150,0.1,143.28,(0.963, -1.446, -1.646),(18.388, 2.195, -4.361),False,False,False,True
236,-3.4387,-1.9361,0.0,150,0.1,144.12,(-1.024, -1.157, -3.335),(22.484, -0.349, -1.0),False,False,False,True
237,-2.0681,-1.7921,0.0,83,0.1,144.6,(-0.876, 0.813, -4.177),(21.26, 1.128, -1.0),False,False,True,False
238,-2.5187,-1.7776,0.0,150,0.1,145.45,(-1.142, 2.398, -3.446),(21.803, 2.136, -5.482),False,False,False,True
239,-1.2578,-1.7765,0.0,55,0.1,145.76,(1.841, -0.385, -3.95),(22.048, 3.276, -1.371),False,False,True,False
240,-1.7509,-1.8992,0.0,150,0.1,146.61,(0.376, -1.515, -5.397),(20.519, 0.08, -4.514),False,False,False,True
241,-1.427,-1.8331,0.0,150,0.1,147.46,(0.543, 1.065, -4.784),(20.787, 1.053, -3.438),False,False,False,True
242,-1.839,-1.8642,0.0,135,0.1,148.22,(1.075, -0.769, -1.0),(23.578, 0.581, -4.028),False,False,True,False
243,-2.7771,-2.1015,0.0,150,0.1,149.06,(0.396, 0.269, -4.587),(21.604, 3.78, -4.213),False,False,False,True
244,-1.5589,-2.0893,0.0,87,0.1,149.56,(-1.34, 2.415, -2.173),(16.375, 0.256, -1.0),False,False,True,False
245,-2.5086,-2.1145,0.0,150,0.1,150.4,(-1.882, 1.837, -3.905),(18.294, 0.172, -6.209),False,False,False,True
246,-1.844,-1.955,0.0,112,0.1,151.04,(-0.771, -1.894, -3.915),(19.714, -0.994, -2.094),False,False,True,False
247,-0.1855,-1.7668,0.0,5,0.1,151.08,(0.069, -2.564, -3.529),(23.42, 0.232, -1.389),False,False,True,False
248,-0.1262,-1.5275,0.0,1,0.1,151.1,(-1.601, -0.952, -1.0),(20.559, 2.579, -1.0),False,False,True,False
249,-0.9019,-1.4919,0.0,150,0.1,151.94,(-1.176, 0.642, -1.012),(19.391, -2.153, -5.364),False,False,False,True
250,-0.077,-1.3245,0.0,4,0.1,151.97,(0.71, 2.614, -2.082),(19.34, 2.896, -1.0),False,False,True,False
251,-3.6832,-1.5501,0.0,133,0.1,152.73,(-0.04, 2.671, -2.241),(20.836, -2.061, -1.0),False,False,True,False
252,-1.5458,-1.5208,0.0,150,0.1,153.58,(2.197, 0.275, -4.879),(21.897, -0.479, -4.68),False,False,False,True
253,-2.5503,-1.4981,0.0,150,0.1,154.42,(-0.767, -2.173, -3.198),(19.036, -3.561, -3.125),False,False,False,True
254,-1.9519,-1.5374,0.0,150,0.1,155.28,(0.311, -0.328, -1.026),(22.56, -1.039, -4.354),False,False,False,True
255,-0.4698,-1.3336,0.0,43,0.1,155.53,(1.812, -1.599, -4.767),(22.921, 0.895, -1.0),False,False,True,False
256,-0.2202,-1.1712,0.0,7,0.1,155.58,(-1.239, -1.049, -3.627),(24.144, -1.213, -3.342),False,False,True,False
257,-2.1765,-1.3703,0.0,150,0.1,156.43,(-0.072, 1.904, -3.884),(21.191, -2.142, -5.225),False,False,False,True
258,-0.227,-1.3804,0.0,6,0.1,156.48,(-0.026, -2.308, -1.19),(20.279, -0.268, -2.878),False,False,True,False
259,-0.7626,-1.3664,0.0,24,0.1,156.63,(-1.525, -2.135, -2.995),(22.339, 0.731, -1.0),False,False,True,False
260,-0.4741,-1.4061,0.0,30,0.1,156.81,(-0.792, -0.811, -2.445),(23.48, -0.475, -1.0),False,False,True,False
261,-0.1039,-1.0482,0.0,22,0.1,156.95,(-1.23, -1.36, -4.911),(21.895, -0.482, -1.303),False,False,True,False
262,-1.9594,-1.0896,0.0,60,0.1,157.29,(-0.819, -2.855, -3.106),(19.647, 1.107, -4.507),False,False,True,False
263,-2.1611,-1.0507,0.0,76,0.1,157.72,(-0.944, 0.473, -4.334),(19.913, -3.364, -2.858),False,False,True,False
264,-3.0625,-1.1617,0.0,150,0.1,158.57,(-0.994, -1.743, -3.474),(20.616, 2.901, -5.176),False,False,False,True
265,-3.192,-1.4339,0.0,148,0.1,159.41,(-0.193, -0.339, -2.569),(18.452, -1.133, -5.331),False,False,True,False
266,-2.5845,-1.6704,0.0,150,0.1,160.25,(-1.098, 1.219, -2.3),(19.091, 1.05, -6.125),False,False,False,True
267,-0.0092,-1.4536,0.0,13,0.1,160.33,(0.487, 1.888, -1.0),(19.706, -1.0, -1.0),False,False,True,False
268,-0.1439,-1.4453,0.0,2,0.1,160.36,(-1.708, 0.471, -1.0),(19.643, -1.847, -1.0),False,False,True,False
269,-2.7283,-1.6419,0.0,150,0.1,161.2,(1.078, -1.596, -1.997),(17.611, 0.301, -6.115),False,False,False,True
270,-1.9323,-1.7877,0.0,150,0.1,162.05,(0.321, 0.598, -4.369),(16.136, -2.819, -2.822),False,False,False,True
271,-1.8495,-1.9623,0.0,150,0.1,162.89,(1.557, -0.95, -2.953),(20.655, -2.072, -7.404),False,False,False,True
272,-0.6832,-1.8347,0.0,35,0.1,163.1,(1.58, -1.388, -3.965),(23.497, 1.807, -1.0),False,False,True,False
273,-1.939,-1.8124,0.0,150,0.1,163.94,(-1.634, 1.66, -2.747),(18.177, 0.654, -7.285),False,False,False,True
274,-2.5749,-1.7637,0.0,150,0.1,164.78,(0.756, 2.395, -2.504),(18.855, 2.254, -5.772),False,False,False,True
275,-1.5862,-1.6031,0.0,97,0.1,165.34,(-0.048, -1.551, -4.461),(22.155, 1.176, -2.782),False,False,True,False
276,-3.5815,-1.7028,0.0,150,0.1,166.19,(2.137, -0.641, -1.495),(22.099, 3.235, -4.373),False,False,False,True
277,-1.5825,-1.8601,0.0,150,0.1,167.04,(-1.272, 0.337, -1.0),(16.716, 0.697, -6.572),False,False,False,True
278,-1.6716,-2.0129,0.0,150,0.1,167.89,(-0.304, 1.211, -5.452),(21.879, -1.23, -2.205),False,False,False,True
279,-2.2523,-1.9653,0.0,150,0.1,168.74,(-0.101, 1.19, -2.234),(16.486, -0.763, -5.503),False,False,False,True
280,-2.0479,-1.9769,0.0,150,0.1,169.59,(0.103, 2.308, -4.134),(19.798, 2.77, -7.013),False,False,False,True
281,-0.8439,-1.8763,0.0,47,0.1,169.86,(1.415, 2.43, -2.64),(22.099, 0.893, -1.21),False,False,True,False
282,-0.7421,-1.8822,0.0,48,0.1,170.15,(-0.749, 1.651, -4.322),(16.59, 0.887, -1.084),False,False,True,False
283,-0.738,-1.7621,0.0,85,0.1,170.63,(0.406, -0.245, -5.794),(18.137, -1.551, -1.0),False,False,True,False
284,-2.4425,-1.7489,0.0,150,0.1,171.47,(0.998, -1.329, -2.434),(18.711, -4.407, -1.643),False,False,False,True
285,-3.3754,-1.9278,0.0,150,0.1,172.32,(0.217, -1.445, -2.514),(18.589, 1.768, -5.623),False,False,False,True
286,-0.9225,-1.6619,0.0,53,0.1,172.63,(0.24, 0.86, -2.171),(20.465, 4.091, -1.303),False,False,True,False
287,-1.3944,-1.6431,0.0,150,0.1,173.48,(-1.211, 0.014, -5.421),(22.818, 1.059, -3.371),False,False,False,True
288,-2.7648,-1.7524,0.0,150,0.1,174.32,(0.116, 1.357, -1.307),(21.767, 3.588, -5.552),False,False,False,True
289,-2.6518,-1.7923,0.0,150,0.1,175.17,(-1.462, -0.729, -4.296),(22.131, 1.474, -1.42),False,False,True,True
290,-1.9319,-1.7807,0.0,150,0.1,176.02,(-0.743, 2.742, -3.053),(19.16, -2.473, -2.047),False,False,False,True
291,-0.9394,-1.7903,0.0,150,0.1,176.86,(0.317, 2.061, -1.412),(19.068, 0.492, -6.415),False,False,False,True
292,-1.1687,-1.8329,0.0,70,0.1,177.26,(-1.103, 1.592, -1.905),(17.219, -0.223, -1.0),False,False,True,False
293,-2.6503,-2.0242,0.0,150,0.1,178.11,(1.68, -1.594, -1.958),(20.189, -3.429, -3.226),False,False,False,True
294,-1.7529,-1.9552,0.0,150,0.1,178.95,(-1.751, -0.792, -1.52),(19.681, -3.181, -5.211),False,False,False,True
295,-3.0537,-1.923,0.0,150,0.1,179.8,(-1.396, 0.415, -1.961),(21.247, -3.474, -1.138),False,False,False,True
296,-1.2786,-1.9586,0.0,150,0.1,180.65,(-1.466, -0.094, -4.042),(18.396, 0.168, -7.556),False,False,False,True
297,-0.8796,-1.9072,0.0,150,0.1,181.5,(-1.676, 0.062, -1.492),(21.778, -4.481, -4.12),False,False,False,True
298,-1.7177,-1.8024,0.0,150,0.1,182.35,(-0.032, -2.001, -1.541),(20.372, 0.167, -1.051),False,False,False,True
299,-4.4857,-1.9858,0.0,150,0.1,183.19,(-2.253, -1.588, -1.97),(20.354, 1.536, -6.171),False,False,False,True
300,-0.0395,-1.7966,0.0,18,0.1,183.3,(1.461, 0.992, -1.261),(22.134, 1.458, -1.0),False,False,True,False
301,-1.3982,-1.8425,0.0,150,0.1,184.15,(1.013, 1.303, -3.925),(19.028, 1.91, -1.461),False,False,False,True
302,-2.2475,-1.9504,0.0,150,0.1,185.0,(-1.197, 0.735, -1.0),(21.512, -1.982, -2.798),False,False,False,True
303,-1.8553,-1.8709,0.0,150,0.1,185.84,(-0.412, -2.938, -3.343),(17.041, -1.394, -1.0),False,False,False,True
304,-26.4192,-4.3375,0.0,1,0.1,185.86,(-0.383, -0.622, -1.0),(23.995, 2.098, -3.713),False,True,True,False
305,-2.3981,-4.2719,0.0,150,0.1,186.7,(-0.282, 0.577, -4.052),(20.877, 0.238, -3.552),False,False,False,True
306,-1.7008,-4.3142,0.0,150,0.1,187.55,(0.033, 2.728, -3.595),(21.855, -0.422, -5.415),False,False,False,True
307,-3.096,-4.5358,0.0,150,0.1,188.39,(0.236, -1.713, -1.365),(19.638, 2.477, -1.0),False,False,False,True
308,-1.2668,-4.4907,0.0,150,0.1,189.24,(0.022, 1.298, -2.723),(24.238, 1.45, -1.955),False,False,False,True
309,-2.8634,-4.3285,0.0,150,0.1,190.09,(0.555, -1.947, -3.448),(19.708, -0.833, -1.0),False,False,False,True
310,-0.5225,-4.3768,0.0,65,0.1,190.46,(1.293, 0.33, -2.291),(20.702, 0.66, -1.0),False,False,True,False
311,-2.4379,-4.4807,0.0,150,0.1,191.31,(2.016, 0.41, -2.665),(22.936, -3.195, -4.383),False,False,False,True
312,-3.082,-4.5642,0.0,150,0.1,192.16,(1.028, 0.406, -1.393),(19.211, 1.895, -2.568),False,False,False,True
313,-0.6677,-4.4454,0.0,12,0.1,192.24,(-1.452, -0.305, -2.172),(19.245, -1.68, -3.542),False,False,True,False
314,-0.6518,-1.8687,0.0,150,0.1,193.09,(0.792, -2.002, -1.598),(17.918, 2.225, -6.224),False,False,False,True
315,-0.3404,-1.6629,0.0,3,0.1,193.11,(-1.214, -0.745, -2.038),(21.706, 3.145, -2.615),False,False,True,False
316,-1.3426,-1.6271,0.0,150,0.1,193.96,(2.641, -0.06, -4.401),(18.452, -2.02, -4.459),False,False,False,True
317,-1.7529,-1.4928,0.0,150,0.1,194.8,(-0.456, -1.084, -2.497),(24.717, 1.066, -1.916),False,False,False,True
318,-3.3084,-1.697,0.0,150,0.1,195.65,(-0.388, 2.066, -3.341),(24.405, 0.446, -4.82),False,False,False,True
319,-2.1409,-1.6247,0.0,150,0.1,196.49,(0.068, 1.046, -4.432),(22.23, -3.134, -2.358),False,False,False,True
320,-1.8264,-1.7551,0.0,150,0.1,197.34,(1.76, -2.189, -2.603),(20.967, 2.367, -2.55),False,False,False,True
321,-0.6689,-1.5782,0.0,8,0.1,197.4,(-2.718, 0.017, -3.813),(18.757, -1.821, -1.0),False,False,True,False
322,-1.168,-1.3868,0.0,150,0.1,198.25,(0.764, 0.616, -5.368),(21.68, -0.549, -4.15),False,False,False,True
323,-1.1297,-1.433,0.0,150,0.1,199.09,(-0.632, -1.188, -5.582),(19.506, -4.685, -1.355),False,False,False,True
324,-1.3157,-1.4994,0.0,83,0.1,199.57,(0.356, 0.409, -1.227),(23.269, -0.969, -1.0),False,False,True,False
325,-0.5824,-1.5236,0.0,34,0.1,199.76,(1.09, -1.767, -2.08),(19.484, 1.435, -1.0),False,False,True,False
326,-1.8738,-1.5767,0.0,150,0.1,200.62,(-0.201, -1.368, -3.369),(16.621, -2.915, -2.544),False,False,False,True
327,-1.7562,-1.577,0.0,150,0.1,201.47,(0.174, 2.167, -3.723),(17.927, -1.572, -5.358),False,False,False,True
328,-1.231,-1.3693,0.0,54,0.1,201.78,(-1.605, -1.769, -3.224),(22.715, -2.66, -2.773),False,False,True,False
329,-0.1819,-1.1734,0.0,4,0.1,201.81,(0.089, -0.228, -1.412),(17.075, 0.01, -1.0),False,False,True,False
330,-0.9075,-1.0815,0.0,150,0.1,202.66,(2.206, -0.678, -3.7),(23.128, 2.617, -3.582),False,False,False,True
331,-2.1781,-1.2324,0.0,150,0.1,203.51,(-0.54, 2.536, -4.498),(18.765, -0.071, -5.034),False,False,False,True
332,-1.1585,-1.2315,0.0,150,0.1,204.36,(-1.216, 1.353, -1.582),(18.622, -2.973, -5.268),False,False,False,True
333,-0.3733,-1.1558,0.0,34,0.1,204.56,(-1.137, -0.843, -1.614),(20.317, 4.012, -2.592),False,False,True,False
334,-0.7359,-1.0978,0.0,5,0.1,204.6,(-2.484, 1.157, -3.27),(16.167, -2.95, -2.149),False,False,True,False
335,-4.601,-1.4997,0.0,150,0.1,205.44,(2.673, -0.088, -1.859),(18.017, 1.297, -6.66),False,False,False,True
336,-2.8221,-1.5945,0.0,150,0.1,206.29,(0.513, -1.274, -1.38),(24.386, -0.546, -2.222),False,False,False,True
337,-4.7999,-1.8989,0.0,150,0.1,207.13,(-1.359, 1.112, -1.597),(22.308, 2.467, -5.423),False,False,False,True
338,-2.0566,-1.9815,0.0,150,0.1,207.98,(-1.994, 0.149, -1.062),(17.536, 2.525, -5.578),False,False,False,True
339,-2.9054,-2.2538,0.0,74,0.1,208.4,(2.289, 0.092, -2.547),(18.66, -4.266, -1.56),False,False,True,False
340,-1.4108,-2.3041,0.0,150,0.1,209.25,(-0.795, 1.913, -5.009),(19.461, -2.206, -4.882),False,False,False,True
341,-1.9674,-2.2831,0.0,150,0.1,210.09,(-2.105, 0.417, -1.699),(21.509, 2.058, -3.238),False,False,False,True
342,-1.3663,-2.3038,0.0,150,0.1,210.94,(2.008, -0.282, -4.693),(21.748, 3.497, -2.216),False,False,False,True
343,-0.1427,-2.2808,0.0,3,0.1,210.98,(-2.013, -1.078, -1.137),(21.996, 1.003, -1.0),False,False,True,False
344,-1.806,-2.3878,0.0,150,0.1,211.82,(0.986, 2.595, -2.831),(23.042, -0.591, -1.0),False,False,False,True
345,-1.519,-2.0796,0.0,150,0.1,212.66,(-0.93, -0.909, -2.24),(21.905, 0.669, -4.345),False,False,False,True
346,-3.0292,-2.1003,0.0,150,0.1,213.52,(2.033, -1.69, -1.833),(21.981, -3.247, -2.482),False,False,False,True
347,-2.5799,-1.8783,0.0,150,0.1,214.36,(-1.2, -0.018, -4.154),(16.709, -0.76, -5.339),False,False,False,True
348,-1.4406,-1.8167,0.0,150,0.1,215.21,(2.564, -0.186, -3.156),(21.149, 0.972, -1.0),False,False,False,True
349,-1.9729,-1.7235,0.0,150,0.1,216.06,(-1.171, -1.213, -3.073),(15.965, 0.145, -3.983),False,False,False,True
350,-1.5271,-1.7351,0.0,54,0.1,216.37,(-2.29, -0.528, -2.286),(16.536, -0.543, -3.577),False,False,True,False
# [02:12:44] Training complete. 350 episodes in 216.4 min. Final avg reward (last 10): -1.74. Final success rate (last 10): 0.0%.
