# run_name: d3qn_random_nodepth_reward_epsilonsteps_200
# timestamp: 20260818_133848
# ---- config ----
# goal_position: (20, 0, -3)
# start_position: (0, 0, -3)
# randomize_positions: True
# start_jitter_radius: 1.0
# goal_jitter_radius: 3.0
# max_episode_steps: 150
# dt: 0.5
# speed: 2.0
# state_dim: 15
# action_dim: 27
# lr: 0.0001
# gamma: 0.99
# buffer_capacity: 1000000
# batch_size: 32
# epsilon_start: 1.0
# epsilon_end: 0.2
# epsilon_decay_steps: 34000
# target_update_freq: 250
# use_double: True
# use_dueling: True
# ----------------
episode,reward,avg10,success_rate10,steps,epsilon,elapsed_min,start_position,goal_position,is_success,is_crash,is_out_of_bounds,is_timeout
1,-13.7578,-13.7578,0.0,150,0.9972,0.72,(-0.123, 0.724, -3.035),(20.907, -0.867, -2.966),False,False,False,True
2,-14.794,-14.2759,0.0,150,0.9937,1.57,(-0.394, 0.112, -2.9),(21.722, 0.969, -4.433),False,False,False,True
3,-11.5379,-13.3633,0.0,150,0.9901,2.41,(0.37, -0.74, -3.288),(21.177, 1.33, -4.133),False,False,False,True
4,-14.8587,-13.7371,0.0,150,0.9866,3.25,(0.926, -0.048, -3.231),(18.596, 1.555, -4.323),False,False,False,True
5,-15.5322,-14.0961,0.0,150,0.9831,4.1,(-0.73, -0.256, -3.254),(17.936, 0.286, -2.215),False,False,False,True
6,-1.7514,-12.0387,0.0,25,0.9825,4.25,(-0.084, -0.842, -2.885),(20.033, 1.547, -1.563),False,False,True,False
7,-16.7968,-12.7184,0.0,150,0.979,5.09,(-0.532, -0.269, -3.032),(20.241, -1.18, -1.0),False,False,False,True
8,-14.5435,-12.9465,0.0,150,0.9754,5.94,(-0.229, 0.066, -3.748),(19.147, 1.299, -1.0),False,False,False,True
9,-18.3379,-13.5456,0.0,150,0.9719,6.78,(-0.293, -0.226, -2.635),(19.529, 1.099, -2.315),False,False,False,True
10,-12.8883,-13.4799,0.0,150,0.9684,7.63,(-0.074, 0.79, -2.639),(21.831, 1.818, -1.603),False,False,False,True
11,-22.7448,-14.3786,0.0,150,0.9648,8.47,(0.392, 0.76, -3.137),(19.697, -1.294, -3.08),False,False,False,True
12,-22.3444,-15.1336,0.0,150,0.9613,9.32,(0.712, -0.374, -3.218),(19.624, 2.064, -4.218),False,False,False,True
13,-12.3407,-15.2139,0.0,150,0.9578,10.16,(0.624, 0.687, -2.897),(21.235, -0.569, -3.859),False,False,False,True
14,-11.658,-14.8938,0.0,150,0.9543,11.0,(-0.683, -0.223, -3.507),(20.646, 2.608, -2.545),False,False,False,True
15,-22.3595,-15.5765,0.0,150,0.9507,11.85,(0.292, 0.223, -2.08),(19.884, -2.265, -4.205),False,False,False,True
16,-14.1576,-16.8171,0.0,150,0.9472,12.7,(0.895, -0.313, -3.173),(21.893, -1.96, -1.762),False,False,False,True
17,-15.4599,-16.6834,0.0,150,0.9437,13.54,(0.223, -0.229, -3.4),(22.314, -0.378, -3.014),False,False,False,True
18,-12.8573,-16.5148,0.0,150,0.9401,14.39,(-0.015, -0.586, -3.335),(21.785, 0.897, -2.297),False,False,False,True
19,-12.4971,-15.9307,0.0,150,0.9366,15.23,(-0.135, 0.936, -2.85),(19.845, 0.512, -5.501),False,False,False,True
20,-11.8376,-15.8257,0.0,150,0.9331,16.08,(0.025, 0.043, -3.005),(19.206, 0.171, -3.086),False,False,False,True
# [13:58:28] [greedy-eval @ episode 20] success_rate=0.0% over 5 episodes
21,-15.3777,-15.089,0.0,150,0.9296,20.51,(-0.693, -0.44, -2.943),(21.147, -0.214, -2.052),False,False,False,True
22,-0.8027,-12.9348,0.0,9,0.9293,20.57,(-0.566, -0.596, -3.019),(20.06, -2.67, -2.524),False,False,True,False
23,-12.1224,-12.913,0.0,150,0.9258,21.42,(-0.622, 0.756, -2.914),(21.465, 1.171, -4.542),False,False,False,True
24,-13.9491,-13.1421,0.0,150,0.9223,22.26,(-0.071, -0.676, -3.008),(21.537, 1.733, -3.343),False,False,False,True
25,-13.9926,-12.3054,0.0,150,0.9188,23.11,(-0.159, 0.054, -2.955),(18.843, 0.845, -2.185),False,False,False,True
26,-15.5683,-12.4465,0.0,150,0.9152,23.95,(-0.519, 0.392, -2.571),(19.994, 1.664, -1.0),False,False,False,True
27,-19.1827,-12.8187,0.0,150,0.9117,24.79,(0.308, 0.214, -3.046),(20.201, 2.523, -1.807),False,False,False,True
28,-11.1813,-12.6512,0.0,150,0.9082,25.64,(-0.484, 0.64, -3.485),(21.397, 2.029, -2.86),False,False,False,True
29,-16.5136,-13.0528,0.0,150,0.9046,26.48,(-0.001, -0.079, -3.451),(20.521, 0.587, -2.409),False,False,False,True
30,-13.3461,-13.2036,0.0,150,0.9011,27.33,(0.021, -0.265, -3.11),(21.109, -0.424, -3.341),False,False,False,True
31,-12.8365,-12.9495,0.0,150,0.8976,28.18,(0.314, -0.786, -2.994),(17.866, -1.877, -2.46),False,False,False,True
32,-11.7362,-14.0429,0.0,150,0.894,29.02,(0.873, 0.159, -3.132),(19.77, 0.384, -5.687),False,False,False,True
33,-9.8582,-13.8165,0.0,137,0.8908,29.8,(-0.715, 0.423, -2.691),(20.178, -0.093, -3.338),False,False,True,False
34,-13.0136,-13.7229,0.0,150,0.8873,30.64,(0.492, 0.437, -2.279),(21.475, -0.881, -3.856),False,False,False,True
35,-18.1719,-14.1408,0.0,150,0.8838,31.48,(-0.086, -0.117, -3.007),(20.448, 1.042, -2.612),False,False,False,True
36,-12.404,-13.8244,0.0,150,0.8802,32.33,(0.94, 0.159, -3.267),(19.256, -1.2, -2.866),False,False,False,True
37,-2.8164,-12.1878,0.0,36,0.8794,32.54,(-0.876, -0.081, -3.063),(20.278, -2.216, -4.756),False,False,True,False
38,-11.6366,-12.2333,0.0,150,0.8759,33.38,(0.029, 0.694, -2.517),(21.163, 0.308, -2.922),False,False,False,True
39,-11.5275,-11.7347,0.0,150,0.8723,34.23,(-0.341, -0.304, -2.455),(19.969, -2.526, -3.956),False,False,False,True
40,-12.4414,-11.6442,0.0,150,0.8688,35.07,(-0.036, -0.265, -3.01),(18.369, -1.021, -1.049),False,False,False,True
# [14:17:03] [greedy-eval @ episode 40] success_rate=0.0% over 5 episodes
41,-11.6485,-11.5254,0.0,150,0.8653,39.1,(0.776, 0.128, -3.43),(21.206, -0.394, -5.323),False,False,False,True
42,-10.5197,-11.4038,0.0,150,0.8617,39.94,(0.374, 0.697, -2.418),(21.648, 0.806, -5.037),False,False,False,True
43,-12.7354,-11.6915,0.0,150,0.8582,40.78,(-0.153, -0.581, -2.974),(22.227, 1.763, -2.327),False,False,False,True
44,-13.1986,-11.71,0.0,150,0.8547,41.63,(0.002, -0.677, -2.691),(18.554, -1.821, -2.714),False,False,False,True
45,-1.964,-10.0892,0.0,25,0.8541,41.78,(-0.038, 0.323, -2.587),(21.659, 0.222, -1.545),False,False,True,False
46,-9.8835,-9.8372,0.0,150,0.8506,42.62,(0.552, 0.632, -3.096),(22.546, -0.383, -2.717),False,False,False,True
47,-10.8668,-10.6422,0.0,150,0.847,43.47,(0.162, -0.532, -3.278),(19.074, -0.126, -3.563),False,False,False,True
48,-3.9171,-9.8703,0.0,63,0.8456,43.83,(-0.492, -0.04, -3.388),(20.751, 0.854, -1.237),False,False,True,False
49,-8.03,-9.5205,0.0,102,0.8432,44.41,(-0.504, -0.097, -2.175),(20.922, -1.949, -3.139),False,False,True,False
50,-12.5661,-9.533,0.0,150,0.8396,45.25,(0.604, -0.615, -3.108),(18.663, 0.875, -1.876),False,False,False,True
51,-13.4708,-9.7152,0.0,150,0.8361,46.1,(0.774, 0.169, -3.346),(21.981, 1.703, -3.472),False,False,False,True
52,-0.9022,-8.7535,0.0,11,0.8358,46.17,(0.348, 0.845, -2.614),(18.523, -1.211, -2.803),False,False,True,False
53,-10.4727,-8.5272,0.0,150,0.8323,47.01,(-0.452, 0.722, -3.241),(22.763, 0.44, -1.977),False,False,False,True
54,-13.6826,-8.5756,0.0,150,0.8288,47.86,(0.618, -0.067, -2.287),(18.571, 0.386, -3.918),False,False,False,True
55,-16.5974,-10.0389,0.0,150,0.8252,48.7,(0.59, 0.424, -2.972),(18.331, 0.367, -4.291),False,False,False,True
56,-1.6952,-9.2201,0.0,22,0.8247,48.83,(0.617, 0.031, -2.557),(19.815, 0.899, -1.467),False,False,True,False
57,-12.0888,-9.3423,0.0,150,0.8212,49.68,(0.08, 0.51, -2.367),(22.228, 0.228, -1.398),False,False,False,True
58,-10.9644,-10.047,0.0,150,0.8177,50.53,(0.427, 0.606, -2.472),(19.495, 1.003, -2.881),False,False,False,True
59,-10.073,-10.2513,0.0,141,0.8144,51.33,(-0.439, -0.263, -2.892),(20.395, 1.543, -1.077),False,False,True,False
60,-10.106,-10.0053,0.0,150,0.8108,52.17,(-0.015, -0.097, -3.428),(19.69, -0.429, -3.083),False,False,False,True
# [14:34:58] [greedy-eval @ episode 60] success_rate=0.0% over 5 episodes
61,-11.033,-9.7615,0.0,150,0.8073,56.68,(0.941, 0.164, -3.141),(19.714, -0.406, -1.0),False,False,False,True
62,-11.1568,-10.787,0.0,150,0.8038,57.41,(0.309, 0.131, -2.65),(19.422, -0.468, -1.0),False,False,False,True
63,-17.5498,-11.4947,0.0,150,0.8002,58.25,(0.094, 0.096, -3.343),(19.325, 1.425, -1.0),False,False,False,True
64,-6.4287,-10.7693,0.0,75,0.7985,58.68,(0.318, 0.457, -3.194),(22.256, -1.172, -1.581),False,False,True,False
65,-9.9557,-10.1051,0.0,150,0.7949,59.53,(-0.201, -0.551, -3.723),(19.714, 0.079, -3.293),False,False,False,True
66,-2.2019,-10.1558,0.0,28,0.7943,59.7,(-0.204, -0.349, -2.318),(19.918, 1.307, -2.361),False,False,True,False
67,-12.6958,-10.2165,0.0,150,0.7908,60.54,(0.446, 0.314, -2.784),(18.274, 0.962, -3.847),False,False,False,True
68,-9.6053,-10.0806,0.0,150,0.7872,61.39,(-0.229, -0.349, -2.97),(20.519, -2.362, -3.317),False,False,False,True
69,-10.8306,-10.1563,0.0,150,0.7837,62.23,(0.328, -0.119, -3.893),(17.996, -1.187, -2.566),False,False,False,True
70,-10.8745,-10.2332,0.0,150,0.7802,63.08,(0.693, -0.067, -2.539),(21.481, -1.341, -2.041),False,False,False,True
71,-9.2623,-10.0561,0.0,121,0.7773,63.76,(-0.179, 0.501, -3.591),(22.483, -1.222, -3.068),False,False,True,False
72,-10.2631,-9.9668,0.0,150,0.7738,64.6,(0.312, -0.082, -2.137),(21.543, -1.349, -1.401),False,False,False,True
73,-11.0648,-9.3183,0.0,150,0.7703,65.45,(0.558, -0.368, -2.636),(19.55, -1.059, -5.552),False,False,False,True
74,-0.7468,-8.7501,0.0,9,0.77,65.51,(0.116, -0.425, -2.239),(19.099, -0.703, -1.0),False,False,True,False
75,-12.6585,-9.0204,0.0,150,0.7665,66.36,(0.273, -0.617, -2.276),(18.093, 0.602, -5.038),False,False,False,True
76,-11.8627,-9.9864,0.0,150,0.763,67.2,(-0.679, -0.084, -2.876),(20.778, 2.773, -2.742),False,False,False,True
77,-9.9368,-9.7105,0.0,150,0.7595,68.04,(-0.548, 0.23, -3.683),(21.709, 0.097, -2.068),False,False,False,True
78,-11.1195,-9.862,0.0,150,0.7559,68.89,(0.243, -0.012, -3.589),(18.413, 0.865, -4.236),False,False,False,True
79,-11.1422,-9.8931,0.0,150,0.7524,69.73,(-0.092, 0.658, -3.702),(19.665, -1.738, -1.709),False,False,False,True
80,-11.7822,-9.9839,0.0,150,0.7489,70.58,(0.155, 0.555, -2.2),(18.078, -0.11, -4.444),False,False,False,True
# [14:53:36] [greedy-eval @ episode 80] success_rate=0.0% over 5 episodes
81,-11.1808,-10.1757,0.0,150,0.7453,75.64,(-0.525, 0.587, -3.16),(18.399, -1.116, -3.089),False,False,False,True
82,-9.3156,-10.081,0.0,150,0.7418,76.49,(-0.269, 0.208, -2.406),(22.663, 0.046, -4.199),False,False,False,True
83,-11.2963,-10.1041,0.0,150,0.7383,77.33,(-0.15, 0.745, -2.586),(21.749, 0.414, -1.79),False,False,False,True
84,-9.9813,-11.0276,0.0,150,0.7348,78.18,(-0.407, 0.166, -2.583),(19.32, 2.097, -4.622),False,False,False,True
85,-11.3775,-10.8995,0.0,150,0.7312,79.03,(-0.795, 0.362, -3.205),(19.87, -1.559, -2.66),False,False,False,True
86,-11.4043,-10.8536,0.0,150,0.7277,79.92,(0.234, 0.452, -3.63),(17.236, -0.099, -3.063),False,False,False,True
87,-7.9307,-10.653,0.0,142,0.7244,80.77,(-0.179, -0.936, -2.701),(19.954, -0.793, -1.0),False,False,True,False
88,-10.3638,-10.5775,0.0,150,0.7208,81.66,(0.035, -0.234, -2.362),(21.679, -1.707, -3.206),False,False,False,True
89,-1.9235,-9.6556,0.0,25,0.7202,81.8,(0.463, 0.455, -3.129),(21.901, -0.229, -1.906),False,False,True,False
90,-9.5751,-9.4349,0.0,150,0.7167,82.66,(0.502, -0.128, -2.376),(19.363, 0.09, -5.911),False,False,False,True
91,-8.9431,-9.2111,0.0,150,0.7132,83.55,(-0.437, -0.021, -3.728),(21.826, -0.645, -1.771),False,False,False,True
92,-12.5617,-9.5357,0.0,150,0.7096,84.43,(0.225, 0.24, -3.412),(18.522, -2.081, -1.874),False,False,False,True
93,-4.7408,-8.8802,0.0,61,0.7082,84.81,(0.605, -0.489, -2.679),(21.856, 2.198, -2.192),False,False,True,False
94,-12.0773,-9.0898,0.0,150,0.7047,85.67,(0.018, 0.515, -2.432),(21.221, 0.041, -3.915),False,False,False,True
95,-10.1057,-8.9626,0.0,150,0.7012,86.56,(0.162, 0.29, -3.518),(20.68, 1.062, -5.117),False,False,False,True
96,-12.7713,-9.0993,0.0,150,0.6976,87.44,(0.226, 0.027, -3.955),(19.759, -1.978, -1.345),False,False,False,True
97,-10.0261,-9.3088,0.0,138,0.6944,88.23,(-0.28, -0.6, -2.459),(18.602, -0.809, -2.124),False,False,True,False
98,-9.979,-9.2704,0.0,150,0.6908,89.12,(0.787, 0.005, -3.399),(20.774, -0.237, -5.75),False,False,False,True
99,-7.9794,-9.8759,0.0,117,0.6881,89.81,(-0.348, -0.286, -3.38),(20.712, 0.515, -2.188),False,False,True,False
100,-9.0945,-9.8279,0.0,150,0.6846,90.69,(-0.419, -0.256, -2.948),(17.453, -1.251, -2.138),False,False,False,True
# [15:13:43] [greedy-eval @ episode 100] success_rate=0.0% over 5 episodes
101,-9.2053,-9.8541,0.0,150,0.681,95.79,(0.259, -0.029, -2.051),(22.075, 0.868, -3.236),False,False,False,True
102,-9.2036,-9.5183,0.0,150,0.6775,96.66,(-0.266, -0.073, -3.488),(20.779, -0.916, -3.301),False,False,False,True
103,-8.6682,-9.911,0.0,150,0.674,97.53,(0.142, -0.575, -2.605),(22.8, -0.161, -2.781),False,False,False,True
104,-10.624,-9.7657,0.0,150,0.6704,98.39,(0.035, 0.15, -2.735),(20.47, 0.682, -4.358),False,False,False,True
105,-10.5742,-9.8126,0.0,150,0.6669,99.28,(0.394, 0.555, -3.132),(20.393, -0.088, -1.409),False,False,False,True
106,-10.1317,-9.5486,0.0,150,0.6634,100.17,(-0.256, -0.776, -3.469),(20.965, -2.573, -3.28),False,False,False,True
107,-5.7629,-9.1223,0.0,85,0.6614,100.67,(0.595, 0.079, -2.793),(21.041, -1.059, -1.715),False,False,True,False
108,-9.1305,-9.0374,0.0,150,0.6579,101.55,(0.002, 0.271, -3.009),(20.318, 0.188, -4.174),False,False,False,True
109,-9.273,-9.1668,0.0,150,0.6543,102.43,(-0.557, 0.664, -3.255),(20.611, -0.744, -2.875),False,False,False,True
110,-8.8484,-9.1422,0.0,150,0.6508,103.31,(-0.704, -0.489, -2.601),(17.973, 0.795, -2.345),False,False,False,True
111,-10.7255,-9.2942,0.0,150,0.6473,104.17,(-0.214, -0.866, -3.069),(20.349, 0.247, -5.126),False,False,False,True
112,-10.6481,-9.4386,0.0,150,0.6437,105.05,(0.435, 0.4, -3.186),(21.213, -0.734, -3.264),False,False,False,True
113,-11.3213,-9.704,0.0,150,0.6402,105.91,(0.795, -0.121, -3.478),(22.065, 0.518, -4.165),False,False,False,True
114,-11.6852,-9.8101,0.0,150,0.6367,106.78,(-0.659, -0.375, -3.132),(19.86, -2.968, -3.389),False,False,False,True
115,-11.0969,-9.8623,0.0,150,0.6332,107.65,(0.607, 0.717, -3.056),(19.139, -0.258, -2.406),False,False,False,True
116,-9.1686,-9.766,0.0,150,0.6296,108.51,(-0.102, 0.926, -2.9),(18.045, 0.31, -3.94),False,False,False,True
117,-8.877,-10.0774,0.0,150,0.6261,109.4,(-0.516, -0.615, -2.641),(17.807, 1.031, -1.301),False,False,False,True
118,-11.8199,-10.3464,0.0,150,0.6226,110.25,(-0.084, 0.783, -3.188),(22.485, -0.83, -3.112),False,False,False,True
119,-0.4704,-9.4661,0.0,14,0.6222,110.34,(0.91, -0.0, -2.754),(21.308, -0.472, -1.0),False,False,True,False
120,-3.4438,-8.9257,0.0,57,0.6209,110.68,(-0.239, 0.413, -2.651),(19.441, 1.564, -2.032),False,False,True,False
# [15:33:42] [greedy-eval @ episode 120] success_rate=0.0% over 5 episodes
121,-8.8521,-8.7383,0.0,150,0.6174,115.78,(0.278, -0.447, -3.611),(21.517, -0.217, -5.044),False,False,False,True
122,-9.9613,-8.6696,0.0,150,0.6138,116.66,(0.631, 0.621, -3.266),(20.514, -1.063, -3.282),False,False,False,True
123,-5.4448,-8.082,0.0,76,0.612,117.11,(-0.201, -0.53, -3.084),(19.055, 0.35, -4.109),False,False,True,False
124,-9.0422,-7.8177,0.0,150,0.6085,117.96,(0.062, 0.174, -2.532),(20.38, 1.611, -2.006),False,False,False,True
125,-10.5659,-7.7646,0.0,150,0.605,118.84,(0.175, -0.7, -3.629),(19.15, -2.647, -3.455),False,False,False,True
126,-1.0259,-6.9503,0.0,11,0.6047,118.91,(0.654, -0.056, -3.734),(21.163, -0.547, -1.722),False,False,True,False
127,-8.3665,-6.8993,0.0,150,0.6012,119.78,(-0.44, 0.144, -2.502),(19.338, 1.243, -4.536),False,False,False,True
128,-9.8717,-6.7045,0.0,150,0.5977,120.62,(-0.451, 0.836, -2.852),(20.937, -0.335, -1.0),False,False,False,True
129,-5.7477,-7.2322,0.0,150,0.5941,121.44,(-0.613, 0.207, -3.51),(22.329, 1.462, -3.769),False,False,False,True
130,-8.8767,-7.7755,0.0,150,0.5906,122.32,(0.768, 0.143, -2.404),(18.796, -1.168, -1.0),False,False,False,True
131,-0.4923,-6.9395,0.0,8,0.5904,122.37,(0.095, -0.328, -2.21),(21.827, -1.275, -1.03),False,False,True,False
132,-8.8372,-6.8271,0.0,150,0.5869,123.25,(-0.523, -0.814, -3.189),(21.5, -1.101, -3.757),False,False,False,True
133,-10.2895,-7.3115,0.0,150,0.5834,124.12,(-0.167, 0.767, -2.839),(17.577, -0.276, -4.74),False,False,False,True
134,-10.3492,-7.4422,0.0,150,0.5798,124.98,(-0.191, 0.8, -2.854),(19.123, 1.904, -4.022),False,False,False,True
135,-8.0975,-7.1954,0.0,150,0.5763,125.86,(0.411, 0.21, -2.79),(19.965, 0.171, -5.509),False,False,False,True
136,-10.2988,-8.1227,0.0,150,0.5728,126.73,(-0.037, 0.617, -2.646),(20.582, -1.775, -4.761),False,False,False,True
137,-3.2661,-7.6127,0.0,63,0.5713,127.1,(-0.531, 0.082, -3.702),(18.739, 0.306, -1.485),False,False,True,False
138,-9.2878,-7.5543,0.0,150,0.5678,127.97,(-0.487, 0.432, -2.549),(18.863, -2.254, -3.454),False,False,False,True
139,-7.7973,-7.7592,0.0,150,0.5642,128.83,(0.453, -0.039, -2.604),(21.297, -1.735, -1.287),False,False,False,True
140,-3.0678,-7.1783,0.0,42,0.5632,129.09,(0.197, 0.046, -2.424),(18.125, -1.198, -1.223),False,False,True,False
# [15:50:52] [greedy-eval @ episode 140] success_rate=0.0% over 5 episodes
141,-1.9925,-7.3284,0.0,23,0.5627,132.21,(0.099, 0.483, -2.302),(20.773, -1.472, -1.0),False,False,True,False
142,-9.9316,-7.4378,0.0,150,0.5592,133.09,(0.12, 0.686, -3.691),(20.28, -0.825, -5.186),False,False,False,True
143,-9.4808,-7.3569,0.0,150,0.5556,133.95,(-0.187, 0.239, -2.964),(20.633, 2.793, -3.095),False,False,False,True
144,-2.0016,-6.5222,0.0,36,0.5548,134.17,(0.758, 0.196, -2.555),(18.578, -0.394, -1.072),False,False,True,False
145,-9.3282,-6.6453,0.0,150,0.5513,135.02,(0.134, -0.442, -3.743),(18.547, -1.568, -3.44),False,False,False,True
146,-13.279,-6.9433,0.0,150,0.5477,135.56,(0.509, -0.431, -2.259),(22.112, 0.252, -3.055),False,False,False,True
147,-8.9368,-7.5103,0.0,150,0.5442,136.42,(0.849, 0.217, -2.78),(19.478, -1.942, -2.665),False,False,False,True
148,-0.8829,-6.6699,0.0,11,0.544,136.49,(-0.452, -0.213, -2.987),(19.532, -1.55, -2.478),False,False,True,False
149,-1.8627,-6.0764,0.0,34,0.5432,136.69,(0.183, -0.882, -3.277),(19.876, -1.288, -2.51),False,False,True,False
150,-8.5388,-6.6235,0.0,150,0.5396,137.57,(0.727, 0.021, -2.622),(17.979, -1.09, -1.643),False,False,False,True
151,-7.65,-7.1892,0.0,150,0.5361,138.43,(-0.002, -0.863, -2.814),(18.878, -2.542, -3.152),False,False,False,True
152,-7.4716,-6.9432,0.0,150,0.5326,139.29,(0.886, -0.313, -2.93),(20.222, 0.704, -1.0),False,False,False,True
153,-2.1859,-6.2138,0.0,41,0.5316,139.53,(-0.532, 0.144, -3.3),(19.951, 0.012, -1.0),False,False,True,False
154,-8.2994,-6.8435,0.0,150,0.5281,140.39,(-0.818, -0.392, -2.645),(18.861, -1.122, -5.412),False,False,False,True
155,-4.1918,-6.3299,0.0,93,0.5259,140.94,(-0.624, 0.511, -3.275),(22.524, 0.1, -1.742),False,False,True,False
156,-8.4526,-5.8473,0.0,150,0.5224,141.8,(0.34, 0.64, -2.572),(17.357, 0.07, -4.083),False,False,False,True
157,-1.8941,-5.143,0.0,58,0.521,142.16,(-0.081, -0.447, -2.413),(19.766, 0.205, -1.0),False,False,True,False
158,-2.4479,-5.2995,0.0,37,0.5201,142.39,(-0.491, -0.561, -2.497),(20.975, -0.008, -5.292),False,False,True,False
159,-2.234,-5.3366,0.0,53,0.5189,142.7,(0.933, 0.032, -2.669),(19.787, -0.687, -1.267),False,False,True,False
160,-2.5289,-4.7356,0.0,41,0.5179,142.95,(-0.273, -0.175, -2.223),(20.654, 1.899, -1.938),False,False,True,False
# [16:05:58] [greedy-eval @ episode 160] success_rate=0.0% over 5 episodes
161,-9.2453,-4.8952,0.0,150,0.5144,148.03,(-0.487, -0.056, -2.388),(19.668, 1.612, -4.746),False,False,False,True
162,-1.6221,-4.3102,0.0,19,0.5139,148.15,(0.399, -0.141, -2.212),(18.777, 2.271, -2.415),False,False,True,False
163,-7.0918,-4.8008,0.0,106,0.5114,148.76,(0.605, 0.28, -3.441),(22.179, 0.473, -2.532),False,False,True,False
164,-8.2705,-4.7979,0.0,150,0.5079,149.62,(0.305, -0.193, -3.136),(20.792, 0.508, -3.038),False,False,False,True
165,-6.573,-5.036,0.0,150,0.5044,150.43,(-0.064, -0.019, -3.105),(21.268, 1.896, -4.316),False,False,False,True
166,-8.1221,-5.003,0.0,150,0.5008,151.29,(0.143, 0.47, -3.759),(18.976, -0.658, -2.33),False,False,False,True
167,-8.3107,-5.6446,0.0,150,0.4973,152.15,(-0.758, -0.441, -3.086),(21.358, -0.01, -5.502),False,False,False,True
168,-1.7121,-5.5711,0.0,29,0.4966,152.32,(0.338, 0.578, -2.327),(20.565, 2.154, -2.256),False,False,True,False
169,-9.4993,-6.2976,0.0,150,0.4931,153.19,(-0.113, -0.097, -2.707),(18.716, -2.369, -2.317),False,False,False,True
170,-2.8613,-6.3308,0.0,52,0.4919,153.49,(0.093, 0.363, -3.596),(20.87, -2.213, -1.981),False,False,True,False
171,-9.2579,-6.3321,0.0,150,0.4884,154.36,(0.243, 0.352, -2.936),(17.536, 0.92, -2.859),False,False,False,True
172,-9.069,-7.0768,0.0,150,0.4848,155.22,(-0.506, 0.219, -2.35),(19.319, -0.194, -2.653),False,False,False,True
173,-2.0555,-6.5731,0.0,46,0.4837,155.5,(0.062, 0.155, -2.555),(21.034, -0.72, -1.738),False,False,True,False
174,-8.9972,-6.6458,0.0,150,0.4802,156.38,(0.724, -0.314, -2.988),(17.584, 0.509, -4.125),False,False,False,True
175,-2.0561,-6.1941,0.0,28,0.4796,156.55,(-0.678, 0.318, -2.633),(21.574, -0.451, -4.311),False,False,True,False
176,-1.2959,-5.5115,0.0,30,0.4788,156.74,(-0.167, -0.206, -2.218),(17.607, 1.131, -2.476),False,False,True,False
177,-8.879,-5.5683,0.0,150,0.4753,157.6,(0.651, -0.203, -3.21),(21.146, -1.296, -4.57),False,False,False,True
178,-8.2199,-6.2191,0.0,150,0.4718,158.46,(0.147, 0.341, -2.82),(18.756, -1.901, -4.665),False,False,False,True
179,-7.7,-6.0392,0.0,150,0.4683,159.34,(0.071, -0.436, -2.205),(19.661, 2.569, -3.099),False,False,False,True
180,-1.1508,-5.8681,0.0,16,0.4679,159.45,(0.311, -0.001, -3.481),(18.872, 1.017, -2.774),False,False,True,False
# [16:22:28] [greedy-eval @ episode 180] success_rate=0.0% over 5 episodes
181,-7.8272,-5.7251,0.0,150,0.4644,164.53,(-0.521, 0.347, -3.313),(20.48, -2.375, -3.812),False,False,False,True
182,-6.626,-5.4808,0.0,105,0.4619,165.13,(0.047, 0.535, -3.446),(22.066, -1.509, -1.829),False,False,True,False
183,-8.1467,-6.0899,0.0,150,0.4584,165.98,(0.276, 0.812, -2.534),(18.579, 0.031, -5.601),False,False,False,True
184,-8.171,-6.0073,0.0,150,0.4548,166.84,(-0.569, 0.432, -2.528),(21.703, 0.242, -2.213),False,False,False,True
185,-0.7994,-5.8816,0.0,12,0.4545,166.92,(-0.188, 0.832, -3.061),(20.911, -0.094, -1.0),False,False,True,False
186,-1.6127,-5.9133,0.0,33,0.4538,167.12,(-0.435, 0.398, -3.148),(21.272, -2.235, -1.476),False,False,True,False
187,-8.3442,-5.8598,0.0,150,0.4502,167.98,(0.303, -0.185, -3.116),(19.658, 1.215, -1.283),False,False,False,True
188,-8.9306,-5.9309,0.0,150,0.4467,168.85,(-0.37, 0.147, -3.757),(20.186, -2.712, -4.018),False,False,False,True
189,-9.7959,-6.1404,0.0,150,0.4432,169.71,(0.293, -0.664, -2.6),(20.61, 2.074, -1.478),False,False,False,True
190,-6.948,-6.7202,0.0,150,0.4396,170.55,(0.62, -0.617, -3.246),(19.85, 2.519, -4.364),False,False,False,True
191,-7.6804,-6.7055,0.0,150,0.4361,171.41,(0.004, 0.607, -3.053),(21.481, 0.871, -1.251),False,False,False,True
192,-3.6123,-6.4041,0.0,64,0.4346,171.79,(0.669, -0.189, -3.379),(18.441, -1.282, -1.0),False,False,True,False
193,-8.5823,-6.4477,0.0,150,0.4311,172.65,(0.437, 0.596, -3.302),(19.843, 0.117, -5.856),False,False,False,True
194,-6.2336,-6.2539,0.0,150,0.4276,173.5,(0.672, -0.32, -2.735),(20.274, 1.493, -4.261),False,False,False,True
195,-8.277,-7.0017,0.0,150,0.424,174.37,(0.399, 0.12, -3.019),(18.83, -1.011, -2.687),False,False,False,True
196,-9.6355,-7.804,0.0,150,0.4205,175.23,(0.73, 0.114, -2.642),(17.904, -1.712, -2.367),False,False,False,True
197,-7.8558,-7.7551,0.0,150,0.417,176.09,(0.574, 0.527, -2.977),(20.657, -0.418, -1.0),False,False,False,True
198,-10.3763,-7.8997,0.0,150,0.4134,176.95,(0.848, -0.219, -3.046),(18.293, -1.354, -2.357),False,False,False,True
199,-9.241,-7.8442,0.0,150,0.4099,177.82,(-0.701, 0.511, -3.084),(18.707, 2.297, -3.959),False,False,False,True
200,-8.8132,-8.0307,0.0,150,0.4064,178.68,(0.725, -0.021, -2.333),(22.419, 1.102, -3.023),False,False,False,True
# [16:40:59] [greedy-eval @ episode 200] success_rate=0.0% over 5 episodes
# [16:40:59] Training complete. 200 episodes in 182.2 min. Final avg reward (last 10): -8.03. Final success rate (last 10): 0.0%.
