# run_name: lstm_textv2
# timestamp: 20260919_141959
# ---- config ----
# architecture: D3RQN
# environment: blocks
# goal_position: (30.0, 0.0, -3.0)
# start_position: (0, 0, -3)
# randomize_positions: True
# start_jitter_radius: 2.0
# goal_jitter_radius: 5.0
# max_episode_steps: 150
# dt: 0.5
# speed: 2.0
# state_dim: 15
# action_dim: 27
# lr: 0.0001
# gamma: 0.99
# buffer_capacity: 5000
# batch_size: 32
# seq_len: 20
# epsilon_start: 1.0
# epsilon_end: 0.2
# epsilon_decay_steps: 24000
# target_update_freq: 250
# use_double: True
# ----------------
episode,reward,avg10,success_rate10,steps,epsilon,elapsed_min,start_position,goal_position,is_success,is_crash,is_out_of_bounds,is_timeout
1,-21.2427,-21.2427,0.0,150,1.0,2.6,(0.163, 1.1, -2.95),(26.422, -0.63, -1.937),False,False,False,True
2,-29.6734,-25.4581,0.0,150,1.0,5.2,(0.214, -0.254, -4.908),(32.993, 2.7, -3.962),False,False,False,True
3,-32.5064,-27.8075,0.0,150,1.0,7.47,(0.043, 0.29, -3.876),(33.55, -0.888, -1.0),False,False,False,True
4,4.3796,-19.7607,0.0,19,1.0,7.76,(0.172, 1.518, -4.268),(33.828, -0.219, -5.47),False,False,True,False
5,-5.7478,-16.9581,0.0,12,1.0,7.98,(0.361, 1.434, -4.196),(33.819, 1.978, -5.488),False,False,True,False
6,-33.3789,-19.6949,0.0,150,1.0,9.56,(0.106, 1.912, -2.76),(33.519, 1.298, -5.213),False,False,False,True
7,-8.3286,-18.0712,0.0,28,1.0,9.93,(-0.376, -1.132, -3.523),(32.534, -1.781, -1.0),False,True,True,False
8,-46.0824,-21.5726,0.0,150,1.0,11.51,(-0.502, -1.895, -3.254),(30.539, 1.905, -5.38),False,False,False,True
9,-8.5844,-20.1294,0.0,34,1.0,11.94,(0.32, -0.509, -4.73),(30.331, 3.544, -5.379),False,False,True,False
10,-10.313,-19.1478,0.0,150,1.0,13.54,(0.432, -0.763, -3.126),(27.834, 0.186, -6.393),False,False,False,True
11,-34.7358,-20.4971,0.0,150,1.0,15.14,(-0.233, 0.707, -2.777),(29.696, -3.279, -1.0),False,False,False,True
12,-6.795,-18.2093,0.0,150,1.0,16.72,(0.221, 1.132, -3.511),(33.399, 0.367, -1.0),False,False,False,True
13,-32.3283,-18.1914,0.0,150,1.0,18.3,(-0.328, 0.207, -3.663),(33.567, -2.345, -2.07),False,False,False,True
14,-3.435,-18.9729,0.0,17,1.0,18.56,(-1.978, -0.074, -3.018),(31.26, -3.499, -4.728),False,False,True,False
15,-0.7242,-18.4705,0.0,8,1.0,18.7,(-0.393, 0.357, -2.697),(29.347, -2.418, -5.864),False,False,True,False
16,-29.096,-18.0423,0.0,150,1.0,20.29,(-1.176, -0.567, -2.345),(26.57, -1.389, -1.0),False,False,False,True
17,-23.1531,-19.5247,0.0,150,1.0,21.85,(0.519, 0.722, -2.079),(27.672, -4.189, -1.871),False,False,False,True
18,-28.7549,-17.792,0.0,150,1.0,23.4,(-0.332, -0.507, -1.65),(34.026, -1.35, -1.0),False,False,False,True
19,-11.2198,-18.0555,0.0,150,1.0,24.99,(-0.552, -1.289, -2.735),(25.118, 0.84, -2.827),False,False,False,True
20,-17.4124,-18.7654,0.0,150,1.0,26.55,(0.527, -0.672, -1.759),(30.793, 3.344, -3.993),False,False,False,True
# [14:49:25] [greedy-eval @ episode 20] success_rate=0.0% over 5 episodes
21,-36.892,-18.9811,0.0,150,1.0,30.95,(-0.172, 0.423, -3.413),(28.57, 2.576, -1.0),False,False,False,True
22,-0.5759,-18.3591,0.0,20,1.0,31.21,(-0.033, 0.278, -2.053),(32.008, -1.769, -2.67),False,False,True,False
23,-30.1056,-18.1369,0.0,150,1.0,32.81,(1.491, 1.067, -3.577),(34.497, -2.011, -2.949),False,False,False,True
24,-11.0505,-18.8984,0.0,12,1.0,33.02,(0.099, -1.187, -2.589),(25.406, 0.338, -4.199),False,True,True,False
25,-1.0489,-18.9309,0.0,5,1.0,33.13,(-0.04, -0.435, -1.537),(31.949, -2.055, -4.352),False,False,True,False
26,-26.6109,-18.6824,0.0,150,1.0,34.72,(-0.956, -1.555, -2.975),(28.499, -1.491, -3.715),False,False,False,True
27,-10.1359,-17.3807,0.0,6,1.0,34.87,(-0.04, -0.177, -4.146),(31.411, 2.818, -1.0),False,True,True,False
28,-11.0329,-15.6085,0.0,4,1.0,35.0,(1.263, 1.072, -3.084),(30.696, -1.07, -4.478),False,True,True,False
29,0.2793,-14.4586,0.0,5,1.0,35.17,(-0.642, 0.359, -3.063),(32.528, -2.703, -1.0),False,False,True,False
30,-23.9984,-15.1172,0.0,150,1.0,36.77,(0.262, 1.251, -3.034),(27.734, -2.176, -1.988),False,False,False,True
31,-11.1102,-12.539,0.0,10,1.0,36.93,(-0.984, -0.385, -2.119),(28.92, -2.473, -2.878),False,True,True,False
32,-21.2086,-14.6023,0.0,150,1.0,38.52,(-0.558, 1.243, -2.858),(30.488, 0.055, -1.959),False,False,False,True
33,-17.4056,-13.3323,0.0,150,0.995,40.17,(0.978, 0.054, -2.848),(30.903, 0.666, -7.204),False,False,False,True
34,-15.2804,-13.7552,0.0,150,0.99,41.8,(-1.855, 0.448, -2.859),(34.55, -0.034, -2.088),False,False,False,True
35,-24.6764,-16.118,0.0,150,0.985,43.46,(-1.322, 0.249, -4.262),(27.378, -1.157, -5.723),False,False,False,True
36,-10.0566,-14.4626,0.0,3,0.9849,43.55,(0.671, 0.558, -2.439),(34.707, -0.458, -2.942),False,True,True,False
37,-9.7335,-14.4223,0.0,150,0.9799,45.15,(-0.54, 0.253, -2.056),(31.002, 1.187, -1.0),False,False,False,True
38,-18.8837,-15.2074,0.0,150,0.9749,46.75,(0.487, 0.022, -2.203),(26.613, -1.989, -3.258),False,False,False,True
39,-20.196,-17.2549,0.0,150,0.9699,48.39,(-0.229, -1.433, -3.142),(29.897, -2.111, -1.854),False,False,False,True
40,-27.6396,-17.6191,0.0,150,0.9649,50.01,(0.391, -0.012, -2.92),(26.184, 2.272, -5.169),False,False,False,True
# [15:12:26] [greedy-eval @ episode 40] success_rate=0.0% over 5 episodes
41,-10.2309,-17.5311,0.0,150,0.9599,54.03,(0.533, 1.26, -3.406),(30.122, 3.078, -4.152),False,False,False,True
42,-15.1857,-16.9288,0.0,150,0.9549,55.67,(-0.736, 0.884, -2.9),(33.555, -2.327, -1.76),False,False,False,True
43,-0.6911,-15.2574,0.0,3,0.9548,55.76,(-0.193, -0.749, -2.081),(30.328, -2.803, -2.34),False,False,True,False
44,-1.3896,-13.8683,0.0,6,0.9546,55.88,(0.222, 0.311, -2.319),(31.073, 4.371, -2.838),False,False,True,False
45,1.3728,-11.2634,0.0,8,0.9543,56.02,(-0.606, -0.121, -1.803),(32.75, -3.892, -2.134),False,False,True,False
46,-20.1439,-12.2721,0.0,150,0.9493,57.65,(0.081, -0.259, -4.758),(26.768, 0.715, -3.16),False,False,False,True
47,-8.4506,-12.1438,0.0,150,0.9443,59.29,(0.583, -1.722, -3.535),(32.705, -3.272, -4.355),False,False,False,True
48,-16.5943,-11.9149,0.0,150,0.9393,60.94,(1.061, 0.115, -3.603),(32.126, -2.978, -2.266),False,False,False,True
49,-26.6562,-12.5609,0.0,150,0.9343,62.56,(1.018, 0.783, -1.687),(28.568, -4.192, -3.25),False,False,False,True
50,-8.8727,-10.6842,0.0,150,0.9293,64.2,(-0.977, -0.939, -3.065),(30.048, 1.544, -1.161),False,False,False,True
51,-15.8834,-11.2495,0.0,150,0.9243,65.84,(-0.846, -0.932, -3.635),(29.577, -3.676, -4.59),False,False,False,True
52,-18.813,-11.6122,0.0,150,0.9193,67.48,(-1.773, 0.195, -3.649),(31.814, -2.612, -1.0),False,False,False,True
53,-0.3645,-11.5796,0.0,150,0.9143,69.12,(0.607, 1.28, -3.377),(31.334, 3.502, -5.744),False,False,False,True
54,-2.0438,-11.645,0.0,30,0.9133,69.54,(-1.077, 0.559, -4.349),(28.845, 1.745, -2.491),False,False,True,False
55,-18.8719,-13.6694,0.0,150,0.9083,71.18,(0.451, 1.114, -3.224),(29.994, -1.452, -3.714),False,False,False,True
56,3.9001,-11.265,0.0,35,0.9072,71.63,(0.846, -1.681, -2.44),(27.945, -2.546, -3.127),False,False,True,False
57,-0.0061,-10.4206,0.0,5,0.907,71.74,(-0.716, 0.537, -1.957),(28.371, 0.515, -1.0),False,False,True,False
58,-17.1124,-10.4724,0.0,150,0.902,73.38,(0.505, 1.691, -3.455),(28.955, -2.16, -1.0),False,False,False,True
59,-5.0658,-8.3134,0.0,150,0.897,74.99,(0.623, -0.233, -1.79),(31.272, -0.839, -3.757),False,False,False,True
60,-32.3761,-10.6637,0.0,150,0.892,76.63,(0.162, 0.876, -4.56),(30.093, 1.97, -2.308),False,False,False,True
# [15:39:09] [greedy-eval @ episode 60] success_rate=0.0% over 5 episodes
61,-5.2757,-9.6029,0.0,150,0.887,80.75,(-1.808, 0.278, -3.656),(29.256, -0.377, -2.365),False,False,False,True
62,-5.8631,-8.3079,0.0,150,0.882,82.41,(0.789, 0.642, -3.976),(30.421, -3.128, -2.908),False,False,False,True
63,-6.0257,-8.8741,0.0,23,0.8812,82.7,(-0.659, -0.356, -1.524),(29.018, 0.012, -1.0),False,False,True,False
64,0.3093,-8.6387,0.0,150,0.8762,84.34,(-1.429, 1.121, -3.317),(29.451, -0.685, -1.0),False,False,False,True
65,-15.0829,-8.2599,0.0,150,0.8712,85.99,(1.72, 0.726, -3.493),(29.589, 0.4, -1.0),False,False,False,True
66,-2.8886,-8.9387,0.0,150,0.8662,87.62,(0.017, -1.728, -2.257),(26.548, -0.635, -4.24),False,False,False,True
67,-2.5732,-9.1954,0.0,150,0.8612,89.27,(1.77, -0.559, -3.569),(26.075, -2.948, -3.616),False,False,False,True
68,-1.7697,-7.6612,0.0,23,0.8605,89.59,(0.243, -0.458, -3.627),(27.036, -1.846, -4.705),False,False,True,False
69,-10.6167,-8.2162,0.0,150,0.8555,91.19,(-0.216, -1.07, -1.55),(28.675, -0.874, -1.584),False,False,False,True
70,-18.8281,-6.8614,0.0,150,0.8505,92.82,(-0.141, 1.611, -1.978),(28.938, 3.384, -5.345),False,False,False,True
71,3.0345,-6.0304,0.0,9,0.8502,93.02,(1.666, 0.927, -3.602),(28.3, -4.09, -3.18),False,False,True,False
72,-3.7351,-5.8176,0.0,12,0.8498,93.23,(-0.078, 1.032, -2.867),(29.123, 1.822, -6.03),False,False,True,False
73,-2.4128,-5.4563,0.0,150,0.8448,94.86,(-0.72, 0.468, -2.642),(32.467, 3.097, -5.239),False,False,False,True
74,-24.5283,-7.9401,0.0,150,0.8398,96.47,(-1.032, -0.312, -1.339),(27.869, -0.972, -1.0),False,False,False,True
75,-11.7942,-7.6112,0.0,150,0.8348,98.11,(0.808, -0.119, -4.298),(26.074, -1.227, -4.399),False,False,False,True
76,9.9202,-6.3303,0.0,150,0.8298,99.75,(-0.169, -1.81, -2.766),(34.54, 0.194, -1.879),False,False,False,True
77,4.0253,-5.6705,0.0,19,0.8291,100.01,(0.705, -0.431, -1.445),(29.815, 3.174, -1.725),False,False,True,False
78,-5.6964,-6.0632,0.0,150,0.8241,101.64,(1.374, 0.626, -2.911),(30.838, -3.249, -5.244),False,False,False,True
79,-2.2929,-5.2308,0.0,150,0.8191,103.3,(0.898, -0.775, -4.012),(25.914, -1.066, -4.878),False,False,False,True
80,6.7712,-2.6708,0.0,75,0.8166,104.15,(-0.349, -1.172, -1.638),(28.011, -1.35, -1.0),False,False,True,False
# [16:07:27] [greedy-eval @ episode 80] success_rate=60.0% over 5 episodes
81,-5.7486,-3.5492,0.0,27,0.8157,107.81,(-0.773, 0.471, -3.897),(28.089, 2.315, -3.355),False,True,True,False
82,-0.8239,-3.258,0.0,3,0.8156,107.9,(-0.948, -0.154, -1.674),(30.621, -0.696, -3.364),False,False,True,False
83,-6.9862,-3.7154,0.0,150,0.8106,109.55,(-0.538, -1.079, -3.598),(27.435, 1.492, -1.87),False,False,False,True
84,-6.1655,-1.8791,0.0,150,0.8056,111.19,(-0.997, 1.093, -3.743),(29.983, -1.049, -5.499),False,False,False,True
85,-5.6184,-1.2615,0.0,150,0.8006,112.82,(0.95, -1.42, -2.561),(31.335, 0.84, -1.0),False,False,False,True
86,-3.0805,-2.5616,0.0,150,0.7956,114.48,(-0.479, -0.844, -4.492),(26.872, -1.086, -5.227),False,False,False,True
87,2.7378,-2.6904,0.0,27,0.7947,114.85,(0.804, 1.693, -2.366),(26.384, 0.426, -1.997),False,False,True,False
88,-4.0979,-2.5305,0.0,150,0.7897,116.47,(0.319, -0.295, -3.62),(30.581, -3.813, -4.604),False,False,False,True
89,-2.7354,-2.5748,0.0,150,0.7847,118.07,(-1.009, -0.508, -1.559),(27.613, 2.251, -3.422),False,False,False,True
90,0.7719,-3.1747,0.0,150,0.7797,119.73,(-0.471, -1.057, -4.028),(31.925, -2.788, -2.105),False,False,False,True
91,66.3773,4.0379,10.0,122,0.7757,121.07,(0.159, 0.617, -4.852),(29.139, 4.397, -4.072),True,False,False,False
92,9.9711,5.1174,10.0,118,0.7717,122.38,(-0.461, -0.267, -4.169),(30.135, -2.323, -1.0),False,False,True,False
93,3.5551,6.1715,10.0,150,0.7667,124.05,(0.415, -0.779, -3.586),(31.318, 4.162, -2.701),False,False,False,True
94,1.0123,6.8893,10.0,34,0.7656,124.49,(-0.144, 0.9, -2.603),(30.55, 1.203, -1.0),False,False,True,False
95,13.1236,8.7635,10.0,150,0.7606,126.12,(0.865, 0.33, -4.387),(31.914, -0.125, -1.782),False,False,False,True
96,10.7506,10.1466,10.0,150,0.7556,127.75,(-0.091, 1.109, -2.47),(29.319, 0.979, -7.049),False,False,False,True
97,3.8353,10.2564,10.0,150,0.7506,129.39,(0.599, -0.836, -3.054),(27.818, 1.269, -4.164),False,False,False,True
98,65.8424,17.2504,20.0,121,0.7466,130.74,(1.217, 0.972, -4.043),(29.036, 4.611, -4.447),True,False,False,False
99,8.2246,18.3464,20.0,55,0.7447,131.43,(0.575, -0.617, -3.661),(34.361, -0.936, -2.431),False,False,True,False
100,0.3402,18.3032,20.0,150,0.7397,133.08,(0.884, 1.059, -3.997),(30.551, 3.815, -5.169),False,False,False,True
# [16:36:58] [greedy-eval @ episode 100] success_rate=0.0% over 5 episodes
101,-1.417,11.5238,10.0,5,0.7396,137.06,(-0.594, 1.132, -2.338),(28.098, -1.356, -7.005),False,False,True,False
102,69.3977,17.4665,20.0,110,0.7359,138.29,(0.881, 1.509, -3.132),(30.782, 0.251, -7.253),True,False,False,False
103,70.1748,24.1284,30.0,65,0.7337,139.02,(0.103, -0.919, -1.615),(27.105, 2.522, -2.939),True,False,False,False
104,1.2686,24.1541,30.0,86,0.7309,140.0,(-0.697, 1.466, -2.833),(32.167, 1.864, -4.277),False,False,True,False
105,65.7545,29.4171,40.0,112,0.7271,141.25,(1.303, 0.378, -3.139),(28.356, 3.167, -5.132),True,False,False,False
106,11.7635,29.5184,40.0,150,0.7221,142.89,(-0.129, -1.816, -2.903),(27.963, -0.309, -2.646),False,False,False,True
107,6.0204,29.7369,40.0,150,0.7171,144.49,(-0.207, 0.697, -2.336),(26.948, -2.983, -3.781),False,False,False,True
108,4.867,23.6394,30.0,30,0.7161,144.89,(-1.454, 0.543, -1.807),(33.805, -0.226, -1.0),False,False,True,False
109,6.7428,23.4912,30.0,33,0.715,145.32,(-1.64, 0.007, -2.522),(29.4, -1.787, -1.0),False,False,True,False
110,-4.6284,22.9944,30.0,20,0.7144,145.63,(-0.395, -1.584, -3.748),(32.588, -0.694, -2.153),False,True,True,False
111,11.0929,24.2454,30.0,150,0.7094,147.26,(-1.189, -0.258, -2.629),(30.805, -0.574, -1.0),False,False,False,True
112,2.1612,17.5217,20.0,150,0.7044,148.91,(-1.372, 1.2, -3.532),(31.468, 2.098, -3.854),False,False,False,True
113,7.1882,11.2231,10.0,150,0.6994,150.56,(1.119, 0.698, -3.848),(28.489, 3.943, -2.45),False,False,False,True
114,6.9945,11.7957,10.0,56,0.6975,151.19,(-0.09, 0.136, -1.939),(29.994, 1.427, -1.0),False,False,True,False
115,17.6458,6.9848,0.0,65,0.6953,152.0,(-0.659, -0.538, -3.185),(26.075, -0.68, -1.0),False,False,True,False
116,8.0395,6.6124,0.0,23,0.6946,152.32,(1.121, 0.45, -2.555),(27.275, -1.657, -1.681),False,False,True,False
117,6.4771,6.6581,0.0,110,0.6909,153.52,(0.122, 0.504, -1.881),(28.795, -1.221, -1.562),False,False,True,False
118,3.0148,6.4728,0.0,47,0.6893,154.09,(0.514, 1.595, -2.126),(33.081, -1.119, -4.351),False,False,True,False
119,10.7907,6.8776,0.0,150,0.6843,155.75,(-1.08, 0.013, -3.641),(32.151, 1.642, -4.313),False,False,False,True
120,13.2599,8.6665,0.0,83,0.6816,156.7,(-0.484, 1.15, -3.331),(30.303, -1.906, -6.819),False,False,True,False
# [17:00:01] [greedy-eval @ episode 120] success_rate=0.0% over 5 episodes
121,10.2691,8.5841,0.0,150,0.6766,161.64,(-0.799, -0.927, -3.99),(33.671, -1.834, -3.676),False,False,False,True
122,-14.1866,6.9493,0.0,28,0.6756,161.99,(-1.036, 0.48, -1.587),(30.782, -0.34, -5.594),False,True,True,False
123,-12.5628,4.9742,0.0,31,0.6746,162.39,(1.163, -0.583, -1.582),(26.569, 3.381, -2.555),False,False,True,False
124,1.254,4.4002,0.0,150,0.6696,164.05,(0.97, -0.47, -3.678),(31.229, -0.133, -3.064),False,False,False,True
125,10.0616,3.6417,0.0,38,0.6683,164.5,(-0.336, -0.363, -1.839),(25.738, 1.126, -2.328),False,False,True,False
126,6.517,3.4895,0.0,128,0.6641,165.94,(-1.055, 0.243, -4.6),(28.055, -3.047, -4.812),False,False,True,False
127,-1.6218,2.6796,0.0,7,0.6638,166.1,(-1.557, 0.548, -2.009),(32.046, 0.715, -1.0),False,False,True,False
128,5.9705,2.9752,0.0,150,0.6588,167.75,(0.267, 0.972, -4.064),(28.313, -2.585, -3.964),False,False,False,True
129,6.3075,2.5268,0.0,33,0.6577,168.19,(-0.265, -1.487, -3.398),(34.292, -1.543, -2.493),False,False,True,False
130,-8.6497,0.3359,0.0,24,0.6569,168.5,(0.517, -0.438, -1.915),(33.846, 2.602, -4.102),False,False,True,False
131,66.8234,5.9913,10.0,126,0.6527,169.91,(1.047, -0.173, -4.564),(29.918, -4.19, -5.407),True,False,False,False
132,3.2039,7.7304,10.0,16,0.6522,170.19,(0.75, -0.653, -3.679),(32.234, 3.085, -1.234),False,False,True,False
133,4.3641,9.4231,10.0,150,0.6472,171.8,(-0.219, 0.546, -2.05),(26.747, 1.165, -3.694),False,False,False,True
134,61.8246,15.4801,20.0,149,0.6422,173.43,(0.373, -0.382, -2.88),(25.701, 0.358, -1.0),True,False,False,False
135,66.9643,21.1704,30.0,121,0.6382,174.79,(-0.587, 0.917, -4.5),(27.013, 2.62, -4.946),True,False,False,False
136,9.1506,21.4337,30.0,61,0.6362,175.51,(0.256, 1.071, -2.44),(27.768, -0.935, -3.5),False,False,True,False
137,-5.2008,21.0758,30.0,16,0.6356,175.73,(-0.045, 0.397, -1.126),(28.162, -1.271, -1.0),False,False,True,False
138,9.9265,21.4714,30.0,150,0.6306,177.38,(-0.466, -1.212, -3.546),(30.621, 3.192, -4.53),False,False,False,True
139,-0.998,20.7409,30.0,6,0.6304,177.53,(1.185, 0.226, -3.077),(27.884, 2.46, -1.0),False,False,True,False
140,-6.4861,20.9573,30.0,21,0.6297,177.8,(0.635, 0.02, -1.269),(32.29, -2.269, -1.0),False,False,True,False
# [17:21:45] [greedy-eval @ episode 140] success_rate=0.0% over 5 episodes
141,-4.4648,13.8284,20.0,11,0.6294,181.91,(0.238, -0.329, -4.252),(31.61, -1.308, -1.0),False,False,True,False
142,11.2719,14.6352,20.0,150,0.6244,183.56,(-1.153, 0.457, -3.766),(27.545, -2.283, -1.0),False,False,False,True
143,-25.1867,11.6801,20.0,33,0.6233,184.0,(1.485, -0.973, -3.517),(25.718, -2.332, -3.812),False,True,True,False
144,11.0035,6.598,10.0,150,0.6183,185.6,(-0.169, -0.546, -2.659),(30.52, -3.51, -1.0),False,False,False,True
145,-1.8658,-0.285,0.0,7,0.618,185.76,(-1.285, 0.748, -2.294),(28.511, -4.209, -4.138),False,False,True,False
146,-9.8586,-2.1859,0.0,62,0.616,186.5,(-0.719, -1.808, -3.085),(32.378, -1.136, -5.31),False,False,True,False
147,-9.7949,-2.6453,0.0,16,0.6154,186.76,(1.86, 0.356, -3.154),(27.461, 0.717, -2.189),False,False,True,False
148,-6.7325,-4.3112,0.0,17,0.6149,187.02,(1.413, -0.33, -1.78),(27.363, 3.782, -2.211),False,False,True,False
149,-1.232,-4.3346,0.0,3,0.6148,187.14,(0.954, 1.679, -2.606),(25.611, -1.766, -1.51),False,False,True,False
150,-9.2922,-4.6152,0.0,19,0.6141,187.43,(-1.524, -1.033, -2.24),(28.731, 0.742, -1.0),False,False,True,False
151,6.7627,-3.4924,0.0,139,0.6095,188.95,(0.58, 0.672, -2.624),(27.634, -3.225, -2.488),False,False,True,False
152,-17.78,-6.3976,0.0,29,0.6085,189.33,(-0.001, 0.096, -4.385),(29.695, -0.244, -4.776),False,True,True,False
153,-12.4927,-5.1282,0.0,11,0.6082,189.5,(0.384, 0.924, -1.85),(26.866, 1.804, -3.496),False,True,True,False
154,-14.2808,-7.6567,0.0,9,0.6079,189.7,(-1.121, 0.932, -3.638),(28.429, -2.031, -1.0),False,True,True,False
155,8.1597,-6.6541,0.0,150,0.6029,191.3,(0.714, 0.531, -2.442),(27.417, 1.868, -6.66),False,False,False,True
156,-20.3483,-7.7031,0.0,32,0.6018,191.72,(-0.24, 1.376, -1.898),(29.236, 3.1, -2.378),False,True,True,False
157,5.9541,-6.1282,0.0,150,0.5968,193.38,(0.837, -0.097, -3.79),(31.889, 0.532, -3.978),False,False,False,True
158,-9.1918,-6.3741,0.0,51,0.5951,193.96,(0.0, -0.101, -1.606),(28.6, 2.158, -1.0),False,False,True,False
159,-21.7454,-8.4255,0.0,85,0.5923,194.9,(-0.298, 0.167, -2.737),(29.022, -2.518, -5.94),False,False,True,False
160,-21.3136,-9.6276,0.0,82,0.5895,195.84,(1.289, -1.235, -3.7),(34.825, 0.149, -1.991),False,False,True,False
# [17:42:28] [greedy-eval @ episode 160] success_rate=0.0% over 5 episodes
161,-5.0097,-10.8048,0.0,13,0.5891,202.66,(0.709, -0.45, -4.544),(28.295, 0.9, -1.0),False,False,True,False
162,12.6307,-7.7638,0.0,150,0.5841,204.27,(0.788, -0.609, -1.872),(30.278, -1.612, -7.295),False,False,False,True
163,6.0048,-5.914,0.0,150,0.5791,205.91,(0.09, -1.552, -2.515),(27.34, -2.319, -4.367),False,False,False,True
164,-6.0719,-5.0931,0.0,26,0.5782,206.27,(-0.799, -0.957, -2.887),(29.736, 3.371, -2.006),False,False,True,False
165,6.8387,-5.2252,0.0,150,0.5732,207.91,(-1.307, 0.246, -2.519),(26.752, 3.034, -1.979),False,False,False,True
166,-17.1472,-4.9051,0.0,44,0.5718,208.46,(1.462, -0.052, -3.865),(32.875, -2.487, -1.92),False,False,True,False
167,-15.8157,-7.0821,0.0,94,0.5686,209.52,(-1.519, -0.149, -2.49),(33.219, -3.425, -3.792),False,False,True,False
168,10.508,-5.1121,0.0,150,0.5636,211.16,(-1.012, 1.0, -3.206),(30.09, -4.364, -3.037),False,False,False,True
169,6.2583,-2.3118,0.0,150,0.5586,212.8,(0.591, -0.133, -4.497),(26.398, 2.338, -3.588),False,False,False,True
170,12.5122,1.0708,0.0,150,0.5536,214.43,(0.362, 1.508, -2.56),(31.307, -1.565, -3.125),False,False,False,True
171,9.0054,2.4723,0.0,150,0.5486,216.07,(-1.019, -0.45, -2.249),(26.609, -0.25, -4.191),False,False,False,True
172,14.4726,2.6565,0.0,150,0.5436,217.71,(-1.523, -0.862, -2.343),(32.947, -2.091, -4.489),False,False,False,True
173,6.9804,2.7541,0.0,150,0.5386,219.35,(1.309, 0.413, -3.063),(33.37, -3.248, -4.752),False,False,False,True
174,-5.2296,2.8383,0.0,11,0.5383,219.56,(-1.247, 1.222, -3.589),(26.096, 1.111, -3.49),False,False,True,False
175,21.1794,4.2724,0.0,84,0.5355,220.52,(-1.509, -0.246, -3.887),(31.484, -0.461, -3.038),False,False,True,False
176,-17.1473,4.2724,0.0,59,0.5335,221.22,(-1.128, 1.348, -2.852),(34.343, 1.343, -3.117),False,False,True,False
177,3.4737,6.2013,0.0,150,0.5285,222.87,(0.389, 1.746, -3.854),(28.355, -0.696, -1.0),False,False,False,True
178,13.3698,6.4875,0.0,150,0.5235,224.51,(-0.031, -1.218, -3.3),(28.676, 2.462, -1.326),False,False,False,True
179,12.4881,7.1105,0.0,107,0.5199,225.71,(-0.619, -1.448, -3.336),(29.715, 2.101, -1.625),False,False,True,False
180,11.2736,6.9866,0.0,150,0.5149,227.35,(1.191, 1.182, -3.116),(32.268, -1.83, -5.394),False,False,False,True
# [18:14:20] [greedy-eval @ episode 180] success_rate=0.0% over 5 episodes
181,6.1271,6.6988,0.0,150,0.5099,235.95,(0.918, -0.77, -3.994),(28.31, -1.979, -5.855),False,False,False,True
182,69.9138,12.2429,10.0,72,0.5075,236.79,(-0.57, -0.974, -3.453),(26.708, 1.212, -4.321),True,False,False,False
183,8.5921,12.4041,10.0,150,0.5025,238.46,(-0.362, 0.637, -3.13),(26.241, -1.333, -3.488),False,False,False,True
184,13.6078,14.2878,10.0,150,0.4975,240.09,(0.12, 0.973, -2.729),(34.09, 0.06, -4.839),False,False,False,True
185,8.05,12.9749,10.0,150,0.4925,241.76,(0.019, 0.753, -3.16),(28.185, -0.256, -5.136),False,False,False,True
186,10.1445,15.704,10.0,150,0.4875,243.43,(-0.757, 0.584, -3.574),(33.941, -0.825, -2.754),False,False,False,True
187,11.5782,16.5145,10.0,150,0.4825,245.06,(-1.275, -1.29, -2.349),(28.825, 0.021, -6.996),False,False,False,True
188,2.6353,15.441,10.0,150,0.4775,246.72,(1.231, 0.344, -4.347),(33.37, -0.956, -4.138),False,False,False,True
189,7.5374,14.946,10.0,150,0.4725,248.33,(0.253, -0.271, -2.353),(32.48, 1.08, -5.863),False,False,False,True
190,8.0551,14.6241,10.0,35,0.4714,248.78,(-0.683, -0.241, -4.858),(34.088, 1.043, -4.656),False,False,True,False
191,0.5215,14.0636,10.0,150,0.4664,250.42,(0.747, 1.087, -2.518),(32.875, -2.427, -2.735),False,False,False,True
192,1.9827,7.2705,0.0,150,0.4614,252.06,(-0.975, 0.771, -2.939),(31.8, 1.763, -6.841),False,False,False,True
193,3.8144,6.7927,0.0,150,0.4564,253.69,(-1.078, -1.223, -2.689),(26.808, 2.629, -1.998),False,False,False,True
194,-0.258,5.4061,0.0,13,0.4559,253.92,(0.111, 0.26, -4.621),(28.359, 2.464, -4.316),False,False,True,False
195,-1.8223,4.4189,0.0,150,0.4509,255.53,(-0.875, 0.693, -2.125),(26.204, 0.647, -2.498),False,False,False,True
196,-1.946,3.2098,0.0,150,0.4459,257.17,(-0.034, -1.572, -3.278),(29.267, -3.063, -1.0),False,False,False,True
197,-4.3866,1.6134,0.0,150,0.4409,258.84,(-0.043, 0.794, -3.197),(33.842, -1.624, -3.228),False,False,False,True
198,2.0563,1.5555,0.0,150,0.4359,260.45,(0.435, 0.275, -1.691),(25.334, -0.305, -3.972),False,False,False,True
199,-3.7549,0.4262,0.0,7,0.4357,260.61,(-1.452, -0.161, -2.268),(31.665, 0.914, -1.704),False,False,True,False
200,-3.9888,-0.7782,0.0,150,0.4307,262.24,(0.293, -1.416, -1.981),(27.399, 0.573, -1.0),False,False,False,True
# [18:49:02] [greedy-eval @ episode 200] success_rate=0.0% over 5 episodes
201,-4.2526,-1.2556,0.0,150,0.4257,270.66,(-0.391, 1.096, -4.255),(31.562, 1.797, -1.0),False,False,False,True
202,-4.3587,-1.8897,0.0,150,0.4207,272.3,(-0.986, -1.019, -3.167),(29.944, -1.383, -4.436),False,False,False,True
203,-4.0568,-2.6768,0.0,150,0.4157,273.95,(0.024, -1.572, -3.678),(32.552, -1.222, -1.0),False,False,False,True
204,-5.0404,-3.1551,0.0,150,0.4107,275.59,(0.205, -1.826, -2.237),(30.589, -2.576, -1.0),False,False,False,True
205,-13.7011,-4.343,0.0,8,0.4104,275.8,(-0.239, 0.875, -3.704),(31.932, 3.667, -1.122),False,True,True,False
206,-4.8371,-4.6321,0.0,150,0.4054,277.4,(0.715, -0.471, -1.389),(31.837, -3.629, -2.08),False,False,False,True
207,-1.5732,-4.3507,0.0,5,0.4053,277.54,(-0.698, 0.825, -2.573),(29.904, 4.424, -1.022),False,False,True,False
208,-0.695,-4.6259,0.0,111,0.4016,278.78,(0.095, -0.595, -4.345),(33.246, 2.597, -3.955),False,False,True,False
209,-0.9043,-4.3408,0.0,17,0.401,279.01,(-0.211, -0.231, -2.291),(30.763, 1.971, -6.028),False,False,True,False
210,1.4068,-3.8013,0.0,150,0.396,280.64,(-0.125, 0.202, -4.116),(30.044, -0.745, -7.754),False,False,False,True
211,4.271,-2.9489,0.0,29,0.395,281.0,(0.094, -0.087, -1.747),(32.438, 2.272, -1.0),False,False,True,False
212,-6.7758,-3.1906,0.0,150,0.39,282.64,(-0.036, 1.662, -2.571),(30.096, -4.282, -2.687),False,False,False,True
213,3.9681,-2.3881,0.0,64,0.3879,283.36,(-0.893, 0.208, -2.044),(29.532, 0.256, -2.928),False,False,True,False
214,13.9626,-0.4878,0.0,86,0.385,284.34,(0.863, -1.534, -3.718),(29.441, -0.608, -2.93),False,False,True,False
215,-6.799,0.2024,0.0,150,0.38,285.97,(-0.338, 0.055, -3.336),(30.289, -0.247, -2.591),False,False,False,True
216,-8.2326,-0.1371,0.0,150,0.375,287.61,(0.848, 1.258, -2.241),(28.975, -2.497, -2.722),False,False,False,True
217,-2.0285,-0.1827,0.0,150,0.37,289.21,(0.635, 0.16, -1.826),(28.823, -4.04, -4.176),False,False,False,True
218,7.8349,0.6703,0.0,150,0.365,290.82,(0.383, -0.599, -2.42),(27.773, 1.549, -3.486),False,False,False,True
219,-0.8414,0.6766,0.0,79,0.3624,291.73,(-0.167, 1.94, -2.798),(32.845, 3.966, -2.816),False,False,True,False
220,7.1084,1.2468,0.0,98,0.3591,292.83,(-1.694, -0.591, -2.146),(25.399, 1.297, -3.97),False,False,True,False
# [19:16:20] [greedy-eval @ episode 220] success_rate=0.0% over 5 episodes
221,8.6414,1.6838,0.0,24,0.3583,296.64,(-1.613, 0.66, -3.366),(30.489, 2.057, -3.142),False,False,True,False
222,9.4877,3.3102,0.0,33,0.3572,297.09,(-1.165, -0.066, -4.263),(30.112, -2.346, -1.0),False,False,True,False
223,3.6831,3.2817,0.0,150,0.3522,298.76,(-0.713, 0.182, -3.171),(27.43, -1.077, -4.601),False,False,False,True
224,-10.1225,0.8731,0.0,150,0.3472,300.36,(-0.808, 0.656, -1.359),(28.377, -3.501, -4.655),False,False,False,True
225,-2.1455,1.3385,0.0,37,0.346,300.87,(0.684, -0.335, -3.193),(33.217, 0.017, -5.205),False,False,True,False
226,2.4997,2.4117,0.0,128,0.3417,302.28,(-1.205, -1.531, -2.726),(27.933, 0.733, -6.912),False,False,True,False
227,4.1789,3.0325,0.0,150,0.3367,303.92,(0.267, -0.524, -3.356),(27.909, -2.535, -1.0),False,False,False,True
228,-9.1975,1.3292,0.0,150,0.3317,305.56,(1.023, -1.085, -1.732),(30.264, -3.355, -3.206),False,False,False,True
229,5.0348,1.9168,0.0,56,0.3299,306.23,(-1.826, -0.294, -2.786),(29.065, 0.644, -3.174),False,False,True,False
230,6.1221,1.8182,0.0,150,0.3249,307.84,(-0.917, 0.01, -2.324),(29.347, 0.916, -7.607),False,False,False,True
231,-5.959,0.3582,0.0,36,0.3237,308.29,(1.099, 0.732, -2.708),(25.602, -1.468, -3.893),False,False,True,False
232,-3.6991,-0.9605,0.0,37,0.3224,308.77,(0.909, 1.011, -2.323),(32.713, 1.616, -6.684),False,False,True,False
233,-11.9594,-2.5248,0.0,150,0.3174,310.41,(0.166, 1.605, -3.263),(28.689, 1.844, -6.267),False,False,False,True
234,-3.0349,-1.816,0.0,52,0.3157,311.04,(-0.497, 1.664, -3.007),(30.021, 0.198, -5.447),False,False,True,False
235,-3.7391,-1.9754,0.0,150,0.3107,312.67,(-0.266, 0.335, -3.24),(26.25, -2.108, -5.461),False,False,False,True
236,-12.607,-3.486,0.0,150,0.3057,314.3,(1.342, 0.428, -2.093),(29.642, -2.719, -3.681),False,False,False,True
237,6.393,-3.2646,0.0,103,0.3023,315.46,(1.77, 0.017, -2.561),(30.96, -0.528, -1.0),False,False,True,False
238,-8.2399,-3.1689,0.0,150,0.2973,317.06,(0.045, 0.419, -2.09),(28.553, 0.808, -1.0),False,False,False,True
239,-0.7988,-3.7522,0.0,11,0.2969,317.26,(-0.554, 0.09, -3.682),(33.798, 2.879, -3.51),False,False,True,False
240,-6.8483,-5.0493,0.0,45,0.2954,317.78,(0.712, -0.533, -1.398),(29.284, -3.131, -1.0),False,False,True,False
# [19:43:35] [greedy-eval @ episode 240] success_rate=0.0% over 5 episodes
241,10.4703,-3.4063,0.0,78,0.2928,324.48,(-0.446, 0.565, -3.235),(33.739, -2.377, -3.421),False,False,True,False
242,-5.9879,-3.6352,0.0,150,0.2878,326.14,(0.021, 1.172, -4.536),(27.818, 1.217, -3.804),False,False,True,True
243,-50.1905,-7.4583,0.0,150,0.2828,327.79,(-0.426, 1.626, -3.468),(32.539, -4.289, -2.854),False,False,False,True
244,5.3587,-6.619,0.0,70,0.2805,328.57,(0.101, -0.011, -2.846),(32.56, -0.72, -1.0),False,False,True,False
245,-25.9848,-8.8435,0.0,150,0.2755,330.22,(-0.993, 1.026, -3.648),(27.914, -0.675, -1.451),False,False,False,True
246,-0.7225,-7.6551,0.0,64,0.2733,330.97,(0.319, 1.252, -2.938),(30.747, 2.006, -1.596),False,False,True,False
247,-9.9784,-9.2922,0.0,52,0.2716,331.59,(-0.845, 1.21, -1.893),(27.326, 1.633, -5.596),False,False,True,False
248,-2.1031,-8.6785,0.0,24,0.2708,331.93,(1.393, 1.002, -3.209),(29.196, 2.877, -2.581),False,False,True,False
249,-0.08,-8.6067,0.0,1,0.2708,392.3,(-1.379, 0.611, -2.127),(29.28, 2.988, -5.739),False,False,True,False
250,-33.5142,-11.2732,0.0,150,0.2658,393.96,(1.045, -0.971, -4.361),(28.375, -4.101, -4.767),False,False,False,True
251,-26.3836,-14.9586,0.0,150,0.2608,395.61,(-1.376, 0.959, -4.047),(30.87, -0.949, -3.842),False,False,False,True
252,-20.2034,-16.3802,0.0,150,0.2558,397.26,(0.347, -1.599, -3.758),(26.049, -1.601, -5.17),False,False,False,True
253,-23.2671,-13.6878,0.0,150,0.2508,398.93,(0.339, -0.699, -3.559),(29.318, -1.626, -2.291),False,False,False,True
254,-12.5915,-15.4829,0.0,50,0.2491,399.53,(0.45, 1.729, -2.581),(30.544, -3.971, -3.497),False,False,True,False
255,-18.6555,-14.7499,0.0,58,0.2472,400.19,(1.061, -0.437, -1.807),(27.696, -0.576, -7.238),False,False,True,False
256,-18.9238,-16.5701,0.0,131,0.2428,401.63,(-0.023, -0.283, -3.296),(32.751, 2.014, -4.282),False,False,True,False
257,-12.1462,-16.7868,0.0,150,0.2378,403.24,(-0.458, -0.147, -1.924),(34.138, 0.601, -3.186),False,False,False,True
258,-4.6446,-17.041,0.0,150,0.2328,404.88,(1.338, -1.117, -2.565),(27.766, -1.084, -1.0),False,False,False,True
259,-5.3276,-17.5657,0.0,96,0.2296,405.97,(-1.413, 1.066, -2.688),(32.459, 1.482, -4.694),False,False,True,False
260,0.2879,-14.1855,0.0,35,0.2284,406.45,(-0.367, 0.56, -2.795),(26.323, 2.527, -1.0),False,False,True,False
# [21:14:11] [greedy-eval @ episode 260] success_rate=0.0% over 5 episodes
261,-2.6911,-11.8163,0.0,42,0.227,414.69,(1.246, 0.948, -4.189),(32.034, 0.725, -1.494),False,False,True,False
262,-10.1662,-10.8126,0.0,150,0.222,416.37,(-0.869, -0.011, -3.5),(27.138, -3.187, -4.478),False,False,False,True
263,-3.1757,-8.8034,0.0,150,0.217,418.04,(-0.731, -0.448, -3.944),(29.69, -0.034, -6.832),False,False,False,True
264,-5.2061,-8.0649,0.0,150,0.212,419.68,(-1.157, -1.015, -3.165),(30.051, -4.496, -4.671),False,False,False,True
265,-4.6721,-6.6665,0.0,150,0.207,421.33,(1.183, -0.839, -3.789),(32.682, -1.956, -4.766),False,False,False,True
266,-5.2565,-5.2998,0.0,150,0.202,423.0,(0.082, -0.979, -4.229),(32.52, -0.419, -3.239),False,False,False,True
267,-5.4229,-4.6275,0.0,150,0.2,424.61,(-0.315, -0.526, -1.51),(30.082, 0.54, -4.594),False,False,False,True
268,-2.6198,-4.425,0.0,150,0.2,426.28,(0.421, 0.859, -3.834),(33.451, -0.4, -4.801),False,False,False,True
269,-2.0343,-4.0957,0.0,150,0.2,427.88,(-0.481, -0.255, -2.403),(31.714, -0.589, -4.832),False,False,False,True
270,-8.256,-4.9501,0.0,150,0.2,429.53,(-0.391, -1.687, -3.772),(29.674, -4.51, -2.133),False,False,False,True
271,-2.4101,-4.922,0.0,150,0.2,431.18,(-1.721, 0.899, -2.858),(30.352, 0.862, -6.501),False,False,False,True
272,-11.6054,-5.0659,0.0,150,0.2,432.82,(0.546, -0.414, -4.873),(31.783, -2.625, -1.0),False,False,False,True
273,-3.0874,-5.0571,0.0,150,0.2,434.45,(-0.793, 0.693, -2.64),(30.756, 0.63, -4.936),False,False,False,True
274,-12.5257,-5.789,0.0,150,0.2,436.09,(1.702, -0.265, -2.196),(29.744, -0.348, -1.0),False,False,False,True
275,-3.4517,-5.667,0.0,150,0.2,437.73,(1.951, -0.056, -2.942),(28.126, -1.452, -6.79),False,False,False,True
276,-4.6022,-5.6015,0.0,150,0.2,439.38,(-0.186, 1.061, -3.437),(29.668, 3.954, -3.987),False,False,False,True
277,-3.5873,-5.418,0.0,150,0.2,441.02,(-1.08, -0.965, -2.859),(31.487, -0.384, -1.929),False,False,False,True
278,-6.7884,-5.8348,0.0,150,0.2,442.67,(0.846, -0.513, -4.642),(27.13, -1.316, -5.963),False,False,False,True
279,-8.9239,-6.5238,0.0,150,0.2,444.33,(1.208, 0.305, -3.913),(30.163, 3.878, -2.223),False,False,False,True
280,-6.233,-6.3215,0.0,150,0.2,445.97,(0.859, -1.59, -2.237),(28.503, 3.167, -5.153),False,False,False,True
# [21:53:56] [greedy-eval @ episode 280] success_rate=0.0% over 5 episodes
281,-4.8243,-6.5629,0.0,150,0.2,455.53,(-0.096, -0.215, -4.749),(27.007, 2.549, -3.305),False,False,False,True
282,-20.711,-7.4735,0.0,150,0.2,457.18,(0.973, -0.446, -3.55),(28.871, -1.585, -4.159),False,False,False,True
283,-9.2645,-8.0912,0.0,127,0.2,458.6,(-0.862, -0.151, -4.005),(31.62, -2.909, -1.0),False,False,True,False
284,-0.7451,-6.9131,0.0,150,0.2,460.24,(-1.116, -0.807, -2.072),(29.644, 1.088, -1.0),False,False,False,True
285,-4.5338,-7.0213,0.0,150,0.2,461.88,(0.19, -1.574, -2.349),(28.441, 2.905, -5.289),False,False,False,True
286,-10.7537,-7.6365,0.0,150,0.2,463.52,(0.453, -1.06, -3.24),(30.028, -1.594, -2.983),False,False,False,True
287,-5.9649,-7.8743,0.0,150,0.2,465.16,(1.449, 0.554, -2.581),(28.799, 3.877, -2.962),False,False,False,True
288,-10.0176,-8.1972,0.0,100,0.2,466.25,(-1.01, 0.524, -2.006),(28.634, -3.888, -2.536),False,False,True,False
289,-4.2278,-7.7276,0.0,150,0.2,467.92,(0.887, 0.283, -3.719),(33.523, 3.202, -1.927),False,False,False,True
290,-3.3572,-7.44,0.0,136,0.2,469.42,(-0.848, -0.016, -4.344),(30.99, -0.017, -6.979),False,False,True,False
291,-4.1587,-7.3734,0.0,150,0.2,471.03,(-0.603, 0.848, -1.339),(30.614, 4.088, -3.699),False,False,False,True
292,0.6499,-5.2373,0.0,150,0.2,472.69,(0.231, 0.636, -3.147),(33.338, 2.098, -1.0),False,False,False,True
293,-0.9502,-4.4059,0.0,150,0.2,474.35,(-1.094, 0.923, -4.08),(27.23, -2.082, -2.977),False,False,False,True
294,-0.0255,-4.334,0.0,150,0.2,476.0,(0.169, 0.884, -4.2),(30.037, 4.459, -1.343),False,False,False,True
295,-6.3948,-4.5201,0.0,74,0.2,476.87,(0.793, 1.516, -3.807),(34.193, -0.842, -2.716),False,False,True,False
296,0.3944,-3.4052,0.0,150,0.2,478.52,(-0.277, 1.109, -3.681),(28.722, -0.017, -6.235),False,False,False,True
297,-0.0787,-2.8166,0.0,150,0.2,480.15,(-1.496, 0.188, -1.978),(27.456, 4.244, -2.981),False,False,False,True
298,-16.2585,-3.4407,0.0,95,0.2,481.19,(-0.436, -0.618, -1.21),(34.389, -0.289, -1.839),False,False,True,False
299,-11.2471,-4.1426,0.0,100,0.2,482.34,(-1.03, 0.435, -4.037),(32.811, -1.454, -5.901),False,False,True,False
300,-23.0728,-6.1142,0.0,150,0.2,484.0,(0.502, 0.667, -3.665),(28.222, 0.216, -7.029),False,False,False,True
# [22:31:25] [greedy-eval @ episode 300] success_rate=0.0% over 5 episodes
# [22:31:25] Training complete. 300 episodes in 491.4 min. Final avg reward (last 10): -6.11. Final success rate (last 10): 0.0%.
