# run_name: obstacle_random_run1_250
# timestamp: 20260905_153744
# ---- config ----
# goal_position: (70, 30, -5)
# start_position: (0, 0, -3)
# randomize_positions: True
# start_jitter_radius: 1.0
# goal_jitter_radius: 3.0
# max_episode_steps: 150
# dt: 0.5
# speed: 2.0
# state_dim: 15
# action_dim: 27
# lr: 0.0001
# gamma: 0.99
# buffer_capacity: 1000000
# batch_size: 32
# epsilon_start: 1.0
# epsilon_end: 0.2
# epsilon_decay_steps: 24000
# target_update_freq: 250
# use_double: True
# use_dueling: True
# ----------------
episode,reward,avg10,success_rate10,steps,epsilon,elapsed_min,start_position,goal_position,is_success,is_crash,is_out_of_bounds,is_timeout
1,-15.4708,-15.4708,0.0,150,0.996,1.68,(0.345, -0.567, -2.825),(67.598, 32.202, -5.53),False,False,False,True
2,-31.313,-23.3919,0.0,141,0.9913,3.19,(0.216, -0.182, -4.806),(69.507, 30.174, -8.081),False,False,True,False
3,-1.5398,-16.1079,0.0,10,0.991,3.39,(-0.074, -1.882, -2.649),(68.733, 29.508, -6.584),False,False,True,False
4,-14.7333,-15.7642,0.0,150,0.986,5.02,(0.939, 0.502, -4.481),(70.296, 29.844, -4.879),False,False,False,True
5,-19.1559,-16.4425,0.0,150,0.981,6.62,(0.902, 1.447, -2.239),(72.755, 31.621, -4.441),False,False,False,True
6,-17.9759,-16.6981,0.0,150,0.976,8.23,(1.698, 0.045, -2.874),(69.302, 27.718, -3.913),False,False,False,True
7,54.2216,-6.5667,0.0,1,0.976,8.3,(0.077, -0.597, -1.23),(74.829, 30.036, -5.386),False,True,False,False
8,-2.1035,-6.0088,0.0,150,0.971,9.93,(0.159, -0.912, -3.332),(69.829, 29.753, -5.1),False,False,False,True
9,-23.9046,-7.9972,0.0,150,0.966,11.55,(0.866, 1.36, -4.037),(73.007, 30.169, -2.185),False,False,False,True
10,-15.2852,-8.726,0.0,150,0.961,13.18,(0.417, -0.737, -3.766),(65.773, 29.172, -6.463),False,False,False,True
11,-17.3295,-8.9119,0.0,150,0.956,14.79,(-0.527, -0.929, -2.661),(66.146, 30.356, -3.709),False,False,False,True
12,-22.851,-8.0657,0.0,138,0.9514,16.3,(0.513, -0.811, -3.594),(71.598, 30.337, -5.074),False,False,True,False
13,-5.0961,-8.4213,0.0,150,0.9464,17.92,(-0.005, -1.227, -4.079),(70.347, 29.43, -9.27),False,False,False,True
14,-12.375,-8.1855,0.0,150,0.9414,19.5,(0.883, -0.316, -1.413),(66.147, 29.493, -7.288),False,False,False,True
15,2.043,-6.0656,0.0,150,0.9364,21.11,(1.17, 1.025, -2.076),(73.884, 31.581, -6.689),False,False,False,True
16,-9.7902,-5.2471,0.0,150,0.9314,22.72,(-0.834, 0.83, -2.933),(66.243, 28.698, -7.739),False,False,False,True
17,2.9043,-10.3788,0.0,150,0.9264,24.35,(0.995, 0.337, -3.835),(69.991, 29.504, -1.0),False,False,False,True
18,-9.0251,-11.0709,0.0,150,0.9214,25.96,(1.49, -0.097, -3.195),(67.352, 27.934, -7.729),False,False,False,True
19,-13.9471,-10.0752,0.0,150,0.9164,27.59,(-1.117, 0.384, -4.576),(72.67, 28.612, -4.169),False,False,False,True
20,-26.5029,-11.197,0.0,150,0.9114,29.2,(-1.008, 1.23, -3.414),(67.374, 32.524, -7.761),False,False,False,True
# [16:09:28] [greedy-eval @ episode 20] success_rate=0.0% over 5 episodes
21,-7.47,-10.211,0.0,150,0.9064,33.31,(-1.326, 0.586, -2.239),(70.076, 33.484, -8.575),False,False,False,True
22,13.9812,-6.5278,0.0,150,0.9014,34.93,(-1.418, -0.376, -4.051),(69.451, 30.195, -2.717),False,False,False,True
23,21.1831,-3.8999,0.0,150,0.8964,36.54,(1.459, 0.429, -3.209),(73.128, 30.854, -4.235),False,False,False,True
24,-3.6177,-3.0241,0.0,150,0.8914,38.14,(0.362, 0.279, -3.57),(67.326, 28.322, -2.021),False,False,False,True
25,-1.3338,-3.3618,0.0,150,0.8864,39.76,(1.354, -0.91, -3.75),(69.694, 30.311, -4.859),False,False,False,True
26,-2.3309,-2.6159,0.0,12,0.886,39.96,(-0.549, -0.979, -2.113),(66.334, 30.258, -3.971),False,False,True,False
27,-0.3366,-2.94,0.0,150,0.881,41.57,(1.69, 0.055, -2.308),(71.562, 32.114, -8.214),False,False,False,True
28,13.5548,-0.682,0.0,150,0.876,43.18,(1.174, -1.103, -2.306),(70.695, 34.069, -3.541),False,False,False,True
29,-4.5532,0.2574,0.0,150,0.871,44.8,(0.815, -1.428, -3.742),(70.197, 31.568, -8.299),False,False,False,True
30,9.5393,3.8616,0.0,150,0.866,46.42,(1.707, 0.23, -3.074),(70.213, 33.169, -1.875),False,False,False,True
31,22.6898,6.8776,0.0,150,0.861,48.05,(-0.857, -0.812, -4.352),(70.44, 26.23, -6.75),False,False,False,True
32,-10.9665,4.3828,0.0,150,0.856,49.67,(-1.794, -0.088, -3.723),(68.581, 29.851, -4.349),False,False,False,True
33,17.5904,4.0235,0.0,150,0.851,51.25,(0.73, 0.722, -1.543),(73.113, 29.272, -1.865),False,False,False,True
34,11.2204,5.5074,0.0,150,0.846,52.83,(0.447, -1.031, -1.965),(69.19, 28.654, -1.0),False,False,False,True
35,4.5389,6.0946,0.0,150,0.841,54.43,(1.076, 1.271, -1.94),(68.155, 30.483, -5.831),False,False,False,True
36,4.9501,6.8227,0.0,150,0.836,56.05,(-0.535, -0.345, -3.426),(72.331, 30.956, -6.631),False,False,False,True
37,2.5343,7.1098,0.0,9,0.8357,56.23,(-0.459, -0.992, -2.917),(69.112, 33.965, -5.152),False,False,True,False
38,1.0969,5.864,0.0,150,0.8307,57.85,(-0.791, 0.19, -4.359),(68.173, 27.174, -1.378),False,False,False,True
39,4.4657,6.7659,0.0,150,0.8257,59.46,(0.854, -1.018, -2.301),(68.258, 29.262, -3.469),False,False,False,True
40,-3.1423,5.4978,0.0,150,0.8207,61.08,(-0.089, -0.02, -4.993),(70.156, 32.592, -2.286),False,False,False,True
# [16:41:52] [greedy-eval @ episode 40] success_rate=0.0% over 5 episodes
41,27.4702,5.9758,0.0,150,0.8157,65.71,(0.677, -1.284, -1.723),(70.905, 32.608, -5.611),False,False,False,True
42,18.7943,8.9519,0.0,150,0.8107,67.34,(1.362, 0.493, -4.197),(69.522, 33.402, -1.913),False,False,False,True
43,21.2588,9.3187,0.0,150,0.8057,68.91,(-0.035, 0.416, -1.941),(72.01, 28.904, -7.522),False,False,False,True
44,15.4894,9.7456,0.0,150,0.8007,70.49,(0.654, -0.622, -1.608),(70.051, 30.975, -6.448),False,False,False,True
45,0.766,9.3683,0.0,5,0.8005,70.63,(-0.932, -1.549, -2.153),(66.763, 30.847, -6.912),False,False,True,False
46,16.4775,10.5211,0.0,150,0.7955,72.25,(-1.298, -0.911, -2.655),(73.098, 30.687, -7.587),False,False,False,True
47,26.5787,12.9255,0.0,150,0.7905,73.9,(-0.718, -0.429, -3.105),(70.668, 28.549, -7.044),False,False,False,True
48,9.8674,13.8026,0.0,150,0.7855,75.51,(-1.12, -1.131, -2.297),(72.79, 27.312, -6.472),False,False,False,True
49,29.0883,16.2648,0.0,150,0.7805,77.13,(1.327, 0.675, -3.827),(72.142, 32.184, -7.442),False,False,False,True
50,16.1517,18.1942,0.0,150,0.7755,78.75,(-1.279, 0.344, -3.534),(67.912, 30.995, -1.577),False,False,False,True
51,5.8742,16.0346,0.0,150,0.7705,80.32,(-0.125, -0.444, -1.795),(67.306, 29.916, -1.365),False,False,False,True
52,21.0917,16.2644,0.0,150,0.7655,81.9,(0.173, -0.548, -2.591),(69.748, 31.522, -1.968),False,False,False,True
53,26.011,16.7396,0.0,150,0.7605,83.52,(1.279, 1.313, -2.458),(68.132, 29.125, -5.122),False,False,False,True
54,29.4903,18.1397,0.0,150,0.7555,85.13,(0.377, -1.287, -1.787),(68.197, 31.126, -8.887),False,False,False,True
55,26.3815,20.7012,0.0,150,0.7505,86.73,(-0.582, 0.168, -4.081),(66.417, 28.756, -4.715),False,False,False,True
56,22.0326,21.2567,0.0,150,0.7455,88.31,(0.277, 0.438, -2.008),(73.02, 26.71, -4.566),False,False,False,True
57,8.5902,19.4579,0.0,150,0.7405,89.93,(-0.862, -1.516, -3.6),(68.872, 27.136, -7.745),False,False,False,True
58,11.4616,19.6173,0.0,150,0.7355,91.54,(1.636, 0.43, -2.838),(68.029, 26.769, -4.66),False,False,False,True
59,20.361,18.7446,0.0,150,0.7305,93.15,(1.766, -0.677, -2.731),(74.441, 31.3, -4.798),False,False,False,True
60,22.2498,19.3544,0.0,150,0.7255,94.97,(-1.336, -0.147, -3.315),(73.221, 28.913, -7.328),False,False,False,True
# [17:18:50] [greedy-eval @ episode 60] success_rate=0.0% over 5 episodes
61,19.1607,20.6831,0.0,150,0.7205,102.77,(-0.19, 0.421, -1.684),(71.733, 31.422, -5.662),False,False,False,True
62,7.3875,19.3126,0.0,150,0.7155,105.22,(-0.734, -1.071, -3.787),(66.61, 27.625, -7.28),False,False,False,True
63,29.2046,19.632,0.0,150,0.7105,107.79,(-0.016, -0.349, -1.507),(66.661, 31.313, -5.441),False,False,False,True
64,26.1176,19.2947,0.0,150,0.7055,110.4,(1.516, 0.468, -2.85),(71.24, 28.173, -1.093),False,False,False,True
65,17.8847,18.4451,0.0,150,0.7005,112.88,(0.877, 0.706, -4.269),(66.446, 31.852, -6.121),False,False,False,True
66,23.9379,18.6356,0.0,150,0.6955,115.49,(-1.95, 0.302, -2.683),(70.783, 29.761, -2.326),False,False,False,True
67,29.5874,20.7353,0.0,150,0.6905,118.1,(-1.155, -0.31, -3.277),(68.442, 30.692, -9.135),False,False,False,True
68,34.2298,23.0121,0.0,150,0.6855,120.66,(-1.382, -0.612, -1.95),(67.087, 29.984, -5.265),False,False,False,True
69,37.8396,24.76,0.0,150,0.6805,123.26,(1.723, -0.405, -2.426),(68.164, 28.756, -5.788),False,False,False,True
70,20.5577,24.5908,0.0,150,0.6755,125.86,(1.331, 0.925, -3.281),(68.768, 29.667, -3.187),False,False,False,True
71,29.9006,25.6648,0.0,150,0.6705,128.45,(0.454, 1.304, -1.784),(72.835, 28.464, -7.986),False,False,False,True
72,33.5402,28.28,0.0,150,0.6655,131.02,(-0.678, 0.372, -2.102),(69.979, 34.273, -6.756),False,False,False,True
73,45.5265,29.9122,0.0,150,0.6605,133.59,(-0.285, -0.131, -1.597),(72.213, 32.75, -6.365),False,False,False,True
74,31.5283,30.4533,0.0,150,0.6555,136.19,(1.643, -0.288, -3.362),(73.654, 30.121, -6.76),False,False,False,True
75,1.4456,28.8094,0.0,8,0.6552,136.42,(0.196, -0.235, -3.709),(71.341, 29.464, -3.452),False,False,True,False
76,23.0976,28.7253,0.0,150,0.6502,139.04,(-0.203, 1.114, -3.969),(69.823, 34.851, -4.238),False,False,False,True
77,24.8069,28.2473,0.0,133,0.6458,141.32,(0.298, 0.744, -2.241),(69.231, 32.639, -3.053),False,True,False,False
78,35.0558,28.3299,0.0,150,0.6408,143.91,(1.29, 0.16, -1.962),(72.01, 30.055, -5.837),False,False,False,True
79,35.8525,28.1312,0.0,150,0.6358,146.51,(0.046, -0.022, -4.534),(72.087, 26.986, -5.856),False,False,False,True
80,34.6353,29.5389,0.0,139,0.6312,148.89,(-0.387, -0.647, -2.446),(71.647, 30.177, -1.0),False,True,False,False
# [18:10:36] [greedy-eval @ episode 80] success_rate=0.0% over 5 episodes
81,32.7182,29.8207,0.0,138,0.6266,155.23,(-0.413, 0.035, -3.822),(66.422, 28.396, -2.529),False,True,False,False
82,29.2827,29.3949,0.0,150,0.6216,157.84,(-1.707, -0.211, -3.848),(69.585, 31.633, -6.32),False,False,False,True
83,33.2805,28.1703,0.0,104,0.6181,159.68,(1.438, -0.017, -4.182),(69.998, 31.998, -4.824),False,True,False,False
84,37.2984,28.7474,0.0,150,0.6131,162.3,(-0.22, 1.107, -3.951),(70.795, 26.814, -5.013),False,False,False,True
85,32.0892,31.8117,0.0,150,0.6081,164.91,(-1.832, -0.245, -3.5),(66.716, 28.766, -5.066),False,False,False,True
86,39.9187,33.4938,0.0,150,0.6031,167.48,(-0.747, 0.5, -1.336),(67.283, 28.412, -7.52),False,False,False,True
87,37.1625,34.7294,0.0,108,0.5995,168.89,(0.079, 1.823, -2.92),(68.31, 33.202, -8.288),False,True,False,False
88,-0.8054,31.1433,0.0,3,0.5994,168.98,(-0.7, 0.875, -1.837),(66.461, 27.614, -5.974),False,False,True,False
89,25.4375,30.1018,0.0,85,0.5966,169.94,(0.21, -1.591, -3.533),(72.554, 26.131, -4.064),False,True,False,False
90,37.4208,30.3803,0.0,148,0.5916,171.53,(-1.129, -1.112, -3.039),(70.533, 27.555, -1.05),False,True,False,False
91,43.0108,31.4096,0.0,150,0.5866,173.17,(-0.913, -0.14, -3.96),(72.063, 27.942, -3.051),False,False,False,True
92,29.6135,31.4426,0.0,150,0.5816,174.78,(1.033, -0.931, -2.175),(69.07, 25.722, -2.698),False,False,False,True
93,40.5102,32.1656,0.0,117,0.5777,176.06,(1.42, 0.009, -2.657),(69.827, 28.697, -6.506),False,True,False,False
94,40.594,32.4952,0.0,114,0.5739,177.27,(0.593, 0.633, -2.429),(73.49, 31.096, -3.461),False,True,False,False
95,37.9708,33.0833,0.0,150,0.5689,178.88,(-1.617, 0.099, -2.771),(72.472, 31.399, -3.865),False,False,False,True
96,48.7814,33.9696,0.0,150,0.5639,181.04,(-0.483, 0.319, -4.394),(71.41, 33.171, -5.033),False,False,False,True
97,33.0304,33.5564,0.0,137,0.5594,183.44,(-0.671, -0.731, -3.433),(72.216, 32.489, -2.688),False,True,False,False
98,42.4567,37.8826,0.0,150,0.5544,186.03,(0.521, 1.37, -2.217),(69.89, 29.232, -9.066),False,False,False,True
99,53.8498,40.7238,0.0,150,0.5494,188.6,(-0.46, -0.902, -1.554),(69.583, 33.28, -8.01),False,False,False,True
100,45.4607,41.5278,0.0,150,0.5444,191.21,(1.39, 0.996, -2.837),(68.565, 31.294, -6.887),False,False,False,True
# [18:52:23] [greedy-eval @ episode 100] success_rate=0.0% over 5 episodes
101,39.7735,41.2041,0.0,129,0.5401,195.98,(0.787, 0.453, -1.561),(73.341, 31.622, -5.551),False,True,False,False
102,46.4493,42.8877,0.0,150,0.5351,197.62,(-0.992, 0.423, -4.169),(72.081, 32.587, -8.391),False,False,False,True
103,36.6178,42.4984,0.0,150,0.5301,199.24,(1.356, -0.994, -3.258),(69.96, 30.298, -8.467),False,False,False,True
104,-1.409,38.2981,0.0,4,0.5299,199.34,(-0.564, 0.341, -2.436),(67.827, 27.902, -7.2),False,False,True,False
105,44.9827,38.9993,0.0,150,0.5249,200.96,(-1.406, 0.648, -3.172),(68.454, 26.693, -3.218),False,False,False,True
106,43.2315,38.4443,0.0,150,0.5199,202.59,(-0.325, 1.041, -3.559),(69.709, 32.294, -8.54),False,True,False,True
107,41.2981,39.2711,0.0,150,0.5149,204.2,(0.624, 1.785, -2.754),(67.545, 28.42, -7.883),False,False,False,True
108,48.4929,39.8747,0.0,150,0.5099,205.78,(0.405, -0.24, -2.085),(70.581, 27.038, -5.53),False,False,False,True
109,53.5279,39.8425,0.0,150,0.5049,207.42,(0.205, -0.942, -3.816),(67.324, 32.129, -5.599),False,False,False,True
110,42.0599,39.5025,0.0,144,0.5001,209.0,(-0.988, -0.006, -3.57),(71.92, 29.427, -4.775),False,True,False,False
111,48.2365,40.3488,0.0,150,0.4951,210.62,(1.69, -0.797, -2.756),(69.629, 28.559, -7.125),False,False,False,True
112,55.8308,41.2869,0.0,150,0.4901,212.23,(-0.9, 0.295, -2.805),(70.005, 33.484, -8.542),False,False,False,True
113,63.7842,44.0036,0.0,150,0.4851,213.84,(-0.003, -0.041, -4.515),(72.42, 30.22, -7.701),False,False,False,True
114,59.6191,50.1064,0.0,150,0.4801,215.46,(0.155, -0.535, -4.819),(73.178, 30.835, -6.65),False,False,False,True
115,61.7037,51.7785,0.0,150,0.4751,217.08,(0.58, -1.04, -3.435),(72.791, 27.992, -2.214),False,False,False,True
116,47.6158,52.2169,0.0,150,0.4701,218.7,(-0.738, 1.786, -3.315),(71.752, 28.231, -7.155),False,False,False,True
117,40.676,52.1547,0.0,129,0.4658,220.1,(0.295, 0.646, -4.204),(68.748, 29.437, -9.506),False,True,False,False
118,34.7821,50.7836,0.0,123,0.4617,221.43,(1.363, 0.684, -1.747),(69.547, 28.759, -1.275),False,True,False,False
119,37.9984,49.2306,0.0,103,0.4583,222.59,(-0.431, 0.767, -3.988),(72.829, 30.997, -2.445),False,True,False,False
120,59.7963,51.0043,0.0,150,0.4533,224.18,(-0.538, 0.97, -2.1),(72.751, 31.478, -3.816),False,False,False,True
# [19:24:33] [greedy-eval @ episode 120] success_rate=0.0% over 5 episodes
121,23.8937,48.57,0.0,93,0.4502,227.81,(1.408, -1.02, -3.003),(71.8, 28.629, -3.211),False,True,False,False
122,36.4397,46.6309,0.0,139,0.4456,229.31,(-0.183, 0.246, -3.498),(69.479, 27.992, -1.0),False,True,False,False
123,55.3299,45.7855,0.0,150,0.4406,230.92,(-0.22, 0.222, -4.623),(69.059, 30.907, -5.598),False,False,False,True
124,42.7381,44.0974,0.0,124,0.4364,232.26,(0.623, 1.241, -1.794),(73.663, 32.365, -3.706),False,True,False,False
125,51.8096,43.108,0.0,150,0.4314,233.88,(-1.163, -0.266, -2.688),(71.526, 27.375, -7.48),False,False,False,True
126,54.3916,43.7855,0.0,150,0.4264,235.49,(-0.929, 0.769, -2.777),(72.124, 33.194, -6.485),False,False,False,True
127,42.3782,43.9558,0.0,150,0.4214,237.11,(-0.121, 0.885, -4.645),(71.019, 27.452, -9.156),False,False,False,True
128,44.5121,44.9288,0.0,150,0.4164,238.75,(-1.063, 0.202, -4.284),(70.013, 33.826, -4.743),False,False,False,True
129,41.6904,45.298,0.0,150,0.4114,240.33,(-0.408, -0.164, -2.339),(73.656, 32.479, -6.861),False,False,False,True
130,56.1035,44.9287,0.0,150,0.4064,241.94,(0.319, -0.434, -4.272),(73.528, 30.439, -4.053),False,False,False,True
131,36.5732,46.1966,0.0,150,0.4014,243.52,(-0.549, -0.872, -1.885),(70.909, 29.101, -3.169),False,False,False,True
132,38.2245,46.3751,0.0,82,0.3987,244.45,(-1.577, -0.39, -3.13),(68.767, 31.423, -1.351),False,True,False,False
133,52.432,46.0853,0.0,150,0.3937,246.08,(-1.264, -0.017, -3.652),(70.068, 30.853, -7.139),False,False,False,True
134,50.7475,46.8862,0.0,150,0.3887,247.66,(-0.527, -0.594, -2.107),(69.67, 29.821, -2.812),False,False,False,True
135,32.9901,45.0043,0.0,140,0.384,249.18,(0.139, -1.178, -3.453),(67.593, 27.505, -2.935),False,True,False,False
136,54.2707,44.9922,0.0,150,0.379,250.8,(0.115, 1.912, -3.343),(74.018, 29.227, -7.645),False,False,False,True
137,38.6703,44.6214,0.0,123,0.3749,252.11,(-1.019, 0.41, -1.398),(66.988, 27.886, -3.989),False,True,False,False
138,41.9395,44.3642,0.0,82,0.3722,253.04,(-0.528, 1.586, -2.879),(65.53, 28.956, -4.374),False,True,False,False
139,56.4038,45.8355,0.0,150,0.3672,254.66,(1.623, 0.513, -3.001),(66.018, 29.62, -6.26),False,False,False,True
140,57.6758,45.9927,0.0,150,0.3622,256.27,(0.937, 1.025, -2.605),(73.211, 29.776, -3.824),False,False,False,True
# [20:00:09] [greedy-eval @ episode 140] success_rate=0.0% over 5 episodes
141,41.1586,46.4513,0.0,115,0.3584,263.61,(-0.075, -0.399, -2.383),(68.524, 31.735, -1.985),False,True,False,False
142,42.9378,46.9226,0.0,95,0.3552,264.66,(0.869, -0.33, -2.615),(70.99, 29.64, -5.928),False,True,False,False
143,49.0993,46.5893,0.0,150,0.3502,266.29,(-1.216, -0.722, -3.715),(66.692, 31.501, -5.444),False,False,False,True
144,40.4883,45.5634,0.0,150,0.3452,267.87,(-0.152, -0.591, -2.545),(65.994, 32.137, -6.953),False,False,False,True
145,54.6679,47.7312,0.0,150,0.3402,269.49,(0.794, 0.591, -3.194),(70.978, 33.659, -6.85),False,False,False,True
146,34.8831,45.7925,0.0,82,0.3375,270.42,(1.394, -0.374, -3.503),(70.27, 26.873, -3.25),False,True,False,False
147,51.9712,47.1225,0.0,150,0.3325,272.04,(-0.055, -1.586, -3.076),(69.589, 25.953, -3.826),False,False,False,True
148,49.0733,47.8359,0.0,150,0.3275,273.65,(-1.208, 0.654, -1.781),(71.528, 32.982, -5.79),False,False,False,True
149,36.3304,45.8286,0.0,150,0.3225,275.26,(0.343, -0.994, -2.697),(70.975, 30.22, -6.956),False,False,False,True
150,42.2495,44.2859,0.0,84,0.3197,276.21,(1.261, -1.251, -3.555),(71.815, 27.03, -4.543),False,True,False,False
151,41.2175,44.2918,0.0,140,0.315,277.72,(0.86, 1.274, -2.046),(73.328, 30.55, -3.035),False,True,False,False
152,50.7132,45.0694,0.0,150,0.31,279.34,(1.145, 0.206, -3.535),(71.193, 25.573, -5.308),False,False,False,True
153,39.0333,44.0628,0.0,150,0.305,280.95,(-1.176, 0.36, -2.681),(66.775, 28.016, -6.858),False,False,False,True
154,40.0636,44.0203,0.0,150,0.3,282.61,(0.651, 0.462, -3.132),(67.176, 29.895, -6.558),False,False,False,True
155,33.3288,41.8864,0.0,150,0.295,284.19,(0.224, 0.911, -2.169),(69.863, 32.764, -3.571),False,False,False,True
156,61.6192,44.56,0.0,150,0.29,285.81,(-1.021, 1.578, -2.483),(73.598, 30.077, -3.285),False,False,False,True
157,45.0667,43.8695,0.0,100,0.2867,286.92,(-0.317, -0.314, -4.773),(70.759, 27.503, -5.533),False,True,False,False
158,34.8007,42.4423,0.0,89,0.2837,287.88,(0.025, 0.295, -2.308),(68.079, 27.517, -5.034),False,True,False,False
159,56.0206,44.4113,0.0,150,0.2787,289.46,(0.149, -0.974, -1.282),(74.365, 29.918, -2.921),False,False,False,True
160,57.1557,45.9019,0.0,150,0.2737,291.1,(-0.988, -0.226, -4.098),(70.712, 33.166, -2.929),False,False,False,True
# [20:33:51] [greedy-eval @ episode 160] success_rate=0.0% over 5 episodes
161,60.6005,47.8402,0.0,150,0.2687,297.72,(-0.788, -0.896, -4.212),(72.433, 30.983, -5.99),False,False,False,True
162,39.843,46.7532,0.0,79,0.2661,298.63,(-0.982, 0.66, -3.802),(67.233, 27.237, -5.558),False,True,False,False
163,60.0317,48.8531,0.0,150,0.2611,300.24,(-0.301, 0.335, -4.565),(74.16, 31.378, -6.234),False,False,False,True
164,3.7489,45.2216,0.0,5,0.2609,300.35,(0.355, 0.671, -1.167),(66.584, 32.81, -4.007),False,False,True,False
165,5.9288,42.4816,0.0,7,0.2607,300.48,(0.369, -0.16, -1.745),(70.49, 27.237, -4.868),False,False,True,False
166,59.1601,42.2357,0.0,150,0.2557,302.06,(-0.699, -0.13, -1.711),(72.621, 33.491, -3.746),False,False,False,True
167,7.7091,38.4999,0.0,10,0.2553,302.25,(-0.238, 1.646, -1.955),(71.201, 28.222, -6.983),False,False,True,False
168,54.5142,40.4713,0.0,150,0.2503,303.88,(0.267, 1.076, -3.45),(70.955, 31.434, -3.573),False,False,False,True
169,49.461,39.8153,0.0,150,0.2453,305.49,(-0.6, -0.482, -4.584),(69.677, 30.077, -8.984),False,False,False,True
170,29.0207,37.0018,0.0,133,0.2409,306.93,(0.187, 0.643, -4.528),(74.026, 28.448, -2.993),False,True,False,False
171,50.3528,35.977,0.0,150,0.2359,308.56,(0.377, -0.612, -3.685),(66.363, 31.726, -4.079),False,False,False,True
172,36.1018,35.6029,0.0,66,0.2337,309.33,(1.368, -1.027, -2.976),(67.025, 31.419, -2.282),False,True,False,False
173,54.7615,35.0759,0.0,150,0.2287,310.94,(-0.406, 1.309, -1.666),(69.241, 27.778, -9.008),False,False,False,True
174,43.3335,39.0344,0.0,150,0.2237,312.56,(0.796, 0.835, -3.202),(72.476, 30.313, -3.078),False,False,False,True
175,57.0079,44.1423,0.0,150,0.2187,314.18,(-1.407, 1.289, -2.403),(69.087, 29.864, -5.326),False,False,False,True
176,44.6951,42.6958,0.0,150,0.2137,315.79,(0.168, -1.482, -1.983),(69.796, 25.919, -6.809),False,False,False,True
177,49.6152,46.8864,0.0,150,0.2087,317.4,(-0.951, 0.963, -1.546),(68.406, 34.027, -4.763),False,False,False,True
178,51.4933,46.5843,0.0,150,0.2037,319.02,(0.975, -1.032, -3.187),(68.21, 29.875, -2.303),False,False,False,True
179,34.7168,45.1099,0.0,62,0.2016,319.73,(-0.725, 1.228, -1.64),(67.332, 31.73, -2.892),False,True,False,False
180,61.7727,48.3851,0.0,150,0.2,321.35,(1.223, 0.852, -2.584),(72.266, 29.316, -9.055),False,False,False,True
# [21:04:38] [greedy-eval @ episode 180] success_rate=0.0% over 5 episodes
181,40.2005,47.3698,0.0,60,0.2,327.57,(0.757, -1.411, -2.463),(65.875, 31.167, -2.851),False,True,False,False
182,58.2999,49.5896,0.0,150,0.2,329.19,(0.626, -1.501, -3.963),(68.496, 28.617, -6.529),False,False,False,True
183,60.148,50.1283,0.0,150,0.2,330.83,(0.219, 1.115, -3.573),(71.914, 28.922, -5.204),False,False,False,True
184,52.4978,51.0447,0.0,150,0.2,332.44,(-0.971, 1.632, -2.424),(71.331, 27.434, -5.329),False,False,False,True
185,47.6864,50.1126,0.0,150,0.2,334.08,(-0.473, 1.235, -4.228),(68.655, 28.88, -5.349),False,False,False,True
186,51.5522,50.7983,0.0,150,0.2,335.69,(0.514, 1.164, -2.12),(68.889, 29.814, -6.82),False,False,False,True
187,44.8481,50.3216,0.0,92,0.2,336.71,(0.751, 0.948, -2.885),(66.775, 29.63, -2.784),False,True,False,False
188,4.5655,45.6288,0.0,6,0.2,336.86,(0.597, 1.069, -1.674),(72.84, 29.152, -4.966),False,False,True,False
189,39.1211,46.0692,0.0,82,0.2,337.82,(-0.855, -0.134, -3.565),(66.044, 29.423, -2.316),False,True,False,False
190,64.9281,46.3847,0.0,150,0.2,339.43,(-1.645, 0.756, -2.674),(70.038, 27.118, -6.142),False,False,False,True
191,29.0183,45.2665,0.0,53,0.2,340.06,(0.098, -0.894, -2.794),(71.649, 29.603, -1.644),False,True,False,False
192,49.6167,44.3982,0.0,150,0.2,341.69,(-0.04, 1.442, -3.542),(67.638, 32.695, -6.406),False,False,False,True
193,54.2057,43.804,0.0,150,0.2,343.3,(1.617, 0.152, -2.772),(67.302, 26.662, -5.785),False,False,False,True
194,31.0139,41.6556,0.0,54,0.2,343.95,(-0.1, -1.782, -3.79),(67.541, 30.53, -1.0),False,True,False,False
195,41.7882,41.0658,0.0,112,0.2,345.2,(1.021, 0.049, -4.664),(68.894, 25.569, -6.541),False,True,False,False
196,55.1728,41.4278,0.0,150,0.2,346.81,(-0.634, 0.256, -4.017),(68.075, 29.08, -9.322),False,False,False,True
197,-18.0868,35.1344,0.0,86,0.2,347.75,(-1.045, 0.185, -2.863),(70.437, 25.757, -3.997),False,True,False,False
198,61.4918,40.827,0.0,150,0.2,349.36,(-0.663, -0.825, -2.814),(69.569, 27.595, -4.427),False,False,False,True
199,58.7882,42.7937,0.0,150,0.2,350.98,(1.062, 0.838, -2.969),(74.486, 28.684, -3.545),False,False,False,True
200,28.4393,39.1448,0.0,50,0.2,351.58,(1.1, -0.355, -2.773),(66.927, 28.455, -4.128),False,True,False,False
# [21:33:42] [greedy-eval @ episode 200] success_rate=0.0% over 5 episodes
201,27.4656,38.9895,0.0,58,0.2,356.58,(-0.479, 0.381, -1.795),(70.999, 28.494, -1.654),False,True,False,False
202,51.3132,39.1592,0.0,150,0.2,358.16,(-0.013, 0.896, -1.764),(68.01, 29.484, -8.112),False,False,False,True
203,57.2603,39.4647,0.0,150,0.2,359.75,(0.496, -0.873, -1.371),(68.212, 30.75, -6.125),False,False,False,True
204,43.1648,40.6797,0.0,79,0.2,360.61,(-0.289, -0.334, -1.578),(68.017, 29.172, -1.649),False,True,False,False
205,36.5349,40.1544,0.0,120,0.2,361.89,(-0.047, 0.136, -1.939),(70.182, 30.104, -3.889),False,True,False,False
206,44.145,39.0516,0.0,135,0.2,363.36,(1.727, 0.66, -2.951),(70.804, 31.359, -6.654),False,True,False,False
207,30.2651,43.8868,0.0,41,0.2,363.87,(1.705, -0.765, -2.548),(70.952, 32.394, -1.647),False,True,False,False
208,54.7162,43.2093,0.0,150,0.2,365.49,(0.724, 1.617, -3.004),(69.729, 28.408, -7.186),False,False,False,True
209,61.2332,43.4538,0.0,150,0.2,367.1,(0.015, -0.164, -4.449),(73.536, 26.633, -5.55),False,False,False,True
210,46.769,45.2867,0.0,146,0.2,368.68,(-0.988, -1.166, -3.143),(68.562, 31.335, -6.411),False,True,False,False
211,48.8056,47.4207,0.0,110,0.2,369.88,(-0.528, -1.185, -1.588),(69.484, 34.244, -5.92),False,True,False,False
212,32.2862,45.518,0.0,49,0.2,370.47,(-1.026, -0.923, -2.814),(66.618, 30.492, -6.52),False,True,False,False
213,29.1235,42.7044,0.0,51,0.2,371.05,(0.736, 0.33, -1.481),(73.834, 30.604, -2.995),False,True,False,False
214,36.1912,42.007,0.0,58,0.2,371.74,(-1.464, -0.563, -4.109),(67.04, 31.871, -4.181),False,True,False,False
215,47.8876,43.1423,0.0,99,0.2,372.87,(0.012, -0.898, -3.491),(68.185, 32.535, -5.015),False,True,False,False
216,50.0727,43.735,0.0,103,0.2,374.02,(-1.077, -0.525, -3.649),(69.256, 34.016, -5.362),False,True,False,False
217,54.4812,46.1566,0.0,150,0.2,375.65,(1.767, -0.526, -3.761),(71.963, 25.986, -3.036),False,False,False,True
218,63.1238,46.9974,0.0,150,0.2,377.27,(-1.509, 0.534, -3.569),(73.793, 28.818, -5.174),False,False,False,True
219,57.1824,46.5923,0.0,150,0.2,378.86,(-0.518, -0.704, -1.961),(70.714, 34.794, -4.639),False,False,False,True
220,50.8267,46.9981,0.0,108,0.2,380.08,(-0.37, -0.791, -3.217),(70.357, 33.646, -6.843),False,True,False,False
# [22:02:49] [greedy-eval @ episode 220] success_rate=0.0% over 5 episodes
221,36.0673,45.7242,0.0,61,0.2,385.77,(0.547, -0.517, -2.708),(66.483, 29.897, -1.837),False,True,False,False
222,7.4548,43.2411,0.0,9,0.2,385.96,(-1.508, 0.501, -2.981),(69.723, 30.139, -1.944),False,False,True,False
223,59.6321,46.292,0.0,150,0.2,387.61,(0.113, -0.912, -3.676),(71.409, 26.706, -3.2),False,False,False,True
224,49.9466,47.6675,0.0,96,0.2,388.67,(-0.142, 0.572, -3.492),(69.536, 33.865, -6.972),False,True,False,False
225,115.7565,54.4544,10.0,114,0.2,389.91,(-0.633, -0.917, -4.143),(69.403, 25.782, -6.687),True,False,False,False
226,64.9729,55.9444,10.0,150,0.2,391.53,(-0.984, 1.341, -2.488),(74.392, 28.834, -3.827),False,False,False,True
227,43.1898,54.8153,10.0,93,0.2,392.56,(-0.988, 0.304, -2.588),(70.931, 30.878, -1.0),False,True,False,False
228,62.0497,54.7079,10.0,150,0.2,394.18,(-0.969, 0.122, -2.906),(71.753, 31.312, -1.857),False,False,False,True
229,44.8052,53.4702,10.0,83,0.2,395.11,(0.107, 1.24, -2.921),(65.749, 30.179, -4.37),False,True,False,False
230,63.7279,54.7603,10.0,150,0.2,396.74,(-1.224, -0.789, -3.818),(72.184, 33.512, -7.653),False,False,False,True
231,119.8382,63.1374,20.0,111,0.2,398.0,(1.798, -0.032, -3.072),(74.926, 30.326, -4.439),True,False,False,False
232,43.6625,66.7581,20.0,74,0.2,398.81,(-0.07, -0.614, -2.471),(66.912, 29.003, -2.469),False,True,False,False
233,42.8912,65.0841,20.0,76,0.2,399.64,(-0.012, 0.159, -1.238),(68.075, 26.933, -1.721),False,True,False,False
234,115.5317,71.6426,30.0,98,0.2,400.7,(0.037, -0.345, -1.892),(67.992, 28.988, -6.803),True,False,False,False
235,59.0525,65.9722,20.0,150,0.2,402.32,(0.665, 0.857, -3.18),(73.189, 27.878, -7.657),False,False,False,True
236,54.0681,64.8817,20.0,150,0.2,403.95,(1.796, -0.655, -3.571),(67.555, 26.459, -6.843),False,False,False,True
237,114.7051,72.0332,30.0,127,0.2,405.32,(1.221, -0.938, -2.04),(70.759, 25.892, -3.497),True,False,False,False
238,63.5865,72.1869,30.0,150,0.2,406.94,(1.795, -0.091, -2.733),(73.398, 32.939, -5.713),False,False,False,True
239,65.6286,74.2692,30.0,150,0.2,408.56,(-1.224, 0.637, -2.637),(71.789, 31.36, -9.238),False,False,False,True
240,116.6744,79.5639,40.0,118,0.2,409.87,(0.818, -0.659, -3.871),(73.115, 28.639, -7.507),True,False,False,False
# [22:30:13] [greedy-eval @ episode 240] success_rate=40.0% over 5 episodes
241,116.9459,79.2747,40.0,140,0.2,413.98,(-1.62, 0.502, -3.947),(71.122, 28.982, -3.526),True,False,False,False
242,117.4426,86.6527,50.0,102,0.2,415.11,(-0.401, -0.406, -3.211),(70.636, 28.665, -7.059),True,False,False,False
243,117.8618,94.1497,60.0,104,0.2,416.26,(-0.835, 0.742, -3.053),(69.039, 33.356, -5.483),True,False,False,False
244,20.889,84.6855,50.0,21,0.2,416.53,(-0.687, -0.061, -1.853),(66.478, 28.308, -4.716),False,False,True,False
245,6.697,79.4499,50.0,8,0.2,416.71,(1.488, 1.0, -2.984),(67.422, 29.587, -8.847),False,False,True,False
246,54.5872,79.5018,50.0,150,0.2,418.32,(1.723, 0.124, -2.501),(66.839, 29.223, -7.283),False,False,False,True
247,64.8201,74.5133,40.0,150,0.2,419.95,(-1.355, -1.327, -3.455),(72.777, 30.358, -2.724),False,False,False,True
248,42.9117,72.4458,40.0,82,0.2,420.87,(1.23, -0.195, -1.716),(66.685, 30.187, -2.907),False,True,False,False
249,47.3624,70.6192,40.0,100,0.2,421.97,(0.507, -0.924, -2.439),(67.135, 32.255, -5.609),False,True,False,False
250,59.6256,64.9143,30.0,150,0.2,423.6,(1.148, 0.452, -3.59),(70.943, 27.524, -3.757),False,False,False,True
# [22:41:22] Training complete. 250 episodes in 423.6 min. Final avg reward (last 10): 64.91. Final success rate (last 10): 30.0%.
