# run_name: obstqacle_random_run2_200
# timestamp: 20260907_200813
# ---- config ----
# warm_started_from: E:\DRL_UAV_Autnomous_Navigation\agents\..\results\obstacle_random_run1_250_20260905_153744_ep250.pt 
# goal_position: (70, 30, -5)
# start_position: (0, 0, -3)
# randomize_positions: True
# start_jitter_radius: 2.0
# goal_jitter_radius: 5.0
# max_episode_steps: 150
# dt: 0.5
# speed: 2.0
# state_dim: 15
# action_dim: 27
# lr: 0.0001
# gamma: 0.99
# buffer_capacity: 1000000
# batch_size: 32
# epsilon_start: 0.2
# epsilon_end: 0.05
# epsilon_decay_steps: 10000
# target_update_freq: 250
# use_double: True
# use_dueling: True
# ----------------
episode,reward,avg10,success_rate10,steps,epsilon,elapsed_min,start_position,goal_position,is_success,is_crash,is_out_of_bounds,is_timeout
1,116.6837,116.6837,100.0,100,0.199,1.77,(-0.801, 0.826, -3.148),(71.494, 30.454, -7.731),True,False,False,False
2,33.0863,74.885,50.0,48,0.1982,2.67,(-0.232, -1.322, -3.362),(67.699, 31.366, -1.202),False,True,False,False
3,42.702,64.1574,33.33,62,0.1973,3.82,(1.354, -0.367, -4.249),(69.971, 33.822, -2.332),False,True,False,False
4,48.557,60.2573,25.0,92,0.1959,5.47,(0.514, -0.818, -3.484),(70.168, 30.919, -5.959),False,True,False,False
5,46.1239,57.4306,20.0,97,0.1945,7.21,(-0.88, 0.355, -4.38),(70.248, 27.975, -1.685),False,True,False,False
6,64.0203,58.5289,16.67,150,0.1922,9.83,(-0.457, -1.372, -2.96),(74.207, 30.573, -2.697),False,False,False,True
7,115.5823,66.6794,28.57,109,0.1906,11.77,(0.65, -0.341, -3.355),(69.28, 32.641, -5.936),True,False,False,False
8,55.5662,65.2902,25.0,150,0.1883,14.38,(0.957, -1.131, -2.657),(69.761, 30.509, -9.752),False,False,False,True
9,6.0801,58.7113,22.22,8,0.1882,14.61,(1.322, -0.238, -2.761),(69.659, 25.842, -3.298),False,False,True,False
10,48.4421,57.6844,20.0,104,0.1867,16.45,(-0.73, -1.333, -3.666),(67.407, 29.388, -3.768),False,True,False,False
11,61.5526,52.1713,10.0,150,0.1844,19.05,(-0.137, -1.669, -3.377),(71.852, 30.707, -8.275),False,False,False,True
12,44.9374,53.3564,10.0,67,0.1834,20.24,(0.387, -0.665, -2.383),(67.65, 31.79, -1.056),False,True,False,False
13,113.875,60.4737,20.0,105,0.1818,22.1,(0.596, -0.259, -3.292),(68.88, 29.255, -5.27),True,False,False,False
14,59.536,61.5716,20.0,150,0.1796,24.72,(1.834, -0.191, -3.678),(68.901, 32.275, -5.859),False,False,False,True
15,121.2686,69.0861,30.0,113,0.1779,26.7,(-1.286, -0.984, -2.398),(72.903, 29.472, -7.142),True,False,False,False
16,46.4652,67.3306,30.0,74,0.1768,28.02,(0.179, 0.49, -4.82),(66.907, 27.689, -2.428),False,True,False,False
17,118.6368,67.636,30.0,104,0.1752,29.85,(0.438, 0.291, -4.234),(73.312, 29.227, -7.897),True,False,False,False
18,119.7457,74.054,40.0,92,0.1738,31.5,(-1.604, 0.274, -2.998),(70.573, 31.783, -9.635),True,False,False,False
19,-0.08,73.4379,40.0,1,0.1738,91.87,(-0.781, -0.964, -3.384),(70.104, 31.142, -1.0),False,False,True,False
20,42.5084,72.8446,40.0,64,0.1729,92.56,(0.446, -0.779, -1.487),(70.804, 29.888, -1.282),False,True,False,False
# [21:44:17] [greedy-eval @ episode 20] success_rate=20.0% over 5 episodes
21,48.3473,71.524,40.0,69,0.1718,96.75,(-0.168, 0.843, -1.263),(71.002, 32.007, -4.533),False,True,False,False
22,-9.8546,66.0448,40.0,1,0.1718,96.82,(-0.709, 0.595, -1.819),(65.553, 31.231, -4.657),False,True,False,False
23,40.9511,58.7525,30.0,77,0.1707,97.67,(0.151, -0.049, -3.61),(69.481, 27.148, -1.846),False,True,False,False
24,60.448,58.8437,30.0,150,0.1684,99.23,(-0.094, 0.414, -1.497),(70.641, 29.829, -9.043),False,False,False,True
25,115.6349,58.2803,30.0,97,0.167,100.29,(1.34, 0.447, -3.207),(71.699, 28.821, -7.672),True,False,False,False
26,60.1459,59.6484,30.0,150,0.1647,101.89,(0.607, 1.52, -2.36),(73.61, 28.404, -5.692),False,False,False,True
27,115.7883,59.3635,30.0,87,0.1634,102.84,(-0.626, 1.222, -1.871),(67.74, 28.847, -7.821),True,False,False,False
28,116.8986,59.0788,30.0,140,0.1613,104.36,(-0.893, 0.4, -3.885),(70.594, 31.412, -1.0),True,False,False,False
29,-10.1866,58.0681,30.0,1,0.1613,104.47,(0.552, -0.426, -4.251),(70.552, 32.371, -1.848),False,True,False,False
30,115.8501,65.4023,40.0,95,0.1599,105.48,(-0.002, -0.53, -2.186),(68.851, 29.261, -8.616),True,False,False,False
31,47.7234,65.3399,40.0,84,0.1586,106.41,(-0.057, 1.35, -3.083),(65.69, 31.207, -5.366),False,True,False,False
32,115.7321,77.8986,50.0,118,0.1568,107.69,(-0.899, 0.814, -3.198),(71.755, 26.021, -4.556),True,False,False,False
33,46.8948,78.4929,50.0,79,0.1556,108.57,(-1.402, -1.308, -2.951),(65.943, 29.226, -4.313),False,True,False,False
34,113.6962,83.8178,60.0,90,0.1543,109.56,(1.47, 0.932, -2.815),(68.022, 27.999, -6.175),True,False,False,False
35,119.4081,84.1951,60.0,93,0.1529,110.55,(0.88, -0.378, -2.308),(70.464, 32.863, -6.853),True,False,False,False
36,43.4271,82.5232,60.0,63,0.152,111.27,(1.442, 0.158, -3.013),(69.519, 29.737, -1.0),False,True,False,False
37,62.223,77.1667,50.0,150,0.1497,112.87,(0.975, 1.461, -2.384),(73.092, 31.738, -5.343),False,False,False,True
38,46.9717,70.174,40.0,68,0.1487,113.61,(0.221, 0.965, -1.91),(71.019, 26.89, -2.818),False,True,False,False
39,44.7938,75.672,40.0,76,0.1475,114.48,(-0.325, 0.982, -4.017),(69.454, 25.851, -7.112),False,True,False,False
40,117.7134,75.8583,40.0,132,0.1456,115.9,(-1.232, 0.88, -3.282),(70.051, 34.82, -3.829),True,False,False,False
# [22:08:27] [greedy-eval @ episode 40] success_rate=0.0% over 5 episodes
41,48.7274,75.9587,40.0,68,0.1445,121.37,(0.067, -0.849, -1.588),(65.414, 31.353, -5.62),False,True,False,False
42,49.5783,69.3434,30.0,67,0.1435,122.17,(-0.468, -1.616, -2.052),(69.65, 32.795, -4.157),False,True,False,False
43,30.8607,67.74,30.0,48,0.1428,122.74,(-0.083, -1.286, -1.859),(71.551, 31.651, -2.087),False,True,False,False
44,44.0214,60.7725,20.0,70,0.1418,123.55,(0.389, 1.427, -3.531),(67.161, 28.008, -6.153),False,True,False,False
45,118.2091,60.6526,20.0,91,0.1404,124.53,(0.071, 1.071, -1.315),(71.305, 26.514, -2.693),True,False,False,False
46,30.9067,59.4005,20.0,55,0.1396,125.18,(-1.293, 0.53, -2.984),(73.316, 31.876, -2.052),False,True,False,False
47,121.329,65.3111,30.0,87,0.1383,126.18,(0.675, 0.734, -3.973),(74.182, 29.966, -6.74),True,False,False,False
48,44.0896,65.0229,30.0,73,0.1372,127.0,(1.009, -0.645, -1.804),(65.503, 31.641, -5.135),False,True,False,False
49,32.8187,63.8254,30.0,40,0.1366,127.49,(1.451, -1.165, -2.55),(65.658, 32.108, -3.813),False,True,False,False
50,121.8002,64.2341,30.0,91,0.1352,128.47,(-1.077, -0.02, -2.033),(72.98, 31.044, -8.641),True,False,False,False
51,114.2033,70.7817,40.0,126,0.1333,129.85,(-0.384, 1.709, -3.542),(70.492, 27.763, -4.575),True,False,False,False
52,115.7634,77.4002,50.0,140,0.1312,131.37,(1.595, 0.747, -3.466),(72.76, 32.072, -5.586),True,False,False,False
53,117.32,86.0461,60.0,81,0.13,132.28,(1.072, 0.325, -2.82),(69.349, 31.46, -6.204),True,False,False,False
54,31.215,84.7655,60.0,54,0.1292,132.91,(-0.443, 1.129, -1.524),(68.953, 27.436, -3.04),False,True,False,False
55,45.7477,77.5194,50.0,69,0.1282,133.72,(-0.225, 1.056, -4.668),(71.829, 26.944, -4.984),False,True,False,False
56,47.177,79.1464,50.0,78,0.127,135.09,(-0.684, 0.22, -1.152),(69.458, 26.493, -4.906),False,True,False,False
57,114.8243,78.4959,50.0,87,0.1257,136.61,(0.181, -0.822, -1.568),(67.951, 27.465, -6.808),True,False,False,False
58,51.8672,79.2737,50.0,65,0.1247,137.79,(-0.483, 1.33, -2.611),(67.668, 31.32, -6.585),False,True,False,False
59,117.8633,87.7781,60.0,92,0.1233,139.41,(0.471, -1.278, -1.756),(69.8, 28.652, -7.778),True,False,False,False
60,59.2787,81.526,50.0,150,0.1211,142.0,(0.171, 0.019, -3.888),(67.832, 29.545, -7.369),False,False,False,True
# [22:35:31] [greedy-eval @ episode 60] success_rate=0.0% over 5 episodes
61,120.2983,82.1355,50.0,90,0.1197,148.85,(0.079, 0.431, -4.285),(72.248, 31.516, -5.894),True,False,False,False
62,117.283,82.2874,50.0,90,0.1184,150.45,(0.031, -1.645, -2.784),(68.346, 31.789, -4.688),True,False,False,False
63,46.7563,75.2311,40.0,64,0.1174,151.61,(0.548, 0.423, -3.962),(69.568, 29.736, -3.808),False,True,False,False
64,47.3099,76.8406,40.0,74,0.1163,152.93,(1.208, 0.768, -1.658),(66.404, 33.13, -4.481),False,True,False,False
65,48.1658,77.0824,40.0,63,0.1154,154.07,(1.066, 0.459, -2.018),(67.338, 28.362, -6.958),False,True,False,False
66,33.5215,75.7168,40.0,51,0.1146,155.02,(-1.512, 1.076, -3.362),(70.092, 34.355, -5.026),False,True,False,False
67,116.4751,75.8819,40.0,82,0.1134,156.49,(-0.083, -1.594, -2.903),(68.961, 27.93, -7.731),True,False,False,False
68,117.5978,82.4549,50.0,78,0.1122,157.89,(0.253, -0.649, -4.628),(69.35, 28.285, -7.959),True,False,False,False
69,49.5658,75.6252,40.0,72,0.1111,159.16,(0.363, 0.789, -1.268),(66.516, 31.877, -5.111),False,True,False,False
70,33.5767,73.055,40.0,46,0.1104,160.03,(-0.612, -0.461, -4.032),(70.233, 33.262, -3.267),False,True,False,False
71,32.0413,64.2293,30.0,49,0.1097,160.94,(-1.136, -0.124, -2.742),(66.924, 28.212, -4.436),False,True,False,False
72,117.6027,64.2613,30.0,77,0.1085,162.32,(0.377, -0.078, -4.934),(70.415, 28.733, -7.572),True,False,False,False
73,117.6081,71.3465,40.0,79,0.1074,163.7,(0.571, -0.595, -2.021),(69.191, 31.943, -8.473),True,False,False,False
74,113.9248,78.008,50.0,77,0.1062,165.08,(1.463, 0.442, -2.765),(68.771, 25.759, -5.086),True,False,False,False
75,38.3796,77.0293,50.0,59,0.1053,166.17,(1.127, 0.7, -3.772),(70.977, 27.731, -1.617),False,True,False,False
76,114.2037,85.0976,60.0,102,0.1038,167.97,(0.235, -0.981, -2.855),(67.514, 30.848, -8.968),True,False,False,False
77,119.506,85.4007,60.0,78,0.1026,169.39,(0.922, 0.392, -4.03),(72.102, 29.923, -7.121),True,False,False,False
78,40.2509,77.666,50.0,57,0.1018,170.44,(0.819, -0.85, -2.507),(70.058, 28.622, -1.0),False,True,False,False
79,117.3995,84.4493,60.0,110,0.1001,172.37,(-1.486, 0.139, -2.105),(69.024, 30.062, -5.465),True,False,False,False
80,31.004,84.1921,60.0,46,0.0994,173.2,(-0.392, 0.819, -2.051),(71.988, 29.891, -2.939),False,True,False,False
# [23:05:47] [greedy-eval @ episode 80] success_rate=0.0% over 5 episodes
81,41.1529,85.1032,60.0,64,0.0985,178.7,(-0.202, 0.993, -3.559),(67.258, 26.045, -4.071),False,True,False,False
82,47.0943,78.0524,50.0,68,0.0974,179.93,(0.243, -1.013, -2.798),(66.752, 27.694, -7.266),False,True,False,False
83,115.6726,77.8588,50.0,80,0.0962,181.37,(1.637, -0.004, -3.959),(67.565, 33.111, -3.2),True,False,False,False
84,33.8142,69.8478,40.0,42,0.0956,182.19,(-0.472, 1.33, -4.261),(66.728, 33.232, -3.804),False,True,False,False
85,122.3175,78.2416,50.0,83,0.0944,183.67,(0.535, -0.05, -4.189),(73.078, 32.888, -4.984),True,False,False,False
86,64.7032,73.2915,40.0,150,0.0921,186.27,(-0.563, -1.628, -3.033),(69.144, 26.98, -2.395),False,False,False,True
87,118.7393,73.2148,40.0,81,0.0909,187.72,(1.393, -0.265, -3.258),(71.977, 28.121, -8.41),True,False,False,False
88,41.5026,73.34,40.0,68,0.0899,188.98,(0.7, -0.679, -3.948),(66.277, 28.894, -1.912),False,True,False,False
89,49.4366,66.5437,30.0,69,0.0888,190.23,(-0.042, 0.734, -4.088),(70.494, 30.85, -5.61),False,True,False,False
90,45.5143,67.9948,30.0,63,0.0879,191.39,(0.076, 1.518, -4.197),(67.893, 27.553, -7.293),False,True,False,False
91,117.877,75.6672,40.0,135,0.0859,193.76,(0.676, 1.159, -4.122),(74.585, 30.365, -4.893),True,False,False,False
92,30.8483,74.0426,40.0,43,0.0852,194.59,(0.995, 0.06, -3.506),(65.395, 30.093, -3.612),False,True,False,False
93,48.8128,67.3566,30.0,66,0.0842,195.81,(0.717, 0.907, -4.295),(72.221, 33.612, -4.754),False,True,False,False
94,116.4489,75.62,40.0,76,0.0831,197.18,(0.827, -1.581, -3.733),(66.961, 28.934, -6.16),True,False,False,False
95,114.5068,74.839,40.0,114,0.0814,199.18,(-0.321, -0.451, -4.424),(67.922, 30.048, -5.051),True,False,False,False
96,43.1805,72.6867,40.0,62,0.0805,200.31,(-0.445, 0.44, -3.44),(66.528, 30.773, -3.991),False,True,False,False
97,47.3578,65.5486,30.0,64,0.0795,201.45,(-0.972, -0.636, -1.933),(68.257, 30.83, -1.0),False,True,False,False
98,40.3696,65.4353,30.0,52,0.0787,202.42,(1.843, -0.494, -3.07),(67.33, 30.374, -2.234),False,True,False,False
99,35.6445,64.0561,30.0,63,0.0778,203.38,(-0.469, -1.031, -1.797),(68.158, 27.273, -3.315),False,True,False,False
100,44.244,63.929,30.0,58,0.0769,204.45,(0.324, -1.254, -3.317),(71.437, 32.463, -3.023),False,True,False,False
# [23:38:10] [greedy-eval @ episode 100] success_rate=20.0% over 5 episodes
101,118.8393,64.0253,30.0,84,0.0756,211.42,(0.823, 0.506, -4.328),(73.165, 27.191, -6.526),True,False,False,False
102,119.52,72.8924,40.0,78,0.0745,212.81,(0.547, 0.205, -3.589),(72.115, 28.232, -8.256),True,False,False,False
103,39.9194,72.0031,40.0,54,0.0737,213.81,(-0.426, -1.553, -4.033),(69.712, 27.786, -1.303),False,True,False,False
104,46.3603,64.9942,30.0,59,0.0728,214.91,(-0.879, -0.891, -3.942),(67.189, 28.754, -6.268),False,True,False,False
105,45.4229,58.0858,20.0,63,0.0718,216.06,(-1.064, 1.556, -3.212),(69.026, 30.798, -4.543),False,True,False,False
106,120.2223,65.79,30.0,80,0.0706,217.46,(-0.26, -1.13, -1.449),(72.626, 27.773, -7.061),True,False,False,False
107,119.5829,73.0125,40.0,93,0.0692,219.11,(0.669, 0.589, -4.702),(73.422, 31.373, -5.693),True,False,False,False
108,49.8741,73.963,40.0,63,0.0683,220.23,(0.522, 0.18, -2.42),(67.898, 32.592, -5.258),False,True,False,False
109,32.9364,73.6922,40.0,42,0.0677,221.03,(1.002, -1.401, -2.936),(67.156, 32.373, -4.302),False,True,False,False
110,124.5745,81.7252,50.0,86,0.0664,222.59,(-0.883, -0.516, -4.325),(74.103, 31.707, -3.012),True,False,False,False
111,115.8707,81.4284,50.0,79,0.0652,224.01,(0.045, 1.972, -3.126),(68.554, 27.026, -3.432),True,False,False,False
112,114.253,80.9017,50.0,86,0.0639,225.55,(1.462, -0.454, -3.989),(68.757, 28.184, -1.353),True,False,False,False
113,49.2867,81.8384,50.0,68,0.0629,226.77,(0.377, -0.028, -3.338),(68.629, 32.317, -6.674),False,True,False,False
114,117.4341,88.9458,60.0,72,0.0618,228.08,(0.926, -0.784, -3.739),(68.055, 31.213, -4.677),True,False,False,False
115,116.3362,96.0371,70.0,85,0.0605,229.56,(0.597, -0.74, -1.895),(68.491, 28.342, -3.433),True,False,False,False
116,118.0485,95.8197,70.0,70,0.0595,230.82,(1.078, 0.807, -1.649),(68.631, 31.297, -8.709),True,False,False,False
117,117.606,95.622,70.0,94,0.0581,232.45,(0.005, -1.147, -1.873),(71.173, 26.014, -3.071),True,False,False,False
118,117.8033,102.4149,80.0,76,0.0569,233.86,(0.305, 0.791, -3.447),(68.722, 31.257, -6.802),True,False,False,False
119,122.188,111.3401,90.0,80,0.0557,235.26,(-0.237, 0.181, -2.166),(72.769, 31.403, -6.217),True,False,False,False
120,66.5205,105.5347,80.0,150,0.0535,237.87,(-0.839, -0.417, -4.458),(70.783, 33.804, -1.939),False,False,False,True
# [00:16:46] [greedy-eval @ episode 120] success_rate=40.0% over 5 episodes
121,120.1028,105.9579,80.0,87,0.0522,250.04,(-0.221, 0.485, -3.235),(73.288, 28.129, -5.643),True,False,False,False
122,118.9736,106.43,80.0,72,0.0511,251.3,(-0.764, 0.534, -2.012),(70.126, 28.275, -8.546),True,False,False,False
123,114.7406,112.9754,90.0,68,0.0501,252.56,(0.713, 0.073, -3.378),(65.867, 31.252, -6.05),True,False,False,False
124,120.3011,113.2621,90.0,77,0.05,253.94,(1.464, -0.364, -3.42),(73.846, 27.871, -6.077),True,False,False,False
125,120.3847,113.6669,90.0,73,0.05,255.26,(1.3, -0.82, -2.381),(73.397, 27.087, -6.146),True,False,False,False
126,118.2184,113.6839,90.0,75,0.05,256.61,(-0.254, -1.761, -3.348),(68.428, 27.019, -7.554),True,False,False,False
127,115.2827,113.4516,90.0,91,0.05,258.23,(1.726, 0.726, -3.437),(69.2, 32.176, -5.765),True,False,False,False
128,63.0424,107.9755,80.0,80,0.05,259.67,(0.109, 1.457, -3.716),(69.92, 31.821, -2.315),False,False,True,False
129,114.771,107.2338,80.0,74,0.05,260.99,(0.381, 1.268, -1.875),(67.51, 27.166, -4.916),True,False,False,False
130,30.5597,103.6377,80.0,39,0.05,261.74,(1.676, 0.29, -2.435),(72.704, 32.717, -2.807),False,True,False,False
131,63.9572,98.0231,70.0,84,0.05,263.24,(-1.663, -0.62, -3.255),(69.738, 29.934, -3.154),False,False,True,False
132,115.7253,97.6983,70.0,67,0.05,264.43,(-0.133, 0.205, -1.621),(65.855, 29.99, -6.229),True,False,False,False
133,48.7702,91.1013,60.0,63,0.05,265.62,(-0.795, 0.195, -3.137),(68.845, 31.654, -2.07),False,True,False,False
134,119.3845,91.0096,60.0,73,0.05,266.95,(1.09, -0.335, -3.585),(70.767, 32.798, -5.265),True,False,False,False
135,114.684,90.4395,60.0,86,0.05,268.48,(-1.274, 0.227, -2.683),(66.03, 27.614, -3.9),True,False,False,False
136,119.1833,90.536,60.0,75,0.05,269.84,(-0.805, -0.336, -4.294),(69.034, 30.591, -5.206),True,False,False,False
137,119.672,90.975,60.0,82,0.05,271.34,(0.761, -0.145, -3.203),(72.825, 29.17, -5.309),True,False,False,False
138,116.2146,96.2922,70.0,76,0.05,272.71,(1.122, -0.798, -3.141),(68.185, 28.128, -7.543),True,False,False,False
139,125.4279,97.3579,70.0,82,0.05,274.18,(-0.372, -1.539, -3.774),(74.439, 31.791, -5.55),True,False,False,False
140,121.3678,106.4387,80.0,94,0.05,275.81,(-0.741, -0.225, -2.289),(73.498, 28.073, -4.866),True,False,False,False
# [00:49:09] [greedy-eval @ episode 140] success_rate=40.0% over 5 episodes
141,49.8551,105.0285,80.0,65,0.05,282.09,(0.899, -0.173, -3.937),(65.503, 31.952, -4.079),False,True,False,False
142,120.4232,105.4983,80.0,80,0.05,283.52,(1.538, -0.472, -2.8),(73.496, 29.896, -3.269),True,False,False,False
143,30.2176,103.643,80.0,41,0.05,284.27,(-0.109, -0.122, -2.219),(69.759, 28.037, -1.0),False,True,False,False
144,119.036,103.6081,80.0,76,0.05,285.65,(0.595, -0.207, -3.203),(71.149, 28.47, -7.506),True,False,False,False
145,122.0583,104.3456,80.0,86,0.05,287.19,(-0.787, -1.524, -3.851),(71.599, 31.391, -5.112),True,False,False,False
146,65.9918,99.0264,70.0,84,0.05,288.7,(1.317, 1.164, -3.309),(72.082, 28.113, -2.884),False,False,True,False
147,117.7299,98.8322,70.0,89,0.05,290.3,(0.914, -0.891, -4.232),(72.078, 26.593, -3.414),True,False,False,False
148,120.3574,99.2465,70.0,77,0.05,291.65,(-0.096, -0.317, -2.695),(70.738, 30.857, -5.806),True,False,False,False
149,118.5992,98.5636,70.0,77,0.05,293.03,(-0.227, 0.856, -2.786),(70.393, 30.367, -7.263),True,False,False,False
150,121.7526,98.6021,70.0,73,0.05,294.34,(-1.176, 0.732, -2.705),(70.232, 34.23, -7.32),True,False,False,False
151,121.621,105.7787,80.0,75,0.05,295.66,(0.016, 0.453, -1.297),(71.778, 30.788, -8.214),True,False,False,False
152,113.5648,105.0929,80.0,69,0.05,296.91,(1.455, 0.334, -3.601),(65.841, 30.58, -6.076),True,False,False,False
153,116.6777,113.7389,90.0,77,0.05,298.3,(0.094, -1.654, -3.806),(66.591, 31.48, -6.862),True,False,False,False
154,115.509,113.3862,90.0,71,0.05,299.59,(1.796, 0.217, -2.457),(67.478, 34.112, -5.306),True,False,False,False
155,118.4647,113.0268,90.0,71,0.05,300.89,(0.46, 1.002, -4.016),(69.089, 34.556, -5.759),True,False,False,False
156,118.9553,118.3232,100.0,75,0.05,302.24,(1.642, 0.652, -2.982),(70.597, 33.203, -7.03),True,False,False,False
157,118.3417,118.3843,100.0,79,0.05,303.64,(-0.009, 0.426, -3.22),(70.017, 30.536, -3.153),True,False,False,False
158,119.6527,118.3139,100.0,74,0.05,304.99,(0.65, -0.113, -3.232),(72.244, 29.382, -6.997),True,False,False,False
159,115.4041,117.9944,100.0,84,0.05,306.49,(-1.595, -0.425, -2.142),(66.202, 27.811, -3.942),True,False,False,False
160,118.3375,117.6529,100.0,86,0.05,307.99,(-0.455, -0.934, -2.206),(71.409, 28.985, -2.64),True,False,False,False
# [01:22:45] [greedy-eval @ episode 160] success_rate=80.0% over 5 episodes
161,47.4836,110.2391,90.0,59,0.05,315.54,(0.54, 1.129, -1.45),(69.559, 31.467, -2.329),False,True,False,False
162,115.2028,110.4029,90.0,72,0.05,316.84,(-0.994, 0.845, -2.643),(66.617, 26.683, -4.827),True,False,False,False
163,49.3386,103.669,80.0,66,0.05,318.06,(-0.51, -0.921, -3.991),(71.093, 29.268, -1.352),False,True,False,False
164,121.3855,104.2567,80.0,76,0.05,319.44,(0.804, 1.081, -3.995),(74.374, 28.138, -4.771),True,False,False,False
165,115.831,103.9933,80.0,72,0.05,320.73,(1.172, 0.184, -1.96),(68.73, 27.59, -4.76),True,False,False,False
166,115.6659,103.6643,80.0,78,0.05,322.1,(-0.933, -0.715, -1.683),(67.192, 29.343, -2.966),True,False,False,False
167,13.113,93.1415,70.0,14,0.05,322.43,(-0.479, 1.338, -2.154),(70.155, 27.394, -3.023),False,False,True,False
168,122.9394,93.4701,70.0,77,0.05,323.81,(-0.712, -1.604, -2.563),(71.086, 34.124, -5.041),True,False,False,False
169,14.962,83.4259,60.0,16,0.05,324.19,(-1.31, -0.543, -4.044),(70.228, 30.057, -1.0),False,False,True,False
170,118.9172,83.4839,60.0,82,0.05,325.66,(-1.313, 0.673, -3.041),(69.359, 31.651, -3.595),True,False,False,False
171,120.893,90.8248,70.0,89,0.05,327.21,(-0.429, -0.364, -2.617),(71.769, 33.126, -4.67),True,False,False,False
172,117.1597,91.0205,70.0,73,0.05,328.53,(1.063, -1.272, -3.877),(69.36, 26.543, -3.794),True,False,False,False
173,119.3042,98.0171,80.0,77,0.05,329.88,(-0.008, 0.639, -2.299),(71.217, 29.762, -7.071),True,False,False,False
174,122.8934,98.1679,80.0,78,0.05,331.28,(-1.427, -0.674, -1.822),(71.765, 34.144, -3.769),True,False,False,False
175,44.6291,91.0477,70.0,61,0.05,332.36,(-0.468, -1.029, -1.602),(67.66, 29.279, -3.325),False,True,False,False
176,117.9732,91.2784,70.0,79,0.05,333.76,(-0.185, 0.386, -3.39),(68.368, 33.83, -4.368),True,False,False,False
177,118.0456,101.7717,80.0,83,0.05,335.26,(1.258, -0.194, -3.726),(71.087, 30.523, -8.336),True,False,False,False
178,111.8469,100.6624,80.0,76,0.05,336.63,(1.023, 1.077, -3.798),(65.322, 29.689, -6.094),True,False,False,False
179,122.2323,111.3895,90.0,79,0.05,338.01,(0.82, 0.646, -2.069),(73.232, 31.351, -6.277),True,False,False,False
180,121.4383,111.6416,90.0,82,0.05,339.48,(-0.566, -1.594, -2.439),(72.689, 31.405, -7.741),True,False,False,False
# [01:53:53] [greedy-eval @ episode 180] success_rate=80.0% over 5 episodes
181,118.9732,111.4496,90.0,73,0.05,346.93,(0.534, -1.461, -1.764),(69.752, 31.456, -6.344),True,False,False,False
182,120.3447,111.7681,90.0,81,0.05,348.38,(-1.334, 0.799, -2.427),(71.52, 26.931, -4.843),True,False,False,False
183,120.3567,111.8733,90.0,85,0.05,349.88,(0.589, 0.918, -2.337),(74.084, 29.28, -5.493),True,False,False,False
184,53.756,104.9596,80.0,66,0.05,351.09,(-1.265, -1.461, -3.488),(66.075, 31.284, -6.834),False,True,False,False
185,116.7235,112.169,90.0,77,0.05,352.47,(1.518, 0.267, -3.367),(70.56, 25.962, -2.852),True,False,False,False
186,115.9809,111.9698,90.0,115,0.05,354.48,(0.518, 1.269, -2.081),(72.164, 26.614, -2.236),True,False,False,False
187,119.5161,112.1169,90.0,80,0.05,355.9,(0.419, 1.35, -1.593),(72.529, 27.007, -2.174),True,False,False,False
188,51.6126,106.0934,80.0,66,0.05,357.1,(0.135, -1.604, -2.514),(67.01, 33.924, -4.721),False,True,False,False
189,118.8466,105.7549,80.0,90,0.05,358.7,(-1.809, 0.017, -2.715),(68.646, 30.734, -6.499),True,False,False,False
190,118.9964,105.5107,80.0,103,0.05,360.49,(0.32, -0.627, -2.265),(72.043, 33.832, -4.276),True,False,False,False
191,116.998,105.3132,80.0,91,0.05,362.1,(0.132, -0.669, -4.467),(67.898, 32.548, -8.749),True,False,False,False
192,46.1886,97.8976,70.0,59,0.05,363.17,(-0.106, 0.159, -3.632),(68.782, 29.74, -1.282),False,True,False,False
193,46.4405,90.5059,60.0,64,0.05,364.31,(-0.535, 0.427, -2.149),(67.735, 30.887, -2.002),False,True,False,False
194,47.7711,89.9074,60.0,62,0.05,365.44,(-1.214, -1.231, -3.145),(66.727, 32.439, -2.543),False,True,False,False
195,30.8155,81.3166,50.0,40,0.05,366.2,(0.727, 1.138, -2.638),(67.763, 33.045, -2.229),False,True,False,False
196,119.3608,81.6546,50.0,111,0.05,368.16,(-1.357, -1.043, -3.548),(71.434, 31.467, -5.249),True,False,False,False
197,10.3926,70.7423,40.0,17,0.05,368.53,(-0.136, -0.951, -2.474),(67.799, 27.864, -1.743),False,False,True,False
198,116.3131,77.2123,50.0,80,0.05,369.93,(0.464, -0.343, -1.532),(68.01, 29.552, -5.185),True,False,False,False
199,47.1029,70.038,40.0,67,0.05,371.14,(-0.216, 0.432, -4.127),(68.242, 31.082, -1.616),False,True,False,False
200,121.7983,70.3182,40.0,74,0.05,372.48,(0.036, 1.033, -3.331),(72.971, 32.127, -7.329),True,False,False,False
# [02:27:13] [greedy-eval @ episode 200] success_rate=80.0% over 5 episodes
# [02:27:13] Training complete. 200 episodes in 379.0 min. Final avg reward (last 10): 70.32. Final success rate (last 10): 40.0%.
